{
  "default_board_generation::test_generate_black_default_moves":
  {
    file:
    [
      chess-lib
      tests
      default_board_generation.rs
    ]
    module_path: default_board_generation
    test_function: test_generate_black_default_moves
    recorded_value:
    [
      
        '''
        First Move

               ╔═════════════════╗
        0x38 8 ║ R N B K Q B N R ║ 63
        0x30 7 ║ P P P P P P P P ║ 55
        0x28 6 ║ · · · · · · · · ║ 47
        0x20 5 ║ · · · · · · · · ║ 39
        0x18 4 ║ · · · · · · · · ║ 31
        0x10 3 ║ · · · · · · · · ║ 23
        0x08 2 ║ p p p p p p p p ║ 15
        0x00 1 ║ r n b k q b n r ║ 7
               ╚═════════════════╝
                 A B C D E F G H

        '''
      
        '''
        Pa7a5

               ╔═════════════════╗
        0x38 8 ║ R N B K Q B N R ║ 63
        0x30 7 ║ · P P P P P P P ║ 55
        0x28 6 ║ · · · · · · · · ║ 47
        0x20 5 ║ P · · · · · · · ║ 39
        0x18 4 ║ · · · · · · · · ║ 31
        0x10 3 ║ · · · · · · · · ║ 23
        0x08 2 ║ p p p p p p p p ║ 15
        0x00 1 ║ r n b k q b n r ║ 7
               ╚═════════════════╝
                 A B C D E F G H

        '''
      
        '''
        Pa7a6

               ╔═════════════════╗
        0x38 8 ║ R N B K Q B N R ║ 63
        0x30 7 ║ · P P P P P P P ║ 55
        0x28 6 ║ P · · · · · · · ║ 47
        0x20 5 ║ · · · · · · · · ║ 39
        0x18 4 ║ · · · · · · · · ║ 31
        0x10 3 ║ · · · · · · · · ║ 23
        0x08 2 ║ p p p p p p p p ║ 15
        0x00 1 ║ r n b k q b n r ║ 7
               ╚═════════════════╝
                 A B C D E F G H

        '''
      
        '''
        Pb7b5

               ╔═════════════════╗
        0x38 8 ║ R N B K Q B N R ║ 63
        0x30 7 ║ P · P P P P P P ║ 55
        0x28 6 ║ · · · · · · · · ║ 47
        0x20 5 ║ · P · · · · · · ║ 39
        0x18 4 ║ · · · · · · · · ║ 31
        0x10 3 ║ · · · · · · · · ║ 23
        0x08 2 ║ p p p p p p p p ║ 15
        0x00 1 ║ r n b k q b n r ║ 7
               ╚═════════════════╝
                 A B C D E F G H

        '''
      
        '''
        Pb7b6

               ╔═════════════════╗
        0x38 8 ║ R N B K Q B N R ║ 63
        0x30 7 ║ P · P P P P P P ║ 55
        0x28 6 ║ · P · · · · · · ║ 47
        0x20 5 ║ · · · · · · · · ║ 39
        0x18 4 ║ · · · · · · · · ║ 31
        0x10 3 ║ · · · · · · · · ║ 23
        0x08 2 ║ p p p p p p p p ║ 15
        0x00 1 ║ r n b k q b n r ║ 7
               ╚═════════════════╝
                 A B C D E F G H

        '''
      
        '''
        Pc7c5

               ╔═════════════════╗
        0x38 8 ║ R N B K Q B N R ║ 63
        0x30 7 ║ P P · P P P P P ║ 55
        0x28 6 ║ · · · · · · · · ║ 47
        0x20 5 ║ · · P · · · · · ║ 39
        0x18 4 ║ · · · · · · · · ║ 31
        0x10 3 ║ · · · · · · · · ║ 23
        0x08 2 ║ p p p p p p p p ║ 15
        0x00 1 ║ r n b k q b n r ║ 7
               ╚═════════════════╝
                 A B C D E F G H

        '''
      
        '''
        Pc7c6

               ╔═════════════════╗
        0x38 8 ║ R N B K Q B N R ║ 63
        0x30 7 ║ P P · P P P P P ║ 55
        0x28 6 ║ · · P · · · · · ║ 47
        0x20 5 ║ · · · · · · · · ║ 39
        0x18 4 ║ · · · · · · · · ║ 31
        0x10 3 ║ · · · · · · · · ║ 23
        0x08 2 ║ p p p p p p p p ║ 15
        0x00 1 ║ r n b k q b n r ║ 7
               ╚═════════════════╝
                 A B C D E F G H

        '''
      
        '''
        Pd7d5

               ╔═════════════════╗
        0x38 8 ║ R N B K Q B N R ║ 63
        0x30 7 ║ P P P · P P P P ║ 55
        0x28 6 ║ · · · · · · · · ║ 47
        0x20 5 ║ · · · P · · · · ║ 39
        0x18 4 ║ · · · · · · · · ║ 31
        0x10 3 ║ · · · · · · · · ║ 23
        0x08 2 ║ p p p p p p p p ║ 15
        0x00 1 ║ r n b k q b n r ║ 7
               ╚═════════════════╝
                 A B C D E F G H

        '''
      
        '''
        Pd7d6

               ╔═════════════════╗
        0x38 8 ║ R N B K Q B N R ║ 63
        0x30 7 ║ P P P · P P P P ║ 55
        0x28 6 ║ · · · P · · · · ║ 47
        0x20 5 ║ · · · · · · · · ║ 39
        0x18 4 ║ · · · · · · · · ║ 31
        0x10 3 ║ · · · · · · · · ║ 23
        0x08 2 ║ p p p p p p p p ║ 15
        0x00 1 ║ r n b k q b n r ║ 7
               ╚═════════════════╝
                 A B C D E F G H

        '''
      
        '''
        Pe7e5

               ╔═════════════════╗
        0x38 8 ║ R N B K Q B N R ║ 63
        0x30 7 ║ P P P P · P P P ║ 55
        0x28 6 ║ · · · · · · · · ║ 47
        0x20 5 ║ · · · · P · · · ║ 39
        0x18 4 ║ · · · · · · · · ║ 31
        0x10 3 ║ · · · · · · · · ║ 23
        0x08 2 ║ p p p p p p p p ║ 15
        0x00 1 ║ r n b k q b n r ║ 7
               ╚═════════════════╝
                 A B C D E F G H

        '''
      
        '''
        Pe7e6

               ╔═════════════════╗
        0x38 8 ║ R N B K Q B N R ║ 63
        0x30 7 ║ P P P P · P P P ║ 55
        0x28 6 ║ · · · · P · · · ║ 47
        0x20 5 ║ · · · · · · · · ║ 39
        0x18 4 ║ · · · · · · · · ║ 31
        0x10 3 ║ · · · · · · · · ║ 23
        0x08 2 ║ p p p p p p p p ║ 15
        0x00 1 ║ r n b k q b n r ║ 7
               ╚═════════════════╝
                 A B C D E F G H

        '''
      
        '''
        Pf7f5

               ╔═════════════════╗
        0x38 8 ║ R N B K Q B N R ║ 63
        0x30 7 ║ P P P P P · P P ║ 55
        0x28 6 ║ · · · · · · · · ║ 47
        0x20 5 ║ · · · · · P · · ║ 39
        0x18 4 ║ · · · · · · · · ║ 31
        0x10 3 ║ · · · · · · · · ║ 23
        0x08 2 ║ p p p p p p p p ║ 15
        0x00 1 ║ r n b k q b n r ║ 7
               ╚═════════════════╝
                 A B C D E F G H

        '''
      
        '''
        Pf7f6

               ╔═════════════════╗
        0x38 8 ║ R N B K Q B N R ║ 63
        0x30 7 ║ P P P P P · P P ║ 55
        0x28 6 ║ · · · · · P · · ║ 47
        0x20 5 ║ · · · · · · · · ║ 39
        0x18 4 ║ · · · · · · · · ║ 31
        0x10 3 ║ · · · · · · · · ║ 23
        0x08 2 ║ p p p p p p p p ║ 15
        0x00 1 ║ r n b k q b n r ║ 7
               ╚═════════════════╝
                 A B C D E F G H

        '''
      
        '''
        Pg7g5

               ╔═════════════════╗
        0x38 8 ║ R N B K Q B N R ║ 63
        0x30 7 ║ P P P P P P · P ║ 55
        0x28 6 ║ · · · · · · · · ║ 47
        0x20 5 ║ · · · · · · P · ║ 39
        0x18 4 ║ · · · · · · · · ║ 31
        0x10 3 ║ · · · · · · · · ║ 23
        0x08 2 ║ p p p p p p p p ║ 15
        0x00 1 ║ r n b k q b n r ║ 7
               ╚═════════════════╝
                 A B C D E F G H

        '''
      
        '''
        Pg7g6

               ╔═════════════════╗
        0x38 8 ║ R N B K Q B N R ║ 63
        0x30 7 ║ P P P P P P · P ║ 55
        0x28 6 ║ · · · · · · P · ║ 47
        0x20 5 ║ · · · · · · · · ║ 39
        0x18 4 ║ · · · · · · · · ║ 31
        0x10 3 ║ · · · · · · · · ║ 23
        0x08 2 ║ p p p p p p p p ║ 15
        0x00 1 ║ r n b k q b n r ║ 7
               ╚═════════════════╝
                 A B C D E F G H

        '''
      
        '''
        Ph7h5

               ╔═════════════════╗
        0x38 8 ║ R N B K Q B N R ║ 63
        0x30 7 ║ P P P P P P P · ║ 55
        0x28 6 ║ · · · · · · · · ║ 47
        0x20 5 ║ · · · · · · · P ║ 39
        0x18 4 ║ · · · · · · · · ║ 31
        0x10 3 ║ · · · · · · · · ║ 23
        0x08 2 ║ p p p p p p p p ║ 15
        0x00 1 ║ r n b k q b n r ║ 7
               ╚═════════════════╝
                 A B C D E F G H

        '''
      
        '''
        Ph7h6

               ╔═════════════════╗
        0x38 8 ║ R N B K Q B N R ║ 63
        0x30 7 ║ P P P P P P P · ║ 55
        0x28 6 ║ · · · · · · · P ║ 47
        0x20 5 ║ · · · · · · · · ║ 39
        0x18 4 ║ · · · · · · · · ║ 31
        0x10 3 ║ · · · · · · · · ║ 23
        0x08 2 ║ p p p p p p p p ║ 15
        0x00 1 ║ r n b k q b n r ║ 7
               ╚═════════════════╝
                 A B C D E F G H

        '''
      
        '''
        Nb8a6

               ╔═════════════════╗
        0x38 8 ║ R · B K Q B N R ║ 63
        0x30 7 ║ P P P P P P P P ║ 55
        0x28 6 ║ N · · · · · · · ║ 47
        0x20 5 ║ · · · · · · · · ║ 39
        0x18 4 ║ · · · · · · · · ║ 31
        0x10 3 ║ · · · · · · · · ║ 23
        0x08 2 ║ p p p p p p p p ║ 15
        0x00 1 ║ r n b k q b n r ║ 7
               ╚═════════════════╝
                 A B C D E F G H

        '''
      
        '''
        Nb8c6

               ╔═════════════════╗
        0x38 8 ║ R · B K Q B N R ║ 63
        0x30 7 ║ P P P P P P P P ║ 55
        0x28 6 ║ · · N · · · · · ║ 47
        0x20 5 ║ · · · · · · · · ║ 39
        0x18 4 ║ · · · · · · · · ║ 31
        0x10 3 ║ · · · · · · · · ║ 23
        0x08 2 ║ p p p p p p p p ║ 15
        0x00 1 ║ r n b k q b n r ║ 7
               ╚═════════════════╝
                 A B C D E F G H

        '''
      
        '''
        Ng8f6

               ╔═════════════════╗
        0x38 8 ║ R N B K Q B · R ║ 63
        0x30 7 ║ P P P P P P P P ║ 55
        0x28 6 ║ · · · · · N · · ║ 47
        0x20 5 ║ · · · · · · · · ║ 39
        0x18 4 ║ · · · · · · · · ║ 31
        0x10 3 ║ · · · · · · · · ║ 23
        0x08 2 ║ p p p p p p p p ║ 15
        0x00 1 ║ r n b k q b n r ║ 7
               ╚═════════════════╝
                 A B C D E F G H

        '''
      
        '''
        Ng8h6

               ╔═════════════════╗
        0x38 8 ║ R N B K Q B · R ║ 63
        0x30 7 ║ P P P P P P P P ║ 55
        0x28 6 ║ · · · · · · · N ║ 47
        0x20 5 ║ · · · · · · · · ║ 39
        0x18 4 ║ · · · · · · · · ║ 31
        0x10 3 ║ · · · · · · · · ║ 23
        0x08 2 ║ p p p p p p p p ║ 15
        0x00 1 ║ r n b k q b n r ║ 7
               ╚═════════════════╝
                 A B C D E F G H

        '''
    ]
  }
  "default_board_generation::test_generate_white_default_moves":
  {
    file:
    [
      chess-lib
      tests
      default_board_generation.rs
    ]
    module_path: default_board_generation
    test_function: test_generate_white_default_moves
    recorded_value:
    [
      
        '''
        First Move

               ╔═════════════════╗
        0x38 8 ║ R N B K Q B N R ║ 63
        0x30 7 ║ P P P P P P P P ║ 55
        0x28 6 ║ · · · · · · · · ║ 47
        0x20 5 ║ · · · · · · · · ║ 39
        0x18 4 ║ · · · · · · · · ║ 31
        0x10 3 ║ · · · · · · · · ║ 23
        0x08 2 ║ p p p p p p p p ║ 15
        0x00 1 ║ r n b k q b n r ║ 7
               ╚═════════════════╝
                 A B C D E F G H

        '''
      
        '''
        Pa2a3

               ╔═════════════════╗
        0x38 8 ║ R N B K Q B N R ║ 63
        0x30 7 ║ P P P P P P P P ║ 55
        0x28 6 ║ · · · · · · · · ║ 47
        0x20 5 ║ · · · · · · · · ║ 39
        0x18 4 ║ · · · · · · · · ║ 31
        0x10 3 ║ p · · · · · · · ║ 23
        0x08 2 ║ · p p p p p p p ║ 15
        0x00 1 ║ r n b k q b n r ║ 7
               ╚═════════════════╝
                 A B C D E F G H

        '''
      
        '''
        Pa2a4

               ╔═════════════════╗
        0x38 8 ║ R N B K Q B N R ║ 63
        0x30 7 ║ P P P P P P P P ║ 55
        0x28 6 ║ · · · · · · · · ║ 47
        0x20 5 ║ · · · · · · · · ║ 39
        0x18 4 ║ p · · · · · · · ║ 31
        0x10 3 ║ · · · · · · · · ║ 23
        0x08 2 ║ · p p p p p p p ║ 15
        0x00 1 ║ r n b k q b n r ║ 7
               ╚═════════════════╝
                 A B C D E F G H

        '''
      
        '''
        Pb2b3

               ╔═════════════════╗
        0x38 8 ║ R N B K Q B N R ║ 63
        0x30 7 ║ P P P P P P P P ║ 55
        0x28 6 ║ · · · · · · · · ║ 47
        0x20 5 ║ · · · · · · · · ║ 39
        0x18 4 ║ · · · · · · · · ║ 31
        0x10 3 ║ · p · · · · · · ║ 23
        0x08 2 ║ p · p p p p p p ║ 15
        0x00 1 ║ r n b k q b n r ║ 7
               ╚═════════════════╝
                 A B C D E F G H

        '''
      
        '''
        Pb2b4

               ╔═════════════════╗
        0x38 8 ║ R N B K Q B N R ║ 63
        0x30 7 ║ P P P P P P P P ║ 55
        0x28 6 ║ · · · · · · · · ║ 47
        0x20 5 ║ · · · · · · · · ║ 39
        0x18 4 ║ · p · · · · · · ║ 31
        0x10 3 ║ · · · · · · · · ║ 23
        0x08 2 ║ p · p p p p p p ║ 15
        0x00 1 ║ r n b k q b n r ║ 7
               ╚═════════════════╝
                 A B C D E F G H

        '''
      
        '''
        Pc2c3

               ╔═════════════════╗
        0x38 8 ║ R N B K Q B N R ║ 63
        0x30 7 ║ P P P P P P P P ║ 55
        0x28 6 ║ · · · · · · · · ║ 47
        0x20 5 ║ · · · · · · · · ║ 39
        0x18 4 ║ · · · · · · · · ║ 31
        0x10 3 ║ · · p · · · · · ║ 23
        0x08 2 ║ p p · p p p p p ║ 15
        0x00 1 ║ r n b k q b n r ║ 7
               ╚═════════════════╝
                 A B C D E F G H

        '''
      
        '''
        Pc2c4

               ╔═════════════════╗
        0x38 8 ║ R N B K Q B N R ║ 63
        0x30 7 ║ P P P P P P P P ║ 55
        0x28 6 ║ · · · · · · · · ║ 47
        0x20 5 ║ · · · · · · · · ║ 39
        0x18 4 ║ · · p · · · · · ║ 31
        0x10 3 ║ · · · · · · · · ║ 23
        0x08 2 ║ p p · p p p p p ║ 15
        0x00 1 ║ r n b k q b n r ║ 7
               ╚═════════════════╝
                 A B C D E F G H

        '''
      
        '''
        Pd2d3

               ╔═════════════════╗
        0x38 8 ║ R N B K Q B N R ║ 63
        0x30 7 ║ P P P P P P P P ║ 55
        0x28 6 ║ · · · · · · · · ║ 47
        0x20 5 ║ · · · · · · · · ║ 39
        0x18 4 ║ · · · · · · · · ║ 31
        0x10 3 ║ · · · p · · · · ║ 23
        0x08 2 ║ p p p · p p p p ║ 15
        0x00 1 ║ r n b k q b n r ║ 7
               ╚═════════════════╝
                 A B C D E F G H

        '''
      
        '''
        Pd2d4

               ╔═════════════════╗
        0x38 8 ║ R N B K Q B N R ║ 63
        0x30 7 ║ P P P P P P P P ║ 55
        0x28 6 ║ · · · · · · · · ║ 47
        0x20 5 ║ · · · · · · · · ║ 39
        0x18 4 ║ · · · p · · · · ║ 31
        0x10 3 ║ · · · · · · · · ║ 23
        0x08 2 ║ p p p · p p p p ║ 15
        0x00 1 ║ r n b k q b n r ║ 7
               ╚═════════════════╝
                 A B C D E F G H

        '''
      
        '''
        Pe2e3

               ╔═════════════════╗
        0x38 8 ║ R N B K Q B N R ║ 63
        0x30 7 ║ P P P P P P P P ║ 55
        0x28 6 ║ · · · · · · · · ║ 47
        0x20 5 ║ · · · · · · · · ║ 39
        0x18 4 ║ · · · · · · · · ║ 31
        0x10 3 ║ · · · · p · · · ║ 23
        0x08 2 ║ p p p p · p p p ║ 15
        0x00 1 ║ r n b k q b n r ║ 7
               ╚═════════════════╝
                 A B C D E F G H

        '''
      
        '''
        Pe2e4

               ╔═════════════════╗
        0x38 8 ║ R N B K Q B N R ║ 63
        0x30 7 ║ P P P P P P P P ║ 55
        0x28 6 ║ · · · · · · · · ║ 47
        0x20 5 ║ · · · · · · · · ║ 39
        0x18 4 ║ · · · · p · · · ║ 31
        0x10 3 ║ · · · · · · · · ║ 23
        0x08 2 ║ p p p p · p p p ║ 15
        0x00 1 ║ r n b k q b n r ║ 7
               ╚═════════════════╝
                 A B C D E F G H

        '''
      
        '''
        Pf2f3

               ╔═════════════════╗
        0x38 8 ║ R N B K Q B N R ║ 63
        0x30 7 ║ P P P P P P P P ║ 55
        0x28 6 ║ · · · · · · · · ║ 47
        0x20 5 ║ · · · · · · · · ║ 39
        0x18 4 ║ · · · · · · · · ║ 31
        0x10 3 ║ · · · · · p · · ║ 23
        0x08 2 ║ p p p p p · p p ║ 15
        0x00 1 ║ r n b k q b n r ║ 7
               ╚═════════════════╝
                 A B C D E F G H

        '''
      
        '''
        Pf2f4

               ╔═════════════════╗
        0x38 8 ║ R N B K Q B N R ║ 63
        0x30 7 ║ P P P P P P P P ║ 55
        0x28 6 ║ · · · · · · · · ║ 47
        0x20 5 ║ · · · · · · · · ║ 39
        0x18 4 ║ · · · · · p · · ║ 31
        0x10 3 ║ · · · · · · · · ║ 23
        0x08 2 ║ p p p p p · p p ║ 15
        0x00 1 ║ r n b k q b n r ║ 7
               ╚═════════════════╝
                 A B C D E F G H

        '''
      
        '''
        Pg2g3

               ╔═════════════════╗
        0x38 8 ║ R N B K Q B N R ║ 63
        0x30 7 ║ P P P P P P P P ║ 55
        0x28 6 ║ · · · · · · · · ║ 47
        0x20 5 ║ · · · · · · · · ║ 39
        0x18 4 ║ · · · · · · · · ║ 31
        0x10 3 ║ · · · · · · p · ║ 23
        0x08 2 ║ p p p p p p · p ║ 15
        0x00 1 ║ r n b k q b n r ║ 7
               ╚═════════════════╝
                 A B C D E F G H

        '''
      
        '''
        Pg2g4

               ╔═════════════════╗
        0x38 8 ║ R N B K Q B N R ║ 63
        0x30 7 ║ P P P P P P P P ║ 55
        0x28 6 ║ · · · · · · · · ║ 47
        0x20 5 ║ · · · · · · · · ║ 39
        0x18 4 ║ · · · · · · p · ║ 31
        0x10 3 ║ · · · · · · · · ║ 23
        0x08 2 ║ p p p p p p · p ║ 15
        0x00 1 ║ r n b k q b n r ║ 7
               ╚═════════════════╝
                 A B C D E F G H

        '''
      
        '''
        Ph2h3

               ╔═════════════════╗
        0x38 8 ║ R N B K Q B N R ║ 63
        0x30 7 ║ P P P P P P P P ║ 55
        0x28 6 ║ · · · · · · · · ║ 47
        0x20 5 ║ · · · · · · · · ║ 39
        0x18 4 ║ · · · · · · · · ║ 31
        0x10 3 ║ · · · · · · · p ║ 23
        0x08 2 ║ p p p p p p p · ║ 15
        0x00 1 ║ r n b k q b n r ║ 7
               ╚═════════════════╝
                 A B C D E F G H

        '''
      
        '''
        Ph2h4

               ╔═════════════════╗
        0x38 8 ║ R N B K Q B N R ║ 63
        0x30 7 ║ P P P P P P P P ║ 55
        0x28 6 ║ · · · · · · · · ║ 47
        0x20 5 ║ · · · · · · · · ║ 39
        0x18 4 ║ · · · · · · · p ║ 31
        0x10 3 ║ · · · · · · · · ║ 23
        0x08 2 ║ p p p p p p p · ║ 15
        0x00 1 ║ r n b k q b n r ║ 7
               ╚═════════════════╝
                 A B C D E F G H

        '''
      
        '''
        Nb1a3

               ╔═════════════════╗
        0x38 8 ║ R N B K Q B N R ║ 63
        0x30 7 ║ P P P P P P P P ║ 55
        0x28 6 ║ · · · · · · · · ║ 47
        0x20 5 ║ · · · · · · · · ║ 39
        0x18 4 ║ · · · · · · · · ║ 31
        0x10 3 ║ n · · · · · · · ║ 23
        0x08 2 ║ p p p p p p p p ║ 15
        0x00 1 ║ r · b k q b n r ║ 7
               ╚═════════════════╝
                 A B C D E F G H

        '''
      
        '''
        Nb1c3

               ╔═════════════════╗
        0x38 8 ║ R N B K Q B N R ║ 63
        0x30 7 ║ P P P P P P P P ║ 55
        0x28 6 ║ · · · · · · · · ║ 47
        0x20 5 ║ · · · · · · · · ║ 39
        0x18 4 ║ · · · · · · · · ║ 31
        0x10 3 ║ · · n · · · · · ║ 23
        0x08 2 ║ p p p p p p p p ║ 15
        0x00 1 ║ r · b k q b n r ║ 7
               ╚═════════════════╝
                 A B C D E F G H

        '''
      
        '''
        Ng1f3

               ╔═════════════════╗
        0x38 8 ║ R N B K Q B N R ║ 63
        0x30 7 ║ P P P P P P P P ║ 55
        0x28 6 ║ · · · · · · · · ║ 47
        0x20 5 ║ · · · · · · · · ║ 39
        0x18 4 ║ · · · · · · · · ║ 31
        0x10 3 ║ · · · · · n · · ║ 23
        0x08 2 ║ p p p p p p p p ║ 15
        0x00 1 ║ r n b k q b · r ║ 7
               ╚═════════════════╝
                 A B C D E F G H

        '''
      
        '''
        Ng1h3

               ╔═════════════════╗
        0x38 8 ║ R N B K Q B N R ║ 63
        0x30 7 ║ P P P P P P P P ║ 55
        0x28 6 ║ · · · · · · · · ║ 47
        0x20 5 ║ · · · · · · · · ║ 39
        0x18 4 ║ · · · · · · · · ║ 31
        0x10 3 ║ · · · · · · · n ║ 23
        0x08 2 ║ p p p p p p p p ║ 15
        0x00 1 ║ r n b k q b · r ║ 7
               ╚═════════════════╝
                 A B C D E F G H

        '''
    ]
  }
}