{
  "king_move_generation::test_generate_black_king_moves":
  {
    file:
    [
      chess-lib
      tests
      king_move_generation.rs
    ]
    module_path: king_move_generation
    test_function: test_generate_black_king_moves
    recorded_value:
    [
      
        '''
        First Move

               ╔═════════════════╗
        0x38 8 ║ · · · · n · · · ║ 63
        0x30 7 ║ · · · · · · · · ║ 55
        0x28 6 ║ · · · · · K · · ║ 47
        0x20 5 ║ · · · · · · · · ║ 39
        0x18 4 ║ · · · · · · · n ║ 31
        0x10 3 ║ · · · · · r · · ║ 23
        0x08 2 ║ · · · · · · · · ║ 15
        0x00 1 ║ · · · · n · · · ║ 7
               ╚═════════════════╝
                 A B C D E F G H

        '''
      
        '''
        Kf6e5

               ╔═════════════════╗
        0x38 8 ║ · · · · n · · · ║ 63
        0x30 7 ║ · · · · · · · · ║ 55
        0x28 6 ║ · · · · · · · · ║ 47
        0x20 5 ║ · · · · K · · · ║ 39
        0x18 4 ║ · · · · · · · n ║ 31
        0x10 3 ║ · · · · · r · · ║ 23
        0x08 2 ║ · · · · · · · · ║ 15
        0x00 1 ║ · · · · n · · · ║ 7
               ╚═════════════════╝
                 A B C D E F G H

        '''
      
        '''
        Kf6g5

               ╔═════════════════╗
        0x38 8 ║ · · · · n · · · ║ 63
        0x30 7 ║ · · · · · · · · ║ 55
        0x28 6 ║ · · · · · · · · ║ 47
        0x20 5 ║ · · · · · · K · ║ 39
        0x18 4 ║ · · · · · · · n ║ 31
        0x10 3 ║ · · · · · r · · ║ 23
        0x08 2 ║ · · · · · · · · ║ 15
        0x00 1 ║ · · · · n · · · ║ 7
               ╚═════════════════╝
                 A B C D E F G H

        '''
      
        '''
        Kf6e6

               ╔═════════════════╗
        0x38 8 ║ · · · · n · · · ║ 63
        0x30 7 ║ · · · · · · · · ║ 55
        0x28 6 ║ · · · · K · · · ║ 47
        0x20 5 ║ · · · · · · · · ║ 39
        0x18 4 ║ · · · · · · · n ║ 31
        0x10 3 ║ · · · · · r · · ║ 23
        0x08 2 ║ · · · · · · · · ║ 15
        0x00 1 ║ · · · · n · · · ║ 7
               ╚═════════════════╝
                 A B C D E F G H

        '''
      
        '''
        Kf6e7

               ╔═════════════════╗
        0x38 8 ║ · · · · n · · · ║ 63
        0x30 7 ║ · · · · K · · · ║ 55
        0x28 6 ║ · · · · · · · · ║ 47
        0x20 5 ║ · · · · · · · · ║ 39
        0x18 4 ║ · · · · · · · n ║ 31
        0x10 3 ║ · · · · · r · · ║ 23
        0x08 2 ║ · · · · · · · · ║ 15
        0x00 1 ║ · · · · n · · · ║ 7
               ╚═════════════════╝
                 A B C D E F G H

        '''
    ]
  }
  "king_move_generation::test_generate_white_king_moves":
  {
    file:
    [
      chess-lib
      tests
      king_move_generation.rs
    ]
    module_path: king_move_generation
    test_function: test_generate_white_king_moves
    recorded_value:
    [
      
        '''
        First Move

               ╔═════════════════╗
        0x38 8 ║ k · · N · · · · ║ 63
        0x30 7 ║ · · · · · · R · ║ 55
        0x28 6 ║ · · · · · · · · ║ 47
        0x20 5 ║ · · · k · · · · ║ 39
        0x18 4 ║ · · · · k · · P ║ 31
        0x10 3 ║ · R · · · · · · ║ 23
        0x08 2 ║ · R · · · · · · ║ 15
        0x00 1 ║ · · · k · · · k ║ 7
               ╚═════════════════╝
                 A B C D E F G H

        '''
      
        '''
        Kd1c1

               ╔═════════════════╗
        0x38 8 ║ k · · N · · · · ║ 63
        0x30 7 ║ · · · · · · R · ║ 55
        0x28 6 ║ · · · · · · · · ║ 47
        0x20 5 ║ · · · k · · · · ║ 39
        0x18 4 ║ · · · · k · · P ║ 31
        0x10 3 ║ · R · · · · · · ║ 23
        0x08 2 ║ · R · · · · · · ║ 15
        0x00 1 ║ · · k · · · · k ║ 7
               ╚═════════════════╝
                 A B C D E F G H

        '''
      
        '''
        Kd1e1

               ╔═════════════════╗
        0x38 8 ║ k · · N · · · · ║ 63
        0x30 7 ║ · · · · · · R · ║ 55
        0x28 6 ║ · · · · · · · · ║ 47
        0x20 5 ║ · · · k · · · · ║ 39
        0x18 4 ║ · · · · k · · P ║ 31
        0x10 3 ║ · R · · · · · · ║ 23
        0x08 2 ║ · R · · · · · · ║ 15
        0x00 1 ║ · · · · k · · k ║ 7
               ╚═════════════════╝
                 A B C D E F G H

        '''
      
        '''
        Ke4d4

               ╔═════════════════╗
        0x38 8 ║ k · · N · · · · ║ 63
        0x30 7 ║ · · · · · · R · ║ 55
        0x28 6 ║ · · · · · · · · ║ 47
        0x20 5 ║ · · · k · · · · ║ 39
        0x18 4 ║ · · · k · · · P ║ 31
        0x10 3 ║ · R · · · · · · ║ 23
        0x08 2 ║ · R · · · · · · ║ 15
        0x00 1 ║ · · · k · · · k ║ 7
               ╚═════════════════╝
                 A B C D E F G H

        '''
      
        '''
        Ke4f4

               ╔═════════════════╗
        0x38 8 ║ k · · N · · · · ║ 63
        0x30 7 ║ · · · · · · R · ║ 55
        0x28 6 ║ · · · · · · · · ║ 47
        0x20 5 ║ · · · k · · · · ║ 39
        0x18 4 ║ · · · · · k · P ║ 31
        0x10 3 ║ · R · · · · · · ║ 23
        0x08 2 ║ · R · · · · · · ║ 15
        0x00 1 ║ · · · k · · · k ║ 7
               ╚═════════════════╝
                 A B C D E F G H

        '''
      
        '''
        Ke4e5

               ╔═════════════════╗
        0x38 8 ║ k · · N · · · · ║ 63
        0x30 7 ║ · · · · · · R · ║ 55
        0x28 6 ║ · · · · · · · · ║ 47
        0x20 5 ║ · · · k k · · · ║ 39
        0x18 4 ║ · · · · · · · P ║ 31
        0x10 3 ║ · R · · · · · · ║ 23
        0x08 2 ║ · R · · · · · · ║ 15
        0x00 1 ║ · · · k · · · k ║ 7
               ╚═════════════════╝
                 A B C D E F G H

        '''
      
        '''
        Ke4f5

               ╔═════════════════╗
        0x38 8 ║ k · · N · · · · ║ 63
        0x30 7 ║ · · · · · · R · ║ 55
        0x28 6 ║ · · · · · · · · ║ 47
        0x20 5 ║ · · · k · k · · ║ 39
        0x18 4 ║ · · · · · · · P ║ 31
        0x10 3 ║ · R · · · · · · ║ 23
        0x08 2 ║ · R · · · · · · ║ 15
        0x00 1 ║ · · · k · · · k ║ 7
               ╚═════════════════╝
                 A B C D E F G H

        '''
      
        '''
        Kd5c4

               ╔═════════════════╗
        0x38 8 ║ k · · N · · · · ║ 63
        0x30 7 ║ · · · · · · R · ║ 55
        0x28 6 ║ · · · · · · · · ║ 47
        0x20 5 ║ · · · · · · · · ║ 39
        0x18 4 ║ · · k · k · · P ║ 31
        0x10 3 ║ · R · · · · · · ║ 23
        0x08 2 ║ · R · · · · · · ║ 15
        0x00 1 ║ · · · k · · · k ║ 7
               ╚═════════════════╝
                 A B C D E F G H

        '''
      
        '''
        Kd5d4

               ╔═════════════════╗
        0x38 8 ║ k · · N · · · · ║ 63
        0x30 7 ║ · · · · · · R · ║ 55
        0x28 6 ║ · · · · · · · · ║ 47
        0x20 5 ║ · · · · · · · · ║ 39
        0x18 4 ║ · · · k k · · P ║ 31
        0x10 3 ║ · R · · · · · · ║ 23
        0x08 2 ║ · R · · · · · · ║ 15
        0x00 1 ║ · · · k · · · k ║ 7
               ╚═════════════════╝
                 A B C D E F G H

        '''
      
        '''
        Kd5c5

               ╔═════════════════╗
        0x38 8 ║ k · · N · · · · ║ 63
        0x30 7 ║ · · · · · · R · ║ 55
        0x28 6 ║ · · · · · · · · ║ 47
        0x20 5 ║ · · k · · · · · ║ 39
        0x18 4 ║ · · · · k · · P ║ 31
        0x10 3 ║ · R · · · · · · ║ 23
        0x08 2 ║ · R · · · · · · ║ 15
        0x00 1 ║ · · · k · · · k ║ 7
               ╚═════════════════╝
                 A B C D E F G H

        '''
      
        '''
        Kd5e5

               ╔═════════════════╗
        0x38 8 ║ k · · N · · · · ║ 63
        0x30 7 ║ · · · · · · R · ║ 55
        0x28 6 ║ · · · · · · · · ║ 47
        0x20 5 ║ · · · · k · · · ║ 39
        0x18 4 ║ · · · · k · · P ║ 31
        0x10 3 ║ · R · · · · · · ║ 23
        0x08 2 ║ · R · · · · · · ║ 15
        0x00 1 ║ · · · k · · · k ║ 7
               ╚═════════════════╝
                 A B C D E F G H

        '''
      
        '''
        Kd5d6

               ╔═════════════════╗
        0x38 8 ║ k · · N · · · · ║ 63
        0x30 7 ║ · · · · · · R · ║ 55
        0x28 6 ║ · · · k · · · · ║ 47
        0x20 5 ║ · · · · · · · · ║ 39
        0x18 4 ║ · · · · k · · P ║ 31
        0x10 3 ║ · R · · · · · · ║ 23
        0x08 2 ║ · R · · · · · · ║ 15
        0x00 1 ║ · · · k · · · k ║ 7
               ╚═════════════════╝
                 A B C D E F G H

        '''
    ]
  }
}