{
  "king_move_generation::test_generate_black_king_moves":
  {
    file:
    [
      chess-lib
      tests
      king_move_generation.rs
    ]
    module_path: king_move_generation
    test_function: test_generate_black_king_moves
    recorded_value:
    [
      
        '''
        First Move

               ╔═════════════════╗
        0x38 8 ║ · · · · ♘ · · · ║ 63
        0x30 7 ║ · · · · · · · · ║ 55
        0x28 6 ║ · · · · · ♚ · · ║ 47
        0x20 5 ║ · · · · · · · · ║ 39
        0x18 4 ║ · · · · · · · ♘ ║ 31
        0x10 3 ║ · · · · · ♖ · · ║ 23
        0x08 2 ║ · · · · · · · · ║ 15
        0x00 1 ║ · · · · ♘ · · · ║ 7
               ╚═════════════════╝
                 A B C D E F G H

        '''
      
        '''
        KF6E5

               ╔═════════════════╗
        0x38 8 ║ · · · · ♘ · · · ║ 63
        0x30 7 ║ · · · · · · · · ║ 55
        0x28 6 ║ · · · · · · · · ║ 47
        0x20 5 ║ · · · · ♚ · · · ║ 39
        0x18 4 ║ · · · · · · · ♘ ║ 31
        0x10 3 ║ · · · · · ♖ · · ║ 23
        0x08 2 ║ · · · · · · · · ║ 15
        0x00 1 ║ · · · · ♘ · · · ║ 7
               ╚═════════════════╝
                 A B C D E F G H

        '''
      
        '''
        KF6G5

               ╔═════════════════╗
        0x38 8 ║ · · · · ♘ · · · ║ 63
        0x30 7 ║ · · · · · · · · ║ 55
        0x28 6 ║ · · · · · · · · ║ 47
        0x20 5 ║ · · · · · · ♚ · ║ 39
        0x18 4 ║ · · · · · · · ♘ ║ 31
        0x10 3 ║ · · · · · ♖ · · ║ 23
        0x08 2 ║ · · · · · · · · ║ 15
        0x00 1 ║ · · · · ♘ · · · ║ 7
               ╚═════════════════╝
                 A B C D E F G H

        '''
      
        '''
        KF6E6

               ╔═════════════════╗
        0x38 8 ║ · · · · ♘ · · · ║ 63
        0x30 7 ║ · · · · · · · · ║ 55
        0x28 6 ║ · · · · ♚ · · · ║ 47
        0x20 5 ║ · · · · · · · · ║ 39
        0x18 4 ║ · · · · · · · ♘ ║ 31
        0x10 3 ║ · · · · · ♖ · · ║ 23
        0x08 2 ║ · · · · · · · · ║ 15
        0x00 1 ║ · · · · ♘ · · · ║ 7
               ╚═════════════════╝
                 A B C D E F G H

        '''
      
        '''
        KF6E7

               ╔═════════════════╗
        0x38 8 ║ · · · · ♘ · · · ║ 63
        0x30 7 ║ · · · · ♚ · · · ║ 55
        0x28 6 ║ · · · · · · · · ║ 47
        0x20 5 ║ · · · · · · · · ║ 39
        0x18 4 ║ · · · · · · · ♘ ║ 31
        0x10 3 ║ · · · · · ♖ · · ║ 23
        0x08 2 ║ · · · · · · · · ║ 15
        0x00 1 ║ · · · · ♘ · · · ║ 7
               ╚═════════════════╝
                 A B C D E F G H

        '''
    ]
  }
  "king_move_generation::test_generate_white_king_moves":
  {
    file:
    [
      chess-lib
      tests
      king_move_generation.rs
    ]
    module_path: king_move_generation
    test_function: test_generate_white_king_moves
    recorded_value:
    [
      
        '''
        First Move

               ╔═════════════════╗
        0x38 8 ║ ♔ · · ♞ · · · · ║ 63
        0x30 7 ║ · · · · · · ♜ · ║ 55
        0x28 6 ║ · · · · · · · · ║ 47
        0x20 5 ║ · · · ♔ · · · · ║ 39
        0x18 4 ║ · · · · ♔ · · ♟ ║ 31
        0x10 3 ║ · ♜ · · · · · · ║ 23
        0x08 2 ║ · ♜ · · · · · · ║ 15
        0x00 1 ║ · · · ♔ · · · ♔ ║ 7
               ╚═════════════════╝
                 A B C D E F G H

        '''
      
        '''
        KD1C1

               ╔═════════════════╗
        0x38 8 ║ ♔ · · ♞ · · · · ║ 63
        0x30 7 ║ · · · · · · ♜ · ║ 55
        0x28 6 ║ · · · · · · · · ║ 47
        0x20 5 ║ · · · ♔ · · · · ║ 39
        0x18 4 ║ · · · · ♔ · · ♟ ║ 31
        0x10 3 ║ · ♜ · · · · · · ║ 23
        0x08 2 ║ · ♜ · · · · · · ║ 15
        0x00 1 ║ · · ♔ · · · · ♔ ║ 7
               ╚═════════════════╝
                 A B C D E F G H

        '''
      
        '''
        KD1E1

               ╔═════════════════╗
        0x38 8 ║ ♔ · · ♞ · · · · ║ 63
        0x30 7 ║ · · · · · · ♜ · ║ 55
        0x28 6 ║ · · · · · · · · ║ 47
        0x20 5 ║ · · · ♔ · · · · ║ 39
        0x18 4 ║ · · · · ♔ · · ♟ ║ 31
        0x10 3 ║ · ♜ · · · · · · ║ 23
        0x08 2 ║ · ♜ · · · · · · ║ 15
        0x00 1 ║ · · · · ♔ · · ♔ ║ 7
               ╚═════════════════╝
                 A B C D E F G H

        '''
      
        '''
        KE4D4

               ╔═════════════════╗
        0x38 8 ║ ♔ · · ♞ · · · · ║ 63
        0x30 7 ║ · · · · · · ♜ · ║ 55
        0x28 6 ║ · · · · · · · · ║ 47
        0x20 5 ║ · · · ♔ · · · · ║ 39
        0x18 4 ║ · · · ♔ · · · ♟ ║ 31
        0x10 3 ║ · ♜ · · · · · · ║ 23
        0x08 2 ║ · ♜ · · · · · · ║ 15
        0x00 1 ║ · · · ♔ · · · ♔ ║ 7
               ╚═════════════════╝
                 A B C D E F G H

        '''
      
        '''
        KE4F4

               ╔═════════════════╗
        0x38 8 ║ ♔ · · ♞ · · · · ║ 63
        0x30 7 ║ · · · · · · ♜ · ║ 55
        0x28 6 ║ · · · · · · · · ║ 47
        0x20 5 ║ · · · ♔ · · · · ║ 39
        0x18 4 ║ · · · · · ♔ · ♟ ║ 31
        0x10 3 ║ · ♜ · · · · · · ║ 23
        0x08 2 ║ · ♜ · · · · · · ║ 15
        0x00 1 ║ · · · ♔ · · · ♔ ║ 7
               ╚═════════════════╝
                 A B C D E F G H

        '''
      
        '''
        KE4E5

               ╔═════════════════╗
        0x38 8 ║ ♔ · · ♞ · · · · ║ 63
        0x30 7 ║ · · · · · · ♜ · ║ 55
        0x28 6 ║ · · · · · · · · ║ 47
        0x20 5 ║ · · · ♔ ♔ · · · ║ 39
        0x18 4 ║ · · · · · · · ♟ ║ 31
        0x10 3 ║ · ♜ · · · · · · ║ 23
        0x08 2 ║ · ♜ · · · · · · ║ 15
        0x00 1 ║ · · · ♔ · · · ♔ ║ 7
               ╚═════════════════╝
                 A B C D E F G H

        '''
      
        '''
        KE4F5

               ╔═════════════════╗
        0x38 8 ║ ♔ · · ♞ · · · · ║ 63
        0x30 7 ║ · · · · · · ♜ · ║ 55
        0x28 6 ║ · · · · · · · · ║ 47
        0x20 5 ║ · · · ♔ · ♔ · · ║ 39
        0x18 4 ║ · · · · · · · ♟ ║ 31
        0x10 3 ║ · ♜ · · · · · · ║ 23
        0x08 2 ║ · ♜ · · · · · · ║ 15
        0x00 1 ║ · · · ♔ · · · ♔ ║ 7
               ╚═════════════════╝
                 A B C D E F G H

        '''
      
        '''
        KD5C4

               ╔═════════════════╗
        0x38 8 ║ ♔ · · ♞ · · · · ║ 63
        0x30 7 ║ · · · · · · ♜ · ║ 55
        0x28 6 ║ · · · · · · · · ║ 47
        0x20 5 ║ · · · · · · · · ║ 39
        0x18 4 ║ · · ♔ · ♔ · · ♟ ║ 31
        0x10 3 ║ · ♜ · · · · · · ║ 23
        0x08 2 ║ · ♜ · · · · · · ║ 15
        0x00 1 ║ · · · ♔ · · · ♔ ║ 7
               ╚═════════════════╝
                 A B C D E F G H

        '''
      
        '''
        KD5D4

               ╔═════════════════╗
        0x38 8 ║ ♔ · · ♞ · · · · ║ 63
        0x30 7 ║ · · · · · · ♜ · ║ 55
        0x28 6 ║ · · · · · · · · ║ 47
        0x20 5 ║ · · · · · · · · ║ 39
        0x18 4 ║ · · · ♔ ♔ · · ♟ ║ 31
        0x10 3 ║ · ♜ · · · · · · ║ 23
        0x08 2 ║ · ♜ · · · · · · ║ 15
        0x00 1 ║ · · · ♔ · · · ♔ ║ 7
               ╚═════════════════╝
                 A B C D E F G H

        '''
      
        '''
        KD5C5

               ╔═════════════════╗
        0x38 8 ║ ♔ · · ♞ · · · · ║ 63
        0x30 7 ║ · · · · · · ♜ · ║ 55
        0x28 6 ║ · · · · · · · · ║ 47
        0x20 5 ║ · · ♔ · · · · · ║ 39
        0x18 4 ║ · · · · ♔ · · ♟ ║ 31
        0x10 3 ║ · ♜ · · · · · · ║ 23
        0x08 2 ║ · ♜ · · · · · · ║ 15
        0x00 1 ║ · · · ♔ · · · ♔ ║ 7
               ╚═════════════════╝
                 A B C D E F G H

        '''
      
        '''
        KD5E5

               ╔═════════════════╗
        0x38 8 ║ ♔ · · ♞ · · · · ║ 63
        0x30 7 ║ · · · · · · ♜ · ║ 55
        0x28 6 ║ · · · · · · · · ║ 47
        0x20 5 ║ · · · · ♔ · · · ║ 39
        0x18 4 ║ · · · · ♔ · · ♟ ║ 31
        0x10 3 ║ · ♜ · · · · · · ║ 23
        0x08 2 ║ · ♜ · · · · · · ║ 15
        0x00 1 ║ · · · ♔ · · · ♔ ║ 7
               ╚═════════════════╝
                 A B C D E F G H

        '''
      
        '''
        KD5D6

               ╔═════════════════╗
        0x38 8 ║ ♔ · · ♞ · · · · ║ 63
        0x30 7 ║ · · · · · · ♜ · ║ 55
        0x28 6 ║ · · · ♔ · · · · ║ 47
        0x20 5 ║ · · · · · · · · ║ 39
        0x18 4 ║ · · · · ♔ · · ♟ ║ 31
        0x10 3 ║ · ♜ · · · · · · ║ 23
        0x08 2 ║ · ♜ · · · · · · ║ 15
        0x00 1 ║ · · · ♔ · · · ♔ ║ 7
               ╚═════════════════╝
                 A B C D E F G H

        '''
    ]
  }
}