{
  "knight_move_generation::test_generate_black_knight_moves":
  {
    file:
    [
      chess-lib
      tests
      knight_move_generation.rs
    ]
    module_path: knight_move_generation
    test_function: test_generate_black_knight_moves
    recorded_value:
    [
      
        '''
        First Move

               ╔═════════════════╗
        0x38 8 ║ n · · · N · · · ║ 63
        0x30 7 ║ · · · · · · · · ║ 55
        0x28 6 ║ · · · · · n · · ║ 47
        0x20 5 ║ · · · · · · · · ║ 39
        0x18 4 ║ · · n · · · · N ║ 31
        0x10 3 ║ · · · · · · · · ║ 23
        0x08 2 ║ · · · · n · · · ║ 15
        0x00 1 ║ · · · · N · n n ║ 7
               ╚═════════════════╝
                 A B C D E F G H

        '''
      
        '''
        Ng1f3

               ╔═════════════════╗
        0x38 8 ║ n · · · N · · · ║ 63
        0x30 7 ║ · · · · · · · · ║ 55
        0x28 6 ║ · · · · · n · · ║ 47
        0x20 5 ║ · · · · · · · · ║ 39
        0x18 4 ║ · · n · · · · N ║ 31
        0x10 3 ║ · · · · · n · · ║ 23
        0x08 2 ║ · · · · n · · · ║ 15
        0x00 1 ║ · · · · N · · n ║ 7
               ╚═════════════════╝
                 A B C D E F G H

        '''
      
        '''
        Ng1h3

               ╔═════════════════╗
        0x38 8 ║ n · · · N · · · ║ 63
        0x30 7 ║ · · · · · · · · ║ 55
        0x28 6 ║ · · · · · n · · ║ 47
        0x20 5 ║ · · · · · · · · ║ 39
        0x18 4 ║ · · n · · · · N ║ 31
        0x10 3 ║ · · · · · · · n ║ 23
        0x08 2 ║ · · · · n · · · ║ 15
        0x00 1 ║ · · · · N · · n ║ 7
               ╚═════════════════╝
                 A B C D E F G H

        '''
      
        '''
        Nh1f2

               ╔═════════════════╗
        0x38 8 ║ n · · · N · · · ║ 63
        0x30 7 ║ · · · · · · · · ║ 55
        0x28 6 ║ · · · · · n · · ║ 47
        0x20 5 ║ · · · · · · · · ║ 39
        0x18 4 ║ · · n · · · · N ║ 31
        0x10 3 ║ · · · · · · · · ║ 23
        0x08 2 ║ · · · · n n · · ║ 15
        0x00 1 ║ · · · · N · n · ║ 7
               ╚═════════════════╝
                 A B C D E F G H

        '''
      
        '''
        Nh1g3

               ╔═════════════════╗
        0x38 8 ║ n · · · N · · · ║ 63
        0x30 7 ║ · · · · · · · · ║ 55
        0x28 6 ║ · · · · · n · · ║ 47
        0x20 5 ║ · · · · · · · · ║ 39
        0x18 4 ║ · · n · · · · N ║ 31
        0x10 3 ║ · · · · · · n · ║ 23
        0x08 2 ║ · · · · n · · · ║ 15
        0x00 1 ║ · · · · N · n · ║ 7
               ╚═════════════════╝
                 A B C D E F G H

        '''
      
        '''
        Ne2c1

               ╔═════════════════╗
        0x38 8 ║ n · · · N · · · ║ 63
        0x30 7 ║ · · · · · · · · ║ 55
        0x28 6 ║ · · · · · n · · ║ 47
        0x20 5 ║ · · · · · · · · ║ 39
        0x18 4 ║ · · n · · · · N ║ 31
        0x10 3 ║ · · · · · · · · ║ 23
        0x08 2 ║ · · · · · · · · ║ 15
        0x00 1 ║ · · n · N · n n ║ 7
               ╚═════════════════╝
                 A B C D E F G H

        '''
      
        '''
        Ne2c3

               ╔═════════════════╗
        0x38 8 ║ n · · · N · · · ║ 63
        0x30 7 ║ · · · · · · · · ║ 55
        0x28 6 ║ · · · · · n · · ║ 47
        0x20 5 ║ · · · · · · · · ║ 39
        0x18 4 ║ · · n · · · · N ║ 31
        0x10 3 ║ · · n · · · · · ║ 23
        0x08 2 ║ · · · · · · · · ║ 15
        0x00 1 ║ · · · · N · n n ║ 7
               ╚═════════════════╝
                 A B C D E F G H

        '''
      
        '''
        Ne2g3

               ╔═════════════════╗
        0x38 8 ║ n · · · N · · · ║ 63
        0x30 7 ║ · · · · · · · · ║ 55
        0x28 6 ║ · · · · · n · · ║ 47
        0x20 5 ║ · · · · · · · · ║ 39
        0x18 4 ║ · · n · · · · N ║ 31
        0x10 3 ║ · · · · · · n · ║ 23
        0x08 2 ║ · · · · · · · · ║ 15
        0x00 1 ║ · · · · N · n n ║ 7
               ╚═════════════════╝
                 A B C D E F G H

        '''
      
        '''
        Ne2d4

               ╔═════════════════╗
        0x38 8 ║ n · · · N · · · ║ 63
        0x30 7 ║ · · · · · · · · ║ 55
        0x28 6 ║ · · · · · n · · ║ 47
        0x20 5 ║ · · · · · · · · ║ 39
        0x18 4 ║ · · n n · · · N ║ 31
        0x10 3 ║ · · · · · · · · ║ 23
        0x08 2 ║ · · · · · · · · ║ 15
        0x00 1 ║ · · · · N · n n ║ 7
               ╚═════════════════╝
                 A B C D E F G H

        '''
      
        '''
        Ne2f4

               ╔═════════════════╗
        0x38 8 ║ n · · · N · · · ║ 63
        0x30 7 ║ · · · · · · · · ║ 55
        0x28 6 ║ · · · · · n · · ║ 47
        0x20 5 ║ · · · · · · · · ║ 39
        0x18 4 ║ · · n · · n · N ║ 31
        0x10 3 ║ · · · · · · · · ║ 23
        0x08 2 ║ · · · · · · · · ║ 15
        0x00 1 ║ · · · · N · n n ║ 7
               ╚═════════════════╝
                 A B C D E F G H

        '''
      
        '''
        Nc4b2

               ╔═════════════════╗
        0x38 8 ║ n · · · N · · · ║ 63
        0x30 7 ║ · · · · · · · · ║ 55
        0x28 6 ║ · · · · · n · · ║ 47
        0x20 5 ║ · · · · · · · · ║ 39
        0x18 4 ║ · · · · · · · N ║ 31
        0x10 3 ║ · · · · · · · · ║ 23
        0x08 2 ║ · n · · n · · · ║ 15
        0x00 1 ║ · · · · N · n n ║ 7
               ╚═════════════════╝
                 A B C D E F G H

        '''
      
        '''
        Nc4d2

               ╔═════════════════╗
        0x38 8 ║ n · · · N · · · ║ 63
        0x30 7 ║ · · · · · · · · ║ 55
        0x28 6 ║ · · · · · n · · ║ 47
        0x20 5 ║ · · · · · · · · ║ 39
        0x18 4 ║ · · · · · · · N ║ 31
        0x10 3 ║ · · · · · · · · ║ 23
        0x08 2 ║ · · · n n · · · ║ 15
        0x00 1 ║ · · · · N · n n ║ 7
               ╚═════════════════╝
                 A B C D E F G H

        '''
      
        '''
        Nc4a3

               ╔═════════════════╗
        0x38 8 ║ n · · · N · · · ║ 63
        0x30 7 ║ · · · · · · · · ║ 55
        0x28 6 ║ · · · · · n · · ║ 47
        0x20 5 ║ · · · · · · · · ║ 39
        0x18 4 ║ · · · · · · · N ║ 31
        0x10 3 ║ n · · · · · · · ║ 23
        0x08 2 ║ · · · · n · · · ║ 15
        0x00 1 ║ · · · · N · n n ║ 7
               ╚═════════════════╝
                 A B C D E F G H

        '''
      
        '''
        Nc4e3

               ╔═════════════════╗
        0x38 8 ║ n · · · N · · · ║ 63
        0x30 7 ║ · · · · · · · · ║ 55
        0x28 6 ║ · · · · · n · · ║ 47
        0x20 5 ║ · · · · · · · · ║ 39
        0x18 4 ║ · · · · · · · N ║ 31
        0x10 3 ║ · · · · n · · · ║ 23
        0x08 2 ║ · · · · n · · · ║ 15
        0x00 1 ║ · · · · N · n n ║ 7
               ╚═════════════════╝
                 A B C D E F G H

        '''
      
        '''
        Nc4a5

               ╔═════════════════╗
        0x38 8 ║ n · · · N · · · ║ 63
        0x30 7 ║ · · · · · · · · ║ 55
        0x28 6 ║ · · · · · n · · ║ 47
        0x20 5 ║ n · · · · · · · ║ 39
        0x18 4 ║ · · · · · · · N ║ 31
        0x10 3 ║ · · · · · · · · ║ 23
        0x08 2 ║ · · · · n · · · ║ 15
        0x00 1 ║ · · · · N · n n ║ 7
               ╚═════════════════╝
                 A B C D E F G H

        '''
      
        '''
        Nc4e5

               ╔═════════════════╗
        0x38 8 ║ n · · · N · · · ║ 63
        0x30 7 ║ · · · · · · · · ║ 55
        0x28 6 ║ · · · · · n · · ║ 47
        0x20 5 ║ · · · · n · · · ║ 39
        0x18 4 ║ · · · · · · · N ║ 31
        0x10 3 ║ · · · · · · · · ║ 23
        0x08 2 ║ · · · · n · · · ║ 15
        0x00 1 ║ · · · · N · n n ║ 7
               ╚═════════════════╝
                 A B C D E F G H

        '''
      
        '''
        Nc4b6

               ╔═════════════════╗
        0x38 8 ║ n · · · N · · · ║ 63
        0x30 7 ║ · · · · · · · · ║ 55
        0x28 6 ║ · n · · · n · · ║ 47
        0x20 5 ║ · · · · · · · · ║ 39
        0x18 4 ║ · · · · · · · N ║ 31
        0x10 3 ║ · · · · · · · · ║ 23
        0x08 2 ║ · · · · n · · · ║ 15
        0x00 1 ║ · · · · N · n n ║ 7
               ╚═════════════════╝
                 A B C D E F G H

        '''
      
        '''
        Nc4d6

               ╔═════════════════╗
        0x38 8 ║ n · · · N · · · ║ 63
        0x30 7 ║ · · · · · · · · ║ 55
        0x28 6 ║ · · · n · n · · ║ 47
        0x20 5 ║ · · · · · · · · ║ 39
        0x18 4 ║ · · · · · · · N ║ 31
        0x10 3 ║ · · · · · · · · ║ 23
        0x08 2 ║ · · · · n · · · ║ 15
        0x00 1 ║ · · · · N · n n ║ 7
               ╚═════════════════╝
                 A B C D E F G H

        '''
      
        '''
        Nf6e4

               ╔═════════════════╗
        0x38 8 ║ n · · · N · · · ║ 63
        0x30 7 ║ · · · · · · · · ║ 55
        0x28 6 ║ · · · · · · · · ║ 47
        0x20 5 ║ · · · · · · · · ║ 39
        0x18 4 ║ · · n · n · · N ║ 31
        0x10 3 ║ · · · · · · · · ║ 23
        0x08 2 ║ · · · · n · · · ║ 15
        0x00 1 ║ · · · · N · n n ║ 7
               ╚═════════════════╝
                 A B C D E F G H

        '''
      
        '''
        Nf6g4

               ╔═════════════════╗
        0x38 8 ║ n · · · N · · · ║ 63
        0x30 7 ║ · · · · · · · · ║ 55
        0x28 6 ║ · · · · · · · · ║ 47
        0x20 5 ║ · · · · · · · · ║ 39
        0x18 4 ║ · · n · · · n N ║ 31
        0x10 3 ║ · · · · · · · · ║ 23
        0x08 2 ║ · · · · n · · · ║ 15
        0x00 1 ║ · · · · N · n n ║ 7
               ╚═════════════════╝
                 A B C D E F G H

        '''
      
        '''
        Nf6d5

               ╔═════════════════╗
        0x38 8 ║ n · · · N · · · ║ 63
        0x30 7 ║ · · · · · · · · ║ 55
        0x28 6 ║ · · · · · · · · ║ 47
        0x20 5 ║ · · · n · · · · ║ 39
        0x18 4 ║ · · n · · · · N ║ 31
        0x10 3 ║ · · · · · · · · ║ 23
        0x08 2 ║ · · · · n · · · ║ 15
        0x00 1 ║ · · · · N · n n ║ 7
               ╚═════════════════╝
                 A B C D E F G H

        '''
      
        '''
        Nf6h5

               ╔═════════════════╗
        0x38 8 ║ n · · · N · · · ║ 63
        0x30 7 ║ · · · · · · · · ║ 55
        0x28 6 ║ · · · · · · · · ║ 47
        0x20 5 ║ · · · · · · · n ║ 39
        0x18 4 ║ · · n · · · · N ║ 31
        0x10 3 ║ · · · · · · · · ║ 23
        0x08 2 ║ · · · · n · · · ║ 15
        0x00 1 ║ · · · · N · n n ║ 7
               ╚═════════════════╝
                 A B C D E F G H

        '''
      
        '''
        Nf6d7

               ╔═════════════════╗
        0x38 8 ║ n · · · N · · · ║ 63
        0x30 7 ║ · · · n · · · · ║ 55
        0x28 6 ║ · · · · · · · · ║ 47
        0x20 5 ║ · · · · · · · · ║ 39
        0x18 4 ║ · · n · · · · N ║ 31
        0x10 3 ║ · · · · · · · · ║ 23
        0x08 2 ║ · · · · n · · · ║ 15
        0x00 1 ║ · · · · N · n n ║ 7
               ╚═════════════════╝
                 A B C D E F G H

        '''
      
        '''
        Nf6h7

               ╔═════════════════╗
        0x38 8 ║ n · · · N · · · ║ 63
        0x30 7 ║ · · · · · · · n ║ 55
        0x28 6 ║ · · · · · · · · ║ 47
        0x20 5 ║ · · · · · · · · ║ 39
        0x18 4 ║ · · n · · · · N ║ 31
        0x10 3 ║ · · · · · · · · ║ 23
        0x08 2 ║ · · · · n · · · ║ 15
        0x00 1 ║ · · · · N · n n ║ 7
               ╚═════════════════╝
                 A B C D E F G H

        '''
      
        '''
        Nf6xe8

               ╔═════════════════╗
        0x38 8 ║ n · · · n · · · ║ 63
        0x30 7 ║ · · · · · · · · ║ 55
        0x28 6 ║ · · · · · · · · ║ 47
        0x20 5 ║ · · · · · · · · ║ 39
        0x18 4 ║ · · n · · · · N ║ 31
        0x10 3 ║ · · · · · · · · ║ 23
        0x08 2 ║ · · · · n · · · ║ 15
        0x00 1 ║ · · · · N · n n ║ 7
               ╚═════════════════╝
                 A B C D E F G H

        '''
      
        '''
        Nf6g8

               ╔═════════════════╗
        0x38 8 ║ n · · · N · n · ║ 63
        0x30 7 ║ · · · · · · · · ║ 55
        0x28 6 ║ · · · · · · · · ║ 47
        0x20 5 ║ · · · · · · · · ║ 39
        0x18 4 ║ · · n · · · · N ║ 31
        0x10 3 ║ · · · · · · · · ║ 23
        0x08 2 ║ · · · · n · · · ║ 15
        0x00 1 ║ · · · · N · n n ║ 7
               ╚═════════════════╝
                 A B C D E F G H

        '''
      
        '''
        Na8b6

               ╔═════════════════╗
        0x38 8 ║ · · · · N · · · ║ 63
        0x30 7 ║ · · · · · · · · ║ 55
        0x28 6 ║ · n · · · n · · ║ 47
        0x20 5 ║ · · · · · · · · ║ 39
        0x18 4 ║ · · n · · · · N ║ 31
        0x10 3 ║ · · · · · · · · ║ 23
        0x08 2 ║ · · · · n · · · ║ 15
        0x00 1 ║ · · · · N · n n ║ 7
               ╚═════════════════╝
                 A B C D E F G H

        '''
      
        '''
        Na8c7

               ╔═════════════════╗
        0x38 8 ║ · · · · N · · · ║ 63
        0x30 7 ║ · · n · · · · · ║ 55
        0x28 6 ║ · · · · · n · · ║ 47
        0x20 5 ║ · · · · · · · · ║ 39
        0x18 4 ║ · · n · · · · N ║ 31
        0x10 3 ║ · · · · · · · · ║ 23
        0x08 2 ║ · · · · n · · · ║ 15
        0x00 1 ║ · · · · N · n n ║ 7
               ╚═════════════════╝
                 A B C D E F G H

        '''
    ]
  }
  "knight_move_generation::test_generate_white_knight_moves":
  {
    file:
    [
      chess-lib
      tests
      knight_move_generation.rs
    ]
    module_path: knight_move_generation
    test_function: test_generate_white_knight_moves
    recorded_value:
    [
      
        '''
        First Move

               ╔═════════════════╗
        0x38 8 ║ N · · n · · · · ║ 63
        0x30 7 ║ · · · · · · r · ║ 55
        0x28 6 ║ · · · · · · · · ║ 47
        0x20 5 ║ · · · N · · · · ║ 39
        0x18 4 ║ · · · · N · · p ║ 31
        0x10 3 ║ · · · · · · · · ║ 23
        0x08 2 ║ · r · · · · · · ║ 15
        0x00 1 ║ · · · N · · · N ║ 7
               ╚═════════════════╝
                 A B C D E F G H

        '''
      
        '''
        Nd1xb2

               ╔═════════════════╗
        0x38 8 ║ N · · n · · · · ║ 63
        0x30 7 ║ · · · · · · r · ║ 55
        0x28 6 ║ · · · · · · · · ║ 47
        0x20 5 ║ · · · N · · · · ║ 39
        0x18 4 ║ · · · · N · · p ║ 31
        0x10 3 ║ · · · · · · · · ║ 23
        0x08 2 ║ · N · · · · · · ║ 15
        0x00 1 ║ · · · · · · · N ║ 7
               ╚═════════════════╝
                 A B C D E F G H

        '''
      
        '''
        Nd1f2

               ╔═════════════════╗
        0x38 8 ║ N · · n · · · · ║ 63
        0x30 7 ║ · · · · · · r · ║ 55
        0x28 6 ║ · · · · · · · · ║ 47
        0x20 5 ║ · · · N · · · · ║ 39
        0x18 4 ║ · · · · N · · p ║ 31
        0x10 3 ║ · · · · · · · · ║ 23
        0x08 2 ║ · r · · · N · · ║ 15
        0x00 1 ║ · · · · · · · N ║ 7
               ╚═════════════════╝
                 A B C D E F G H

        '''
      
        '''
        Nd1c3

               ╔═════════════════╗
        0x38 8 ║ N · · n · · · · ║ 63
        0x30 7 ║ · · · · · · r · ║ 55
        0x28 6 ║ · · · · · · · · ║ 47
        0x20 5 ║ · · · N · · · · ║ 39
        0x18 4 ║ · · · · N · · p ║ 31
        0x10 3 ║ · · N · · · · · ║ 23
        0x08 2 ║ · r · · · · · · ║ 15
        0x00 1 ║ · · · · · · · N ║ 7
               ╚═════════════════╝
                 A B C D E F G H

        '''
      
        '''
        Nd1e3

               ╔═════════════════╗
        0x38 8 ║ N · · n · · · · ║ 63
        0x30 7 ║ · · · · · · r · ║ 55
        0x28 6 ║ · · · · · · · · ║ 47
        0x20 5 ║ · · · N · · · · ║ 39
        0x18 4 ║ · · · · N · · p ║ 31
        0x10 3 ║ · · · · N · · · ║ 23
        0x08 2 ║ · r · · · · · · ║ 15
        0x00 1 ║ · · · · · · · N ║ 7
               ╚═════════════════╝
                 A B C D E F G H

        '''
      
        '''
        Nh1f2

               ╔═════════════════╗
        0x38 8 ║ N · · n · · · · ║ 63
        0x30 7 ║ · · · · · · r · ║ 55
        0x28 6 ║ · · · · · · · · ║ 47
        0x20 5 ║ · · · N · · · · ║ 39
        0x18 4 ║ · · · · N · · p ║ 31
        0x10 3 ║ · · · · · · · · ║ 23
        0x08 2 ║ · r · · · N · · ║ 15
        0x00 1 ║ · · · N · · · · ║ 7
               ╚═════════════════╝
                 A B C D E F G H

        '''
      
        '''
        Nh1g3

               ╔═════════════════╗
        0x38 8 ║ N · · n · · · · ║ 63
        0x30 7 ║ · · · · · · r · ║ 55
        0x28 6 ║ · · · · · · · · ║ 47
        0x20 5 ║ · · · N · · · · ║ 39
        0x18 4 ║ · · · · N · · p ║ 31
        0x10 3 ║ · · · · · · N · ║ 23
        0x08 2 ║ · r · · · · · · ║ 15
        0x00 1 ║ · · · N · · · · ║ 7
               ╚═════════════════╝
                 A B C D E F G H

        '''
      
        '''
        Ne4d2

               ╔═════════════════╗
        0x38 8 ║ N · · n · · · · ║ 63
        0x30 7 ║ · · · · · · r · ║ 55
        0x28 6 ║ · · · · · · · · ║ 47
        0x20 5 ║ · · · N · · · · ║ 39
        0x18 4 ║ · · · · · · · p ║ 31
        0x10 3 ║ · · · · · · · · ║ 23
        0x08 2 ║ · r · N · · · · ║ 15
        0x00 1 ║ · · · N · · · N ║ 7
               ╚═════════════════╝
                 A B C D E F G H

        '''
      
        '''
        Ne4f2

               ╔═════════════════╗
        0x38 8 ║ N · · n · · · · ║ 63
        0x30 7 ║ · · · · · · r · ║ 55
        0x28 6 ║ · · · · · · · · ║ 47
        0x20 5 ║ · · · N · · · · ║ 39
        0x18 4 ║ · · · · · · · p ║ 31
        0x10 3 ║ · · · · · · · · ║ 23
        0x08 2 ║ · r · · · N · · ║ 15
        0x00 1 ║ · · · N · · · N ║ 7
               ╚═════════════════╝
                 A B C D E F G H

        '''
      
        '''
        Ne4c3

               ╔═════════════════╗
        0x38 8 ║ N · · n · · · · ║ 63
        0x30 7 ║ · · · · · · r · ║ 55
        0x28 6 ║ · · · · · · · · ║ 47
        0x20 5 ║ · · · N · · · · ║ 39
        0x18 4 ║ · · · · · · · p ║ 31
        0x10 3 ║ · · N · · · · · ║ 23
        0x08 2 ║ · r · · · · · · ║ 15
        0x00 1 ║ · · · N · · · N ║ 7
               ╚═════════════════╝
                 A B C D E F G H

        '''
      
        '''
        Ne4g3

               ╔═════════════════╗
        0x38 8 ║ N · · n · · · · ║ 63
        0x30 7 ║ · · · · · · r · ║ 55
        0x28 6 ║ · · · · · · · · ║ 47
        0x20 5 ║ · · · N · · · · ║ 39
        0x18 4 ║ · · · · · · · p ║ 31
        0x10 3 ║ · · · · · · N · ║ 23
        0x08 2 ║ · r · · · · · · ║ 15
        0x00 1 ║ · · · N · · · N ║ 7
               ╚═════════════════╝
                 A B C D E F G H

        '''
      
        '''
        Ne4c5

               ╔═════════════════╗
        0x38 8 ║ N · · n · · · · ║ 63
        0x30 7 ║ · · · · · · r · ║ 55
        0x28 6 ║ · · · · · · · · ║ 47
        0x20 5 ║ · · N N · · · · ║ 39
        0x18 4 ║ · · · · · · · p ║ 31
        0x10 3 ║ · · · · · · · · ║ 23
        0x08 2 ║ · r · · · · · · ║ 15
        0x00 1 ║ · · · N · · · N ║ 7
               ╚═════════════════╝
                 A B C D E F G H

        '''
      
        '''
        Ne4g5

               ╔═════════════════╗
        0x38 8 ║ N · · n · · · · ║ 63
        0x30 7 ║ · · · · · · r · ║ 55
        0x28 6 ║ · · · · · · · · ║ 47
        0x20 5 ║ · · · N · · N · ║ 39
        0x18 4 ║ · · · · · · · p ║ 31
        0x10 3 ║ · · · · · · · · ║ 23
        0x08 2 ║ · r · · · · · · ║ 15
        0x00 1 ║ · · · N · · · N ║ 7
               ╚═════════════════╝
                 A B C D E F G H

        '''
      
        '''
        Ne4d6

               ╔═════════════════╗
        0x38 8 ║ N · · n · · · · ║ 63
        0x30 7 ║ · · · · · · r · ║ 55
        0x28 6 ║ · · · N · · · · ║ 47
        0x20 5 ║ · · · N · · · · ║ 39
        0x18 4 ║ · · · · · · · p ║ 31
        0x10 3 ║ · · · · · · · · ║ 23
        0x08 2 ║ · r · · · · · · ║ 15
        0x00 1 ║ · · · N · · · N ║ 7
               ╚═════════════════╝
                 A B C D E F G H

        '''
      
        '''
        Ne4f6

               ╔═════════════════╗
        0x38 8 ║ N · · n · · · · ║ 63
        0x30 7 ║ · · · · · · r · ║ 55
        0x28 6 ║ · · · · · N · · ║ 47
        0x20 5 ║ · · · N · · · · ║ 39
        0x18 4 ║ · · · · · · · p ║ 31
        0x10 3 ║ · · · · · · · · ║ 23
        0x08 2 ║ · r · · · · · · ║ 15
        0x00 1 ║ · · · N · · · N ║ 7
               ╚═════════════════╝
                 A B C D E F G H

        '''
      
        '''
        Nd5c3

               ╔═════════════════╗
        0x38 8 ║ N · · n · · · · ║ 63
        0x30 7 ║ · · · · · · r · ║ 55
        0x28 6 ║ · · · · · · · · ║ 47
        0x20 5 ║ · · · · · · · · ║ 39
        0x18 4 ║ · · · · N · · p ║ 31
        0x10 3 ║ · · N · · · · · ║ 23
        0x08 2 ║ · r · · · · · · ║ 15
        0x00 1 ║ · · · N · · · N ║ 7
               ╚═════════════════╝
                 A B C D E F G H

        '''
      
        '''
        Nd5e3

               ╔═════════════════╗
        0x38 8 ║ N · · n · · · · ║ 63
        0x30 7 ║ · · · · · · r · ║ 55
        0x28 6 ║ · · · · · · · · ║ 47
        0x20 5 ║ · · · · · · · · ║ 39
        0x18 4 ║ · · · · N · · p ║ 31
        0x10 3 ║ · · · · N · · · ║ 23
        0x08 2 ║ · r · · · · · · ║ 15
        0x00 1 ║ · · · N · · · N ║ 7
               ╚═════════════════╝
                 A B C D E F G H

        '''
      
        '''
        Nd5b4

               ╔═════════════════╗
        0x38 8 ║ N · · n · · · · ║ 63
        0x30 7 ║ · · · · · · r · ║ 55
        0x28 6 ║ · · · · · · · · ║ 47
        0x20 5 ║ · · · · · · · · ║ 39
        0x18 4 ║ · N · · N · · p ║ 31
        0x10 3 ║ · · · · · · · · ║ 23
        0x08 2 ║ · r · · · · · · ║ 15
        0x00 1 ║ · · · N · · · N ║ 7
               ╚═════════════════╝
                 A B C D E F G H

        '''
      
        '''
        Nd5f4

               ╔═════════════════╗
        0x38 8 ║ N · · n · · · · ║ 63
        0x30 7 ║ · · · · · · r · ║ 55
        0x28 6 ║ · · · · · · · · ║ 47
        0x20 5 ║ · · · · · · · · ║ 39
        0x18 4 ║ · · · · N N · p ║ 31
        0x10 3 ║ · · · · · · · · ║ 23
        0x08 2 ║ · r · · · · · · ║ 15
        0x00 1 ║ · · · N · · · N ║ 7
               ╚═════════════════╝
                 A B C D E F G H

        '''
      
        '''
        Nd5b6

               ╔═════════════════╗
        0x38 8 ║ N · · n · · · · ║ 63
        0x30 7 ║ · · · · · · r · ║ 55
        0x28 6 ║ · N · · · · · · ║ 47
        0x20 5 ║ · · · · · · · · ║ 39
        0x18 4 ║ · · · · N · · p ║ 31
        0x10 3 ║ · · · · · · · · ║ 23
        0x08 2 ║ · r · · · · · · ║ 15
        0x00 1 ║ · · · N · · · N ║ 7
               ╚═════════════════╝
                 A B C D E F G H

        '''
      
        '''
        Nd5f6

               ╔═════════════════╗
        0x38 8 ║ N · · n · · · · ║ 63
        0x30 7 ║ · · · · · · r · ║ 55
        0x28 6 ║ · · · · · N · · ║ 47
        0x20 5 ║ · · · · · · · · ║ 39
        0x18 4 ║ · · · · N · · p ║ 31
        0x10 3 ║ · · · · · · · · ║ 23
        0x08 2 ║ · r · · · · · · ║ 15
        0x00 1 ║ · · · N · · · N ║ 7
               ╚═════════════════╝
                 A B C D E F G H

        '''
      
        '''
        Nd5c7

               ╔═════════════════╗
        0x38 8 ║ N · · n · · · · ║ 63
        0x30 7 ║ · · N · · · r · ║ 55
        0x28 6 ║ · · · · · · · · ║ 47
        0x20 5 ║ · · · · · · · · ║ 39
        0x18 4 ║ · · · · N · · p ║ 31
        0x10 3 ║ · · · · · · · · ║ 23
        0x08 2 ║ · r · · · · · · ║ 15
        0x00 1 ║ · · · N · · · N ║ 7
               ╚═════════════════╝
                 A B C D E F G H

        '''
      
        '''
        Nd5e7

               ╔═════════════════╗
        0x38 8 ║ N · · n · · · · ║ 63
        0x30 7 ║ · · · · N · r · ║ 55
        0x28 6 ║ · · · · · · · · ║ 47
        0x20 5 ║ · · · · · · · · ║ 39
        0x18 4 ║ · · · · N · · p ║ 31
        0x10 3 ║ · · · · · · · · ║ 23
        0x08 2 ║ · r · · · · · · ║ 15
        0x00 1 ║ · · · N · · · N ║ 7
               ╚═════════════════╝
                 A B C D E F G H

        '''
      
        '''
        Na8b6

               ╔═════════════════╗
        0x38 8 ║ · · · n · · · · ║ 63
        0x30 7 ║ · · · · · · r · ║ 55
        0x28 6 ║ · N · · · · · · ║ 47
        0x20 5 ║ · · · N · · · · ║ 39
        0x18 4 ║ · · · · N · · p ║ 31
        0x10 3 ║ · · · · · · · · ║ 23
        0x08 2 ║ · r · · · · · · ║ 15
        0x00 1 ║ · · · N · · · N ║ 7
               ╚═════════════════╝
                 A B C D E F G H

        '''
      
        '''
        Na8c7

               ╔═════════════════╗
        0x38 8 ║ · · · n · · · · ║ 63
        0x30 7 ║ · · N · · · r · ║ 55
        0x28 6 ║ · · · · · · · · ║ 47
        0x20 5 ║ · · · N · · · · ║ 39
        0x18 4 ║ · · · · N · · p ║ 31
        0x10 3 ║ · · · · · · · · ║ 23
        0x08 2 ║ · r · · · · · · ║ 15
        0x00 1 ║ · · · N · · · N ║ 7
               ╚═════════════════╝
                 A B C D E F G H

        '''
    ]
  }
}