{
  "pawn_move_generation::test_generate_black_pawn_moves":
  {
    file:
    [
      chess-lib
      tests
      pawn_move_generation.rs
    ]
    module_path: pawn_move_generation
    test_function: test_generate_black_pawn_moves
    recorded_value:
    [
      
        '''
        Pd2d4

               ╔═════════════════╗
        0x38 8 ║ · · · · · · · · ║ 63
        0x30 7 ║ p · · · · · p · ║ 55
        0x28 6 ║ N · · · · N · N ║ 47
        0x20 5 ║ N · p · · · · · ║ 39
        0x18 4 ║ · · · P p · · · ║ 31
        0x10 3 ║ · · · · · · · · ║ 23
        0x08 2 ║ · · · · p N · · ║ 15
        0x00 1 ║ · · · N · · · · ║ 7
               ╚═════════════════╝
                 A B C D E F G H

        '''
      
        '''
        Pe2xd1=Q

               ╔═════════════════╗
        0x38 8 ║ · · · · · · · · ║ 63
        0x30 7 ║ p · · · · · p · ║ 55
        0x28 6 ║ N · · · · N · N ║ 47
        0x20 5 ║ N · p · · · · · ║ 39
        0x18 4 ║ · · · P p · · · ║ 31
        0x10 3 ║ · · · · · · · · ║ 23
        0x08 2 ║ · · · · · N · · ║ 15
        0x00 1 ║ · · · q · · · · ║ 7
               ╚═════════════════╝
                 A B C D E F G H

        '''
      
        '''
        Pe2e1=Q

               ╔═════════════════╗
        0x38 8 ║ · · · · · · · · ║ 63
        0x30 7 ║ p · · · · · p · ║ 55
        0x28 6 ║ N · · · · N · N ║ 47
        0x20 5 ║ N · p · · · · · ║ 39
        0x18 4 ║ · · · P p · · · ║ 31
        0x10 3 ║ · · · · · · · · ║ 23
        0x08 2 ║ · · · · · N · · ║ 15
        0x00 1 ║ · · · N q · · · ║ 7
               ╚═════════════════╝
                 A B C D E F G H

        '''
      
        '''
        Pe4xd3e.p.

               ╔═════════════════╗
        0x38 8 ║ · · · · · · · · ║ 63
        0x30 7 ║ p · · · · · p · ║ 55
        0x28 6 ║ N · · · · N · N ║ 47
        0x20 5 ║ N · p · · · · · ║ 39
        0x18 4 ║ · · · · · · · · ║ 31
        0x10 3 ║ · · · p · · · · ║ 23
        0x08 2 ║ · · · · p N · · ║ 15
        0x00 1 ║ · · · N · · · · ║ 7
               ╚═════════════════╝
                 A B C D E F G H

        '''
      
        '''
        Pe4e3

               ╔═════════════════╗
        0x38 8 ║ · · · · · · · · ║ 63
        0x30 7 ║ p · · · · · p · ║ 55
        0x28 6 ║ N · · · · N · N ║ 47
        0x20 5 ║ N · p · · · · · ║ 39
        0x18 4 ║ · · · P · · · · ║ 31
        0x10 3 ║ · · · · p · · · ║ 23
        0x08 2 ║ · · · · p N · · ║ 15
        0x00 1 ║ · · · N · · · · ║ 7
               ╚═════════════════╝
                 A B C D E F G H

        '''
      
        '''
        Pc5c4

               ╔═════════════════╗
        0x38 8 ║ · · · · · · · · ║ 63
        0x30 7 ║ p · · · · · p · ║ 55
        0x28 6 ║ N · · · · N · N ║ 47
        0x20 5 ║ N · · · · · · · ║ 39
        0x18 4 ║ · · p P p · · · ║ 31
        0x10 3 ║ · · · · · · · · ║ 23
        0x08 2 ║ · · · · p N · · ║ 15
        0x00 1 ║ · · · N · · · · ║ 7
               ╚═════════════════╝
                 A B C D E F G H

        '''
      
        '''
        Pc5xd4

               ╔═════════════════╗
        0x38 8 ║ · · · · · · · · ║ 63
        0x30 7 ║ p · · · · · p · ║ 55
        0x28 6 ║ N · · · · N · N ║ 47
        0x20 5 ║ N · · · · · · · ║ 39
        0x18 4 ║ · · · p p · · · ║ 31
        0x10 3 ║ · · · · · · · · ║ 23
        0x08 2 ║ · · · · p N · · ║ 15
        0x00 1 ║ · · · N · · · · ║ 7
               ╚═════════════════╝
                 A B C D E F G H

        '''
      
        '''
        Pg7g5

               ╔═════════════════╗
        0x38 8 ║ · · · · · · · · ║ 63
        0x30 7 ║ p · · · · · · · ║ 55
        0x28 6 ║ N · · · · N · N ║ 47
        0x20 5 ║ N · p · · · p · ║ 39
        0x18 4 ║ · · · P p · · · ║ 31
        0x10 3 ║ · · · · · · · · ║ 23
        0x08 2 ║ · · · · p N · · ║ 15
        0x00 1 ║ · · · N · · · · ║ 7
               ╚═════════════════╝
                 A B C D E F G H

        '''
      
        '''
        Pg7xf6

               ╔═════════════════╗
        0x38 8 ║ · · · · · · · · ║ 63
        0x30 7 ║ p · · · · · · · ║ 55
        0x28 6 ║ N · · · · p · N ║ 47
        0x20 5 ║ N · p · · · · · ║ 39
        0x18 4 ║ · · · P p · · · ║ 31
        0x10 3 ║ · · · · · · · · ║ 23
        0x08 2 ║ · · · · p N · · ║ 15
        0x00 1 ║ · · · N · · · · ║ 7
               ╚═════════════════╝
                 A B C D E F G H

        '''
      
        '''
        Pg7g6

               ╔═════════════════╗
        0x38 8 ║ · · · · · · · · ║ 63
        0x30 7 ║ p · · · · · · · ║ 55
        0x28 6 ║ N · · · · N p N ║ 47
        0x20 5 ║ N · p · · · · · ║ 39
        0x18 4 ║ · · · P p · · · ║ 31
        0x10 3 ║ · · · · · · · · ║ 23
        0x08 2 ║ · · · · p N · · ║ 15
        0x00 1 ║ · · · N · · · · ║ 7
               ╚═════════════════╝
                 A B C D E F G H

        '''
      
        '''
        Pg7xh6

               ╔═════════════════╗
        0x38 8 ║ · · · · · · · · ║ 63
        0x30 7 ║ p · · · · · · · ║ 55
        0x28 6 ║ N · · · · N · p ║ 47
        0x20 5 ║ N · p · · · · · ║ 39
        0x18 4 ║ · · · P p · · · ║ 31
        0x10 3 ║ · · · · · · · · ║ 23
        0x08 2 ║ · · · · p N · · ║ 15
        0x00 1 ║ · · · N · · · · ║ 7
               ╚═════════════════╝
                 A B C D E F G H

        '''
    ]
  }
  "pawn_move_generation::test_generate_white_pawn_moves":
  {
    file:
    [
      chess-lib
      tests
      pawn_move_generation.rs
    ]
    module_path: pawn_move_generation
    test_function: test_generate_white_pawn_moves
    recorded_value:
    [
      
        '''
        Pf7f5

               ╔═════════════════╗
        0x38 8 ║ · · · r · · · · ║ 63
        0x30 7 ║ · · P · · · · · ║ 55
        0x28 6 ║ · · · · · · · · ║ 47
        0x20 5 ║ · · · · P p · · ║ 39
        0x18 4 ║ · n · n · · · · ║ 31
        0x10 3 ║ n · P · · · · n ║ 23
        0x08 2 ║ · P · · · P · P ║ 15
        0x00 1 ║ · · · · · · · · ║ 7
               ╚═════════════════╝
                 A B C D E F G H

        '''
      
        '''
        Pb2xa3

               ╔═════════════════╗
        0x38 8 ║ · · · r · · · · ║ 63
        0x30 7 ║ · · P · · · · · ║ 55
        0x28 6 ║ · · · · · · · · ║ 47
        0x20 5 ║ · · · · P p · · ║ 39
        0x18 4 ║ · n · n · · · · ║ 31
        0x10 3 ║ P · P · · · · n ║ 23
        0x08 2 ║ · · · · · P · P ║ 15
        0x00 1 ║ · · · · · · · · ║ 7
               ╚═════════════════╝
                 A B C D E F G H

        '''
      
        '''
        Pb2b3

               ╔═════════════════╗
        0x38 8 ║ · · · r · · · · ║ 63
        0x30 7 ║ · · P · · · · · ║ 55
        0x28 6 ║ · · · · · · · · ║ 47
        0x20 5 ║ · · · · P p · · ║ 39
        0x18 4 ║ · n · n · · · · ║ 31
        0x10 3 ║ n P P · · · · n ║ 23
        0x08 2 ║ · · · · · P · P ║ 15
        0x00 1 ║ · · · · · · · · ║ 7
               ╚═════════════════╝
                 A B C D E F G H

        '''
      
        '''
        Pf2f3

               ╔═════════════════╗
        0x38 8 ║ · · · r · · · · ║ 63
        0x30 7 ║ · · P · · · · · ║ 55
        0x28 6 ║ · · · · · · · · ║ 47
        0x20 5 ║ · · · · P p · · ║ 39
        0x18 4 ║ · n · n · · · · ║ 31
        0x10 3 ║ n · P · · P · n ║ 23
        0x08 2 ║ · P · · · · · P ║ 15
        0x00 1 ║ · · · · · · · · ║ 7
               ╚═════════════════╝
                 A B C D E F G H

        '''
      
        '''
        Pf2f4

               ╔═════════════════╗
        0x38 8 ║ · · · r · · · · ║ 63
        0x30 7 ║ · · P · · · · · ║ 55
        0x28 6 ║ · · · · · · · · ║ 47
        0x20 5 ║ · · · · P p · · ║ 39
        0x18 4 ║ · n · n · P · · ║ 31
        0x10 3 ║ n · P · · · · n ║ 23
        0x08 2 ║ · P · · · · · P ║ 15
        0x00 1 ║ · · · · · · · · ║ 7
               ╚═════════════════╝
                 A B C D E F G H

        '''
      
        '''
        Pc3xb4

               ╔═════════════════╗
        0x38 8 ║ · · · r · · · · ║ 63
        0x30 7 ║ · · P · · · · · ║ 55
        0x28 6 ║ · · · · · · · · ║ 47
        0x20 5 ║ · · · · P p · · ║ 39
        0x18 4 ║ · P · n · · · · ║ 31
        0x10 3 ║ n · · · · · · n ║ 23
        0x08 2 ║ · P · · · P · P ║ 15
        0x00 1 ║ · · · · · · · · ║ 7
               ╚═════════════════╝
                 A B C D E F G H

        '''
      
        '''
        Pc3c4

               ╔═════════════════╗
        0x38 8 ║ · · · r · · · · ║ 63
        0x30 7 ║ · · P · · · · · ║ 55
        0x28 6 ║ · · · · · · · · ║ 47
        0x20 5 ║ · · · · P p · · ║ 39
        0x18 4 ║ · n P n · · · · ║ 31
        0x10 3 ║ n · · · · · · n ║ 23
        0x08 2 ║ · P · · · P · P ║ 15
        0x00 1 ║ · · · · · · · · ║ 7
               ╚═════════════════╝
                 A B C D E F G H

        '''
      
        '''
        Pc3xd4

               ╔═════════════════╗
        0x38 8 ║ · · · r · · · · ║ 63
        0x30 7 ║ · · P · · · · · ║ 55
        0x28 6 ║ · · · · · · · · ║ 47
        0x20 5 ║ · · · · P p · · ║ 39
        0x18 4 ║ · n · P · · · · ║ 31
        0x10 3 ║ n · · · · · · n ║ 23
        0x08 2 ║ · P · · · P · P ║ 15
        0x00 1 ║ · · · · · · · · ║ 7
               ╚═════════════════╝
                 A B C D E F G H

        '''
      
        '''
        Pe5xf6e.p.

               ╔═════════════════╗
        0x38 8 ║ · · · r · · · · ║ 63
        0x30 7 ║ · · P · · · · · ║ 55
        0x28 6 ║ · · · · · P · · ║ 47
        0x20 5 ║ · · · · · · · · ║ 39
        0x18 4 ║ · n · n · · · · ║ 31
        0x10 3 ║ n · P · · · · n ║ 23
        0x08 2 ║ · P · · · P · P ║ 15
        0x00 1 ║ · · · · · · · · ║ 7
               ╚═════════════════╝
                 A B C D E F G H

        '''
      
        '''
        Pe5e6

               ╔═════════════════╗
        0x38 8 ║ · · · r · · · · ║ 63
        0x30 7 ║ · · P · · · · · ║ 55
        0x28 6 ║ · · · · P · · · ║ 47
        0x20 5 ║ · · · · · p · · ║ 39
        0x18 4 ║ · n · n · · · · ║ 31
        0x10 3 ║ n · P · · · · n ║ 23
        0x08 2 ║ · P · · · P · P ║ 15
        0x00 1 ║ · · · · · · · · ║ 7
               ╚═════════════════╝
                 A B C D E F G H

        '''
      
        '''
        Pc7c8=Q

               ╔═════════════════╗
        0x38 8 ║ · · Q r · · · · ║ 63
        0x30 7 ║ · · · · · · · · ║ 55
        0x28 6 ║ · · · · · · · · ║ 47
        0x20 5 ║ · · · · P p · · ║ 39
        0x18 4 ║ · n · n · · · · ║ 31
        0x10 3 ║ n · P · · · · n ║ 23
        0x08 2 ║ · P · · · P · P ║ 15
        0x00 1 ║ · · · · · · · · ║ 7
               ╚═════════════════╝
                 A B C D E F G H

        '''
      
        '''
        Pc7xd8=Q

               ╔═════════════════╗
        0x38 8 ║ · · · Q · · · · ║ 63
        0x30 7 ║ · · · · · · · · ║ 55
        0x28 6 ║ · · · · · · · · ║ 47
        0x20 5 ║ · · · · P p · · ║ 39
        0x18 4 ║ · n · n · · · · ║ 31
        0x10 3 ║ n · P · · · · n ║ 23
        0x08 2 ║ · P · · · P · P ║ 15
        0x00 1 ║ · · · · · · · · ║ 7
               ╚═════════════════╝
                 A B C D E F G H

        '''
    ]
  }
}