{
  "queen_move_generation::test_generate_black_queen_moves":
  {
    file:
    [
      chess-lib
      tests
      queen_move_generation.rs
    ]
    module_path: queen_move_generation
    test_function: test_generate_black_queen_moves
    recorded_value:
    [
      
        '''
        Pd2d4

               ╔═════════════════╗
        0x38 8 ║ Q · · · n · · · ║ 63
        0x30 7 ║ · · · · · · · · ║ 55
        0x28 6 ║ · · · · · Q · · ║ 47
        0x20 5 ║ · · · · · · · · ║ 39
        0x18 4 ║ · · Q · · · · n ║ 31
        0x10 3 ║ · · · · · r · · ║ 23
        0x08 2 ║ · · · · Q · · · ║ 15
        0x00 1 ║ · · · · n · Q Q ║ 7
               ╚═════════════════╝
                 A B C D E F G H

        '''
      
        '''
        Qg1xe1

               ╔═════════════════╗
        0x38 8 ║ Q · · · n · · · ║ 63
        0x30 7 ║ · · · · · · · · ║ 55
        0x28 6 ║ · · · · · Q · · ║ 47
        0x20 5 ║ · · · · · · · · ║ 39
        0x18 4 ║ · · Q · · · · n ║ 31
        0x10 3 ║ · · · · · r · · ║ 23
        0x08 2 ║ · · · · Q · · · ║ 15
        0x00 1 ║ · · · · Q · · Q ║ 7
               ╚═════════════════╝
                 A B C D E F G H

        '''
      
        '''
        Qg1f1

               ╔═════════════════╗
        0x38 8 ║ Q · · · n · · · ║ 63
        0x30 7 ║ · · · · · · · · ║ 55
        0x28 6 ║ · · · · · Q · · ║ 47
        0x20 5 ║ · · · · · · · · ║ 39
        0x18 4 ║ · · Q · · · · n ║ 31
        0x10 3 ║ · · · · · r · · ║ 23
        0x08 2 ║ · · · · Q · · · ║ 15
        0x00 1 ║ · · · · n Q · Q ║ 7
               ╚═════════════════╝
                 A B C D E F G H

        '''
      
        '''
        Qg1f2

               ╔═════════════════╗
        0x38 8 ║ Q · · · n · · · ║ 63
        0x30 7 ║ · · · · · · · · ║ 55
        0x28 6 ║ · · · · · Q · · ║ 47
        0x20 5 ║ · · · · · · · · ║ 39
        0x18 4 ║ · · Q · · · · n ║ 31
        0x10 3 ║ · · · · · r · · ║ 23
        0x08 2 ║ · · · · Q Q · · ║ 15
        0x00 1 ║ · · · · n · · Q ║ 7
               ╚═════════════════╝
                 A B C D E F G H

        '''
      
        '''
        Qg1g2

               ╔═════════════════╗
        0x38 8 ║ Q · · · n · · · ║ 63
        0x30 7 ║ · · · · · · · · ║ 55
        0x28 6 ║ · · · · · Q · · ║ 47
        0x20 5 ║ · · · · · · · · ║ 39
        0x18 4 ║ · · Q · · · · n ║ 31
        0x10 3 ║ · · · · · r · · ║ 23
        0x08 2 ║ · · · · Q · Q · ║ 15
        0x00 1 ║ · · · · n · · Q ║ 7
               ╚═════════════════╝
                 A B C D E F G H

        '''
      
        '''
        Qg1h2

               ╔═════════════════╗
        0x38 8 ║ Q · · · n · · · ║ 63
        0x30 7 ║ · · · · · · · · ║ 55
        0x28 6 ║ · · · · · Q · · ║ 47
        0x20 5 ║ · · · · · · · · ║ 39
        0x18 4 ║ · · Q · · · · n ║ 31
        0x10 3 ║ · · · · · r · · ║ 23
        0x08 2 ║ · · · · Q · · Q ║ 15
        0x00 1 ║ · · · · n · · Q ║ 7
               ╚═════════════════╝
                 A B C D E F G H

        '''
      
        '''
        Qg1e3

               ╔═════════════════╗
        0x38 8 ║ Q · · · n · · · ║ 63
        0x30 7 ║ · · · · · · · · ║ 55
        0x28 6 ║ · · · · · Q · · ║ 47
        0x20 5 ║ · · · · · · · · ║ 39
        0x18 4 ║ · · Q · · · · n ║ 31
        0x10 3 ║ · · · · Q r · · ║ 23
        0x08 2 ║ · · · · Q · · · ║ 15
        0x00 1 ║ · · · · n · · Q ║ 7
               ╚═════════════════╝
                 A B C D E F G H

        '''
      
        '''
        Qg1g3

               ╔═════════════════╗
        0x38 8 ║ Q · · · n · · · ║ 63
        0x30 7 ║ · · · · · · · · ║ 55
        0x28 6 ║ · · · · · Q · · ║ 47
        0x20 5 ║ · · · · · · · · ║ 39
        0x18 4 ║ · · Q · · · · n ║ 31
        0x10 3 ║ · · · · · r Q · ║ 23
        0x08 2 ║ · · · · Q · · · ║ 15
        0x00 1 ║ · · · · n · · Q ║ 7
               ╚═════════════════╝
                 A B C D E F G H

        '''
      
        '''
        Qg1d4

               ╔═════════════════╗
        0x38 8 ║ Q · · · n · · · ║ 63
        0x30 7 ║ · · · · · · · · ║ 55
        0x28 6 ║ · · · · · Q · · ║ 47
        0x20 5 ║ · · · · · · · · ║ 39
        0x18 4 ║ · · Q Q · · · n ║ 31
        0x10 3 ║ · · · · · r · · ║ 23
        0x08 2 ║ · · · · Q · · · ║ 15
        0x00 1 ║ · · · · n · · Q ║ 7
               ╚═════════════════╝
                 A B C D E F G H

        '''
      
        '''
        Qg1g4

               ╔═════════════════╗
        0x38 8 ║ Q · · · n · · · ║ 63
        0x30 7 ║ · · · · · · · · ║ 55
        0x28 6 ║ · · · · · Q · · ║ 47
        0x20 5 ║ · · · · · · · · ║ 39
        0x18 4 ║ · · Q · · · Q n ║ 31
        0x10 3 ║ · · · · · r · · ║ 23
        0x08 2 ║ · · · · Q · · · ║ 15
        0x00 1 ║ · · · · n · · Q ║ 7
               ╚═════════════════╝
                 A B C D E F G H

        '''
      
        '''
        Qg1c5

               ╔═════════════════╗
        0x38 8 ║ Q · · · n · · · ║ 63
        0x30 7 ║ · · · · · · · · ║ 55
        0x28 6 ║ · · · · · Q · · ║ 47
        0x20 5 ║ · · Q · · · · · ║ 39
        0x18 4 ║ · · Q · · · · n ║ 31
        0x10 3 ║ · · · · · r · · ║ 23
        0x08 2 ║ · · · · Q · · · ║ 15
        0x00 1 ║ · · · · n · · Q ║ 7
               ╚═════════════════╝
                 A B C D E F G H

        '''
      
        '''
        Qg1g5

               ╔═════════════════╗
        0x38 8 ║ Q · · · n · · · ║ 63
        0x30 7 ║ · · · · · · · · ║ 55
        0x28 6 ║ · · · · · Q · · ║ 47
        0x20 5 ║ · · · · · · Q · ║ 39
        0x18 4 ║ · · Q · · · · n ║ 31
        0x10 3 ║ · · · · · r · · ║ 23
        0x08 2 ║ · · · · Q · · · ║ 15
        0x00 1 ║ · · · · n · · Q ║ 7
               ╚═════════════════╝
                 A B C D E F G H

        '''
      
        '''
        Qg1b6

               ╔═════════════════╗
        0x38 8 ║ Q · · · n · · · ║ 63
        0x30 7 ║ · · · · · · · · ║ 55
        0x28 6 ║ · Q · · · Q · · ║ 47
        0x20 5 ║ · · · · · · · · ║ 39
        0x18 4 ║ · · Q · · · · n ║ 31
        0x10 3 ║ · · · · · r · · ║ 23
        0x08 2 ║ · · · · Q · · · ║ 15
        0x00 1 ║ · · · · n · · Q ║ 7
               ╚═════════════════╝
                 A B C D E F G H

        '''
      
        '''
        Qg1g6

               ╔═════════════════╗
        0x38 8 ║ Q · · · n · · · ║ 63
        0x30 7 ║ · · · · · · · · ║ 55
        0x28 6 ║ · · · · · Q Q · ║ 47
        0x20 5 ║ · · · · · · · · ║ 39
        0x18 4 ║ · · Q · · · · n ║ 31
        0x10 3 ║ · · · · · r · · ║ 23
        0x08 2 ║ · · · · Q · · · ║ 15
        0x00 1 ║ · · · · n · · Q ║ 7
               ╚═════════════════╝
                 A B C D E F G H

        '''
      
        '''
        Qg1a7

               ╔═════════════════╗
        0x38 8 ║ Q · · · n · · · ║ 63
        0x30 7 ║ Q · · · · · · · ║ 55
        0x28 6 ║ · · · · · Q · · ║ 47
        0x20 5 ║ · · · · · · · · ║ 39
        0x18 4 ║ · · Q · · · · n ║ 31
        0x10 3 ║ · · · · · r · · ║ 23
        0x08 2 ║ · · · · Q · · · ║ 15
        0x00 1 ║ · · · · n · · Q ║ 7
               ╚═════════════════╝
                 A B C D E F G H

        '''
      
        '''
        Qg1g7

               ╔═════════════════╗
        0x38 8 ║ Q · · · n · · · ║ 63
        0x30 7 ║ · · · · · · Q · ║ 55
        0x28 6 ║ · · · · · Q · · ║ 47
        0x20 5 ║ · · · · · · · · ║ 39
        0x18 4 ║ · · Q · · · · n ║ 31
        0x10 3 ║ · · · · · r · · ║ 23
        0x08 2 ║ · · · · Q · · · ║ 15
        0x00 1 ║ · · · · n · · Q ║ 7
               ╚═════════════════╝
                 A B C D E F G H

        '''
      
        '''
        Qg1g8

               ╔═════════════════╗
        0x38 8 ║ Q · · · n · Q · ║ 63
        0x30 7 ║ · · · · · · · · ║ 55
        0x28 6 ║ · · · · · Q · · ║ 47
        0x20 5 ║ · · · · · · · · ║ 39
        0x18 4 ║ · · Q · · · · n ║ 31
        0x10 3 ║ · · · · · r · · ║ 23
        0x08 2 ║ · · · · Q · · · ║ 15
        0x00 1 ║ · · · · n · · Q ║ 7
               ╚═════════════════╝
                 A B C D E F G H

        '''
      
        '''
        Qh1g2

               ╔═════════════════╗
        0x38 8 ║ Q · · · n · · · ║ 63
        0x30 7 ║ · · · · · · · · ║ 55
        0x28 6 ║ · · · · · Q · · ║ 47
        0x20 5 ║ · · · · · · · · ║ 39
        0x18 4 ║ · · Q · · · · n ║ 31
        0x10 3 ║ · · · · · r · · ║ 23
        0x08 2 ║ · · · · Q · Q · ║ 15
        0x00 1 ║ · · · · n · Q · ║ 7
               ╚═════════════════╝
                 A B C D E F G H

        '''
      
        '''
        Qh1h2

               ╔═════════════════╗
        0x38 8 ║ Q · · · n · · · ║ 63
        0x30 7 ║ · · · · · · · · ║ 55
        0x28 6 ║ · · · · · Q · · ║ 47
        0x20 5 ║ · · · · · · · · ║ 39
        0x18 4 ║ · · Q · · · · n ║ 31
        0x10 3 ║ · · · · · r · · ║ 23
        0x08 2 ║ · · · · Q · · Q ║ 15
        0x00 1 ║ · · · · n · Q · ║ 7
               ╚═════════════════╝
                 A B C D E F G H

        '''
      
        '''
        Qh1xf3

               ╔═════════════════╗
        0x38 8 ║ Q · · · n · · · ║ 63
        0x30 7 ║ · · · · · · · · ║ 55
        0x28 6 ║ · · · · · Q · · ║ 47
        0x20 5 ║ · · · · · · · · ║ 39
        0x18 4 ║ · · Q · · · · n ║ 31
        0x10 3 ║ · · · · · Q · · ║ 23
        0x08 2 ║ · · · · Q · · · ║ 15
        0x00 1 ║ · · · · n · Q · ║ 7
               ╚═════════════════╝
                 A B C D E F G H

        '''
      
        '''
        Qh1h3

               ╔═════════════════╗
        0x38 8 ║ Q · · · n · · · ║ 63
        0x30 7 ║ · · · · · · · · ║ 55
        0x28 6 ║ · · · · · Q · · ║ 47
        0x20 5 ║ · · · · · · · · ║ 39
        0x18 4 ║ · · Q · · · · n ║ 31
        0x10 3 ║ · · · · · r · Q ║ 23
        0x08 2 ║ · · · · Q · · · ║ 15
        0x00 1 ║ · · · · n · Q · ║ 7
               ╚═════════════════╝
                 A B C D E F G H

        '''
      
        '''
        Qh1xh4

               ╔═════════════════╗
        0x38 8 ║ Q · · · n · · · ║ 63
        0x30 7 ║ · · · · · · · · ║ 55
        0x28 6 ║ · · · · · Q · · ║ 47
        0x20 5 ║ · · · · · · · · ║ 39
        0x18 4 ║ · · Q · · · · Q ║ 31
        0x10 3 ║ · · · · · r · · ║ 23
        0x08 2 ║ · · · · Q · · · ║ 15
        0x00 1 ║ · · · · n · Q · ║ 7
               ╚═════════════════╝
                 A B C D E F G H

        '''
      
        '''
        Qe2d1

               ╔═════════════════╗
        0x38 8 ║ Q · · · n · · · ║ 63
        0x30 7 ║ · · · · · · · · ║ 55
        0x28 6 ║ · · · · · Q · · ║ 47
        0x20 5 ║ · · · · · · · · ║ 39
        0x18 4 ║ · · Q · · · · n ║ 31
        0x10 3 ║ · · · · · r · · ║ 23
        0x08 2 ║ · · · · · · · · ║ 15
        0x00 1 ║ · · · Q n · Q Q ║ 7
               ╚═════════════════╝
                 A B C D E F G H

        '''
      
        '''
        Qe2xe1

               ╔═════════════════╗
        0x38 8 ║ Q · · · n · · · ║ 63
        0x30 7 ║ · · · · · · · · ║ 55
        0x28 6 ║ · · · · · Q · · ║ 47
        0x20 5 ║ · · · · · · · · ║ 39
        0x18 4 ║ · · Q · · · · n ║ 31
        0x10 3 ║ · · · · · r · · ║ 23
        0x08 2 ║ · · · · · · · · ║ 15
        0x00 1 ║ · · · · Q · Q Q ║ 7
               ╚═════════════════╝
                 A B C D E F G H

        '''
      
        '''
        Qe2f1

               ╔═════════════════╗
        0x38 8 ║ Q · · · n · · · ║ 63
        0x30 7 ║ · · · · · · · · ║ 55
        0x28 6 ║ · · · · · Q · · ║ 47
        0x20 5 ║ · · · · · · · · ║ 39
        0x18 4 ║ · · Q · · · · n ║ 31
        0x10 3 ║ · · · · · r · · ║ 23
        0x08 2 ║ · · · · · · · · ║ 15
        0x00 1 ║ · · · · n Q Q Q ║ 7
               ╚═════════════════╝
                 A B C D E F G H

        '''
      
        '''
        Qe2a2

               ╔═════════════════╗
        0x38 8 ║ Q · · · n · · · ║ 63
        0x30 7 ║ · · · · · · · · ║ 55
        0x28 6 ║ · · · · · Q · · ║ 47
        0x20 5 ║ · · · · · · · · ║ 39
        0x18 4 ║ · · Q · · · · n ║ 31
        0x10 3 ║ · · · · · r · · ║ 23
        0x08 2 ║ Q · · · · · · · ║ 15
        0x00 1 ║ · · · · n · Q Q ║ 7
               ╚═════════════════╝
                 A B C D E F G H

        '''
      
        '''
        Qe2b2

               ╔═════════════════╗
        0x38 8 ║ Q · · · n · · · ║ 63
        0x30 7 ║ · · · · · · · · ║ 55
        0x28 6 ║ · · · · · Q · · ║ 47
        0x20 5 ║ · · · · · · · · ║ 39
        0x18 4 ║ · · Q · · · · n ║ 31
        0x10 3 ║ · · · · · r · · ║ 23
        0x08 2 ║ · Q · · · · · · ║ 15
        0x00 1 ║ · · · · n · Q Q ║ 7
               ╚═════════════════╝
                 A B C D E F G H

        '''
      
        '''
        Qe2c2

               ╔═════════════════╗
        0x38 8 ║ Q · · · n · · · ║ 63
        0x30 7 ║ · · · · · · · · ║ 55
        0x28 6 ║ · · · · · Q · · ║ 47
        0x20 5 ║ · · · · · · · · ║ 39
        0x18 4 ║ · · Q · · · · n ║ 31
        0x10 3 ║ · · · · · r · · ║ 23
        0x08 2 ║ · · Q · · · · · ║ 15
        0x00 1 ║ · · · · n · Q Q ║ 7
               ╚═════════════════╝
                 A B C D E F G H

        '''
      
        '''
        Qe2d2

               ╔═════════════════╗
        0x38 8 ║ Q · · · n · · · ║ 63
        0x30 7 ║ · · · · · · · · ║ 55
        0x28 6 ║ · · · · · Q · · ║ 47
        0x20 5 ║ · · · · · · · · ║ 39
        0x18 4 ║ · · Q · · · · n ║ 31
        0x10 3 ║ · · · · · r · · ║ 23
        0x08 2 ║ · · · Q · · · · ║ 15
        0x00 1 ║ · · · · n · Q Q ║ 7
               ╚═════════════════╝
                 A B C D E F G H

        '''
      
        '''
        Qe2f2

               ╔═════════════════╗
        0x38 8 ║ Q · · · n · · · ║ 63
        0x30 7 ║ · · · · · · · · ║ 55
        0x28 6 ║ · · · · · Q · · ║ 47
        0x20 5 ║ · · · · · · · · ║ 39
        0x18 4 ║ · · Q · · · · n ║ 31
        0x10 3 ║ · · · · · r · · ║ 23
        0x08 2 ║ · · · · · Q · · ║ 15
        0x00 1 ║ · · · · n · Q Q ║ 7
               ╚═════════════════╝
                 A B C D E F G H

        '''
      
        '''
        Qe2g2

               ╔═════════════════╗
        0x38 8 ║ Q · · · n · · · ║ 63
        0x30 7 ║ · · · · · · · · ║ 55
        0x28 6 ║ · · · · · Q · · ║ 47
        0x20 5 ║ · · · · · · · · ║ 39
        0x18 4 ║ · · Q · · · · n ║ 31
        0x10 3 ║ · · · · · r · · ║ 23
        0x08 2 ║ · · · · · · Q · ║ 15
        0x00 1 ║ · · · · n · Q Q ║ 7
               ╚═════════════════╝
                 A B C D E F G H

        '''
      
        '''
        Qe2h2

               ╔═════════════════╗
        0x38 8 ║ Q · · · n · · · ║ 63
        0x30 7 ║ · · · · · · · · ║ 55
        0x28 6 ║ · · · · · Q · · ║ 47
        0x20 5 ║ · · · · · · · · ║ 39
        0x18 4 ║ · · Q · · · · n ║ 31
        0x10 3 ║ · · · · · r · · ║ 23
        0x08 2 ║ · · · · · · · Q ║ 15
        0x00 1 ║ · · · · n · Q Q ║ 7
               ╚═════════════════╝
                 A B C D E F G H

        '''
      
        '''
        Qe2d3

               ╔═════════════════╗
        0x38 8 ║ Q · · · n · · · ║ 63
        0x30 7 ║ · · · · · · · · ║ 55
        0x28 6 ║ · · · · · Q · · ║ 47
        0x20 5 ║ · · · · · · · · ║ 39
        0x18 4 ║ · · Q · · · · n ║ 31
        0x10 3 ║ · · · Q · r · · ║ 23
        0x08 2 ║ · · · · · · · · ║ 15
        0x00 1 ║ · · · · n · Q Q ║ 7
               ╚═════════════════╝
                 A B C D E F G H

        '''
      
        '''
        Qe2e3

               ╔═════════════════╗
        0x38 8 ║ Q · · · n · · · ║ 63
        0x30 7 ║ · · · · · · · · ║ 55
        0x28 6 ║ · · · · · Q · · ║ 47
        0x20 5 ║ · · · · · · · · ║ 39
        0x18 4 ║ · · Q · · · · n ║ 31
        0x10 3 ║ · · · · Q r · · ║ 23
        0x08 2 ║ · · · · · · · · ║ 15
        0x00 1 ║ · · · · n · Q Q ║ 7
               ╚═════════════════╝
                 A B C D E F G H

        '''
      
        '''
        Qe2xf3

               ╔═════════════════╗
        0x38 8 ║ Q · · · n · · · ║ 63
        0x30 7 ║ · · · · · · · · ║ 55
        0x28 6 ║ · · · · · Q · · ║ 47
        0x20 5 ║ · · · · · · · · ║ 39
        0x18 4 ║ · · Q · · · · n ║ 31
        0x10 3 ║ · · · · · Q · · ║ 23
        0x08 2 ║ · · · · · · · · ║ 15
        0x00 1 ║ · · · · n · Q Q ║ 7
               ╚═════════════════╝
                 A B C D E F G H

        '''
      
        '''
        Qe2e4

               ╔═════════════════╗
        0x38 8 ║ Q · · · n · · · ║ 63
        0x30 7 ║ · · · · · · · · ║ 55
        0x28 6 ║ · · · · · Q · · ║ 47
        0x20 5 ║ · · · · · · · · ║ 39
        0x18 4 ║ · · Q · Q · · n ║ 31
        0x10 3 ║ · · · · · r · · ║ 23
        0x08 2 ║ · · · · · · · · ║ 15
        0x00 1 ║ · · · · n · Q Q ║ 7
               ╚═════════════════╝
                 A B C D E F G H

        '''
      
        '''
        Qe2e5

               ╔═════════════════╗
        0x38 8 ║ Q · · · n · · · ║ 63
        0x30 7 ║ · · · · · · · · ║ 55
        0x28 6 ║ · · · · · Q · · ║ 47
        0x20 5 ║ · · · · Q · · · ║ 39
        0x18 4 ║ · · Q · · · · n ║ 31
        0x10 3 ║ · · · · · r · · ║ 23
        0x08 2 ║ · · · · · · · · ║ 15
        0x00 1 ║ · · · · n · Q Q ║ 7
               ╚═════════════════╝
                 A B C D E F G H

        '''
      
        '''
        Qe2e6

               ╔═════════════════╗
        0x38 8 ║ Q · · · n · · · ║ 63
        0x30 7 ║ · · · · · · · · ║ 55
        0x28 6 ║ · · · · Q Q · · ║ 47
        0x20 5 ║ · · · · · · · · ║ 39
        0x18 4 ║ · · Q · · · · n ║ 31
        0x10 3 ║ · · · · · r · · ║ 23
        0x08 2 ║ · · · · · · · · ║ 15
        0x00 1 ║ · · · · n · Q Q ║ 7
               ╚═════════════════╝
                 A B C D E F G H

        '''
      
        '''
        Qe2e7

               ╔═════════════════╗
        0x38 8 ║ Q · · · n · · · ║ 63
        0x30 7 ║ · · · · Q · · · ║ 55
        0x28 6 ║ · · · · · Q · · ║ 47
        0x20 5 ║ · · · · · · · · ║ 39
        0x18 4 ║ · · Q · · · · n ║ 31
        0x10 3 ║ · · · · · r · · ║ 23
        0x08 2 ║ · · · · · · · · ║ 15
        0x00 1 ║ · · · · n · Q Q ║ 7
               ╚═════════════════╝
                 A B C D E F G H

        '''
      
        '''
        Qe2xe8

               ╔═════════════════╗
        0x38 8 ║ Q · · · Q · · · ║ 63
        0x30 7 ║ · · · · · · · · ║ 55
        0x28 6 ║ · · · · · Q · · ║ 47
        0x20 5 ║ · · · · · · · · ║ 39
        0x18 4 ║ · · Q · · · · n ║ 31
        0x10 3 ║ · · · · · r · · ║ 23
        0x08 2 ║ · · · · · · · · ║ 15
        0x00 1 ║ · · · · n · Q Q ║ 7
               ╚═════════════════╝
                 A B C D E F G H

        '''
      
        '''
        Qc4c1

               ╔═════════════════╗
        0x38 8 ║ Q · · · n · · · ║ 63
        0x30 7 ║ · · · · · · · · ║ 55
        0x28 6 ║ · · · · · Q · · ║ 47
        0x20 5 ║ · · · · · · · · ║ 39
        0x18 4 ║ · · · · · · · n ║ 31
        0x10 3 ║ · · · · · r · · ║ 23
        0x08 2 ║ · · · · Q · · · ║ 15
        0x00 1 ║ · · Q · n · Q Q ║ 7
               ╚═════════════════╝
                 A B C D E F G H

        '''
      
        '''
        Qc4a2

               ╔═════════════════╗
        0x38 8 ║ Q · · · n · · · ║ 63
        0x30 7 ║ · · · · · · · · ║ 55
        0x28 6 ║ · · · · · Q · · ║ 47
        0x20 5 ║ · · · · · · · · ║ 39
        0x18 4 ║ · · · · · · · n ║ 31
        0x10 3 ║ · · · · · r · · ║ 23
        0x08 2 ║ Q · · · Q · · · ║ 15
        0x00 1 ║ · · · · n · Q Q ║ 7
               ╚═════════════════╝
                 A B C D E F G H

        '''
      
        '''
        Qc4c2

               ╔═════════════════╗
        0x38 8 ║ Q · · · n · · · ║ 63
        0x30 7 ║ · · · · · · · · ║ 55
        0x28 6 ║ · · · · · Q · · ║ 47
        0x20 5 ║ · · · · · · · · ║ 39
        0x18 4 ║ · · · · · · · n ║ 31
        0x10 3 ║ · · · · · r · · ║ 23
        0x08 2 ║ · · Q · Q · · · ║ 15
        0x00 1 ║ · · · · n · Q Q ║ 7
               ╚═════════════════╝
                 A B C D E F G H

        '''
      
        '''
        Qc4b3

               ╔═════════════════╗
        0x38 8 ║ Q · · · n · · · ║ 63
        0x30 7 ║ · · · · · · · · ║ 55
        0x28 6 ║ · · · · · Q · · ║ 47
        0x20 5 ║ · · · · · · · · ║ 39
        0x18 4 ║ · · · · · · · n ║ 31
        0x10 3 ║ · Q · · · r · · ║ 23
        0x08 2 ║ · · · · Q · · · ║ 15
        0x00 1 ║ · · · · n · Q Q ║ 7
               ╚═════════════════╝
                 A B C D E F G H

        '''
      
        '''
        Qc4c3

               ╔═════════════════╗
        0x38 8 ║ Q · · · n · · · ║ 63
        0x30 7 ║ · · · · · · · · ║ 55
        0x28 6 ║ · · · · · Q · · ║ 47
        0x20 5 ║ · · · · · · · · ║ 39
        0x18 4 ║ · · · · · · · n ║ 31
        0x10 3 ║ · · Q · · r · · ║ 23
        0x08 2 ║ · · · · Q · · · ║ 15
        0x00 1 ║ · · · · n · Q Q ║ 7
               ╚═════════════════╝
                 A B C D E F G H

        '''
      
        '''
        Qc4d3

               ╔═════════════════╗
        0x38 8 ║ Q · · · n · · · ║ 63
        0x30 7 ║ · · · · · · · · ║ 55
        0x28 6 ║ · · · · · Q · · ║ 47
        0x20 5 ║ · · · · · · · · ║ 39
        0x18 4 ║ · · · · · · · n ║ 31
        0x10 3 ║ · · · Q · r · · ║ 23
        0x08 2 ║ · · · · Q · · · ║ 15
        0x00 1 ║ · · · · n · Q Q ║ 7
               ╚═════════════════╝
                 A B C D E F G H

        '''
      
        '''
        Qc4a4

               ╔═════════════════╗
        0x38 8 ║ Q · · · n · · · ║ 63
        0x30 7 ║ · · · · · · · · ║ 55
        0x28 6 ║ · · · · · Q · · ║ 47
        0x20 5 ║ · · · · · · · · ║ 39
        0x18 4 ║ Q · · · · · · n ║ 31
        0x10 3 ║ · · · · · r · · ║ 23
        0x08 2 ║ · · · · Q · · · ║ 15
        0x00 1 ║ · · · · n · Q Q ║ 7
               ╚═════════════════╝
                 A B C D E F G H

        '''
      
        '''
        Qc4b4

               ╔═════════════════╗
        0x38 8 ║ Q · · · n · · · ║ 63
        0x30 7 ║ · · · · · · · · ║ 55
        0x28 6 ║ · · · · · Q · · ║ 47
        0x20 5 ║ · · · · · · · · ║ 39
        0x18 4 ║ · Q · · · · · n ║ 31
        0x10 3 ║ · · · · · r · · ║ 23
        0x08 2 ║ · · · · Q · · · ║ 15
        0x00 1 ║ · · · · n · Q Q ║ 7
               ╚═════════════════╝
                 A B C D E F G H

        '''
      
        '''
        Qc4d4

               ╔═════════════════╗
        0x38 8 ║ Q · · · n · · · ║ 63
        0x30 7 ║ · · · · · · · · ║ 55
        0x28 6 ║ · · · · · Q · · ║ 47
        0x20 5 ║ · · · · · · · · ║ 39
        0x18 4 ║ · · · Q · · · n ║ 31
        0x10 3 ║ · · · · · r · · ║ 23
        0x08 2 ║ · · · · Q · · · ║ 15
        0x00 1 ║ · · · · n · Q Q ║ 7
               ╚═════════════════╝
                 A B C D E F G H

        '''
      
        '''
        Qc4e4

               ╔═════════════════╗
        0x38 8 ║ Q · · · n · · · ║ 63
        0x30 7 ║ · · · · · · · · ║ 55
        0x28 6 ║ · · · · · Q · · ║ 47
        0x20 5 ║ · · · · · · · · ║ 39
        0x18 4 ║ · · · · Q · · n ║ 31
        0x10 3 ║ · · · · · r · · ║ 23
        0x08 2 ║ · · · · Q · · · ║ 15
        0x00 1 ║ · · · · n · Q Q ║ 7
               ╚═════════════════╝
                 A B C D E F G H

        '''
      
        '''
        Qc4f4

               ╔═════════════════╗
        0x38 8 ║ Q · · · n · · · ║ 63
        0x30 7 ║ · · · · · · · · ║ 55
        0x28 6 ║ · · · · · Q · · ║ 47
        0x20 5 ║ · · · · · · · · ║ 39
        0x18 4 ║ · · · · · Q · n ║ 31
        0x10 3 ║ · · · · · r · · ║ 23
        0x08 2 ║ · · · · Q · · · ║ 15
        0x00 1 ║ · · · · n · Q Q ║ 7
               ╚═════════════════╝
                 A B C D E F G H

        '''
      
        '''
        Qc4g4

               ╔═════════════════╗
        0x38 8 ║ Q · · · n · · · ║ 63
        0x30 7 ║ · · · · · · · · ║ 55
        0x28 6 ║ · · · · · Q · · ║ 47
        0x20 5 ║ · · · · · · · · ║ 39
        0x18 4 ║ · · · · · · Q n ║ 31
        0x10 3 ║ · · · · · r · · ║ 23
        0x08 2 ║ · · · · Q · · · ║ 15
        0x00 1 ║ · · · · n · Q Q ║ 7
               ╚═════════════════╝
                 A B C D E F G H

        '''
      
        '''
        Qc4xh4

               ╔═════════════════╗
        0x38 8 ║ Q · · · n · · · ║ 63
        0x30 7 ║ · · · · · · · · ║ 55
        0x28 6 ║ · · · · · Q · · ║ 47
        0x20 5 ║ · · · · · · · · ║ 39
        0x18 4 ║ · · · · · · · Q ║ 31
        0x10 3 ║ · · · · · r · · ║ 23
        0x08 2 ║ · · · · Q · · · ║ 15
        0x00 1 ║ · · · · n · Q Q ║ 7
               ╚═════════════════╝
                 A B C D E F G H

        '''
      
        '''
        Qc4b5

               ╔═════════════════╗
        0x38 8 ║ Q · · · n · · · ║ 63
        0x30 7 ║ · · · · · · · · ║ 55
        0x28 6 ║ · · · · · Q · · ║ 47
        0x20 5 ║ · Q · · · · · · ║ 39
        0x18 4 ║ · · · · · · · n ║ 31
        0x10 3 ║ · · · · · r · · ║ 23
        0x08 2 ║ · · · · Q · · · ║ 15
        0x00 1 ║ · · · · n · Q Q ║ 7
               ╚═════════════════╝
                 A B C D E F G H

        '''
      
        '''
        Qc4c5

               ╔═════════════════╗
        0x38 8 ║ Q · · · n · · · ║ 63
        0x30 7 ║ · · · · · · · · ║ 55
        0x28 6 ║ · · · · · Q · · ║ 47
        0x20 5 ║ · · Q · · · · · ║ 39
        0x18 4 ║ · · · · · · · n ║ 31
        0x10 3 ║ · · · · · r · · ║ 23
        0x08 2 ║ · · · · Q · · · ║ 15
        0x00 1 ║ · · · · n · Q Q ║ 7
               ╚═════════════════╝
                 A B C D E F G H

        '''
      
        '''
        Qc4d5

               ╔═════════════════╗
        0x38 8 ║ Q · · · n · · · ║ 63
        0x30 7 ║ · · · · · · · · ║ 55
        0x28 6 ║ · · · · · Q · · ║ 47
        0x20 5 ║ · · · Q · · · · ║ 39
        0x18 4 ║ · · · · · · · n ║ 31
        0x10 3 ║ · · · · · r · · ║ 23
        0x08 2 ║ · · · · Q · · · ║ 15
        0x00 1 ║ · · · · n · Q Q ║ 7
               ╚═════════════════╝
                 A B C D E F G H

        '''
      
        '''
        Qc4a6

               ╔═════════════════╗
        0x38 8 ║ Q · · · n · · · ║ 63
        0x30 7 ║ · · · · · · · · ║ 55
        0x28 6 ║ Q · · · · Q · · ║ 47
        0x20 5 ║ · · · · · · · · ║ 39
        0x18 4 ║ · · · · · · · n ║ 31
        0x10 3 ║ · · · · · r · · ║ 23
        0x08 2 ║ · · · · Q · · · ║ 15
        0x00 1 ║ · · · · n · Q Q ║ 7
               ╚═════════════════╝
                 A B C D E F G H

        '''
      
        '''
        Qc4c6

               ╔═════════════════╗
        0x38 8 ║ Q · · · n · · · ║ 63
        0x30 7 ║ · · · · · · · · ║ 55
        0x28 6 ║ · · Q · · Q · · ║ 47
        0x20 5 ║ · · · · · · · · ║ 39
        0x18 4 ║ · · · · · · · n ║ 31
        0x10 3 ║ · · · · · r · · ║ 23
        0x08 2 ║ · · · · Q · · · ║ 15
        0x00 1 ║ · · · · n · Q Q ║ 7
               ╚═════════════════╝
                 A B C D E F G H

        '''
      
        '''
        Qc4e6

               ╔═════════════════╗
        0x38 8 ║ Q · · · n · · · ║ 63
        0x30 7 ║ · · · · · · · · ║ 55
        0x28 6 ║ · · · · Q Q · · ║ 47
        0x20 5 ║ · · · · · · · · ║ 39
        0x18 4 ║ · · · · · · · n ║ 31
        0x10 3 ║ · · · · · r · · ║ 23
        0x08 2 ║ · · · · Q · · · ║ 15
        0x00 1 ║ · · · · n · Q Q ║ 7
               ╚═════════════════╝
                 A B C D E F G H

        '''
      
        '''
        Qc4c7

               ╔═════════════════╗
        0x38 8 ║ Q · · · n · · · ║ 63
        0x30 7 ║ · · Q · · · · · ║ 55
        0x28 6 ║ · · · · · Q · · ║ 47
        0x20 5 ║ · · · · · · · · ║ 39
        0x18 4 ║ · · · · · · · n ║ 31
        0x10 3 ║ · · · · · r · · ║ 23
        0x08 2 ║ · · · · Q · · · ║ 15
        0x00 1 ║ · · · · n · Q Q ║ 7
               ╚═════════════════╝
                 A B C D E F G H

        '''
      
        '''
        Qc4f7

               ╔═════════════════╗
        0x38 8 ║ Q · · · n · · · ║ 63
        0x30 7 ║ · · · · · Q · · ║ 55
        0x28 6 ║ · · · · · Q · · ║ 47
        0x20 5 ║ · · · · · · · · ║ 39
        0x18 4 ║ · · · · · · · n ║ 31
        0x10 3 ║ · · · · · r · · ║ 23
        0x08 2 ║ · · · · Q · · · ║ 15
        0x00 1 ║ · · · · n · Q Q ║ 7
               ╚═════════════════╝
                 A B C D E F G H

        '''
      
        '''
        Qc4c8

               ╔═════════════════╗
        0x38 8 ║ Q · Q · n · · · ║ 63
        0x30 7 ║ · · · · · · · · ║ 55
        0x28 6 ║ · · · · · Q · · ║ 47
        0x20 5 ║ · · · · · · · · ║ 39
        0x18 4 ║ · · · · · · · n ║ 31
        0x10 3 ║ · · · · · r · · ║ 23
        0x08 2 ║ · · · · Q · · · ║ 15
        0x00 1 ║ · · · · n · Q Q ║ 7
               ╚═════════════════╝
                 A B C D E F G H

        '''
      
        '''
        Qc4g8

               ╔═════════════════╗
        0x38 8 ║ Q · · · n · Q · ║ 63
        0x30 7 ║ · · · · · · · · ║ 55
        0x28 6 ║ · · · · · Q · · ║ 47
        0x20 5 ║ · · · · · · · · ║ 39
        0x18 4 ║ · · · · · · · n ║ 31
        0x10 3 ║ · · · · · r · · ║ 23
        0x08 2 ║ · · · · Q · · · ║ 15
        0x00 1 ║ · · · · n · Q Q ║ 7
               ╚═════════════════╝
                 A B C D E F G H

        '''
      
        '''
        Qf6a1

               ╔═════════════════╗
        0x38 8 ║ Q · · · n · · · ║ 63
        0x30 7 ║ · · · · · · · · ║ 55
        0x28 6 ║ · · · · · · · · ║ 47
        0x20 5 ║ · · · · · · · · ║ 39
        0x18 4 ║ · · Q · · · · n ║ 31
        0x10 3 ║ · · · · · r · · ║ 23
        0x08 2 ║ · · · · Q · · · ║ 15
        0x00 1 ║ Q · · · n · Q Q ║ 7
               ╚═════════════════╝
                 A B C D E F G H

        '''
      
        '''
        Qf6b2

               ╔═════════════════╗
        0x38 8 ║ Q · · · n · · · ║ 63
        0x30 7 ║ · · · · · · · · ║ 55
        0x28 6 ║ · · · · · · · · ║ 47
        0x20 5 ║ · · · · · · · · ║ 39
        0x18 4 ║ · · Q · · · · n ║ 31
        0x10 3 ║ · · · · · r · · ║ 23
        0x08 2 ║ · Q · · Q · · · ║ 15
        0x00 1 ║ · · · · n · Q Q ║ 7
               ╚═════════════════╝
                 A B C D E F G H

        '''
      
        '''
        Qf6c3

               ╔═════════════════╗
        0x38 8 ║ Q · · · n · · · ║ 63
        0x30 7 ║ · · · · · · · · ║ 55
        0x28 6 ║ · · · · · · · · ║ 47
        0x20 5 ║ · · · · · · · · ║ 39
        0x18 4 ║ · · Q · · · · n ║ 31
        0x10 3 ║ · · Q · · r · · ║ 23
        0x08 2 ║ · · · · Q · · · ║ 15
        0x00 1 ║ · · · · n · Q Q ║ 7
               ╚═════════════════╝
                 A B C D E F G H

        '''
      
        '''
        Qf6xf3

               ╔═════════════════╗
        0x38 8 ║ Q · · · n · · · ║ 63
        0x30 7 ║ · · · · · · · · ║ 55
        0x28 6 ║ · · · · · · · · ║ 47
        0x20 5 ║ · · · · · · · · ║ 39
        0x18 4 ║ · · Q · · · · n ║ 31
        0x10 3 ║ · · · · · Q · · ║ 23
        0x08 2 ║ · · · · Q · · · ║ 15
        0x00 1 ║ · · · · n · Q Q ║ 7
               ╚═════════════════╝
                 A B C D E F G H

        '''
      
        '''
        Qf6d4

               ╔═════════════════╗
        0x38 8 ║ Q · · · n · · · ║ 63
        0x30 7 ║ · · · · · · · · ║ 55
        0x28 6 ║ · · · · · · · · ║ 47
        0x20 5 ║ · · · · · · · · ║ 39
        0x18 4 ║ · · Q Q · · · n ║ 31
        0x10 3 ║ · · · · · r · · ║ 23
        0x08 2 ║ · · · · Q · · · ║ 15
        0x00 1 ║ · · · · n · Q Q ║ 7
               ╚═════════════════╝
                 A B C D E F G H

        '''
      
        '''
        Qf6f4

               ╔═════════════════╗
        0x38 8 ║ Q · · · n · · · ║ 63
        0x30 7 ║ · · · · · · · · ║ 55
        0x28 6 ║ · · · · · · · · ║ 47
        0x20 5 ║ · · · · · · · · ║ 39
        0x18 4 ║ · · Q · · Q · n ║ 31
        0x10 3 ║ · · · · · r · · ║ 23
        0x08 2 ║ · · · · Q · · · ║ 15
        0x00 1 ║ · · · · n · Q Q ║ 7
               ╚═════════════════╝
                 A B C D E F G H

        '''
      
        '''
        Qf6xh4

               ╔═════════════════╗
        0x38 8 ║ Q · · · n · · · ║ 63
        0x30 7 ║ · · · · · · · · ║ 55
        0x28 6 ║ · · · · · · · · ║ 47
        0x20 5 ║ · · · · · · · · ║ 39
        0x18 4 ║ · · Q · · · · Q ║ 31
        0x10 3 ║ · · · · · r · · ║ 23
        0x08 2 ║ · · · · Q · · · ║ 15
        0x00 1 ║ · · · · n · Q Q ║ 7
               ╚═════════════════╝
                 A B C D E F G H

        '''
      
        '''
        Qf6e5

               ╔═════════════════╗
        0x38 8 ║ Q · · · n · · · ║ 63
        0x30 7 ║ · · · · · · · · ║ 55
        0x28 6 ║ · · · · · · · · ║ 47
        0x20 5 ║ · · · · Q · · · ║ 39
        0x18 4 ║ · · Q · · · · n ║ 31
        0x10 3 ║ · · · · · r · · ║ 23
        0x08 2 ║ · · · · Q · · · ║ 15
        0x00 1 ║ · · · · n · Q Q ║ 7
               ╚═════════════════╝
                 A B C D E F G H

        '''
      
        '''
        Qf6f5

               ╔═════════════════╗
        0x38 8 ║ Q · · · n · · · ║ 63
        0x30 7 ║ · · · · · · · · ║ 55
        0x28 6 ║ · · · · · · · · ║ 47
        0x20 5 ║ · · · · · Q · · ║ 39
        0x18 4 ║ · · Q · · · · n ║ 31
        0x10 3 ║ · · · · · r · · ║ 23
        0x08 2 ║ · · · · Q · · · ║ 15
        0x00 1 ║ · · · · n · Q Q ║ 7
               ╚═════════════════╝
                 A B C D E F G H

        '''
      
        '''
        Qf6g5

               ╔═════════════════╗
        0x38 8 ║ Q · · · n · · · ║ 63
        0x30 7 ║ · · · · · · · · ║ 55
        0x28 6 ║ · · · · · · · · ║ 47
        0x20 5 ║ · · · · · · Q · ║ 39
        0x18 4 ║ · · Q · · · · n ║ 31
        0x10 3 ║ · · · · · r · · ║ 23
        0x08 2 ║ · · · · Q · · · ║ 15
        0x00 1 ║ · · · · n · Q Q ║ 7
               ╚═════════════════╝
                 A B C D E F G H

        '''
      
        '''
        Qf6a6

               ╔═════════════════╗
        0x38 8 ║ Q · · · n · · · ║ 63
        0x30 7 ║ · · · · · · · · ║ 55
        0x28 6 ║ Q · · · · · · · ║ 47
        0x20 5 ║ · · · · · · · · ║ 39
        0x18 4 ║ · · Q · · · · n ║ 31
        0x10 3 ║ · · · · · r · · ║ 23
        0x08 2 ║ · · · · Q · · · ║ 15
        0x00 1 ║ · · · · n · Q Q ║ 7
               ╚═════════════════╝
                 A B C D E F G H

        '''
      
        '''
        Qf6b6

               ╔═════════════════╗
        0x38 8 ║ Q · · · n · · · ║ 63
        0x30 7 ║ · · · · · · · · ║ 55
        0x28 6 ║ · Q · · · · · · ║ 47
        0x20 5 ║ · · · · · · · · ║ 39
        0x18 4 ║ · · Q · · · · n ║ 31
        0x10 3 ║ · · · · · r · · ║ 23
        0x08 2 ║ · · · · Q · · · ║ 15
        0x00 1 ║ · · · · n · Q Q ║ 7
               ╚═════════════════╝
                 A B C D E F G H

        '''
      
        '''
        Qf6c6

               ╔═════════════════╗
        0x38 8 ║ Q · · · n · · · ║ 63
        0x30 7 ║ · · · · · · · · ║ 55
        0x28 6 ║ · · Q · · · · · ║ 47
        0x20 5 ║ · · · · · · · · ║ 39
        0x18 4 ║ · · Q · · · · n ║ 31
        0x10 3 ║ · · · · · r · · ║ 23
        0x08 2 ║ · · · · Q · · · ║ 15
        0x00 1 ║ · · · · n · Q Q ║ 7
               ╚═════════════════╝
                 A B C D E F G H

        '''
      
        '''
        Qf6d6

               ╔═════════════════╗
        0x38 8 ║ Q · · · n · · · ║ 63
        0x30 7 ║ · · · · · · · · ║ 55
        0x28 6 ║ · · · Q · · · · ║ 47
        0x20 5 ║ · · · · · · · · ║ 39
        0x18 4 ║ · · Q · · · · n ║ 31
        0x10 3 ║ · · · · · r · · ║ 23
        0x08 2 ║ · · · · Q · · · ║ 15
        0x00 1 ║ · · · · n · Q Q ║ 7
               ╚═════════════════╝
                 A B C D E F G H

        '''
      
        '''
        Qf6e6

               ╔═════════════════╗
        0x38 8 ║ Q · · · n · · · ║ 63
        0x30 7 ║ · · · · · · · · ║ 55
        0x28 6 ║ · · · · Q · · · ║ 47
        0x20 5 ║ · · · · · · · · ║ 39
        0x18 4 ║ · · Q · · · · n ║ 31
        0x10 3 ║ · · · · · r · · ║ 23
        0x08 2 ║ · · · · Q · · · ║ 15
        0x00 1 ║ · · · · n · Q Q ║ 7
               ╚═════════════════╝
                 A B C D E F G H

        '''
      
        '''
        Qf6g6

               ╔═════════════════╗
        0x38 8 ║ Q · · · n · · · ║ 63
        0x30 7 ║ · · · · · · · · ║ 55
        0x28 6 ║ · · · · · · Q · ║ 47
        0x20 5 ║ · · · · · · · · ║ 39
        0x18 4 ║ · · Q · · · · n ║ 31
        0x10 3 ║ · · · · · r · · ║ 23
        0x08 2 ║ · · · · Q · · · ║ 15
        0x00 1 ║ · · · · n · Q Q ║ 7
               ╚═════════════════╝
                 A B C D E F G H

        '''
      
        '''
        Qf6h6

               ╔═════════════════╗
        0x38 8 ║ Q · · · n · · · ║ 63
        0x30 7 ║ · · · · · · · · ║ 55
        0x28 6 ║ · · · · · · · Q ║ 47
        0x20 5 ║ · · · · · · · · ║ 39
        0x18 4 ║ · · Q · · · · n ║ 31
        0x10 3 ║ · · · · · r · · ║ 23
        0x08 2 ║ · · · · Q · · · ║ 15
        0x00 1 ║ · · · · n · Q Q ║ 7
               ╚═════════════════╝
                 A B C D E F G H

        '''
      
        '''
        Qf6e7

               ╔═════════════════╗
        0x38 8 ║ Q · · · n · · · ║ 63
        0x30 7 ║ · · · · Q · · · ║ 55
        0x28 6 ║ · · · · · · · · ║ 47
        0x20 5 ║ · · · · · · · · ║ 39
        0x18 4 ║ · · Q · · · · n ║ 31
        0x10 3 ║ · · · · · r · · ║ 23
        0x08 2 ║ · · · · Q · · · ║ 15
        0x00 1 ║ · · · · n · Q Q ║ 7
               ╚═════════════════╝
                 A B C D E F G H

        '''
      
        '''
        Qf6f7

               ╔═════════════════╗
        0x38 8 ║ Q · · · n · · · ║ 63
        0x30 7 ║ · · · · · Q · · ║ 55
        0x28 6 ║ · · · · · · · · ║ 47
        0x20 5 ║ · · · · · · · · ║ 39
        0x18 4 ║ · · Q · · · · n ║ 31
        0x10 3 ║ · · · · · r · · ║ 23
        0x08 2 ║ · · · · Q · · · ║ 15
        0x00 1 ║ · · · · n · Q Q ║ 7
               ╚═════════════════╝
                 A B C D E F G H

        '''
      
        '''
        Qf6g7

               ╔═════════════════╗
        0x38 8 ║ Q · · · n · · · ║ 63
        0x30 7 ║ · · · · · · Q · ║ 55
        0x28 6 ║ · · · · · · · · ║ 47
        0x20 5 ║ · · · · · · · · ║ 39
        0x18 4 ║ · · Q · · · · n ║ 31
        0x10 3 ║ · · · · · r · · ║ 23
        0x08 2 ║ · · · · Q · · · ║ 15
        0x00 1 ║ · · · · n · Q Q ║ 7
               ╚═════════════════╝
                 A B C D E F G H

        '''
      
        '''
        Qf6d8

               ╔═════════════════╗
        0x38 8 ║ Q · · Q n · · · ║ 63
        0x30 7 ║ · · · · · · · · ║ 55
        0x28 6 ║ · · · · · · · · ║ 47
        0x20 5 ║ · · · · · · · · ║ 39
        0x18 4 ║ · · Q · · · · n ║ 31
        0x10 3 ║ · · · · · r · · ║ 23
        0x08 2 ║ · · · · Q · · · ║ 15
        0x00 1 ║ · · · · n · Q Q ║ 7
               ╚═════════════════╝
                 A B C D E F G H

        '''
      
        '''
        Qf6f8

               ╔═════════════════╗
        0x38 8 ║ Q · · · n Q · · ║ 63
        0x30 7 ║ · · · · · · · · ║ 55
        0x28 6 ║ · · · · · · · · ║ 47
        0x20 5 ║ · · · · · · · · ║ 39
        0x18 4 ║ · · Q · · · · n ║ 31
        0x10 3 ║ · · · · · r · · ║ 23
        0x08 2 ║ · · · · Q · · · ║ 15
        0x00 1 ║ · · · · n · Q Q ║ 7
               ╚═════════════════╝
                 A B C D E F G H

        '''
      
        '''
        Qf6h8

               ╔═════════════════╗
        0x38 8 ║ Q · · · n · · Q ║ 63
        0x30 7 ║ · · · · · · · · ║ 55
        0x28 6 ║ · · · · · · · · ║ 47
        0x20 5 ║ · · · · · · · · ║ 39
        0x18 4 ║ · · Q · · · · n ║ 31
        0x10 3 ║ · · · · · r · · ║ 23
        0x08 2 ║ · · · · Q · · · ║ 15
        0x00 1 ║ · · · · n · Q Q ║ 7
               ╚═════════════════╝
                 A B C D E F G H

        '''
      
        '''
        Qa8a1

               ╔═════════════════╗
        0x38 8 ║ · · · · n · · · ║ 63
        0x30 7 ║ · · · · · · · · ║ 55
        0x28 6 ║ · · · · · Q · · ║ 47
        0x20 5 ║ · · · · · · · · ║ 39
        0x18 4 ║ · · Q · · · · n ║ 31
        0x10 3 ║ · · · · · r · · ║ 23
        0x08 2 ║ · · · · Q · · · ║ 15
        0x00 1 ║ Q · · · n · Q Q ║ 7
               ╚═════════════════╝
                 A B C D E F G H

        '''
      
        '''
        Qa8a2

               ╔═════════════════╗
        0x38 8 ║ · · · · n · · · ║ 63
        0x30 7 ║ · · · · · · · · ║ 55
        0x28 6 ║ · · · · · Q · · ║ 47
        0x20 5 ║ · · · · · · · · ║ 39
        0x18 4 ║ · · Q · · · · n ║ 31
        0x10 3 ║ · · · · · r · · ║ 23
        0x08 2 ║ Q · · · Q · · · ║ 15
        0x00 1 ║ · · · · n · Q Q ║ 7
               ╚═════════════════╝
                 A B C D E F G H

        '''
      
        '''
        Qa8a3

               ╔═════════════════╗
        0x38 8 ║ · · · · n · · · ║ 63
        0x30 7 ║ · · · · · · · · ║ 55
        0x28 6 ║ · · · · · Q · · ║ 47
        0x20 5 ║ · · · · · · · · ║ 39
        0x18 4 ║ · · Q · · · · n ║ 31
        0x10 3 ║ Q · · · · r · · ║ 23
        0x08 2 ║ · · · · Q · · · ║ 15
        0x00 1 ║ · · · · n · Q Q ║ 7
               ╚═════════════════╝
                 A B C D E F G H

        '''
      
        '''
        Qa8xf3

               ╔═════════════════╗
        0x38 8 ║ · · · · n · · · ║ 63
        0x30 7 ║ · · · · · · · · ║ 55
        0x28 6 ║ · · · · · Q · · ║ 47
        0x20 5 ║ · · · · · · · · ║ 39
        0x18 4 ║ · · Q · · · · n ║ 31
        0x10 3 ║ · · · · · Q · · ║ 23
        0x08 2 ║ · · · · Q · · · ║ 15
        0x00 1 ║ · · · · n · Q Q ║ 7
               ╚═════════════════╝
                 A B C D E F G H

        '''
      
        '''
        Qa8a4

               ╔═════════════════╗
        0x38 8 ║ · · · · n · · · ║ 63
        0x30 7 ║ · · · · · · · · ║ 55
        0x28 6 ║ · · · · · Q · · ║ 47
        0x20 5 ║ · · · · · · · · ║ 39
        0x18 4 ║ Q · Q · · · · n ║ 31
        0x10 3 ║ · · · · · r · · ║ 23
        0x08 2 ║ · · · · Q · · · ║ 15
        0x00 1 ║ · · · · n · Q Q ║ 7
               ╚═════════════════╝
                 A B C D E F G H

        '''
      
        '''
        Qa8e4

               ╔═════════════════╗
        0x38 8 ║ · · · · n · · · ║ 63
        0x30 7 ║ · · · · · · · · ║ 55
        0x28 6 ║ · · · · · Q · · ║ 47
        0x20 5 ║ · · · · · · · · ║ 39
        0x18 4 ║ · · Q · Q · · n ║ 31
        0x10 3 ║ · · · · · r · · ║ 23
        0x08 2 ║ · · · · Q · · · ║ 15
        0x00 1 ║ · · · · n · Q Q ║ 7
               ╚═════════════════╝
                 A B C D E F G H

        '''
      
        '''
        Qa8a5

               ╔═════════════════╗
        0x38 8 ║ · · · · n · · · ║ 63
        0x30 7 ║ · · · · · · · · ║ 55
        0x28 6 ║ · · · · · Q · · ║ 47
        0x20 5 ║ Q · · · · · · · ║ 39
        0x18 4 ║ · · Q · · · · n ║ 31
        0x10 3 ║ · · · · · r · · ║ 23
        0x08 2 ║ · · · · Q · · · ║ 15
        0x00 1 ║ · · · · n · Q Q ║ 7
               ╚═════════════════╝
                 A B C D E F G H

        '''
      
        '''
        Qa8d5

               ╔═════════════════╗
        0x38 8 ║ · · · · n · · · ║ 63
        0x30 7 ║ · · · · · · · · ║ 55
        0x28 6 ║ · · · · · Q · · ║ 47
        0x20 5 ║ · · · Q · · · · ║ 39
        0x18 4 ║ · · Q · · · · n ║ 31
        0x10 3 ║ · · · · · r · · ║ 23
        0x08 2 ║ · · · · Q · · · ║ 15
        0x00 1 ║ · · · · n · Q Q ║ 7
               ╚═════════════════╝
                 A B C D E F G H

        '''
      
        '''
        Qa8a6

               ╔═════════════════╗
        0x38 8 ║ · · · · n · · · ║ 63
        0x30 7 ║ · · · · · · · · ║ 55
        0x28 6 ║ Q · · · · Q · · ║ 47
        0x20 5 ║ · · · · · · · · ║ 39
        0x18 4 ║ · · Q · · · · n ║ 31
        0x10 3 ║ · · · · · r · · ║ 23
        0x08 2 ║ · · · · Q · · · ║ 15
        0x00 1 ║ · · · · n · Q Q ║ 7
               ╚═════════════════╝
                 A B C D E F G H

        '''
      
        '''
        Qa8c6

               ╔═════════════════╗
        0x38 8 ║ · · · · n · · · ║ 63
        0x30 7 ║ · · · · · · · · ║ 55
        0x28 6 ║ · · Q · · Q · · ║ 47
        0x20 5 ║ · · · · · · · · ║ 39
        0x18 4 ║ · · Q · · · · n ║ 31
        0x10 3 ║ · · · · · r · · ║ 23
        0x08 2 ║ · · · · Q · · · ║ 15
        0x00 1 ║ · · · · n · Q Q ║ 7
               ╚═════════════════╝
                 A B C D E F G H

        '''
      
        '''
        Qa8a7

               ╔═════════════════╗
        0x38 8 ║ · · · · n · · · ║ 63
        0x30 7 ║ Q · · · · · · · ║ 55
        0x28 6 ║ · · · · · Q · · ║ 47
        0x20 5 ║ · · · · · · · · ║ 39
        0x18 4 ║ · · Q · · · · n ║ 31
        0x10 3 ║ · · · · · r · · ║ 23
        0x08 2 ║ · · · · Q · · · ║ 15
        0x00 1 ║ · · · · n · Q Q ║ 7
               ╚═════════════════╝
                 A B C D E F G H

        '''
      
        '''
        Qa8b7

               ╔═════════════════╗
        0x38 8 ║ · · · · n · · · ║ 63
        0x30 7 ║ · Q · · · · · · ║ 55
        0x28 6 ║ · · · · · Q · · ║ 47
        0x20 5 ║ · · · · · · · · ║ 39
        0x18 4 ║ · · Q · · · · n ║ 31
        0x10 3 ║ · · · · · r · · ║ 23
        0x08 2 ║ · · · · Q · · · ║ 15
        0x00 1 ║ · · · · n · Q Q ║ 7
               ╚═════════════════╝
                 A B C D E F G H

        '''
      
        '''
        Qa8b8

               ╔═════════════════╗
        0x38 8 ║ · Q · · n · · · ║ 63
        0x30 7 ║ · · · · · · · · ║ 55
        0x28 6 ║ · · · · · Q · · ║ 47
        0x20 5 ║ · · · · · · · · ║ 39
        0x18 4 ║ · · Q · · · · n ║ 31
        0x10 3 ║ · · · · · r · · ║ 23
        0x08 2 ║ · · · · Q · · · ║ 15
        0x00 1 ║ · · · · n · Q Q ║ 7
               ╚═════════════════╝
                 A B C D E F G H

        '''
      
        '''
        Qa8c8

               ╔═════════════════╗
        0x38 8 ║ · · Q · n · · · ║ 63
        0x30 7 ║ · · · · · · · · ║ 55
        0x28 6 ║ · · · · · Q · · ║ 47
        0x20 5 ║ · · · · · · · · ║ 39
        0x18 4 ║ · · Q · · · · n ║ 31
        0x10 3 ║ · · · · · r · · ║ 23
        0x08 2 ║ · · · · Q · · · ║ 15
        0x00 1 ║ · · · · n · Q Q ║ 7
               ╚═════════════════╝
                 A B C D E F G H

        '''
      
        '''
        Qa8d8

               ╔═════════════════╗
        0x38 8 ║ · · · Q n · · · ║ 63
        0x30 7 ║ · · · · · · · · ║ 55
        0x28 6 ║ · · · · · Q · · ║ 47
        0x20 5 ║ · · · · · · · · ║ 39
        0x18 4 ║ · · Q · · · · n ║ 31
        0x10 3 ║ · · · · · r · · ║ 23
        0x08 2 ║ · · · · Q · · · ║ 15
        0x00 1 ║ · · · · n · Q Q ║ 7
               ╚═════════════════╝
                 A B C D E F G H

        '''
      
        '''
        Qa8xe8

               ╔═════════════════╗
        0x38 8 ║ · · · · Q · · · ║ 63
        0x30 7 ║ · · · · · · · · ║ 55
        0x28 6 ║ · · · · · Q · · ║ 47
        0x20 5 ║ · · · · · · · · ║ 39
        0x18 4 ║ · · Q · · · · n ║ 31
        0x10 3 ║ · · · · · r · · ║ 23
        0x08 2 ║ · · · · Q · · · ║ 15
        0x00 1 ║ · · · · n · Q Q ║ 7
               ╚═════════════════╝
                 A B C D E F G H

        '''
    ]
  }
  "queen_move_generation::test_generate_white_queen_moves":
  {
    file:
    [
      chess-lib
      tests
      queen_move_generation.rs
    ]
    module_path: queen_move_generation
    test_function: test_generate_white_queen_moves
    recorded_value:
    [
      
        '''
        Pf7f5

               ╔═════════════════╗
        0x38 8 ║ q · · N · · · · ║ 63
        0x30 7 ║ · · · · · · R · ║ 55
        0x28 6 ║ · · · · · · · · ║ 47
        0x20 5 ║ · · · q · · · · ║ 39
        0x18 4 ║ · · · · q · · P ║ 31
        0x10 3 ║ · R · · · · · · ║ 23
        0x08 2 ║ · R · · · · · · ║ 15
        0x00 1 ║ · · · q · · · q ║ 7
               ╚═════════════════╝
                 A B C D E F G H

        '''
      
        '''
        Qd1a1

               ╔═════════════════╗
        0x38 8 ║ q · · N · · · · ║ 63
        0x30 7 ║ · · · · · · R · ║ 55
        0x28 6 ║ · · · · · · · · ║ 47
        0x20 5 ║ · · · q · · · · ║ 39
        0x18 4 ║ · · · · q · · P ║ 31
        0x10 3 ║ · R · · · · · · ║ 23
        0x08 2 ║ · R · · · · · · ║ 15
        0x00 1 ║ q · · · · · · q ║ 7
               ╚═════════════════╝
                 A B C D E F G H

        '''
      
        '''
        Qd1b1

               ╔═════════════════╗
        0x38 8 ║ q · · N · · · · ║ 63
        0x30 7 ║ · · · · · · R · ║ 55
        0x28 6 ║ · · · · · · · · ║ 47
        0x20 5 ║ · · · q · · · · ║ 39
        0x18 4 ║ · · · · q · · P ║ 31
        0x10 3 ║ · R · · · · · · ║ 23
        0x08 2 ║ · R · · · · · · ║ 15
        0x00 1 ║ · q · · · · · q ║ 7
               ╚═════════════════╝
                 A B C D E F G H

        '''
      
        '''
        Qd1c1

               ╔═════════════════╗
        0x38 8 ║ q · · N · · · · ║ 63
        0x30 7 ║ · · · · · · R · ║ 55
        0x28 6 ║ · · · · · · · · ║ 47
        0x20 5 ║ · · · q · · · · ║ 39
        0x18 4 ║ · · · · q · · P ║ 31
        0x10 3 ║ · R · · · · · · ║ 23
        0x08 2 ║ · R · · · · · · ║ 15
        0x00 1 ║ · · q · · · · q ║ 7
               ╚═════════════════╝
                 A B C D E F G H

        '''
      
        '''
        Qd1e1

               ╔═════════════════╗
        0x38 8 ║ q · · N · · · · ║ 63
        0x30 7 ║ · · · · · · R · ║ 55
        0x28 6 ║ · · · · · · · · ║ 47
        0x20 5 ║ · · · q · · · · ║ 39
        0x18 4 ║ · · · · q · · P ║ 31
        0x10 3 ║ · R · · · · · · ║ 23
        0x08 2 ║ · R · · · · · · ║ 15
        0x00 1 ║ · · · · q · · q ║ 7
               ╚═════════════════╝
                 A B C D E F G H

        '''
      
        '''
        Qd1f1

               ╔═════════════════╗
        0x38 8 ║ q · · N · · · · ║ 63
        0x30 7 ║ · · · · · · R · ║ 55
        0x28 6 ║ · · · · · · · · ║ 47
        0x20 5 ║ · · · q · · · · ║ 39
        0x18 4 ║ · · · · q · · P ║ 31
        0x10 3 ║ · R · · · · · · ║ 23
        0x08 2 ║ · R · · · · · · ║ 15
        0x00 1 ║ · · · · · q · q ║ 7
               ╚═════════════════╝
                 A B C D E F G H

        '''
      
        '''
        Qd1g1

               ╔═════════════════╗
        0x38 8 ║ q · · N · · · · ║ 63
        0x30 7 ║ · · · · · · R · ║ 55
        0x28 6 ║ · · · · · · · · ║ 47
        0x20 5 ║ · · · q · · · · ║ 39
        0x18 4 ║ · · · · q · · P ║ 31
        0x10 3 ║ · R · · · · · · ║ 23
        0x08 2 ║ · R · · · · · · ║ 15
        0x00 1 ║ · · · · · · q q ║ 7
               ╚═════════════════╝
                 A B C D E F G H

        '''
      
        '''
        Qd1c2

               ╔═════════════════╗
        0x38 8 ║ q · · N · · · · ║ 63
        0x30 7 ║ · · · · · · R · ║ 55
        0x28 6 ║ · · · · · · · · ║ 47
        0x20 5 ║ · · · q · · · · ║ 39
        0x18 4 ║ · · · · q · · P ║ 31
        0x10 3 ║ · R · · · · · · ║ 23
        0x08 2 ║ · R q · · · · · ║ 15
        0x00 1 ║ · · · · · · · q ║ 7
               ╚═════════════════╝
                 A B C D E F G H

        '''
      
        '''
        Qd1d2

               ╔═════════════════╗
        0x38 8 ║ q · · N · · · · ║ 63
        0x30 7 ║ · · · · · · R · ║ 55
        0x28 6 ║ · · · · · · · · ║ 47
        0x20 5 ║ · · · q · · · · ║ 39
        0x18 4 ║ · · · · q · · P ║ 31
        0x10 3 ║ · R · · · · · · ║ 23
        0x08 2 ║ · R · q · · · · ║ 15
        0x00 1 ║ · · · · · · · q ║ 7
               ╚═════════════════╝
                 A B C D E F G H

        '''
      
        '''
        Qd1e2

               ╔═════════════════╗
        0x38 8 ║ q · · N · · · · ║ 63
        0x30 7 ║ · · · · · · R · ║ 55
        0x28 6 ║ · · · · · · · · ║ 47
        0x20 5 ║ · · · q · · · · ║ 39
        0x18 4 ║ · · · · q · · P ║ 31
        0x10 3 ║ · R · · · · · · ║ 23
        0x08 2 ║ · R · · q · · · ║ 15
        0x00 1 ║ · · · · · · · q ║ 7
               ╚═════════════════╝
                 A B C D E F G H

        '''
      
        '''
        Qd1xb3

               ╔═════════════════╗
        0x38 8 ║ q · · N · · · · ║ 63
        0x30 7 ║ · · · · · · R · ║ 55
        0x28 6 ║ · · · · · · · · ║ 47
        0x20 5 ║ · · · q · · · · ║ 39
        0x18 4 ║ · · · · q · · P ║ 31
        0x10 3 ║ · q · · · · · · ║ 23
        0x08 2 ║ · R · · · · · · ║ 15
        0x00 1 ║ · · · · · · · q ║ 7
               ╚═════════════════╝
                 A B C D E F G H

        '''
      
        '''
        Qd1d3

               ╔═════════════════╗
        0x38 8 ║ q · · N · · · · ║ 63
        0x30 7 ║ · · · · · · R · ║ 55
        0x28 6 ║ · · · · · · · · ║ 47
        0x20 5 ║ · · · q · · · · ║ 39
        0x18 4 ║ · · · · q · · P ║ 31
        0x10 3 ║ · R · q · · · · ║ 23
        0x08 2 ║ · R · · · · · · ║ 15
        0x00 1 ║ · · · · · · · q ║ 7
               ╚═════════════════╝
                 A B C D E F G H

        '''
      
        '''
        Qd1f3

               ╔═════════════════╗
        0x38 8 ║ q · · N · · · · ║ 63
        0x30 7 ║ · · · · · · R · ║ 55
        0x28 6 ║ · · · · · · · · ║ 47
        0x20 5 ║ · · · q · · · · ║ 39
        0x18 4 ║ · · · · q · · P ║ 31
        0x10 3 ║ · R · · · q · · ║ 23
        0x08 2 ║ · R · · · · · · ║ 15
        0x00 1 ║ · · · · · · · q ║ 7
               ╚═════════════════╝
                 A B C D E F G H

        '''
      
        '''
        Qd1d4

               ╔═════════════════╗
        0x38 8 ║ q · · N · · · · ║ 63
        0x30 7 ║ · · · · · · R · ║ 55
        0x28 6 ║ · · · · · · · · ║ 47
        0x20 5 ║ · · · q · · · · ║ 39
        0x18 4 ║ · · · q q · · P ║ 31
        0x10 3 ║ · R · · · · · · ║ 23
        0x08 2 ║ · R · · · · · · ║ 15
        0x00 1 ║ · · · · · · · q ║ 7
               ╚═════════════════╝
                 A B C D E F G H

        '''
      
        '''
        Qd1g4

               ╔═════════════════╗
        0x38 8 ║ q · · N · · · · ║ 63
        0x30 7 ║ · · · · · · R · ║ 55
        0x28 6 ║ · · · · · · · · ║ 47
        0x20 5 ║ · · · q · · · · ║ 39
        0x18 4 ║ · · · · q · q P ║ 31
        0x10 3 ║ · R · · · · · · ║ 23
        0x08 2 ║ · R · · · · · · ║ 15
        0x00 1 ║ · · · · · · · q ║ 7
               ╚═════════════════╝
                 A B C D E F G H

        '''
      
        '''
        Qd1h5

               ╔═════════════════╗
        0x38 8 ║ q · · N · · · · ║ 63
        0x30 7 ║ · · · · · · R · ║ 55
        0x28 6 ║ · · · · · · · · ║ 47
        0x20 5 ║ · · · q · · · q ║ 39
        0x18 4 ║ · · · · q · · P ║ 31
        0x10 3 ║ · R · · · · · · ║ 23
        0x08 2 ║ · R · · · · · · ║ 15
        0x00 1 ║ · · · · · · · q ║ 7
               ╚═════════════════╝
                 A B C D E F G H

        '''
      
        '''
        Qh1e1

               ╔═════════════════╗
        0x38 8 ║ q · · N · · · · ║ 63
        0x30 7 ║ · · · · · · R · ║ 55
        0x28 6 ║ · · · · · · · · ║ 47
        0x20 5 ║ · · · q · · · · ║ 39
        0x18 4 ║ · · · · q · · P ║ 31
        0x10 3 ║ · R · · · · · · ║ 23
        0x08 2 ║ · R · · · · · · ║ 15
        0x00 1 ║ · · · q q · · · ║ 7
               ╚═════════════════╝
                 A B C D E F G H

        '''
      
        '''
        Qh1f1

               ╔═════════════════╗
        0x38 8 ║ q · · N · · · · ║ 63
        0x30 7 ║ · · · · · · R · ║ 55
        0x28 6 ║ · · · · · · · · ║ 47
        0x20 5 ║ · · · q · · · · ║ 39
        0x18 4 ║ · · · · q · · P ║ 31
        0x10 3 ║ · R · · · · · · ║ 23
        0x08 2 ║ · R · · · · · · ║ 15
        0x00 1 ║ · · · q · q · · ║ 7
               ╚═════════════════╝
                 A B C D E F G H

        '''
      
        '''
        Qh1g1

               ╔═════════════════╗
        0x38 8 ║ q · · N · · · · ║ 63
        0x30 7 ║ · · · · · · R · ║ 55
        0x28 6 ║ · · · · · · · · ║ 47
        0x20 5 ║ · · · q · · · · ║ 39
        0x18 4 ║ · · · · q · · P ║ 31
        0x10 3 ║ · R · · · · · · ║ 23
        0x08 2 ║ · R · · · · · · ║ 15
        0x00 1 ║ · · · q · · q · ║ 7
               ╚═════════════════╝
                 A B C D E F G H

        '''
      
        '''
        Qh1g2

               ╔═════════════════╗
        0x38 8 ║ q · · N · · · · ║ 63
        0x30 7 ║ · · · · · · R · ║ 55
        0x28 6 ║ · · · · · · · · ║ 47
        0x20 5 ║ · · · q · · · · ║ 39
        0x18 4 ║ · · · · q · · P ║ 31
        0x10 3 ║ · R · · · · · · ║ 23
        0x08 2 ║ · R · · · · q · ║ 15
        0x00 1 ║ · · · q · · · · ║ 7
               ╚═════════════════╝
                 A B C D E F G H

        '''
      
        '''
        Qh1h2

               ╔═════════════════╗
        0x38 8 ║ q · · N · · · · ║ 63
        0x30 7 ║ · · · · · · R · ║ 55
        0x28 6 ║ · · · · · · · · ║ 47
        0x20 5 ║ · · · q · · · · ║ 39
        0x18 4 ║ · · · · q · · P ║ 31
        0x10 3 ║ · R · · · · · · ║ 23
        0x08 2 ║ · R · · · · · q ║ 15
        0x00 1 ║ · · · q · · · · ║ 7
               ╚═════════════════╝
                 A B C D E F G H

        '''
      
        '''
        Qh1f3

               ╔═════════════════╗
        0x38 8 ║ q · · N · · · · ║ 63
        0x30 7 ║ · · · · · · R · ║ 55
        0x28 6 ║ · · · · · · · · ║ 47
        0x20 5 ║ · · · q · · · · ║ 39
        0x18 4 ║ · · · · q · · P ║ 31
        0x10 3 ║ · R · · · q · · ║ 23
        0x08 2 ║ · R · · · · · · ║ 15
        0x00 1 ║ · · · q · · · · ║ 7
               ╚═════════════════╝
                 A B C D E F G H

        '''
      
        '''
        Qh1h3

               ╔═════════════════╗
        0x38 8 ║ q · · N · · · · ║ 63
        0x30 7 ║ · · · · · · R · ║ 55
        0x28 6 ║ · · · · · · · · ║ 47
        0x20 5 ║ · · · q · · · · ║ 39
        0x18 4 ║ · · · · q · · P ║ 31
        0x10 3 ║ · R · · · · · q ║ 23
        0x08 2 ║ · R · · · · · · ║ 15
        0x00 1 ║ · · · q · · · · ║ 7
               ╚═════════════════╝
                 A B C D E F G H

        '''
      
        '''
        Qh1xh4

               ╔═════════════════╗
        0x38 8 ║ q · · N · · · · ║ 63
        0x30 7 ║ · · · · · · R · ║ 55
        0x28 6 ║ · · · · · · · · ║ 47
        0x20 5 ║ · · · q · · · · ║ 39
        0x18 4 ║ · · · · q · · q ║ 31
        0x10 3 ║ · R · · · · · · ║ 23
        0x08 2 ║ · R · · · · · · ║ 15
        0x00 1 ║ · · · q · · · · ║ 7
               ╚═════════════════╝
                 A B C D E F G H

        '''
      
        '''
        Qe4b1

               ╔═════════════════╗
        0x38 8 ║ q · · N · · · · ║ 63
        0x30 7 ║ · · · · · · R · ║ 55
        0x28 6 ║ · · · · · · · · ║ 47
        0x20 5 ║ · · · q · · · · ║ 39
        0x18 4 ║ · · · · · · · P ║ 31
        0x10 3 ║ · R · · · · · · ║ 23
        0x08 2 ║ · R · · · · · · ║ 15
        0x00 1 ║ · q · q · · · q ║ 7
               ╚═════════════════╝
                 A B C D E F G H

        '''
      
        '''
        Qe4e1

               ╔═════════════════╗
        0x38 8 ║ q · · N · · · · ║ 63
        0x30 7 ║ · · · · · · R · ║ 55
        0x28 6 ║ · · · · · · · · ║ 47
        0x20 5 ║ · · · q · · · · ║ 39
        0x18 4 ║ · · · · · · · P ║ 31
        0x10 3 ║ · R · · · · · · ║ 23
        0x08 2 ║ · R · · · · · · ║ 15
        0x00 1 ║ · · · q q · · q ║ 7
               ╚═════════════════╝
                 A B C D E F G H

        '''
      
        '''
        Qe4c2

               ╔═════════════════╗
        0x38 8 ║ q · · N · · · · ║ 63
        0x30 7 ║ · · · · · · R · ║ 55
        0x28 6 ║ · · · · · · · · ║ 47
        0x20 5 ║ · · · q · · · · ║ 39
        0x18 4 ║ · · · · · · · P ║ 31
        0x10 3 ║ · R · · · · · · ║ 23
        0x08 2 ║ · R q · · · · · ║ 15
        0x00 1 ║ · · · q · · · q ║ 7
               ╚═════════════════╝
                 A B C D E F G H

        '''
      
        '''
        Qe4e2

               ╔═════════════════╗
        0x38 8 ║ q · · N · · · · ║ 63
        0x30 7 ║ · · · · · · R · ║ 55
        0x28 6 ║ · · · · · · · · ║ 47
        0x20 5 ║ · · · q · · · · ║ 39
        0x18 4 ║ · · · · · · · P ║ 31
        0x10 3 ║ · R · · · · · · ║ 23
        0x08 2 ║ · R · · q · · · ║ 15
        0x00 1 ║ · · · q · · · q ║ 7
               ╚═════════════════╝
                 A B C D E F G H

        '''
      
        '''
        Qe4g2

               ╔═════════════════╗
        0x38 8 ║ q · · N · · · · ║ 63
        0x30 7 ║ · · · · · · R · ║ 55
        0x28 6 ║ · · · · · · · · ║ 47
        0x20 5 ║ · · · q · · · · ║ 39
        0x18 4 ║ · · · · · · · P ║ 31
        0x10 3 ║ · R · · · · · · ║ 23
        0x08 2 ║ · R · · · · q · ║ 15
        0x00 1 ║ · · · q · · · q ║ 7
               ╚═════════════════╝
                 A B C D E F G H

        '''
      
        '''
        Qe4d3

               ╔═════════════════╗
        0x38 8 ║ q · · N · · · · ║ 63
        0x30 7 ║ · · · · · · R · ║ 55
        0x28 6 ║ · · · · · · · · ║ 47
        0x20 5 ║ · · · q · · · · ║ 39
        0x18 4 ║ · · · · · · · P ║ 31
        0x10 3 ║ · R · q · · · · ║ 23
        0x08 2 ║ · R · · · · · · ║ 15
        0x00 1 ║ · · · q · · · q ║ 7
               ╚═════════════════╝
                 A B C D E F G H

        '''
      
        '''
        Qe4e3

               ╔═════════════════╗
        0x38 8 ║ q · · N · · · · ║ 63
        0x30 7 ║ · · · · · · R · ║ 55
        0x28 6 ║ · · · · · · · · ║ 47
        0x20 5 ║ · · · q · · · · ║ 39
        0x18 4 ║ · · · · · · · P ║ 31
        0x10 3 ║ · R · · q · · · ║ 23
        0x08 2 ║ · R · · · · · · ║ 15
        0x00 1 ║ · · · q · · · q ║ 7
               ╚═════════════════╝
                 A B C D E F G H

        '''
      
        '''
        Qe4f3

               ╔═════════════════╗
        0x38 8 ║ q · · N · · · · ║ 63
        0x30 7 ║ · · · · · · R · ║ 55
        0x28 6 ║ · · · · · · · · ║ 47
        0x20 5 ║ · · · q · · · · ║ 39
        0x18 4 ║ · · · · · · · P ║ 31
        0x10 3 ║ · R · · · q · · ║ 23
        0x08 2 ║ · R · · · · · · ║ 15
        0x00 1 ║ · · · q · · · q ║ 7
               ╚═════════════════╝
                 A B C D E F G H

        '''
      
        '''
        Qe4a4

               ╔═════════════════╗
        0x38 8 ║ q · · N · · · · ║ 63
        0x30 7 ║ · · · · · · R · ║ 55
        0x28 6 ║ · · · · · · · · ║ 47
        0x20 5 ║ · · · q · · · · ║ 39
        0x18 4 ║ q · · · · · · P ║ 31
        0x10 3 ║ · R · · · · · · ║ 23
        0x08 2 ║ · R · · · · · · ║ 15
        0x00 1 ║ · · · q · · · q ║ 7
               ╚═════════════════╝
                 A B C D E F G H

        '''
      
        '''
        Qe4b4

               ╔═════════════════╗
        0x38 8 ║ q · · N · · · · ║ 63
        0x30 7 ║ · · · · · · R · ║ 55
        0x28 6 ║ · · · · · · · · ║ 47
        0x20 5 ║ · · · q · · · · ║ 39
        0x18 4 ║ · q · · · · · P ║ 31
        0x10 3 ║ · R · · · · · · ║ 23
        0x08 2 ║ · R · · · · · · ║ 15
        0x00 1 ║ · · · q · · · q ║ 7
               ╚═════════════════╝
                 A B C D E F G H

        '''
      
        '''
        Qe4c4

               ╔═════════════════╗
        0x38 8 ║ q · · N · · · · ║ 63
        0x30 7 ║ · · · · · · R · ║ 55
        0x28 6 ║ · · · · · · · · ║ 47
        0x20 5 ║ · · · q · · · · ║ 39
        0x18 4 ║ · · q · · · · P ║ 31
        0x10 3 ║ · R · · · · · · ║ 23
        0x08 2 ║ · R · · · · · · ║ 15
        0x00 1 ║ · · · q · · · q ║ 7
               ╚═════════════════╝
                 A B C D E F G H

        '''
      
        '''
        Qe4d4

               ╔═════════════════╗
        0x38 8 ║ q · · N · · · · ║ 63
        0x30 7 ║ · · · · · · R · ║ 55
        0x28 6 ║ · · · · · · · · ║ 47
        0x20 5 ║ · · · q · · · · ║ 39
        0x18 4 ║ · · · q · · · P ║ 31
        0x10 3 ║ · R · · · · · · ║ 23
        0x08 2 ║ · R · · · · · · ║ 15
        0x00 1 ║ · · · q · · · q ║ 7
               ╚═════════════════╝
                 A B C D E F G H

        '''
      
        '''
        Qe4f4

               ╔═════════════════╗
        0x38 8 ║ q · · N · · · · ║ 63
        0x30 7 ║ · · · · · · R · ║ 55
        0x28 6 ║ · · · · · · · · ║ 47
        0x20 5 ║ · · · q · · · · ║ 39
        0x18 4 ║ · · · · · q · P ║ 31
        0x10 3 ║ · R · · · · · · ║ 23
        0x08 2 ║ · R · · · · · · ║ 15
        0x00 1 ║ · · · q · · · q ║ 7
               ╚═════════════════╝
                 A B C D E F G H

        '''
      
        '''
        Qe4g4

               ╔═════════════════╗
        0x38 8 ║ q · · N · · · · ║ 63
        0x30 7 ║ · · · · · · R · ║ 55
        0x28 6 ║ · · · · · · · · ║ 47
        0x20 5 ║ · · · q · · · · ║ 39
        0x18 4 ║ · · · · · · q P ║ 31
        0x10 3 ║ · R · · · · · · ║ 23
        0x08 2 ║ · R · · · · · · ║ 15
        0x00 1 ║ · · · q · · · q ║ 7
               ╚═════════════════╝
                 A B C D E F G H

        '''
      
        '''
        Qe4xh4

               ╔═════════════════╗
        0x38 8 ║ q · · N · · · · ║ 63
        0x30 7 ║ · · · · · · R · ║ 55
        0x28 6 ║ · · · · · · · · ║ 47
        0x20 5 ║ · · · q · · · · ║ 39
        0x18 4 ║ · · · · · · · q ║ 31
        0x10 3 ║ · R · · · · · · ║ 23
        0x08 2 ║ · R · · · · · · ║ 15
        0x00 1 ║ · · · q · · · q ║ 7
               ╚═════════════════╝
                 A B C D E F G H

        '''
      
        '''
        Qe4e5

               ╔═════════════════╗
        0x38 8 ║ q · · N · · · · ║ 63
        0x30 7 ║ · · · · · · R · ║ 55
        0x28 6 ║ · · · · · · · · ║ 47
        0x20 5 ║ · · · q q · · · ║ 39
        0x18 4 ║ · · · · · · · P ║ 31
        0x10 3 ║ · R · · · · · · ║ 23
        0x08 2 ║ · R · · · · · · ║ 15
        0x00 1 ║ · · · q · · · q ║ 7
               ╚═════════════════╝
                 A B C D E F G H

        '''
      
        '''
        Qe4f5

               ╔═════════════════╗
        0x38 8 ║ q · · N · · · · ║ 63
        0x30 7 ║ · · · · · · R · ║ 55
        0x28 6 ║ · · · · · · · · ║ 47
        0x20 5 ║ · · · q · q · · ║ 39
        0x18 4 ║ · · · · · · · P ║ 31
        0x10 3 ║ · R · · · · · · ║ 23
        0x08 2 ║ · R · · · · · · ║ 15
        0x00 1 ║ · · · q · · · q ║ 7
               ╚═════════════════╝
                 A B C D E F G H

        '''
      
        '''
        Qe4e6

               ╔═════════════════╗
        0x38 8 ║ q · · N · · · · ║ 63
        0x30 7 ║ · · · · · · R · ║ 55
        0x28 6 ║ · · · · q · · · ║ 47
        0x20 5 ║ · · · q · · · · ║ 39
        0x18 4 ║ · · · · · · · P ║ 31
        0x10 3 ║ · R · · · · · · ║ 23
        0x08 2 ║ · R · · · · · · ║ 15
        0x00 1 ║ · · · q · · · q ║ 7
               ╚═════════════════╝
                 A B C D E F G H

        '''
      
        '''
        Qe4g6

               ╔═════════════════╗
        0x38 8 ║ q · · N · · · · ║ 63
        0x30 7 ║ · · · · · · R · ║ 55
        0x28 6 ║ · · · · · · q · ║ 47
        0x20 5 ║ · · · q · · · · ║ 39
        0x18 4 ║ · · · · · · · P ║ 31
        0x10 3 ║ · R · · · · · · ║ 23
        0x08 2 ║ · R · · · · · · ║ 15
        0x00 1 ║ · · · q · · · q ║ 7
               ╚═════════════════╝
                 A B C D E F G H

        '''
      
        '''
        Qe4e7

               ╔═════════════════╗
        0x38 8 ║ q · · N · · · · ║ 63
        0x30 7 ║ · · · · q · R · ║ 55
        0x28 6 ║ · · · · · · · · ║ 47
        0x20 5 ║ · · · q · · · · ║ 39
        0x18 4 ║ · · · · · · · P ║ 31
        0x10 3 ║ · R · · · · · · ║ 23
        0x08 2 ║ · R · · · · · · ║ 15
        0x00 1 ║ · · · q · · · q ║ 7
               ╚═════════════════╝
                 A B C D E F G H

        '''
      
        '''
        Qe4h7

               ╔═════════════════╗
        0x38 8 ║ q · · N · · · · ║ 63
        0x30 7 ║ · · · · · · R q ║ 55
        0x28 6 ║ · · · · · · · · ║ 47
        0x20 5 ║ · · · q · · · · ║ 39
        0x18 4 ║ · · · · · · · P ║ 31
        0x10 3 ║ · R · · · · · · ║ 23
        0x08 2 ║ · R · · · · · · ║ 15
        0x00 1 ║ · · · q · · · q ║ 7
               ╚═════════════════╝
                 A B C D E F G H

        '''
      
        '''
        Qe4e8

               ╔═════════════════╗
        0x38 8 ║ q · · N q · · · ║ 63
        0x30 7 ║ · · · · · · R · ║ 55
        0x28 6 ║ · · · · · · · · ║ 47
        0x20 5 ║ · · · q · · · · ║ 39
        0x18 4 ║ · · · · · · · P ║ 31
        0x10 3 ║ · R · · · · · · ║ 23
        0x08 2 ║ · R · · · · · · ║ 15
        0x00 1 ║ · · · q · · · q ║ 7
               ╚═════════════════╝
                 A B C D E F G H

        '''
      
        '''
        Qd5d2

               ╔═════════════════╗
        0x38 8 ║ q · · N · · · · ║ 63
        0x30 7 ║ · · · · · · R · ║ 55
        0x28 6 ║ · · · · · · · · ║ 47
        0x20 5 ║ · · · · · · · · ║ 39
        0x18 4 ║ · · · · q · · P ║ 31
        0x10 3 ║ · R · · · · · · ║ 23
        0x08 2 ║ · R · q · · · · ║ 15
        0x00 1 ║ · · · q · · · q ║ 7
               ╚═════════════════╝
                 A B C D E F G H

        '''
      
        '''
        Qd5xb3

               ╔═════════════════╗
        0x38 8 ║ q · · N · · · · ║ 63
        0x30 7 ║ · · · · · · R · ║ 55
        0x28 6 ║ · · · · · · · · ║ 47
        0x20 5 ║ · · · · · · · · ║ 39
        0x18 4 ║ · · · · q · · P ║ 31
        0x10 3 ║ · q · · · · · · ║ 23
        0x08 2 ║ · R · · · · · · ║ 15
        0x00 1 ║ · · · q · · · q ║ 7
               ╚═════════════════╝
                 A B C D E F G H

        '''
      
        '''
        Qd5d3

               ╔═════════════════╗
        0x38 8 ║ q · · N · · · · ║ 63
        0x30 7 ║ · · · · · · R · ║ 55
        0x28 6 ║ · · · · · · · · ║ 47
        0x20 5 ║ · · · · · · · · ║ 39
        0x18 4 ║ · · · · q · · P ║ 31
        0x10 3 ║ · R · q · · · · ║ 23
        0x08 2 ║ · R · · · · · · ║ 15
        0x00 1 ║ · · · q · · · q ║ 7
               ╚═════════════════╝
                 A B C D E F G H

        '''
      
        '''
        Qd5c4

               ╔═════════════════╗
        0x38 8 ║ q · · N · · · · ║ 63
        0x30 7 ║ · · · · · · R · ║ 55
        0x28 6 ║ · · · · · · · · ║ 47
        0x20 5 ║ · · · · · · · · ║ 39
        0x18 4 ║ · · q · q · · P ║ 31
        0x10 3 ║ · R · · · · · · ║ 23
        0x08 2 ║ · R · · · · · · ║ 15
        0x00 1 ║ · · · q · · · q ║ 7
               ╚═════════════════╝
                 A B C D E F G H

        '''
      
        '''
        Qd5d4

               ╔═════════════════╗
        0x38 8 ║ q · · N · · · · ║ 63
        0x30 7 ║ · · · · · · R · ║ 55
        0x28 6 ║ · · · · · · · · ║ 47
        0x20 5 ║ · · · · · · · · ║ 39
        0x18 4 ║ · · · q q · · P ║ 31
        0x10 3 ║ · R · · · · · · ║ 23
        0x08 2 ║ · R · · · · · · ║ 15
        0x00 1 ║ · · · q · · · q ║ 7
               ╚═════════════════╝
                 A B C D E F G H

        '''
      
        '''
        Qd5a5

               ╔═════════════════╗
        0x38 8 ║ q · · N · · · · ║ 63
        0x30 7 ║ · · · · · · R · ║ 55
        0x28 6 ║ · · · · · · · · ║ 47
        0x20 5 ║ q · · · · · · · ║ 39
        0x18 4 ║ · · · · q · · P ║ 31
        0x10 3 ║ · R · · · · · · ║ 23
        0x08 2 ║ · R · · · · · · ║ 15
        0x00 1 ║ · · · q · · · q ║ 7
               ╚═════════════════╝
                 A B C D E F G H

        '''
      
        '''
        Qd5b5

               ╔═════════════════╗
        0x38 8 ║ q · · N · · · · ║ 63
        0x30 7 ║ · · · · · · R · ║ 55
        0x28 6 ║ · · · · · · · · ║ 47
        0x20 5 ║ · q · · · · · · ║ 39
        0x18 4 ║ · · · · q · · P ║ 31
        0x10 3 ║ · R · · · · · · ║ 23
        0x08 2 ║ · R · · · · · · ║ 15
        0x00 1 ║ · · · q · · · q ║ 7
               ╚═════════════════╝
                 A B C D E F G H

        '''
      
        '''
        Qd5c5

               ╔═════════════════╗
        0x38 8 ║ q · · N · · · · ║ 63
        0x30 7 ║ · · · · · · R · ║ 55
        0x28 6 ║ · · · · · · · · ║ 47
        0x20 5 ║ · · q · · · · · ║ 39
        0x18 4 ║ · · · · q · · P ║ 31
        0x10 3 ║ · R · · · · · · ║ 23
        0x08 2 ║ · R · · · · · · ║ 15
        0x00 1 ║ · · · q · · · q ║ 7
               ╚═════════════════╝
                 A B C D E F G H

        '''
      
        '''
        Qd5e5

               ╔═════════════════╗
        0x38 8 ║ q · · N · · · · ║ 63
        0x30 7 ║ · · · · · · R · ║ 55
        0x28 6 ║ · · · · · · · · ║ 47
        0x20 5 ║ · · · · q · · · ║ 39
        0x18 4 ║ · · · · q · · P ║ 31
        0x10 3 ║ · R · · · · · · ║ 23
        0x08 2 ║ · R · · · · · · ║ 15
        0x00 1 ║ · · · q · · · q ║ 7
               ╚═════════════════╝
                 A B C D E F G H

        '''
      
        '''
        Qd5f5

               ╔═════════════════╗
        0x38 8 ║ q · · N · · · · ║ 63
        0x30 7 ║ · · · · · · R · ║ 55
        0x28 6 ║ · · · · · · · · ║ 47
        0x20 5 ║ · · · · · q · · ║ 39
        0x18 4 ║ · · · · q · · P ║ 31
        0x10 3 ║ · R · · · · · · ║ 23
        0x08 2 ║ · R · · · · · · ║ 15
        0x00 1 ║ · · · q · · · q ║ 7
               ╚═════════════════╝
                 A B C D E F G H

        '''
      
        '''
        Qd5g5

               ╔═════════════════╗
        0x38 8 ║ q · · N · · · · ║ 63
        0x30 7 ║ · · · · · · R · ║ 55
        0x28 6 ║ · · · · · · · · ║ 47
        0x20 5 ║ · · · · · · q · ║ 39
        0x18 4 ║ · · · · q · · P ║ 31
        0x10 3 ║ · R · · · · · · ║ 23
        0x08 2 ║ · R · · · · · · ║ 15
        0x00 1 ║ · · · q · · · q ║ 7
               ╚═════════════════╝
                 A B C D E F G H

        '''
      
        '''
        Qd5h5

               ╔═════════════════╗
        0x38 8 ║ q · · N · · · · ║ 63
        0x30 7 ║ · · · · · · R · ║ 55
        0x28 6 ║ · · · · · · · · ║ 47
        0x20 5 ║ · · · · · · · q ║ 39
        0x18 4 ║ · · · · q · · P ║ 31
        0x10 3 ║ · R · · · · · · ║ 23
        0x08 2 ║ · R · · · · · · ║ 15
        0x00 1 ║ · · · q · · · q ║ 7
               ╚═════════════════╝
                 A B C D E F G H

        '''
      
        '''
        Qd5c6

               ╔═════════════════╗
        0x38 8 ║ q · · N · · · · ║ 63
        0x30 7 ║ · · · · · · R · ║ 55
        0x28 6 ║ · · q · · · · · ║ 47
        0x20 5 ║ · · · · · · · · ║ 39
        0x18 4 ║ · · · · q · · P ║ 31
        0x10 3 ║ · R · · · · · · ║ 23
        0x08 2 ║ · R · · · · · · ║ 15
        0x00 1 ║ · · · q · · · q ║ 7
               ╚═════════════════╝
                 A B C D E F G H

        '''
      
        '''
        Qd5d6

               ╔═════════════════╗
        0x38 8 ║ q · · N · · · · ║ 63
        0x30 7 ║ · · · · · · R · ║ 55
        0x28 6 ║ · · · q · · · · ║ 47
        0x20 5 ║ · · · · · · · · ║ 39
        0x18 4 ║ · · · · q · · P ║ 31
        0x10 3 ║ · R · · · · · · ║ 23
        0x08 2 ║ · R · · · · · · ║ 15
        0x00 1 ║ · · · q · · · q ║ 7
               ╚═════════════════╝
                 A B C D E F G H

        '''
      
        '''
        Qd5e6

               ╔═════════════════╗
        0x38 8 ║ q · · N · · · · ║ 63
        0x30 7 ║ · · · · · · R · ║ 55
        0x28 6 ║ · · · · q · · · ║ 47
        0x20 5 ║ · · · · · · · · ║ 39
        0x18 4 ║ · · · · q · · P ║ 31
        0x10 3 ║ · R · · · · · · ║ 23
        0x08 2 ║ · R · · · · · · ║ 15
        0x00 1 ║ · · · q · · · q ║ 7
               ╚═════════════════╝
                 A B C D E F G H

        '''
      
        '''
        Qd5b7

               ╔═════════════════╗
        0x38 8 ║ q · · N · · · · ║ 63
        0x30 7 ║ · q · · · · R · ║ 55
        0x28 6 ║ · · · · · · · · ║ 47
        0x20 5 ║ · · · · · · · · ║ 39
        0x18 4 ║ · · · · q · · P ║ 31
        0x10 3 ║ · R · · · · · · ║ 23
        0x08 2 ║ · R · · · · · · ║ 15
        0x00 1 ║ · · · q · · · q ║ 7
               ╚═════════════════╝
                 A B C D E F G H

        '''
      
        '''
        Qd5d7

               ╔═════════════════╗
        0x38 8 ║ q · · N · · · · ║ 63
        0x30 7 ║ · · · q · · R · ║ 55
        0x28 6 ║ · · · · · · · · ║ 47
        0x20 5 ║ · · · · · · · · ║ 39
        0x18 4 ║ · · · · q · · P ║ 31
        0x10 3 ║ · R · · · · · · ║ 23
        0x08 2 ║ · R · · · · · · ║ 15
        0x00 1 ║ · · · q · · · q ║ 7
               ╚═════════════════╝
                 A B C D E F G H

        '''
      
        '''
        Qd5f7

               ╔═════════════════╗
        0x38 8 ║ q · · N · · · · ║ 63
        0x30 7 ║ · · · · · q R · ║ 55
        0x28 6 ║ · · · · · · · · ║ 47
        0x20 5 ║ · · · · · · · · ║ 39
        0x18 4 ║ · · · · q · · P ║ 31
        0x10 3 ║ · R · · · · · · ║ 23
        0x08 2 ║ · R · · · · · · ║ 15
        0x00 1 ║ · · · q · · · q ║ 7
               ╚═════════════════╝
                 A B C D E F G H

        '''
      
        '''
        Qd5xd8

               ╔═════════════════╗
        0x38 8 ║ q · · q · · · · ║ 63
        0x30 7 ║ · · · · · · R · ║ 55
        0x28 6 ║ · · · · · · · · ║ 47
        0x20 5 ║ · · · · · · · · ║ 39
        0x18 4 ║ · · · · q · · P ║ 31
        0x10 3 ║ · R · · · · · · ║ 23
        0x08 2 ║ · R · · · · · · ║ 15
        0x00 1 ║ · · · q · · · q ║ 7
               ╚═════════════════╝
                 A B C D E F G H

        '''
      
        '''
        Qd5g8

               ╔═════════════════╗
        0x38 8 ║ q · · N · · q · ║ 63
        0x30 7 ║ · · · · · · R · ║ 55
        0x28 6 ║ · · · · · · · · ║ 47
        0x20 5 ║ · · · · · · · · ║ 39
        0x18 4 ║ · · · · q · · P ║ 31
        0x10 3 ║ · R · · · · · · ║ 23
        0x08 2 ║ · R · · · · · · ║ 15
        0x00 1 ║ · · · q · · · q ║ 7
               ╚═════════════════╝
                 A B C D E F G H

        '''
      
        '''
        Qa8a1

               ╔═════════════════╗
        0x38 8 ║ · · · N · · · · ║ 63
        0x30 7 ║ · · · · · · R · ║ 55
        0x28 6 ║ · · · · · · · · ║ 47
        0x20 5 ║ · · · q · · · · ║ 39
        0x18 4 ║ · · · · q · · P ║ 31
        0x10 3 ║ · R · · · · · · ║ 23
        0x08 2 ║ · R · · · · · · ║ 15
        0x00 1 ║ q · · q · · · q ║ 7
               ╚═════════════════╝
                 A B C D E F G H

        '''
      
        '''
        Qa8a2

               ╔═════════════════╗
        0x38 8 ║ · · · N · · · · ║ 63
        0x30 7 ║ · · · · · · R · ║ 55
        0x28 6 ║ · · · · · · · · ║ 47
        0x20 5 ║ · · · q · · · · ║ 39
        0x18 4 ║ · · · · q · · P ║ 31
        0x10 3 ║ · R · · · · · · ║ 23
        0x08 2 ║ q R · · · · · · ║ 15
        0x00 1 ║ · · · q · · · q ║ 7
               ╚═════════════════╝
                 A B C D E F G H

        '''
      
        '''
        Qa8a3

               ╔═════════════════╗
        0x38 8 ║ · · · N · · · · ║ 63
        0x30 7 ║ · · · · · · R · ║ 55
        0x28 6 ║ · · · · · · · · ║ 47
        0x20 5 ║ · · · q · · · · ║ 39
        0x18 4 ║ · · · · q · · P ║ 31
        0x10 3 ║ q R · · · · · · ║ 23
        0x08 2 ║ · R · · · · · · ║ 15
        0x00 1 ║ · · · q · · · q ║ 7
               ╚═════════════════╝
                 A B C D E F G H

        '''
      
        '''
        Qa8a4

               ╔═════════════════╗
        0x38 8 ║ · · · N · · · · ║ 63
        0x30 7 ║ · · · · · · R · ║ 55
        0x28 6 ║ · · · · · · · · ║ 47
        0x20 5 ║ · · · q · · · · ║ 39
        0x18 4 ║ q · · · q · · P ║ 31
        0x10 3 ║ · R · · · · · · ║ 23
        0x08 2 ║ · R · · · · · · ║ 15
        0x00 1 ║ · · · q · · · q ║ 7
               ╚═════════════════╝
                 A B C D E F G H

        '''
      
        '''
        Qa8a5

               ╔═════════════════╗
        0x38 8 ║ · · · N · · · · ║ 63
        0x30 7 ║ · · · · · · R · ║ 55
        0x28 6 ║ · · · · · · · · ║ 47
        0x20 5 ║ q · · q · · · · ║ 39
        0x18 4 ║ · · · · q · · P ║ 31
        0x10 3 ║ · R · · · · · · ║ 23
        0x08 2 ║ · R · · · · · · ║ 15
        0x00 1 ║ · · · q · · · q ║ 7
               ╚═════════════════╝
                 A B C D E F G H

        '''
      
        '''
        Qa8a6

               ╔═════════════════╗
        0x38 8 ║ · · · N · · · · ║ 63
        0x30 7 ║ · · · · · · R · ║ 55
        0x28 6 ║ q · · · · · · · ║ 47
        0x20 5 ║ · · · q · · · · ║ 39
        0x18 4 ║ · · · · q · · P ║ 31
        0x10 3 ║ · R · · · · · · ║ 23
        0x08 2 ║ · R · · · · · · ║ 15
        0x00 1 ║ · · · q · · · q ║ 7
               ╚═════════════════╝
                 A B C D E F G H

        '''
      
        '''
        Qa8c6

               ╔═════════════════╗
        0x38 8 ║ · · · N · · · · ║ 63
        0x30 7 ║ · · · · · · R · ║ 55
        0x28 6 ║ · · q · · · · · ║ 47
        0x20 5 ║ · · · q · · · · ║ 39
        0x18 4 ║ · · · · q · · P ║ 31
        0x10 3 ║ · R · · · · · · ║ 23
        0x08 2 ║ · R · · · · · · ║ 15
        0x00 1 ║ · · · q · · · q ║ 7
               ╚═════════════════╝
                 A B C D E F G H

        '''
      
        '''
        Qa8a7

               ╔═════════════════╗
        0x38 8 ║ · · · N · · · · ║ 63
        0x30 7 ║ q · · · · · R · ║ 55
        0x28 6 ║ · · · · · · · · ║ 47
        0x20 5 ║ · · · q · · · · ║ 39
        0x18 4 ║ · · · · q · · P ║ 31
        0x10 3 ║ · R · · · · · · ║ 23
        0x08 2 ║ · R · · · · · · ║ 15
        0x00 1 ║ · · · q · · · q ║ 7
               ╚═════════════════╝
                 A B C D E F G H

        '''
      
        '''
        Qa8b7

               ╔═════════════════╗
        0x38 8 ║ · · · N · · · · ║ 63
        0x30 7 ║ · q · · · · R · ║ 55
        0x28 6 ║ · · · · · · · · ║ 47
        0x20 5 ║ · · · q · · · · ║ 39
        0x18 4 ║ · · · · q · · P ║ 31
        0x10 3 ║ · R · · · · · · ║ 23
        0x08 2 ║ · R · · · · · · ║ 15
        0x00 1 ║ · · · q · · · q ║ 7
               ╚═════════════════╝
                 A B C D E F G H

        '''
      
        '''
        Qa8b8

               ╔═════════════════╗
        0x38 8 ║ · q · N · · · · ║ 63
        0x30 7 ║ · · · · · · R · ║ 55
        0x28 6 ║ · · · · · · · · ║ 47
        0x20 5 ║ · · · q · · · · ║ 39
        0x18 4 ║ · · · · q · · P ║ 31
        0x10 3 ║ · R · · · · · · ║ 23
        0x08 2 ║ · R · · · · · · ║ 15
        0x00 1 ║ · · · q · · · q ║ 7
               ╚═════════════════╝
                 A B C D E F G H

        '''
      
        '''
        Qa8c8

               ╔═════════════════╗
        0x38 8 ║ · · q N · · · · ║ 63
        0x30 7 ║ · · · · · · R · ║ 55
        0x28 6 ║ · · · · · · · · ║ 47
        0x20 5 ║ · · · q · · · · ║ 39
        0x18 4 ║ · · · · q · · P ║ 31
        0x10 3 ║ · R · · · · · · ║ 23
        0x08 2 ║ · R · · · · · · ║ 15
        0x00 1 ║ · · · q · · · q ║ 7
               ╚═════════════════╝
                 A B C D E F G H

        '''
      
        '''
        Qa8xd8

               ╔═════════════════╗
        0x38 8 ║ · · · q · · · · ║ 63
        0x30 7 ║ · · · · · · R · ║ 55
        0x28 6 ║ · · · · · · · · ║ 47
        0x20 5 ║ · · · q · · · · ║ 39
        0x18 4 ║ · · · · q · · P ║ 31
        0x10 3 ║ · R · · · · · · ║ 23
        0x08 2 ║ · R · · · · · · ║ 15
        0x00 1 ║ · · · q · · · q ║ 7
               ╚═════════════════╝
                 A B C D E F G H

        '''
    ]
  }
}