{
  "rook_move_generation::test_generate_black_rook_moves":
  {
    file:
    [
      chess-lib
      tests
      rook_move_generation.rs
    ]
    module_path: rook_move_generation
    test_function: test_generate_black_rook_moves
    recorded_value:
    [
      
        '''
        First Move

               ╔═════════════════╗
        0x38 8 ║ r · · · N · · · ║ 63
        0x30 7 ║ · · · · · · · · ║ 55
        0x28 6 ║ · · · · · r · · ║ 47
        0x20 5 ║ · · · · · · · · ║ 39
        0x18 4 ║ · · r · · · · N ║ 31
        0x10 3 ║ · · · · · · · · ║ 23
        0x08 2 ║ · · · · r · · · ║ 15
        0x00 1 ║ · · · · N · r r ║ 7
               ╚═════════════════╝
                 A B C D E F G H

        '''
      
        '''
        Rg1xe1

               ╔═════════════════╗
        0x38 8 ║ r · · · N · · · ║ 63
        0x30 7 ║ · · · · · · · · ║ 55
        0x28 6 ║ · · · · · r · · ║ 47
        0x20 5 ║ · · · · · · · · ║ 39
        0x18 4 ║ · · r · · · · N ║ 31
        0x10 3 ║ · · · · · · · · ║ 23
        0x08 2 ║ · · · · r · · · ║ 15
        0x00 1 ║ · · · · r · · r ║ 7
               ╚═════════════════╝
                 A B C D E F G H

        '''
      
        '''
        Rg1f1

               ╔═════════════════╗
        0x38 8 ║ r · · · N · · · ║ 63
        0x30 7 ║ · · · · · · · · ║ 55
        0x28 6 ║ · · · · · r · · ║ 47
        0x20 5 ║ · · · · · · · · ║ 39
        0x18 4 ║ · · r · · · · N ║ 31
        0x10 3 ║ · · · · · · · · ║ 23
        0x08 2 ║ · · · · r · · · ║ 15
        0x00 1 ║ · · · · N r · r ║ 7
               ╚═════════════════╝
                 A B C D E F G H

        '''
      
        '''
        Rg1g2

               ╔═════════════════╗
        0x38 8 ║ r · · · N · · · ║ 63
        0x30 7 ║ · · · · · · · · ║ 55
        0x28 6 ║ · · · · · r · · ║ 47
        0x20 5 ║ · · · · · · · · ║ 39
        0x18 4 ║ · · r · · · · N ║ 31
        0x10 3 ║ · · · · · · · · ║ 23
        0x08 2 ║ · · · · r · r · ║ 15
        0x00 1 ║ · · · · N · · r ║ 7
               ╚═════════════════╝
                 A B C D E F G H

        '''
      
        '''
        Rg1g3

               ╔═════════════════╗
        0x38 8 ║ r · · · N · · · ║ 63
        0x30 7 ║ · · · · · · · · ║ 55
        0x28 6 ║ · · · · · r · · ║ 47
        0x20 5 ║ · · · · · · · · ║ 39
        0x18 4 ║ · · r · · · · N ║ 31
        0x10 3 ║ · · · · · · r · ║ 23
        0x08 2 ║ · · · · r · · · ║ 15
        0x00 1 ║ · · · · N · · r ║ 7
               ╚═════════════════╝
                 A B C D E F G H

        '''
      
        '''
        Rg1g4

               ╔═════════════════╗
        0x38 8 ║ r · · · N · · · ║ 63
        0x30 7 ║ · · · · · · · · ║ 55
        0x28 6 ║ · · · · · r · · ║ 47
        0x20 5 ║ · · · · · · · · ║ 39
        0x18 4 ║ · · r · · · r N ║ 31
        0x10 3 ║ · · · · · · · · ║ 23
        0x08 2 ║ · · · · r · · · ║ 15
        0x00 1 ║ · · · · N · · r ║ 7
               ╚═════════════════╝
                 A B C D E F G H

        '''
      
        '''
        Rg1g5

               ╔═════════════════╗
        0x38 8 ║ r · · · N · · · ║ 63
        0x30 7 ║ · · · · · · · · ║ 55
        0x28 6 ║ · · · · · r · · ║ 47
        0x20 5 ║ · · · · · · r · ║ 39
        0x18 4 ║ · · r · · · · N ║ 31
        0x10 3 ║ · · · · · · · · ║ 23
        0x08 2 ║ · · · · r · · · ║ 15
        0x00 1 ║ · · · · N · · r ║ 7
               ╚═════════════════╝
                 A B C D E F G H

        '''
      
        '''
        Rg1g6

               ╔═════════════════╗
        0x38 8 ║ r · · · N · · · ║ 63
        0x30 7 ║ · · · · · · · · ║ 55
        0x28 6 ║ · · · · · r r · ║ 47
        0x20 5 ║ · · · · · · · · ║ 39
        0x18 4 ║ · · r · · · · N ║ 31
        0x10 3 ║ · · · · · · · · ║ 23
        0x08 2 ║ · · · · r · · · ║ 15
        0x00 1 ║ · · · · N · · r ║ 7
               ╚═════════════════╝
                 A B C D E F G H

        '''
      
        '''
        Rg1g7

               ╔═════════════════╗
        0x38 8 ║ r · · · N · · · ║ 63
        0x30 7 ║ · · · · · · r · ║ 55
        0x28 6 ║ · · · · · r · · ║ 47
        0x20 5 ║ · · · · · · · · ║ 39
        0x18 4 ║ · · r · · · · N ║ 31
        0x10 3 ║ · · · · · · · · ║ 23
        0x08 2 ║ · · · · r · · · ║ 15
        0x00 1 ║ · · · · N · · r ║ 7
               ╚═════════════════╝
                 A B C D E F G H

        '''
      
        '''
        Rg1g8

               ╔═════════════════╗
        0x38 8 ║ r · · · N · r · ║ 63
        0x30 7 ║ · · · · · · · · ║ 55
        0x28 6 ║ · · · · · r · · ║ 47
        0x20 5 ║ · · · · · · · · ║ 39
        0x18 4 ║ · · r · · · · N ║ 31
        0x10 3 ║ · · · · · · · · ║ 23
        0x08 2 ║ · · · · r · · · ║ 15
        0x00 1 ║ · · · · N · · r ║ 7
               ╚═════════════════╝
                 A B C D E F G H

        '''
      
        '''
        Rh1h2

               ╔═════════════════╗
        0x38 8 ║ r · · · N · · · ║ 63
        0x30 7 ║ · · · · · · · · ║ 55
        0x28 6 ║ · · · · · r · · ║ 47
        0x20 5 ║ · · · · · · · · ║ 39
        0x18 4 ║ · · r · · · · N ║ 31
        0x10 3 ║ · · · · · · · · ║ 23
        0x08 2 ║ · · · · r · · r ║ 15
        0x00 1 ║ · · · · N · r · ║ 7
               ╚═════════════════╝
                 A B C D E F G H

        '''
      
        '''
        Rh1h3

               ╔═════════════════╗
        0x38 8 ║ r · · · N · · · ║ 63
        0x30 7 ║ · · · · · · · · ║ 55
        0x28 6 ║ · · · · · r · · ║ 47
        0x20 5 ║ · · · · · · · · ║ 39
        0x18 4 ║ · · r · · · · N ║ 31
        0x10 3 ║ · · · · · · · r ║ 23
        0x08 2 ║ · · · · r · · · ║ 15
        0x00 1 ║ · · · · N · r · ║ 7
               ╚═════════════════╝
                 A B C D E F G H

        '''
      
        '''
        Rh1xh4

               ╔═════════════════╗
        0x38 8 ║ r · · · N · · · ║ 63
        0x30 7 ║ · · · · · · · · ║ 55
        0x28 6 ║ · · · · · r · · ║ 47
        0x20 5 ║ · · · · · · · · ║ 39
        0x18 4 ║ · · r · · · · r ║ 31
        0x10 3 ║ · · · · · · · · ║ 23
        0x08 2 ║ · · · · r · · · ║ 15
        0x00 1 ║ · · · · N · r · ║ 7
               ╚═════════════════╝
                 A B C D E F G H

        '''
      
        '''
        Re2xe1

               ╔═════════════════╗
        0x38 8 ║ r · · · N · · · ║ 63
        0x30 7 ║ · · · · · · · · ║ 55
        0x28 6 ║ · · · · · r · · ║ 47
        0x20 5 ║ · · · · · · · · ║ 39
        0x18 4 ║ · · r · · · · N ║ 31
        0x10 3 ║ · · · · · · · · ║ 23
        0x08 2 ║ · · · · · · · · ║ 15
        0x00 1 ║ · · · · r · r r ║ 7
               ╚═════════════════╝
                 A B C D E F G H

        '''
      
        '''
        Re2a2

               ╔═════════════════╗
        0x38 8 ║ r · · · N · · · ║ 63
        0x30 7 ║ · · · · · · · · ║ 55
        0x28 6 ║ · · · · · r · · ║ 47
        0x20 5 ║ · · · · · · · · ║ 39
        0x18 4 ║ · · r · · · · N ║ 31
        0x10 3 ║ · · · · · · · · ║ 23
        0x08 2 ║ r · · · · · · · ║ 15
        0x00 1 ║ · · · · N · r r ║ 7
               ╚═════════════════╝
                 A B C D E F G H

        '''
      
        '''
        Re2b2

               ╔═════════════════╗
        0x38 8 ║ r · · · N · · · ║ 63
        0x30 7 ║ · · · · · · · · ║ 55
        0x28 6 ║ · · · · · r · · ║ 47
        0x20 5 ║ · · · · · · · · ║ 39
        0x18 4 ║ · · r · · · · N ║ 31
        0x10 3 ║ · · · · · · · · ║ 23
        0x08 2 ║ · r · · · · · · ║ 15
        0x00 1 ║ · · · · N · r r ║ 7
               ╚═════════════════╝
                 A B C D E F G H

        '''
      
        '''
        Re2c2

               ╔═════════════════╗
        0x38 8 ║ r · · · N · · · ║ 63
        0x30 7 ║ · · · · · · · · ║ 55
        0x28 6 ║ · · · · · r · · ║ 47
        0x20 5 ║ · · · · · · · · ║ 39
        0x18 4 ║ · · r · · · · N ║ 31
        0x10 3 ║ · · · · · · · · ║ 23
        0x08 2 ║ · · r · · · · · ║ 15
        0x00 1 ║ · · · · N · r r ║ 7
               ╚═════════════════╝
                 A B C D E F G H

        '''
      
        '''
        Re2d2

               ╔═════════════════╗
        0x38 8 ║ r · · · N · · · ║ 63
        0x30 7 ║ · · · · · · · · ║ 55
        0x28 6 ║ · · · · · r · · ║ 47
        0x20 5 ║ · · · · · · · · ║ 39
        0x18 4 ║ · · r · · · · N ║ 31
        0x10 3 ║ · · · · · · · · ║ 23
        0x08 2 ║ · · · r · · · · ║ 15
        0x00 1 ║ · · · · N · r r ║ 7
               ╚═════════════════╝
                 A B C D E F G H

        '''
      
        '''
        Re2f2

               ╔═════════════════╗
        0x38 8 ║ r · · · N · · · ║ 63
        0x30 7 ║ · · · · · · · · ║ 55
        0x28 6 ║ · · · · · r · · ║ 47
        0x20 5 ║ · · · · · · · · ║ 39
        0x18 4 ║ · · r · · · · N ║ 31
        0x10 3 ║ · · · · · · · · ║ 23
        0x08 2 ║ · · · · · r · · ║ 15
        0x00 1 ║ · · · · N · r r ║ 7
               ╚═════════════════╝
                 A B C D E F G H

        '''
      
        '''
        Re2g2

               ╔═════════════════╗
        0x38 8 ║ r · · · N · · · ║ 63
        0x30 7 ║ · · · · · · · · ║ 55
        0x28 6 ║ · · · · · r · · ║ 47
        0x20 5 ║ · · · · · · · · ║ 39
        0x18 4 ║ · · r · · · · N ║ 31
        0x10 3 ║ · · · · · · · · ║ 23
        0x08 2 ║ · · · · · · r · ║ 15
        0x00 1 ║ · · · · N · r r ║ 7
               ╚═════════════════╝
                 A B C D E F G H

        '''
      
        '''
        Re2h2

               ╔═════════════════╗
        0x38 8 ║ r · · · N · · · ║ 63
        0x30 7 ║ · · · · · · · · ║ 55
        0x28 6 ║ · · · · · r · · ║ 47
        0x20 5 ║ · · · · · · · · ║ 39
        0x18 4 ║ · · r · · · · N ║ 31
        0x10 3 ║ · · · · · · · · ║ 23
        0x08 2 ║ · · · · · · · r ║ 15
        0x00 1 ║ · · · · N · r r ║ 7
               ╚═════════════════╝
                 A B C D E F G H

        '''
      
        '''
        Re2e3

               ╔═════════════════╗
        0x38 8 ║ r · · · N · · · ║ 63
        0x30 7 ║ · · · · · · · · ║ 55
        0x28 6 ║ · · · · · r · · ║ 47
        0x20 5 ║ · · · · · · · · ║ 39
        0x18 4 ║ · · r · · · · N ║ 31
        0x10 3 ║ · · · · r · · · ║ 23
        0x08 2 ║ · · · · · · · · ║ 15
        0x00 1 ║ · · · · N · r r ║ 7
               ╚═════════════════╝
                 A B C D E F G H

        '''
      
        '''
        Re2e4

               ╔═════════════════╗
        0x38 8 ║ r · · · N · · · ║ 63
        0x30 7 ║ · · · · · · · · ║ 55
        0x28 6 ║ · · · · · r · · ║ 47
        0x20 5 ║ · · · · · · · · ║ 39
        0x18 4 ║ · · r · r · · N ║ 31
        0x10 3 ║ · · · · · · · · ║ 23
        0x08 2 ║ · · · · · · · · ║ 15
        0x00 1 ║ · · · · N · r r ║ 7
               ╚═════════════════╝
                 A B C D E F G H

        '''
      
        '''
        Re2e5

               ╔═════════════════╗
        0x38 8 ║ r · · · N · · · ║ 63
        0x30 7 ║ · · · · · · · · ║ 55
        0x28 6 ║ · · · · · r · · ║ 47
        0x20 5 ║ · · · · r · · · ║ 39
        0x18 4 ║ · · r · · · · N ║ 31
        0x10 3 ║ · · · · · · · · ║ 23
        0x08 2 ║ · · · · · · · · ║ 15
        0x00 1 ║ · · · · N · r r ║ 7
               ╚═════════════════╝
                 A B C D E F G H

        '''
      
        '''
        Re2e6

               ╔═════════════════╗
        0x38 8 ║ r · · · N · · · ║ 63
        0x30 7 ║ · · · · · · · · ║ 55
        0x28 6 ║ · · · · r r · · ║ 47
        0x20 5 ║ · · · · · · · · ║ 39
        0x18 4 ║ · · r · · · · N ║ 31
        0x10 3 ║ · · · · · · · · ║ 23
        0x08 2 ║ · · · · · · · · ║ 15
        0x00 1 ║ · · · · N · r r ║ 7
               ╚═════════════════╝
                 A B C D E F G H

        '''
      
        '''
        Re2e7

               ╔═════════════════╗
        0x38 8 ║ r · · · N · · · ║ 63
        0x30 7 ║ · · · · r · · · ║ 55
        0x28 6 ║ · · · · · r · · ║ 47
        0x20 5 ║ · · · · · · · · ║ 39
        0x18 4 ║ · · r · · · · N ║ 31
        0x10 3 ║ · · · · · · · · ║ 23
        0x08 2 ║ · · · · · · · · ║ 15
        0x00 1 ║ · · · · N · r r ║ 7
               ╚═════════════════╝
                 A B C D E F G H

        '''
      
        '''
        Re2xe8

               ╔═════════════════╗
        0x38 8 ║ r · · · r · · · ║ 63
        0x30 7 ║ · · · · · · · · ║ 55
        0x28 6 ║ · · · · · r · · ║ 47
        0x20 5 ║ · · · · · · · · ║ 39
        0x18 4 ║ · · r · · · · N ║ 31
        0x10 3 ║ · · · · · · · · ║ 23
        0x08 2 ║ · · · · · · · · ║ 15
        0x00 1 ║ · · · · N · r r ║ 7
               ╚═════════════════╝
                 A B C D E F G H

        '''
      
        '''
        Rc4c1

               ╔═════════════════╗
        0x38 8 ║ r · · · N · · · ║ 63
        0x30 7 ║ · · · · · · · · ║ 55
        0x28 6 ║ · · · · · r · · ║ 47
        0x20 5 ║ · · · · · · · · ║ 39
        0x18 4 ║ · · · · · · · N ║ 31
        0x10 3 ║ · · · · · · · · ║ 23
        0x08 2 ║ · · · · r · · · ║ 15
        0x00 1 ║ · · r · N · r r ║ 7
               ╚═════════════════╝
                 A B C D E F G H

        '''
      
        '''
        Rc4c2

               ╔═════════════════╗
        0x38 8 ║ r · · · N · · · ║ 63
        0x30 7 ║ · · · · · · · · ║ 55
        0x28 6 ║ · · · · · r · · ║ 47
        0x20 5 ║ · · · · · · · · ║ 39
        0x18 4 ║ · · · · · · · N ║ 31
        0x10 3 ║ · · · · · · · · ║ 23
        0x08 2 ║ · · r · r · · · ║ 15
        0x00 1 ║ · · · · N · r r ║ 7
               ╚═════════════════╝
                 A B C D E F G H

        '''
      
        '''
        Rc4c3

               ╔═════════════════╗
        0x38 8 ║ r · · · N · · · ║ 63
        0x30 7 ║ · · · · · · · · ║ 55
        0x28 6 ║ · · · · · r · · ║ 47
        0x20 5 ║ · · · · · · · · ║ 39
        0x18 4 ║ · · · · · · · N ║ 31
        0x10 3 ║ · · r · · · · · ║ 23
        0x08 2 ║ · · · · r · · · ║ 15
        0x00 1 ║ · · · · N · r r ║ 7
               ╚═════════════════╝
                 A B C D E F G H

        '''
      
        '''
        Rc4a4

               ╔═════════════════╗
        0x38 8 ║ r · · · N · · · ║ 63
        0x30 7 ║ · · · · · · · · ║ 55
        0x28 6 ║ · · · · · r · · ║ 47
        0x20 5 ║ · · · · · · · · ║ 39
        0x18 4 ║ r · · · · · · N ║ 31
        0x10 3 ║ · · · · · · · · ║ 23
        0x08 2 ║ · · · · r · · · ║ 15
        0x00 1 ║ · · · · N · r r ║ 7
               ╚═════════════════╝
                 A B C D E F G H

        '''
      
        '''
        Rc4b4

               ╔═════════════════╗
        0x38 8 ║ r · · · N · · · ║ 63
        0x30 7 ║ · · · · · · · · ║ 55
        0x28 6 ║ · · · · · r · · ║ 47
        0x20 5 ║ · · · · · · · · ║ 39
        0x18 4 ║ · r · · · · · N ║ 31
        0x10 3 ║ · · · · · · · · ║ 23
        0x08 2 ║ · · · · r · · · ║ 15
        0x00 1 ║ · · · · N · r r ║ 7
               ╚═════════════════╝
                 A B C D E F G H

        '''
      
        '''
        Rc4d4

               ╔═════════════════╗
        0x38 8 ║ r · · · N · · · ║ 63
        0x30 7 ║ · · · · · · · · ║ 55
        0x28 6 ║ · · · · · r · · ║ 47
        0x20 5 ║ · · · · · · · · ║ 39
        0x18 4 ║ · · · r · · · N ║ 31
        0x10 3 ║ · · · · · · · · ║ 23
        0x08 2 ║ · · · · r · · · ║ 15
        0x00 1 ║ · · · · N · r r ║ 7
               ╚═════════════════╝
                 A B C D E F G H

        '''
      
        '''
        Rc4e4

               ╔═════════════════╗
        0x38 8 ║ r · · · N · · · ║ 63
        0x30 7 ║ · · · · · · · · ║ 55
        0x28 6 ║ · · · · · r · · ║ 47
        0x20 5 ║ · · · · · · · · ║ 39
        0x18 4 ║ · · · · r · · N ║ 31
        0x10 3 ║ · · · · · · · · ║ 23
        0x08 2 ║ · · · · r · · · ║ 15
        0x00 1 ║ · · · · N · r r ║ 7
               ╚═════════════════╝
                 A B C D E F G H

        '''
      
        '''
        Rc4f4

               ╔═════════════════╗
        0x38 8 ║ r · · · N · · · ║ 63
        0x30 7 ║ · · · · · · · · ║ 55
        0x28 6 ║ · · · · · r · · ║ 47
        0x20 5 ║ · · · · · · · · ║ 39
        0x18 4 ║ · · · · · r · N ║ 31
        0x10 3 ║ · · · · · · · · ║ 23
        0x08 2 ║ · · · · r · · · ║ 15
        0x00 1 ║ · · · · N · r r ║ 7
               ╚═════════════════╝
                 A B C D E F G H

        '''
      
        '''
        Rc4g4

               ╔═════════════════╗
        0x38 8 ║ r · · · N · · · ║ 63
        0x30 7 ║ · · · · · · · · ║ 55
        0x28 6 ║ · · · · · r · · ║ 47
        0x20 5 ║ · · · · · · · · ║ 39
        0x18 4 ║ · · · · · · r N ║ 31
        0x10 3 ║ · · · · · · · · ║ 23
        0x08 2 ║ · · · · r · · · ║ 15
        0x00 1 ║ · · · · N · r r ║ 7
               ╚═════════════════╝
                 A B C D E F G H

        '''
      
        '''
        Rc4xh4

               ╔═════════════════╗
        0x38 8 ║ r · · · N · · · ║ 63
        0x30 7 ║ · · · · · · · · ║ 55
        0x28 6 ║ · · · · · r · · ║ 47
        0x20 5 ║ · · · · · · · · ║ 39
        0x18 4 ║ · · · · · · · r ║ 31
        0x10 3 ║ · · · · · · · · ║ 23
        0x08 2 ║ · · · · r · · · ║ 15
        0x00 1 ║ · · · · N · r r ║ 7
               ╚═════════════════╝
                 A B C D E F G H

        '''
      
        '''
        Rc4c5

               ╔═════════════════╗
        0x38 8 ║ r · · · N · · · ║ 63
        0x30 7 ║ · · · · · · · · ║ 55
        0x28 6 ║ · · · · · r · · ║ 47
        0x20 5 ║ · · r · · · · · ║ 39
        0x18 4 ║ · · · · · · · N ║ 31
        0x10 3 ║ · · · · · · · · ║ 23
        0x08 2 ║ · · · · r · · · ║ 15
        0x00 1 ║ · · · · N · r r ║ 7
               ╚═════════════════╝
                 A B C D E F G H

        '''
      
        '''
        Rc4c6

               ╔═════════════════╗
        0x38 8 ║ r · · · N · · · ║ 63
        0x30 7 ║ · · · · · · · · ║ 55
        0x28 6 ║ · · r · · r · · ║ 47
        0x20 5 ║ · · · · · · · · ║ 39
        0x18 4 ║ · · · · · · · N ║ 31
        0x10 3 ║ · · · · · · · · ║ 23
        0x08 2 ║ · · · · r · · · ║ 15
        0x00 1 ║ · · · · N · r r ║ 7
               ╚═════════════════╝
                 A B C D E F G H

        '''
      
        '''
        Rc4c7

               ╔═════════════════╗
        0x38 8 ║ r · · · N · · · ║ 63
        0x30 7 ║ · · r · · · · · ║ 55
        0x28 6 ║ · · · · · r · · ║ 47
        0x20 5 ║ · · · · · · · · ║ 39
        0x18 4 ║ · · · · · · · N ║ 31
        0x10 3 ║ · · · · · · · · ║ 23
        0x08 2 ║ · · · · r · · · ║ 15
        0x00 1 ║ · · · · N · r r ║ 7
               ╚═════════════════╝
                 A B C D E F G H

        '''
      
        '''
        Rc4c8

               ╔═════════════════╗
        0x38 8 ║ r · r · N · · · ║ 63
        0x30 7 ║ · · · · · · · · ║ 55
        0x28 6 ║ · · · · · r · · ║ 47
        0x20 5 ║ · · · · · · · · ║ 39
        0x18 4 ║ · · · · · · · N ║ 31
        0x10 3 ║ · · · · · · · · ║ 23
        0x08 2 ║ · · · · r · · · ║ 15
        0x00 1 ║ · · · · N · r r ║ 7
               ╚═════════════════╝
                 A B C D E F G H

        '''
      
        '''
        Rf6f1

               ╔═════════════════╗
        0x38 8 ║ r · · · N · · · ║ 63
        0x30 7 ║ · · · · · · · · ║ 55
        0x28 6 ║ · · · · · · · · ║ 47
        0x20 5 ║ · · · · · · · · ║ 39
        0x18 4 ║ · · r · · · · N ║ 31
        0x10 3 ║ · · · · · · · · ║ 23
        0x08 2 ║ · · · · r · · · ║ 15
        0x00 1 ║ · · · · N r r r ║ 7
               ╚═════════════════╝
                 A B C D E F G H

        '''
      
        '''
        Rf6f2

               ╔═════════════════╗
        0x38 8 ║ r · · · N · · · ║ 63
        0x30 7 ║ · · · · · · · · ║ 55
        0x28 6 ║ · · · · · · · · ║ 47
        0x20 5 ║ · · · · · · · · ║ 39
        0x18 4 ║ · · r · · · · N ║ 31
        0x10 3 ║ · · · · · · · · ║ 23
        0x08 2 ║ · · · · r r · · ║ 15
        0x00 1 ║ · · · · N · r r ║ 7
               ╚═════════════════╝
                 A B C D E F G H

        '''
      
        '''
        Rf6f3

               ╔═════════════════╗
        0x38 8 ║ r · · · N · · · ║ 63
        0x30 7 ║ · · · · · · · · ║ 55
        0x28 6 ║ · · · · · · · · ║ 47
        0x20 5 ║ · · · · · · · · ║ 39
        0x18 4 ║ · · r · · · · N ║ 31
        0x10 3 ║ · · · · · r · · ║ 23
        0x08 2 ║ · · · · r · · · ║ 15
        0x00 1 ║ · · · · N · r r ║ 7
               ╚═════════════════╝
                 A B C D E F G H

        '''
      
        '''
        Rf6f4

               ╔═════════════════╗
        0x38 8 ║ r · · · N · · · ║ 63
        0x30 7 ║ · · · · · · · · ║ 55
        0x28 6 ║ · · · · · · · · ║ 47
        0x20 5 ║ · · · · · · · · ║ 39
        0x18 4 ║ · · r · · r · N ║ 31
        0x10 3 ║ · · · · · · · · ║ 23
        0x08 2 ║ · · · · r · · · ║ 15
        0x00 1 ║ · · · · N · r r ║ 7
               ╚═════════════════╝
                 A B C D E F G H

        '''
      
        '''
        Rf6f5

               ╔═════════════════╗
        0x38 8 ║ r · · · N · · · ║ 63
        0x30 7 ║ · · · · · · · · ║ 55
        0x28 6 ║ · · · · · · · · ║ 47
        0x20 5 ║ · · · · · r · · ║ 39
        0x18 4 ║ · · r · · · · N ║ 31
        0x10 3 ║ · · · · · · · · ║ 23
        0x08 2 ║ · · · · r · · · ║ 15
        0x00 1 ║ · · · · N · r r ║ 7
               ╚═════════════════╝
                 A B C D E F G H

        '''
      
        '''
        Rf6a6

               ╔═════════════════╗
        0x38 8 ║ r · · · N · · · ║ 63
        0x30 7 ║ · · · · · · · · ║ 55
        0x28 6 ║ r · · · · · · · ║ 47
        0x20 5 ║ · · · · · · · · ║ 39
        0x18 4 ║ · · r · · · · N ║ 31
        0x10 3 ║ · · · · · · · · ║ 23
        0x08 2 ║ · · · · r · · · ║ 15
        0x00 1 ║ · · · · N · r r ║ 7
               ╚═════════════════╝
                 A B C D E F G H

        '''
      
        '''
        Rf6b6

               ╔═════════════════╗
        0x38 8 ║ r · · · N · · · ║ 63
        0x30 7 ║ · · · · · · · · ║ 55
        0x28 6 ║ · r · · · · · · ║ 47
        0x20 5 ║ · · · · · · · · ║ 39
        0x18 4 ║ · · r · · · · N ║ 31
        0x10 3 ║ · · · · · · · · ║ 23
        0x08 2 ║ · · · · r · · · ║ 15
        0x00 1 ║ · · · · N · r r ║ 7
               ╚═════════════════╝
                 A B C D E F G H

        '''
      
        '''
        Rf6c6

               ╔═════════════════╗
        0x38 8 ║ r · · · N · · · ║ 63
        0x30 7 ║ · · · · · · · · ║ 55
        0x28 6 ║ · · r · · · · · ║ 47
        0x20 5 ║ · · · · · · · · ║ 39
        0x18 4 ║ · · r · · · · N ║ 31
        0x10 3 ║ · · · · · · · · ║ 23
        0x08 2 ║ · · · · r · · · ║ 15
        0x00 1 ║ · · · · N · r r ║ 7
               ╚═════════════════╝
                 A B C D E F G H

        '''
      
        '''
        Rf6d6

               ╔═════════════════╗
        0x38 8 ║ r · · · N · · · ║ 63
        0x30 7 ║ · · · · · · · · ║ 55
        0x28 6 ║ · · · r · · · · ║ 47
        0x20 5 ║ · · · · · · · · ║ 39
        0x18 4 ║ · · r · · · · N ║ 31
        0x10 3 ║ · · · · · · · · ║ 23
        0x08 2 ║ · · · · r · · · ║ 15
        0x00 1 ║ · · · · N · r r ║ 7
               ╚═════════════════╝
                 A B C D E F G H

        '''
      
        '''
        Rf6e6

               ╔═════════════════╗
        0x38 8 ║ r · · · N · · · ║ 63
        0x30 7 ║ · · · · · · · · ║ 55
        0x28 6 ║ · · · · r · · · ║ 47
        0x20 5 ║ · · · · · · · · ║ 39
        0x18 4 ║ · · r · · · · N ║ 31
        0x10 3 ║ · · · · · · · · ║ 23
        0x08 2 ║ · · · · r · · · ║ 15
        0x00 1 ║ · · · · N · r r ║ 7
               ╚═════════════════╝
                 A B C D E F G H

        '''
      
        '''
        Rf6g6

               ╔═════════════════╗
        0x38 8 ║ r · · · N · · · ║ 63
        0x30 7 ║ · · · · · · · · ║ 55
        0x28 6 ║ · · · · · · r · ║ 47
        0x20 5 ║ · · · · · · · · ║ 39
        0x18 4 ║ · · r · · · · N ║ 31
        0x10 3 ║ · · · · · · · · ║ 23
        0x08 2 ║ · · · · r · · · ║ 15
        0x00 1 ║ · · · · N · r r ║ 7
               ╚═════════════════╝
                 A B C D E F G H

        '''
      
        '''
        Rf6h6

               ╔═════════════════╗
        0x38 8 ║ r · · · N · · · ║ 63
        0x30 7 ║ · · · · · · · · ║ 55
        0x28 6 ║ · · · · · · · r ║ 47
        0x20 5 ║ · · · · · · · · ║ 39
        0x18 4 ║ · · r · · · · N ║ 31
        0x10 3 ║ · · · · · · · · ║ 23
        0x08 2 ║ · · · · r · · · ║ 15
        0x00 1 ║ · · · · N · r r ║ 7
               ╚═════════════════╝
                 A B C D E F G H

        '''
      
        '''
        Rf6f7

               ╔═════════════════╗
        0x38 8 ║ r · · · N · · · ║ 63
        0x30 7 ║ · · · · · r · · ║ 55
        0x28 6 ║ · · · · · · · · ║ 47
        0x20 5 ║ · · · · · · · · ║ 39
        0x18 4 ║ · · r · · · · N ║ 31
        0x10 3 ║ · · · · · · · · ║ 23
        0x08 2 ║ · · · · r · · · ║ 15
        0x00 1 ║ · · · · N · r r ║ 7
               ╚═════════════════╝
                 A B C D E F G H

        '''
      
        '''
        Rf6f8

               ╔═════════════════╗
        0x38 8 ║ r · · · N r · · ║ 63
        0x30 7 ║ · · · · · · · · ║ 55
        0x28 6 ║ · · · · · · · · ║ 47
        0x20 5 ║ · · · · · · · · ║ 39
        0x18 4 ║ · · r · · · · N ║ 31
        0x10 3 ║ · · · · · · · · ║ 23
        0x08 2 ║ · · · · r · · · ║ 15
        0x00 1 ║ · · · · N · r r ║ 7
               ╚═════════════════╝
                 A B C D E F G H

        '''
      
        '''
        Ra8a1

               ╔═════════════════╗
        0x38 8 ║ · · · · N · · · ║ 63
        0x30 7 ║ · · · · · · · · ║ 55
        0x28 6 ║ · · · · · r · · ║ 47
        0x20 5 ║ · · · · · · · · ║ 39
        0x18 4 ║ · · r · · · · N ║ 31
        0x10 3 ║ · · · · · · · · ║ 23
        0x08 2 ║ · · · · r · · · ║ 15
        0x00 1 ║ r · · · N · r r ║ 7
               ╚═════════════════╝
                 A B C D E F G H

        '''
      
        '''
        Ra8a2

               ╔═════════════════╗
        0x38 8 ║ · · · · N · · · ║ 63
        0x30 7 ║ · · · · · · · · ║ 55
        0x28 6 ║ · · · · · r · · ║ 47
        0x20 5 ║ · · · · · · · · ║ 39
        0x18 4 ║ · · r · · · · N ║ 31
        0x10 3 ║ · · · · · · · · ║ 23
        0x08 2 ║ r · · · r · · · ║ 15
        0x00 1 ║ · · · · N · r r ║ 7
               ╚═════════════════╝
                 A B C D E F G H

        '''
      
        '''
        Ra8a3

               ╔═════════════════╗
        0x38 8 ║ · · · · N · · · ║ 63
        0x30 7 ║ · · · · · · · · ║ 55
        0x28 6 ║ · · · · · r · · ║ 47
        0x20 5 ║ · · · · · · · · ║ 39
        0x18 4 ║ · · r · · · · N ║ 31
        0x10 3 ║ r · · · · · · · ║ 23
        0x08 2 ║ · · · · r · · · ║ 15
        0x00 1 ║ · · · · N · r r ║ 7
               ╚═════════════════╝
                 A B C D E F G H

        '''
      
        '''
        Ra8a4

               ╔═════════════════╗
        0x38 8 ║ · · · · N · · · ║ 63
        0x30 7 ║ · · · · · · · · ║ 55
        0x28 6 ║ · · · · · r · · ║ 47
        0x20 5 ║ · · · · · · · · ║ 39
        0x18 4 ║ r · r · · · · N ║ 31
        0x10 3 ║ · · · · · · · · ║ 23
        0x08 2 ║ · · · · r · · · ║ 15
        0x00 1 ║ · · · · N · r r ║ 7
               ╚═════════════════╝
                 A B C D E F G H

        '''
      
        '''
        Ra8a5

               ╔═════════════════╗
        0x38 8 ║ · · · · N · · · ║ 63
        0x30 7 ║ · · · · · · · · ║ 55
        0x28 6 ║ · · · · · r · · ║ 47
        0x20 5 ║ r · · · · · · · ║ 39
        0x18 4 ║ · · r · · · · N ║ 31
        0x10 3 ║ · · · · · · · · ║ 23
        0x08 2 ║ · · · · r · · · ║ 15
        0x00 1 ║ · · · · N · r r ║ 7
               ╚═════════════════╝
                 A B C D E F G H

        '''
      
        '''
        Ra8a6

               ╔═════════════════╗
        0x38 8 ║ · · · · N · · · ║ 63
        0x30 7 ║ · · · · · · · · ║ 55
        0x28 6 ║ r · · · · r · · ║ 47
        0x20 5 ║ · · · · · · · · ║ 39
        0x18 4 ║ · · r · · · · N ║ 31
        0x10 3 ║ · · · · · · · · ║ 23
        0x08 2 ║ · · · · r · · · ║ 15
        0x00 1 ║ · · · · N · r r ║ 7
               ╚═════════════════╝
                 A B C D E F G H

        '''
      
        '''
        Ra8a7

               ╔═════════════════╗
        0x38 8 ║ · · · · N · · · ║ 63
        0x30 7 ║ r · · · · · · · ║ 55
        0x28 6 ║ · · · · · r · · ║ 47
        0x20 5 ║ · · · · · · · · ║ 39
        0x18 4 ║ · · r · · · · N ║ 31
        0x10 3 ║ · · · · · · · · ║ 23
        0x08 2 ║ · · · · r · · · ║ 15
        0x00 1 ║ · · · · N · r r ║ 7
               ╚═════════════════╝
                 A B C D E F G H

        '''
      
        '''
        Ra8b8

               ╔═════════════════╗
        0x38 8 ║ · r · · N · · · ║ 63
        0x30 7 ║ · · · · · · · · ║ 55
        0x28 6 ║ · · · · · r · · ║ 47
        0x20 5 ║ · · · · · · · · ║ 39
        0x18 4 ║ · · r · · · · N ║ 31
        0x10 3 ║ · · · · · · · · ║ 23
        0x08 2 ║ · · · · r · · · ║ 15
        0x00 1 ║ · · · · N · r r ║ 7
               ╚═════════════════╝
                 A B C D E F G H

        '''
      
        '''
        Ra8c8

               ╔═════════════════╗
        0x38 8 ║ · · r · N · · · ║ 63
        0x30 7 ║ · · · · · · · · ║ 55
        0x28 6 ║ · · · · · r · · ║ 47
        0x20 5 ║ · · · · · · · · ║ 39
        0x18 4 ║ · · r · · · · N ║ 31
        0x10 3 ║ · · · · · · · · ║ 23
        0x08 2 ║ · · · · r · · · ║ 15
        0x00 1 ║ · · · · N · r r ║ 7
               ╚═════════════════╝
                 A B C D E F G H

        '''
      
        '''
        Ra8d8

               ╔═════════════════╗
        0x38 8 ║ · · · r N · · · ║ 63
        0x30 7 ║ · · · · · · · · ║ 55
        0x28 6 ║ · · · · · r · · ║ 47
        0x20 5 ║ · · · · · · · · ║ 39
        0x18 4 ║ · · r · · · · N ║ 31
        0x10 3 ║ · · · · · · · · ║ 23
        0x08 2 ║ · · · · r · · · ║ 15
        0x00 1 ║ · · · · N · r r ║ 7
               ╚═════════════════╝
                 A B C D E F G H

        '''
      
        '''
        Ra8xe8

               ╔═════════════════╗
        0x38 8 ║ · · · · r · · · ║ 63
        0x30 7 ║ · · · · · · · · ║ 55
        0x28 6 ║ · · · · · r · · ║ 47
        0x20 5 ║ · · · · · · · · ║ 39
        0x18 4 ║ · · r · · · · N ║ 31
        0x10 3 ║ · · · · · · · · ║ 23
        0x08 2 ║ · · · · r · · · ║ 15
        0x00 1 ║ · · · · N · r r ║ 7
               ╚═════════════════╝
                 A B C D E F G H

        '''
    ]
  }
  "rook_move_generation::test_generate_white_rook_moves":
  {
    file:
    [
      chess-lib
      tests
      rook_move_generation.rs
    ]
    module_path: rook_move_generation
    test_function: test_generate_white_rook_moves
    recorded_value:
    [
      
        '''
        First Move

               ╔═════════════════╗
        0x38 8 ║ R · · n · · · · ║ 63
        0x30 7 ║ · · · · · · r · ║ 55
        0x28 6 ║ · · · · · · · · ║ 47
        0x20 5 ║ · · · R · · · · ║ 39
        0x18 4 ║ · · · · R · · p ║ 31
        0x10 3 ║ · · · · · · · · ║ 23
        0x08 2 ║ · r · · · · · · ║ 15
        0x00 1 ║ · · · R · · · R ║ 7
               ╚═════════════════╝
                 A B C D E F G H

        '''
      
        '''
        Rd1a1

               ╔═════════════════╗
        0x38 8 ║ R · · n · · · · ║ 63
        0x30 7 ║ · · · · · · r · ║ 55
        0x28 6 ║ · · · · · · · · ║ 47
        0x20 5 ║ · · · R · · · · ║ 39
        0x18 4 ║ · · · · R · · p ║ 31
        0x10 3 ║ · · · · · · · · ║ 23
        0x08 2 ║ · r · · · · · · ║ 15
        0x00 1 ║ R · · · · · · R ║ 7
               ╚═════════════════╝
                 A B C D E F G H

        '''
      
        '''
        Rd1b1

               ╔═════════════════╗
        0x38 8 ║ R · · n · · · · ║ 63
        0x30 7 ║ · · · · · · r · ║ 55
        0x28 6 ║ · · · · · · · · ║ 47
        0x20 5 ║ · · · R · · · · ║ 39
        0x18 4 ║ · · · · R · · p ║ 31
        0x10 3 ║ · · · · · · · · ║ 23
        0x08 2 ║ · r · · · · · · ║ 15
        0x00 1 ║ · R · · · · · R ║ 7
               ╚═════════════════╝
                 A B C D E F G H

        '''
      
        '''
        Rd1c1

               ╔═════════════════╗
        0x38 8 ║ R · · n · · · · ║ 63
        0x30 7 ║ · · · · · · r · ║ 55
        0x28 6 ║ · · · · · · · · ║ 47
        0x20 5 ║ · · · R · · · · ║ 39
        0x18 4 ║ · · · · R · · p ║ 31
        0x10 3 ║ · · · · · · · · ║ 23
        0x08 2 ║ · r · · · · · · ║ 15
        0x00 1 ║ · · R · · · · R ║ 7
               ╚═════════════════╝
                 A B C D E F G H

        '''
      
        '''
        Rd1e1

               ╔═════════════════╗
        0x38 8 ║ R · · n · · · · ║ 63
        0x30 7 ║ · · · · · · r · ║ 55
        0x28 6 ║ · · · · · · · · ║ 47
        0x20 5 ║ · · · R · · · · ║ 39
        0x18 4 ║ · · · · R · · p ║ 31
        0x10 3 ║ · · · · · · · · ║ 23
        0x08 2 ║ · r · · · · · · ║ 15
        0x00 1 ║ · · · · R · · R ║ 7
               ╚═════════════════╝
                 A B C D E F G H

        '''
      
        '''
        Rd1f1

               ╔═════════════════╗
        0x38 8 ║ R · · n · · · · ║ 63
        0x30 7 ║ · · · · · · r · ║ 55
        0x28 6 ║ · · · · · · · · ║ 47
        0x20 5 ║ · · · R · · · · ║ 39
        0x18 4 ║ · · · · R · · p ║ 31
        0x10 3 ║ · · · · · · · · ║ 23
        0x08 2 ║ · r · · · · · · ║ 15
        0x00 1 ║ · · · · · R · R ║ 7
               ╚═════════════════╝
                 A B C D E F G H

        '''
      
        '''
        Rd1g1

               ╔═════════════════╗
        0x38 8 ║ R · · n · · · · ║ 63
        0x30 7 ║ · · · · · · r · ║ 55
        0x28 6 ║ · · · · · · · · ║ 47
        0x20 5 ║ · · · R · · · · ║ 39
        0x18 4 ║ · · · · R · · p ║ 31
        0x10 3 ║ · · · · · · · · ║ 23
        0x08 2 ║ · r · · · · · · ║ 15
        0x00 1 ║ · · · · · · R R ║ 7
               ╚═════════════════╝
                 A B C D E F G H

        '''
      
        '''
        Rd1d2

               ╔═════════════════╗
        0x38 8 ║ R · · n · · · · ║ 63
        0x30 7 ║ · · · · · · r · ║ 55
        0x28 6 ║ · · · · · · · · ║ 47
        0x20 5 ║ · · · R · · · · ║ 39
        0x18 4 ║ · · · · R · · p ║ 31
        0x10 3 ║ · · · · · · · · ║ 23
        0x08 2 ║ · r · R · · · · ║ 15
        0x00 1 ║ · · · · · · · R ║ 7
               ╚═════════════════╝
                 A B C D E F G H

        '''
      
        '''
        Rd1d3

               ╔═════════════════╗
        0x38 8 ║ R · · n · · · · ║ 63
        0x30 7 ║ · · · · · · r · ║ 55
        0x28 6 ║ · · · · · · · · ║ 47
        0x20 5 ║ · · · R · · · · ║ 39
        0x18 4 ║ · · · · R · · p ║ 31
        0x10 3 ║ · · · R · · · · ║ 23
        0x08 2 ║ · r · · · · · · ║ 15
        0x00 1 ║ · · · · · · · R ║ 7
               ╚═════════════════╝
                 A B C D E F G H

        '''
      
        '''
        Rd1d4

               ╔═════════════════╗
        0x38 8 ║ R · · n · · · · ║ 63
        0x30 7 ║ · · · · · · r · ║ 55
        0x28 6 ║ · · · · · · · · ║ 47
        0x20 5 ║ · · · R · · · · ║ 39
        0x18 4 ║ · · · R R · · p ║ 31
        0x10 3 ║ · · · · · · · · ║ 23
        0x08 2 ║ · r · · · · · · ║ 15
        0x00 1 ║ · · · · · · · R ║ 7
               ╚═════════════════╝
                 A B C D E F G H

        '''
      
        '''
        Rh1e1

               ╔═════════════════╗
        0x38 8 ║ R · · n · · · · ║ 63
        0x30 7 ║ · · · · · · r · ║ 55
        0x28 6 ║ · · · · · · · · ║ 47
        0x20 5 ║ · · · R · · · · ║ 39
        0x18 4 ║ · · · · R · · p ║ 31
        0x10 3 ║ · · · · · · · · ║ 23
        0x08 2 ║ · r · · · · · · ║ 15
        0x00 1 ║ · · · R R · · · ║ 7
               ╚═════════════════╝
                 A B C D E F G H

        '''
      
        '''
        Rh1f1

               ╔═════════════════╗
        0x38 8 ║ R · · n · · · · ║ 63
        0x30 7 ║ · · · · · · r · ║ 55
        0x28 6 ║ · · · · · · · · ║ 47
        0x20 5 ║ · · · R · · · · ║ 39
        0x18 4 ║ · · · · R · · p ║ 31
        0x10 3 ║ · · · · · · · · ║ 23
        0x08 2 ║ · r · · · · · · ║ 15
        0x00 1 ║ · · · R · R · · ║ 7
               ╚═════════════════╝
                 A B C D E F G H

        '''
      
        '''
        Rh1g1

               ╔═════════════════╗
        0x38 8 ║ R · · n · · · · ║ 63
        0x30 7 ║ · · · · · · r · ║ 55
        0x28 6 ║ · · · · · · · · ║ 47
        0x20 5 ║ · · · R · · · · ║ 39
        0x18 4 ║ · · · · R · · p ║ 31
        0x10 3 ║ · · · · · · · · ║ 23
        0x08 2 ║ · r · · · · · · ║ 15
        0x00 1 ║ · · · R · · R · ║ 7
               ╚═════════════════╝
                 A B C D E F G H

        '''
      
        '''
        Rh1h2

               ╔═════════════════╗
        0x38 8 ║ R · · n · · · · ║ 63
        0x30 7 ║ · · · · · · r · ║ 55
        0x28 6 ║ · · · · · · · · ║ 47
        0x20 5 ║ · · · R · · · · ║ 39
        0x18 4 ║ · · · · R · · p ║ 31
        0x10 3 ║ · · · · · · · · ║ 23
        0x08 2 ║ · r · · · · · R ║ 15
        0x00 1 ║ · · · R · · · · ║ 7
               ╚═════════════════╝
                 A B C D E F G H

        '''
      
        '''
        Rh1h3

               ╔═════════════════╗
        0x38 8 ║ R · · n · · · · ║ 63
        0x30 7 ║ · · · · · · r · ║ 55
        0x28 6 ║ · · · · · · · · ║ 47
        0x20 5 ║ · · · R · · · · ║ 39
        0x18 4 ║ · · · · R · · p ║ 31
        0x10 3 ║ · · · · · · · R ║ 23
        0x08 2 ║ · r · · · · · · ║ 15
        0x00 1 ║ · · · R · · · · ║ 7
               ╚═════════════════╝
                 A B C D E F G H

        '''
      
        '''
        Rh1xh4

               ╔═════════════════╗
        0x38 8 ║ R · · n · · · · ║ 63
        0x30 7 ║ · · · · · · r · ║ 55
        0x28 6 ║ · · · · · · · · ║ 47
        0x20 5 ║ · · · R · · · · ║ 39
        0x18 4 ║ · · · · R · · R ║ 31
        0x10 3 ║ · · · · · · · · ║ 23
        0x08 2 ║ · r · · · · · · ║ 15
        0x00 1 ║ · · · R · · · · ║ 7
               ╚═════════════════╝
                 A B C D E F G H

        '''
      
        '''
        Re4e1

               ╔═════════════════╗
        0x38 8 ║ R · · n · · · · ║ 63
        0x30 7 ║ · · · · · · r · ║ 55
        0x28 6 ║ · · · · · · · · ║ 47
        0x20 5 ║ · · · R · · · · ║ 39
        0x18 4 ║ · · · · · · · p ║ 31
        0x10 3 ║ · · · · · · · · ║ 23
        0x08 2 ║ · r · · · · · · ║ 15
        0x00 1 ║ · · · R R · · R ║ 7
               ╚═════════════════╝
                 A B C D E F G H

        '''
      
        '''
        Re4e2

               ╔═════════════════╗
        0x38 8 ║ R · · n · · · · ║ 63
        0x30 7 ║ · · · · · · r · ║ 55
        0x28 6 ║ · · · · · · · · ║ 47
        0x20 5 ║ · · · R · · · · ║ 39
        0x18 4 ║ · · · · · · · p ║ 31
        0x10 3 ║ · · · · · · · · ║ 23
        0x08 2 ║ · r · · R · · · ║ 15
        0x00 1 ║ · · · R · · · R ║ 7
               ╚═════════════════╝
                 A B C D E F G H

        '''
      
        '''
        Re4e3

               ╔═════════════════╗
        0x38 8 ║ R · · n · · · · ║ 63
        0x30 7 ║ · · · · · · r · ║ 55
        0x28 6 ║ · · · · · · · · ║ 47
        0x20 5 ║ · · · R · · · · ║ 39
        0x18 4 ║ · · · · · · · p ║ 31
        0x10 3 ║ · · · · R · · · ║ 23
        0x08 2 ║ · r · · · · · · ║ 15
        0x00 1 ║ · · · R · · · R ║ 7
               ╚═════════════════╝
                 A B C D E F G H

        '''
      
        '''
        Re4a4

               ╔═════════════════╗
        0x38 8 ║ R · · n · · · · ║ 63
        0x30 7 ║ · · · · · · r · ║ 55
        0x28 6 ║ · · · · · · · · ║ 47
        0x20 5 ║ · · · R · · · · ║ 39
        0x18 4 ║ R · · · · · · p ║ 31
        0x10 3 ║ · · · · · · · · ║ 23
        0x08 2 ║ · r · · · · · · ║ 15
        0x00 1 ║ · · · R · · · R ║ 7
               ╚═════════════════╝
                 A B C D E F G H

        '''
      
        '''
        Re4b4

               ╔═════════════════╗
        0x38 8 ║ R · · n · · · · ║ 63
        0x30 7 ║ · · · · · · r · ║ 55
        0x28 6 ║ · · · · · · · · ║ 47
        0x20 5 ║ · · · R · · · · ║ 39
        0x18 4 ║ · R · · · · · p ║ 31
        0x10 3 ║ · · · · · · · · ║ 23
        0x08 2 ║ · r · · · · · · ║ 15
        0x00 1 ║ · · · R · · · R ║ 7
               ╚═════════════════╝
                 A B C D E F G H

        '''
      
        '''
        Re4c4

               ╔═════════════════╗
        0x38 8 ║ R · · n · · · · ║ 63
        0x30 7 ║ · · · · · · r · ║ 55
        0x28 6 ║ · · · · · · · · ║ 47
        0x20 5 ║ · · · R · · · · ║ 39
        0x18 4 ║ · · R · · · · p ║ 31
        0x10 3 ║ · · · · · · · · ║ 23
        0x08 2 ║ · r · · · · · · ║ 15
        0x00 1 ║ · · · R · · · R ║ 7
               ╚═════════════════╝
                 A B C D E F G H

        '''
      
        '''
        Re4d4

               ╔═════════════════╗
        0x38 8 ║ R · · n · · · · ║ 63
        0x30 7 ║ · · · · · · r · ║ 55
        0x28 6 ║ · · · · · · · · ║ 47
        0x20 5 ║ · · · R · · · · ║ 39
        0x18 4 ║ · · · R · · · p ║ 31
        0x10 3 ║ · · · · · · · · ║ 23
        0x08 2 ║ · r · · · · · · ║ 15
        0x00 1 ║ · · · R · · · R ║ 7
               ╚═════════════════╝
                 A B C D E F G H

        '''
      
        '''
        Re4f4

               ╔═════════════════╗
        0x38 8 ║ R · · n · · · · ║ 63
        0x30 7 ║ · · · · · · r · ║ 55
        0x28 6 ║ · · · · · · · · ║ 47
        0x20 5 ║ · · · R · · · · ║ 39
        0x18 4 ║ · · · · · R · p ║ 31
        0x10 3 ║ · · · · · · · · ║ 23
        0x08 2 ║ · r · · · · · · ║ 15
        0x00 1 ║ · · · R · · · R ║ 7
               ╚═════════════════╝
                 A B C D E F G H

        '''
      
        '''
        Re4g4

               ╔═════════════════╗
        0x38 8 ║ R · · n · · · · ║ 63
        0x30 7 ║ · · · · · · r · ║ 55
        0x28 6 ║ · · · · · · · · ║ 47
        0x20 5 ║ · · · R · · · · ║ 39
        0x18 4 ║ · · · · · · R p ║ 31
        0x10 3 ║ · · · · · · · · ║ 23
        0x08 2 ║ · r · · · · · · ║ 15
        0x00 1 ║ · · · R · · · R ║ 7
               ╚═════════════════╝
                 A B C D E F G H

        '''
      
        '''
        Re4xh4

               ╔═════════════════╗
        0x38 8 ║ R · · n · · · · ║ 63
        0x30 7 ║ · · · · · · r · ║ 55
        0x28 6 ║ · · · · · · · · ║ 47
        0x20 5 ║ · · · R · · · · ║ 39
        0x18 4 ║ · · · · · · · R ║ 31
        0x10 3 ║ · · · · · · · · ║ 23
        0x08 2 ║ · r · · · · · · ║ 15
        0x00 1 ║ · · · R · · · R ║ 7
               ╚═════════════════╝
                 A B C D E F G H

        '''
      
        '''
        Re4e5

               ╔═════════════════╗
        0x38 8 ║ R · · n · · · · ║ 63
        0x30 7 ║ · · · · · · r · ║ 55
        0x28 6 ║ · · · · · · · · ║ 47
        0x20 5 ║ · · · R R · · · ║ 39
        0x18 4 ║ · · · · · · · p ║ 31
        0x10 3 ║ · · · · · · · · ║ 23
        0x08 2 ║ · r · · · · · · ║ 15
        0x00 1 ║ · · · R · · · R ║ 7
               ╚═════════════════╝
                 A B C D E F G H

        '''
      
        '''
        Re4e6

               ╔═════════════════╗
        0x38 8 ║ R · · n · · · · ║ 63
        0x30 7 ║ · · · · · · r · ║ 55
        0x28 6 ║ · · · · R · · · ║ 47
        0x20 5 ║ · · · R · · · · ║ 39
        0x18 4 ║ · · · · · · · p ║ 31
        0x10 3 ║ · · · · · · · · ║ 23
        0x08 2 ║ · r · · · · · · ║ 15
        0x00 1 ║ · · · R · · · R ║ 7
               ╚═════════════════╝
                 A B C D E F G H

        '''
      
        '''
        Re4e7

               ╔═════════════════╗
        0x38 8 ║ R · · n · · · · ║ 63
        0x30 7 ║ · · · · R · r · ║ 55
        0x28 6 ║ · · · · · · · · ║ 47
        0x20 5 ║ · · · R · · · · ║ 39
        0x18 4 ║ · · · · · · · p ║ 31
        0x10 3 ║ · · · · · · · · ║ 23
        0x08 2 ║ · r · · · · · · ║ 15
        0x00 1 ║ · · · R · · · R ║ 7
               ╚═════════════════╝
                 A B C D E F G H

        '''
      
        '''
        Re4e8

               ╔═════════════════╗
        0x38 8 ║ R · · n R · · · ║ 63
        0x30 7 ║ · · · · · · r · ║ 55
        0x28 6 ║ · · · · · · · · ║ 47
        0x20 5 ║ · · · R · · · · ║ 39
        0x18 4 ║ · · · · · · · p ║ 31
        0x10 3 ║ · · · · · · · · ║ 23
        0x08 2 ║ · r · · · · · · ║ 15
        0x00 1 ║ · · · R · · · R ║ 7
               ╚═════════════════╝
                 A B C D E F G H

        '''
      
        '''
        Rd5d2

               ╔═════════════════╗
        0x38 8 ║ R · · n · · · · ║ 63
        0x30 7 ║ · · · · · · r · ║ 55
        0x28 6 ║ · · · · · · · · ║ 47
        0x20 5 ║ · · · · · · · · ║ 39
        0x18 4 ║ · · · · R · · p ║ 31
        0x10 3 ║ · · · · · · · · ║ 23
        0x08 2 ║ · r · R · · · · ║ 15
        0x00 1 ║ · · · R · · · R ║ 7
               ╚═════════════════╝
                 A B C D E F G H

        '''
      
        '''
        Rd5d3

               ╔═════════════════╗
        0x38 8 ║ R · · n · · · · ║ 63
        0x30 7 ║ · · · · · · r · ║ 55
        0x28 6 ║ · · · · · · · · ║ 47
        0x20 5 ║ · · · · · · · · ║ 39
        0x18 4 ║ · · · · R · · p ║ 31
        0x10 3 ║ · · · R · · · · ║ 23
        0x08 2 ║ · r · · · · · · ║ 15
        0x00 1 ║ · · · R · · · R ║ 7
               ╚═════════════════╝
                 A B C D E F G H

        '''
      
        '''
        Rd5d4

               ╔═════════════════╗
        0x38 8 ║ R · · n · · · · ║ 63
        0x30 7 ║ · · · · · · r · ║ 55
        0x28 6 ║ · · · · · · · · ║ 47
        0x20 5 ║ · · · · · · · · ║ 39
        0x18 4 ║ · · · R R · · p ║ 31
        0x10 3 ║ · · · · · · · · ║ 23
        0x08 2 ║ · r · · · · · · ║ 15
        0x00 1 ║ · · · R · · · R ║ 7
               ╚═════════════════╝
                 A B C D E F G H

        '''
      
        '''
        Rd5a5

               ╔═════════════════╗
        0x38 8 ║ R · · n · · · · ║ 63
        0x30 7 ║ · · · · · · r · ║ 55
        0x28 6 ║ · · · · · · · · ║ 47
        0x20 5 ║ R · · · · · · · ║ 39
        0x18 4 ║ · · · · R · · p ║ 31
        0x10 3 ║ · · · · · · · · ║ 23
        0x08 2 ║ · r · · · · · · ║ 15
        0x00 1 ║ · · · R · · · R ║ 7
               ╚═════════════════╝
                 A B C D E F G H

        '''
      
        '''
        Rd5b5

               ╔═════════════════╗
        0x38 8 ║ R · · n · · · · ║ 63
        0x30 7 ║ · · · · · · r · ║ 55
        0x28 6 ║ · · · · · · · · ║ 47
        0x20 5 ║ · R · · · · · · ║ 39
        0x18 4 ║ · · · · R · · p ║ 31
        0x10 3 ║ · · · · · · · · ║ 23
        0x08 2 ║ · r · · · · · · ║ 15
        0x00 1 ║ · · · R · · · R ║ 7
               ╚═════════════════╝
                 A B C D E F G H

        '''
      
        '''
        Rd5c5

               ╔═════════════════╗
        0x38 8 ║ R · · n · · · · ║ 63
        0x30 7 ║ · · · · · · r · ║ 55
        0x28 6 ║ · · · · · · · · ║ 47
        0x20 5 ║ · · R · · · · · ║ 39
        0x18 4 ║ · · · · R · · p ║ 31
        0x10 3 ║ · · · · · · · · ║ 23
        0x08 2 ║ · r · · · · · · ║ 15
        0x00 1 ║ · · · R · · · R ║ 7
               ╚═════════════════╝
                 A B C D E F G H

        '''
      
        '''
        Rd5e5

               ╔═════════════════╗
        0x38 8 ║ R · · n · · · · ║ 63
        0x30 7 ║ · · · · · · r · ║ 55
        0x28 6 ║ · · · · · · · · ║ 47
        0x20 5 ║ · · · · R · · · ║ 39
        0x18 4 ║ · · · · R · · p ║ 31
        0x10 3 ║ · · · · · · · · ║ 23
        0x08 2 ║ · r · · · · · · ║ 15
        0x00 1 ║ · · · R · · · R ║ 7
               ╚═════════════════╝
                 A B C D E F G H

        '''
      
        '''
        Rd5f5

               ╔═════════════════╗
        0x38 8 ║ R · · n · · · · ║ 63
        0x30 7 ║ · · · · · · r · ║ 55
        0x28 6 ║ · · · · · · · · ║ 47
        0x20 5 ║ · · · · · R · · ║ 39
        0x18 4 ║ · · · · R · · p ║ 31
        0x10 3 ║ · · · · · · · · ║ 23
        0x08 2 ║ · r · · · · · · ║ 15
        0x00 1 ║ · · · R · · · R ║ 7
               ╚═════════════════╝
                 A B C D E F G H

        '''
      
        '''
        Rd5g5

               ╔═════════════════╗
        0x38 8 ║ R · · n · · · · ║ 63
        0x30 7 ║ · · · · · · r · ║ 55
        0x28 6 ║ · · · · · · · · ║ 47
        0x20 5 ║ · · · · · · R · ║ 39
        0x18 4 ║ · · · · R · · p ║ 31
        0x10 3 ║ · · · · · · · · ║ 23
        0x08 2 ║ · r · · · · · · ║ 15
        0x00 1 ║ · · · R · · · R ║ 7
               ╚═════════════════╝
                 A B C D E F G H

        '''
      
        '''
        Rd5h5

               ╔═════════════════╗
        0x38 8 ║ R · · n · · · · ║ 63
        0x30 7 ║ · · · · · · r · ║ 55
        0x28 6 ║ · · · · · · · · ║ 47
        0x20 5 ║ · · · · · · · R ║ 39
        0x18 4 ║ · · · · R · · p ║ 31
        0x10 3 ║ · · · · · · · · ║ 23
        0x08 2 ║ · r · · · · · · ║ 15
        0x00 1 ║ · · · R · · · R ║ 7
               ╚═════════════════╝
                 A B C D E F G H

        '''
      
        '''
        Rd5d6

               ╔═════════════════╗
        0x38 8 ║ R · · n · · · · ║ 63
        0x30 7 ║ · · · · · · r · ║ 55
        0x28 6 ║ · · · R · · · · ║ 47
        0x20 5 ║ · · · · · · · · ║ 39
        0x18 4 ║ · · · · R · · p ║ 31
        0x10 3 ║ · · · · · · · · ║ 23
        0x08 2 ║ · r · · · · · · ║ 15
        0x00 1 ║ · · · R · · · R ║ 7
               ╚═════════════════╝
                 A B C D E F G H

        '''
      
        '''
        Rd5d7

               ╔═════════════════╗
        0x38 8 ║ R · · n · · · · ║ 63
        0x30 7 ║ · · · R · · r · ║ 55
        0x28 6 ║ · · · · · · · · ║ 47
        0x20 5 ║ · · · · · · · · ║ 39
        0x18 4 ║ · · · · R · · p ║ 31
        0x10 3 ║ · · · · · · · · ║ 23
        0x08 2 ║ · r · · · · · · ║ 15
        0x00 1 ║ · · · R · · · R ║ 7
               ╚═════════════════╝
                 A B C D E F G H

        '''
      
        '''
        Rd5xd8

               ╔═════════════════╗
        0x38 8 ║ R · · R · · · · ║ 63
        0x30 7 ║ · · · · · · r · ║ 55
        0x28 6 ║ · · · · · · · · ║ 47
        0x20 5 ║ · · · · · · · · ║ 39
        0x18 4 ║ · · · · R · · p ║ 31
        0x10 3 ║ · · · · · · · · ║ 23
        0x08 2 ║ · r · · · · · · ║ 15
        0x00 1 ║ · · · R · · · R ║ 7
               ╚═════════════════╝
                 A B C D E F G H

        '''
      
        '''
        Ra8a1

               ╔═════════════════╗
        0x38 8 ║ · · · n · · · · ║ 63
        0x30 7 ║ · · · · · · r · ║ 55
        0x28 6 ║ · · · · · · · · ║ 47
        0x20 5 ║ · · · R · · · · ║ 39
        0x18 4 ║ · · · · R · · p ║ 31
        0x10 3 ║ · · · · · · · · ║ 23
        0x08 2 ║ · r · · · · · · ║ 15
        0x00 1 ║ R · · R · · · R ║ 7
               ╚═════════════════╝
                 A B C D E F G H

        '''
      
        '''
        Ra8a2

               ╔═════════════════╗
        0x38 8 ║ · · · n · · · · ║ 63
        0x30 7 ║ · · · · · · r · ║ 55
        0x28 6 ║ · · · · · · · · ║ 47
        0x20 5 ║ · · · R · · · · ║ 39
        0x18 4 ║ · · · · R · · p ║ 31
        0x10 3 ║ · · · · · · · · ║ 23
        0x08 2 ║ R r · · · · · · ║ 15
        0x00 1 ║ · · · R · · · R ║ 7
               ╚═════════════════╝
                 A B C D E F G H

        '''
      
        '''
        Ra8a3

               ╔═════════════════╗
        0x38 8 ║ · · · n · · · · ║ 63
        0x30 7 ║ · · · · · · r · ║ 55
        0x28 6 ║ · · · · · · · · ║ 47
        0x20 5 ║ · · · R · · · · ║ 39
        0x18 4 ║ · · · · R · · p ║ 31
        0x10 3 ║ R · · · · · · · ║ 23
        0x08 2 ║ · r · · · · · · ║ 15
        0x00 1 ║ · · · R · · · R ║ 7
               ╚═════════════════╝
                 A B C D E F G H

        '''
      
        '''
        Ra8a4

               ╔═════════════════╗
        0x38 8 ║ · · · n · · · · ║ 63
        0x30 7 ║ · · · · · · r · ║ 55
        0x28 6 ║ · · · · · · · · ║ 47
        0x20 5 ║ · · · R · · · · ║ 39
        0x18 4 ║ R · · · R · · p ║ 31
        0x10 3 ║ · · · · · · · · ║ 23
        0x08 2 ║ · r · · · · · · ║ 15
        0x00 1 ║ · · · R · · · R ║ 7
               ╚═════════════════╝
                 A B C D E F G H

        '''
      
        '''
        Ra8a5

               ╔═════════════════╗
        0x38 8 ║ · · · n · · · · ║ 63
        0x30 7 ║ · · · · · · r · ║ 55
        0x28 6 ║ · · · · · · · · ║ 47
        0x20 5 ║ R · · R · · · · ║ 39
        0x18 4 ║ · · · · R · · p ║ 31
        0x10 3 ║ · · · · · · · · ║ 23
        0x08 2 ║ · r · · · · · · ║ 15
        0x00 1 ║ · · · R · · · R ║ 7
               ╚═════════════════╝
                 A B C D E F G H

        '''
      
        '''
        Ra8a6

               ╔═════════════════╗
        0x38 8 ║ · · · n · · · · ║ 63
        0x30 7 ║ · · · · · · r · ║ 55
        0x28 6 ║ R · · · · · · · ║ 47
        0x20 5 ║ · · · R · · · · ║ 39
        0x18 4 ║ · · · · R · · p ║ 31
        0x10 3 ║ · · · · · · · · ║ 23
        0x08 2 ║ · r · · · · · · ║ 15
        0x00 1 ║ · · · R · · · R ║ 7
               ╚═════════════════╝
                 A B C D E F G H

        '''
      
        '''
        Ra8a7

               ╔═════════════════╗
        0x38 8 ║ · · · n · · · · ║ 63
        0x30 7 ║ R · · · · · r · ║ 55
        0x28 6 ║ · · · · · · · · ║ 47
        0x20 5 ║ · · · R · · · · ║ 39
        0x18 4 ║ · · · · R · · p ║ 31
        0x10 3 ║ · · · · · · · · ║ 23
        0x08 2 ║ · r · · · · · · ║ 15
        0x00 1 ║ · · · R · · · R ║ 7
               ╚═════════════════╝
                 A B C D E F G H

        '''
      
        '''
        Ra8b8

               ╔═════════════════╗
        0x38 8 ║ · R · n · · · · ║ 63
        0x30 7 ║ · · · · · · r · ║ 55
        0x28 6 ║ · · · · · · · · ║ 47
        0x20 5 ║ · · · R · · · · ║ 39
        0x18 4 ║ · · · · R · · p ║ 31
        0x10 3 ║ · · · · · · · · ║ 23
        0x08 2 ║ · r · · · · · · ║ 15
        0x00 1 ║ · · · R · · · R ║ 7
               ╚═════════════════╝
                 A B C D E F G H

        '''
      
        '''
        Ra8c8

               ╔═════════════════╗
        0x38 8 ║ · · R n · · · · ║ 63
        0x30 7 ║ · · · · · · r · ║ 55
        0x28 6 ║ · · · · · · · · ║ 47
        0x20 5 ║ · · · R · · · · ║ 39
        0x18 4 ║ · · · · R · · p ║ 31
        0x10 3 ║ · · · · · · · · ║ 23
        0x08 2 ║ · r · · · · · · ║ 15
        0x00 1 ║ · · · R · · · R ║ 7
               ╚═════════════════╝
                 A B C D E F G H

        '''
      
        '''
        Ra8xd8

               ╔═════════════════╗
        0x38 8 ║ · · · R · · · · ║ 63
        0x30 7 ║ · · · · · · r · ║ 55
        0x28 6 ║ · · · · · · · · ║ 47
        0x20 5 ║ · · · R · · · · ║ 39
        0x18 4 ║ · · · · R · · p ║ 31
        0x10 3 ║ · · · · · · · · ║ 23
        0x08 2 ║ · r · · · · · · ║ 15
        0x00 1 ║ · · · R · · · R ║ 7
               ╚═════════════════╝
                 A B C D E F G H

        '''
    ]
  }
}