{
  "castling_move_generation::test_generate_castling_from_check_b":
  {
    file:
    [
      tests
      castling_move_generation.rs
    ]
    module_path: castling_move_generation
    test_function: test_generate_castling_from_check_b
    recorded_value:
    [
      
        '''
               ╔═════════════════╗
        0x38 8 ║ ♜ · · · ♚ · · ♜ ║ 63
        0x30 7 ║ · · · · · · · · ║ 55
        0x28 6 ║ · · · · · · · · ║ 47
        0x20 5 ║ · ♗ · · · · · · ║ 39
        0x18 4 ║ · · · · · · · · ║ 31
        0x10 3 ║ · · · · ♜ · · · ║ 23
        0x08 2 ║ · · · · · · · · ║ 15
        0x00 1 ║ ♖ · · · ♔ · · ♖ ║ 7
               ╚═════════════════╝
                 A B C D E F G H

        '''
      
        '''
               ╔═════════════════╗
        0x38 8 ║ ♜ · · · · · · ♜ ║ 63
        0x30 7 ║ · · · · ♚ · · · ║ 55
        0x28 6 ║ · · · · · · · · ║ 47
        0x20 5 ║ · ♗ · · · · · · ║ 39
        0x18 4 ║ · · · · · · · · ║ 31
        0x10 3 ║ · · · · ♜ · · · ║ 23
        0x08 2 ║ · · · · · · · · ║ 15
        0x00 1 ║ ♖ · · · ♔ · · ♖ ║ 7
               ╚═════════════════╝
                 A B C D E F G H

        '''
      
        '''
               ╔═════════════════╗
        0x38 8 ║ ♜ · · · · · · ♜ ║ 63
        0x30 7 ║ · · · · · ♚ · · ║ 55
        0x28 6 ║ · · · · · · · · ║ 47
        0x20 5 ║ · ♗ · · · · · · ║ 39
        0x18 4 ║ · · · · · · · · ║ 31
        0x10 3 ║ · · · · ♜ · · · ║ 23
        0x08 2 ║ · · · · · · · · ║ 15
        0x00 1 ║ ♖ · · · ♔ · · ♖ ║ 7
               ╚═════════════════╝
                 A B C D E F G H

        '''
      
        '''
               ╔═════════════════╗
        0x38 8 ║ ♜ · · ♚ · · · ♜ ║ 63
        0x30 7 ║ · · · · · · · · ║ 55
        0x28 6 ║ · · · · · · · · ║ 47
        0x20 5 ║ · ♗ · · · · · · ║ 39
        0x18 4 ║ · · · · · · · · ║ 31
        0x10 3 ║ · · · · ♜ · · · ║ 23
        0x08 2 ║ · · · · · · · · ║ 15
        0x00 1 ║ ♖ · · · ♔ · · ♖ ║ 7
               ╚═════════════════╝
                 A B C D E F G H

        '''
      
        '''
               ╔═════════════════╗
        0x38 8 ║ ♜ · · · · ♚ · ♜ ║ 63
        0x30 7 ║ · · · · · · · · ║ 55
        0x28 6 ║ · · · · · · · · ║ 47
        0x20 5 ║ · ♗ · · · · · · ║ 39
        0x18 4 ║ · · · · · · · · ║ 31
        0x10 3 ║ · · · · ♜ · · · ║ 23
        0x08 2 ║ · · · · · · · · ║ 15
        0x00 1 ║ ♖ · · · ♔ · · ♖ ║ 7
               ╚═════════════════╝
                 A B C D E F G H

        '''
    ]
  }
  "castling_move_generation::test_generate_castling_from_check_w":
  {
    file:
    [
      tests
      castling_move_generation.rs
    ]
    module_path: castling_move_generation
    test_function: test_generate_castling_from_check_w
    recorded_value:
    [
      
        '''
               ╔═════════════════╗
        0x38 8 ║ ♜ · · · ♚ · · ♜ ║ 63
        0x30 7 ║ · · · · · · · · ║ 55
        0x28 6 ║ · · · · · · · · ║ 47
        0x20 5 ║ · ♗ · · · · · · ║ 39
        0x18 4 ║ · · · · · · · · ║ 31
        0x10 3 ║ · · · · ♜ · · · ║ 23
        0x08 2 ║ · · · · · · · · ║ 15
        0x00 1 ║ ♖ · · · ♔ · · ♖ ║ 7
               ╚═════════════════╝
                 A B C D E F G H

        '''
      
        '''
               ╔═════════════════╗
        0x38 8 ║ ♜ · · · ♚ · · ♜ ║ 63
        0x30 7 ║ · · · · · · · · ║ 55
        0x28 6 ║ · · · · · · · · ║ 47
        0x20 5 ║ · · · · · · · · ║ 39
        0x18 4 ║ · · · · · · · · ║ 31
        0x10 3 ║ · · · · ♜ · · · ║ 23
        0x08 2 ║ · · · · ♗ · · · ║ 15
        0x00 1 ║ ♖ · · · ♔ · · ♖ ║ 7
               ╚═════════════════╝
                 A B C D E F G H

        '''
      
        '''
               ╔═════════════════╗
        0x38 8 ║ ♜ · · · ♚ · · ♜ ║ 63
        0x30 7 ║ · · · · · · · · ║ 55
        0x28 6 ║ · · · · · · · · ║ 47
        0x20 5 ║ · ♗ · · · · · · ║ 39
        0x18 4 ║ · · · · · · · · ║ 31
        0x10 3 ║ · · · · ♜ · · · ║ 23
        0x08 2 ║ · · · · · · · · ║ 15
        0x00 1 ║ ♖ · · ♔ · · · ♖ ║ 7
               ╚═════════════════╝
                 A B C D E F G H

        '''
      
        '''
               ╔═════════════════╗
        0x38 8 ║ ♜ · · · ♚ · · ♜ ║ 63
        0x30 7 ║ · · · · · · · · ║ 55
        0x28 6 ║ · · · · · · · · ║ 47
        0x20 5 ║ · ♗ · · · · · · ║ 39
        0x18 4 ║ · · · · · · · · ║ 31
        0x10 3 ║ · · · · ♜ · · · ║ 23
        0x08 2 ║ · · · · · · · · ║ 15
        0x00 1 ║ ♖ · · · · ♔ · ♖ ║ 7
               ╚═════════════════╝
                 A B C D E F G H

        '''
      
        '''
               ╔═════════════════╗
        0x38 8 ║ ♜ · · · ♚ · · ♜ ║ 63
        0x30 7 ║ · · · · · · · · ║ 55
        0x28 6 ║ · · · · · · · · ║ 47
        0x20 5 ║ · ♗ · · · · · · ║ 39
        0x18 4 ║ · · · · · · · · ║ 31
        0x10 3 ║ · · · · ♜ · · · ║ 23
        0x08 2 ║ · · · ♔ · · · · ║ 15
        0x00 1 ║ ♖ · · · · · · ♖ ║ 7
               ╚═════════════════╝
                 A B C D E F G H

        '''
      
        '''
               ╔═════════════════╗
        0x38 8 ║ ♜ · · · ♚ · · ♜ ║ 63
        0x30 7 ║ · · · · · · · · ║ 55
        0x28 6 ║ · · · · · · · · ║ 47
        0x20 5 ║ · ♗ · · · · · · ║ 39
        0x18 4 ║ · · · · · · · · ║ 31
        0x10 3 ║ · · · · ♜ · · · ║ 23
        0x08 2 ║ · · · · · ♔ · · ║ 15
        0x00 1 ║ ♖ · · · · · · ♖ ║ 7
               ╚═════════════════╝
                 A B C D E F G H

        '''
    ]
  }
  "castling_move_generation::test_generate_castling_obstructed_b":
  {
    file:
    [
      tests
      castling_move_generation.rs
    ]
    module_path: castling_move_generation
    test_function: test_generate_castling_obstructed_b
    recorded_value:
    [
      
        '''
               ╔═════════════════╗
        0x38 8 ║ ♜ · · ♛ ♚ · ♞ ♜ ║ 63
        0x30 7 ║ · · · · · · · · ║ 55
        0x28 6 ║ · · · · · · · · ║ 47
        0x20 5 ║ · · · · · · · · ║ 39
        0x18 4 ║ · · · · · · · · ║ 31
        0x10 3 ║ · · · · · · · · ║ 23
        0x08 2 ║ · · · · · · · · ║ 15
        0x00 1 ║ ♖ · ♗ · ♔ ♗ · ♖ ║ 7
               ╚═════════════════╝
                 A B C D E F G H

        '''
      
        '''
               ╔═════════════════╗
        0x38 8 ║ · · · ♛ ♚ · ♞ ♜ ║ 63
        0x30 7 ║ · · · · · · · · ║ 55
        0x28 6 ║ · · · · · · · · ║ 47
        0x20 5 ║ · · · · · · · · ║ 39
        0x18 4 ║ · · · · · · · · ║ 31
        0x10 3 ║ · · · · · · · · ║ 23
        0x08 2 ║ · · · · · · · · ║ 15
        0x00 1 ║ ♜ · ♗ · ♔ ♗ · ♖ ║ 7
               ╚═════════════════╝
                 A B C D E F G H

        '''
      
        '''
               ╔═════════════════╗
        0x38 8 ║ · · · ♛ ♚ · ♞ ♜ ║ 63
        0x30 7 ║ · · · · · · · · ║ 55
        0x28 6 ║ · · · · · · · · ║ 47
        0x20 5 ║ · · · · · · · · ║ 39
        0x18 4 ║ · · · · · · · · ║ 31
        0x10 3 ║ · · · · · · · · ║ 23
        0x08 2 ║ ♜ · · · · · · · ║ 15
        0x00 1 ║ ♖ · ♗ · ♔ ♗ · ♖ ║ 7
               ╚═════════════════╝
                 A B C D E F G H

        '''
      
        '''
               ╔═════════════════╗
        0x38 8 ║ · · · ♛ ♚ · ♞ ♜ ║ 63
        0x30 7 ║ · · · · · · · · ║ 55
        0x28 6 ║ · · · · · · · · ║ 47
        0x20 5 ║ · · · · · · · · ║ 39
        0x18 4 ║ · · · · · · · · ║ 31
        0x10 3 ║ ♜ · · · · · · · ║ 23
        0x08 2 ║ · · · · · · · · ║ 15
        0x00 1 ║ ♖ · ♗ · ♔ ♗ · ♖ ║ 7
               ╚═════════════════╝
                 A B C D E F G H

        '''
      
        '''
               ╔═════════════════╗
        0x38 8 ║ · · · ♛ ♚ · ♞ ♜ ║ 63
        0x30 7 ║ · · · · · · · · ║ 55
        0x28 6 ║ · · · · · · · · ║ 47
        0x20 5 ║ · · · · · · · · ║ 39
        0x18 4 ║ ♜ · · · · · · · ║ 31
        0x10 3 ║ · · · · · · · · ║ 23
        0x08 2 ║ · · · · · · · · ║ 15
        0x00 1 ║ ♖ · ♗ · ♔ ♗ · ♖ ║ 7
               ╚═════════════════╝
                 A B C D E F G H

        '''
      
        '''
               ╔═════════════════╗
        0x38 8 ║ · · · ♛ ♚ · ♞ ♜ ║ 63
        0x30 7 ║ · · · · · · · · ║ 55
        0x28 6 ║ · · · · · · · · ║ 47
        0x20 5 ║ ♜ · · · · · · · ║ 39
        0x18 4 ║ · · · · · · · · ║ 31
        0x10 3 ║ · · · · · · · · ║ 23
        0x08 2 ║ · · · · · · · · ║ 15
        0x00 1 ║ ♖ · ♗ · ♔ ♗ · ♖ ║ 7
               ╚═════════════════╝
                 A B C D E F G H

        '''
      
        '''
               ╔═════════════════╗
        0x38 8 ║ · · · ♛ ♚ · ♞ ♜ ║ 63
        0x30 7 ║ · · · · · · · · ║ 55
        0x28 6 ║ ♜ · · · · · · · ║ 47
        0x20 5 ║ · · · · · · · · ║ 39
        0x18 4 ║ · · · · · · · · ║ 31
        0x10 3 ║ · · · · · · · · ║ 23
        0x08 2 ║ · · · · · · · · ║ 15
        0x00 1 ║ ♖ · ♗ · ♔ ♗ · ♖ ║ 7
               ╚═════════════════╝
                 A B C D E F G H

        '''
      
        '''
               ╔═════════════════╗
        0x38 8 ║ · · · ♛ ♚ · ♞ ♜ ║ 63
        0x30 7 ║ ♜ · · · · · · · ║ 55
        0x28 6 ║ · · · · · · · · ║ 47
        0x20 5 ║ · · · · · · · · ║ 39
        0x18 4 ║ · · · · · · · · ║ 31
        0x10 3 ║ · · · · · · · · ║ 23
        0x08 2 ║ · · · · · · · · ║ 15
        0x00 1 ║ ♖ · ♗ · ♔ ♗ · ♖ ║ 7
               ╚═════════════════╝
                 A B C D E F G H

        '''
      
        '''
               ╔═════════════════╗
        0x38 8 ║ · ♜ · ♛ ♚ · ♞ ♜ ║ 63
        0x30 7 ║ · · · · · · · · ║ 55
        0x28 6 ║ · · · · · · · · ║ 47
        0x20 5 ║ · · · · · · · · ║ 39
        0x18 4 ║ · · · · · · · · ║ 31
        0x10 3 ║ · · · · · · · · ║ 23
        0x08 2 ║ · · · · · · · · ║ 15
        0x00 1 ║ ♖ · ♗ · ♔ ♗ · ♖ ║ 7
               ╚═════════════════╝
                 A B C D E F G H

        '''
      
        '''
               ╔═════════════════╗
        0x38 8 ║ · · ♜ ♛ ♚ · ♞ ♜ ║ 63
        0x30 7 ║ · · · · · · · · ║ 55
        0x28 6 ║ · · · · · · · · ║ 47
        0x20 5 ║ · · · · · · · · ║ 39
        0x18 4 ║ · · · · · · · · ║ 31
        0x10 3 ║ · · · · · · · · ║ 23
        0x08 2 ║ · · · · · · · · ║ 15
        0x00 1 ║ ♖ · ♗ · ♔ ♗ · ♖ ║ 7
               ╚═════════════════╝
                 A B C D E F G H

        '''
      
        '''
               ╔═════════════════╗
        0x38 8 ║ ♜ · · ♛ ♚ · ♞ · ║ 63
        0x30 7 ║ · · · · · · · · ║ 55
        0x28 6 ║ · · · · · · · · ║ 47
        0x20 5 ║ · · · · · · · · ║ 39
        0x18 4 ║ · · · · · · · · ║ 31
        0x10 3 ║ · · · · · · · · ║ 23
        0x08 2 ║ · · · · · · · · ║ 15
        0x00 1 ║ ♖ · ♗ · ♔ ♗ · ♜ ║ 7
               ╚═════════════════╝
                 A B C D E F G H

        '''
      
        '''
               ╔═════════════════╗
        0x38 8 ║ ♜ · · ♛ ♚ · ♞ · ║ 63
        0x30 7 ║ · · · · · · · · ║ 55
        0x28 6 ║ · · · · · · · · ║ 47
        0x20 5 ║ · · · · · · · · ║ 39
        0x18 4 ║ · · · · · · · · ║ 31
        0x10 3 ║ · · · · · · · · ║ 23
        0x08 2 ║ · · · · · · · ♜ ║ 15
        0x00 1 ║ ♖ · ♗ · ♔ ♗ · ♖ ║ 7
               ╚═════════════════╝
                 A B C D E F G H

        '''
      
        '''
               ╔═════════════════╗
        0x38 8 ║ ♜ · · ♛ ♚ · ♞ · ║ 63
        0x30 7 ║ · · · · · · · · ║ 55
        0x28 6 ║ · · · · · · · · ║ 47
        0x20 5 ║ · · · · · · · · ║ 39
        0x18 4 ║ · · · · · · · · ║ 31
        0x10 3 ║ · · · · · · · ♜ ║ 23
        0x08 2 ║ · · · · · · · · ║ 15
        0x00 1 ║ ♖ · ♗ · ♔ ♗ · ♖ ║ 7
               ╚═════════════════╝
                 A B C D E F G H

        '''
      
        '''
               ╔═════════════════╗
        0x38 8 ║ ♜ · · ♛ ♚ · ♞ · ║ 63
        0x30 7 ║ · · · · · · · · ║ 55
        0x28 6 ║ · · · · · · · · ║ 47
        0x20 5 ║ · · · · · · · · ║ 39
        0x18 4 ║ · · · · · · · ♜ ║ 31
        0x10 3 ║ · · · · · · · · ║ 23
        0x08 2 ║ · · · · · · · · ║ 15
        0x00 1 ║ ♖ · ♗ · ♔ ♗ · ♖ ║ 7
               ╚═════════════════╝
                 A B C D E F G H

        '''
      
        '''
               ╔═════════════════╗
        0x38 8 ║ ♜ · · ♛ ♚ · ♞ · ║ 63
        0x30 7 ║ · · · · · · · · ║ 55
        0x28 6 ║ · · · · · · · · ║ 47
        0x20 5 ║ · · · · · · · ♜ ║ 39
        0x18 4 ║ · · · · · · · · ║ 31
        0x10 3 ║ · · · · · · · · ║ 23
        0x08 2 ║ · · · · · · · · ║ 15
        0x00 1 ║ ♖ · ♗ · ♔ ♗ · ♖ ║ 7
               ╚═════════════════╝
                 A B C D E F G H

        '''
      
        '''
               ╔═════════════════╗
        0x38 8 ║ ♜ · · ♛ ♚ · ♞ · ║ 63
        0x30 7 ║ · · · · · · · · ║ 55
        0x28 6 ║ · · · · · · · ♜ ║ 47
        0x20 5 ║ · · · · · · · · ║ 39
        0x18 4 ║ · · · · · · · · ║ 31
        0x10 3 ║ · · · · · · · · ║ 23
        0x08 2 ║ · · · · · · · · ║ 15
        0x00 1 ║ ♖ · ♗ · ♔ ♗ · ♖ ║ 7
               ╚═════════════════╝
                 A B C D E F G H

        '''
      
        '''
               ╔═════════════════╗
        0x38 8 ║ ♜ · · ♛ ♚ · ♞ · ║ 63
        0x30 7 ║ · · · · · · · ♜ ║ 55
        0x28 6 ║ · · · · · · · · ║ 47
        0x20 5 ║ · · · · · · · · ║ 39
        0x18 4 ║ · · · · · · · · ║ 31
        0x10 3 ║ · · · · · · · · ║ 23
        0x08 2 ║ · · · · · · · · ║ 15
        0x00 1 ║ ♖ · ♗ · ♔ ♗ · ♖ ║ 7
               ╚═════════════════╝
                 A B C D E F G H

        '''
      
        '''
               ╔═════════════════╗
        0x38 8 ║ ♜ · · ♛ ♚ · · ♜ ║ 63
        0x30 7 ║ · · · · · · · · ║ 55
        0x28 6 ║ · · · · · ♞ · · ║ 47
        0x20 5 ║ · · · · · · · · ║ 39
        0x18 4 ║ · · · · · · · · ║ 31
        0x10 3 ║ · · · · · · · · ║ 23
        0x08 2 ║ · · · · · · · · ║ 15
        0x00 1 ║ ♖ · ♗ · ♔ ♗ · ♖ ║ 7
               ╚═════════════════╝
                 A B C D E F G H

        '''
      
        '''
               ╔═════════════════╗
        0x38 8 ║ ♜ · · ♛ ♚ · · ♜ ║ 63
        0x30 7 ║ · · · · · · · · ║ 55
        0x28 6 ║ · · · · · · · ♞ ║ 47
        0x20 5 ║ · · · · · · · · ║ 39
        0x18 4 ║ · · · · · · · · ║ 31
        0x10 3 ║ · · · · · · · · ║ 23
        0x08 2 ║ · · · · · · · · ║ 15
        0x00 1 ║ ♖ · ♗ · ♔ ♗ · ♖ ║ 7
               ╚═════════════════╝
                 A B C D E F G H

        '''
      
        '''
               ╔═════════════════╗
        0x38 8 ║ ♜ · · ♛ ♚ · · ♜ ║ 63
        0x30 7 ║ · · · · ♞ · · · ║ 55
        0x28 6 ║ · · · · · · · · ║ 47
        0x20 5 ║ · · · · · · · · ║ 39
        0x18 4 ║ · · · · · · · · ║ 31
        0x10 3 ║ · · · · · · · · ║ 23
        0x08 2 ║ · · · · · · · · ║ 15
        0x00 1 ║ ♖ · ♗ · ♔ ♗ · ♖ ║ 7
               ╚═════════════════╝
                 A B C D E F G H

        '''
      
        '''
               ╔═════════════════╗
        0x38 8 ║ ♜ · · · ♚ · ♞ ♜ ║ 63
        0x30 7 ║ · · · · · · · · ║ 55
        0x28 6 ║ · · · · · · · · ║ 47
        0x20 5 ║ · · · · · · · · ║ 39
        0x18 4 ║ · · · · · · · · ║ 31
        0x10 3 ║ · · · · · · · · ║ 23
        0x08 2 ║ · · · · · · · · ║ 15
        0x00 1 ║ ♖ · ♗ ♛ ♔ ♗ · ♖ ║ 7
               ╚═════════════════╝
                 A B C D E F G H

        '''
      
        '''
               ╔═════════════════╗
        0x38 8 ║ ♜ · · · ♚ · ♞ ♜ ║ 63
        0x30 7 ║ · · · · · · · · ║ 55
        0x28 6 ║ · · · · · · · · ║ 47
        0x20 5 ║ · · · · · · · · ║ 39
        0x18 4 ║ · · · · · · · · ║ 31
        0x10 3 ║ · · · · · · · · ║ 23
        0x08 2 ║ · · · ♛ · · · · ║ 15
        0x00 1 ║ ♖ · ♗ · ♔ ♗ · ♖ ║ 7
               ╚═════════════════╝
                 A B C D E F G H

        '''
      
        '''
               ╔═════════════════╗
        0x38 8 ║ ♜ · · · ♚ · ♞ ♜ ║ 63
        0x30 7 ║ · · · · · · · · ║ 55
        0x28 6 ║ · · · · · · · · ║ 47
        0x20 5 ║ · · · · · · · · ║ 39
        0x18 4 ║ · · · · · · · · ║ 31
        0x10 3 ║ · · · ♛ · · · · ║ 23
        0x08 2 ║ · · · · · · · · ║ 15
        0x00 1 ║ ♖ · ♗ · ♔ ♗ · ♖ ║ 7
               ╚═════════════════╝
                 A B C D E F G H

        '''
      
        '''
               ╔═════════════════╗
        0x38 8 ║ ♜ · · · ♚ · ♞ ♜ ║ 63
        0x30 7 ║ · · · · · · · · ║ 55
        0x28 6 ║ · · · · · · · · ║ 47
        0x20 5 ║ · · · · · · · · ║ 39
        0x18 4 ║ · · · ♛ · · · · ║ 31
        0x10 3 ║ · · · · · · · · ║ 23
        0x08 2 ║ · · · · · · · · ║ 15
        0x00 1 ║ ♖ · ♗ · ♔ ♗ · ♖ ║ 7
               ╚═════════════════╝
                 A B C D E F G H

        '''
      
        '''
               ╔═════════════════╗
        0x38 8 ║ ♜ · · · ♚ · ♞ ♜ ║ 63
        0x30 7 ║ · · · · · · · · ║ 55
        0x28 6 ║ · · · · · · · · ║ 47
        0x20 5 ║ · · · · · · · · ║ 39
        0x18 4 ║ · · · · · · · ♛ ║ 31
        0x10 3 ║ · · · · · · · · ║ 23
        0x08 2 ║ · · · · · · · · ║ 15
        0x00 1 ║ ♖ · ♗ · ♔ ♗ · ♖ ║ 7
               ╚═════════════════╝
                 A B C D E F G H

        '''
      
        '''
               ╔═════════════════╗
        0x38 8 ║ ♜ · · · ♚ · ♞ ♜ ║ 63
        0x30 7 ║ · · · · · · · · ║ 55
        0x28 6 ║ · · · · · · · · ║ 47
        0x20 5 ║ ♛ · · · · · · · ║ 39
        0x18 4 ║ · · · · · · · · ║ 31
        0x10 3 ║ · · · · · · · · ║ 23
        0x08 2 ║ · · · · · · · · ║ 15
        0x00 1 ║ ♖ · ♗ · ♔ ♗ · ♖ ║ 7
               ╚═════════════════╝
                 A B C D E F G H

        '''
      
        '''
               ╔═════════════════╗
        0x38 8 ║ ♜ · · · ♚ · ♞ ♜ ║ 63
        0x30 7 ║ · · · · · · · · ║ 55
        0x28 6 ║ · · · · · · · · ║ 47
        0x20 5 ║ · · · ♛ · · · · ║ 39
        0x18 4 ║ · · · · · · · · ║ 31
        0x10 3 ║ · · · · · · · · ║ 23
        0x08 2 ║ · · · · · · · · ║ 15
        0x00 1 ║ ♖ · ♗ · ♔ ♗ · ♖ ║ 7
               ╚═════════════════╝
                 A B C D E F G H

        '''
      
        '''
               ╔═════════════════╗
        0x38 8 ║ ♜ · · · ♚ · ♞ ♜ ║ 63
        0x30 7 ║ · · · · · · · · ║ 55
        0x28 6 ║ · · · · · · · · ║ 47
        0x20 5 ║ · · · · · · ♛ · ║ 39
        0x18 4 ║ · · · · · · · · ║ 31
        0x10 3 ║ · · · · · · · · ║ 23
        0x08 2 ║ · · · · · · · · ║ 15
        0x00 1 ║ ♖ · ♗ · ♔ ♗ · ♖ ║ 7
               ╚═════════════════╝
                 A B C D E F G H

        '''
      
        '''
               ╔═════════════════╗
        0x38 8 ║ ♜ · · · ♚ · ♞ ♜ ║ 63
        0x30 7 ║ · · · · · · · · ║ 55
        0x28 6 ║ · ♛ · · · · · · ║ 47
        0x20 5 ║ · · · · · · · · ║ 39
        0x18 4 ║ · · · · · · · · ║ 31
        0x10 3 ║ · · · · · · · · ║ 23
        0x08 2 ║ · · · · · · · · ║ 15
        0x00 1 ║ ♖ · ♗ · ♔ ♗ · ♖ ║ 7
               ╚═════════════════╝
                 A B C D E F G H

        '''
      
        '''
               ╔═════════════════╗
        0x38 8 ║ ♜ · · · ♚ · ♞ ♜ ║ 63
        0x30 7 ║ · · · · · · · · ║ 55
        0x28 6 ║ · · · ♛ · · · · ║ 47
        0x20 5 ║ · · · · · · · · ║ 39
        0x18 4 ║ · · · · · · · · ║ 31
        0x10 3 ║ · · · · · · · · ║ 23
        0x08 2 ║ · · · · · · · · ║ 15
        0x00 1 ║ ♖ · ♗ · ♔ ♗ · ♖ ║ 7
               ╚═════════════════╝
                 A B C D E F G H

        '''
      
        '''
               ╔═════════════════╗
        0x38 8 ║ ♜ · · · ♚ · ♞ ♜ ║ 63
        0x30 7 ║ · · · · · · · · ║ 55
        0x28 6 ║ · · · · · ♛ · · ║ 47
        0x20 5 ║ · · · · · · · · ║ 39
        0x18 4 ║ · · · · · · · · ║ 31
        0x10 3 ║ · · · · · · · · ║ 23
        0x08 2 ║ · · · · · · · · ║ 15
        0x00 1 ║ ♖ · ♗ · ♔ ♗ · ♖ ║ 7
               ╚═════════════════╝
                 A B C D E F G H

        '''
      
        '''
               ╔═════════════════╗
        0x38 8 ║ ♜ · · · ♚ · ♞ ♜ ║ 63
        0x30 7 ║ · · ♛ · · · · · ║ 55
        0x28 6 ║ · · · · · · · · ║ 47
        0x20 5 ║ · · · · · · · · ║ 39
        0x18 4 ║ · · · · · · · · ║ 31
        0x10 3 ║ · · · · · · · · ║ 23
        0x08 2 ║ · · · · · · · · ║ 15
        0x00 1 ║ ♖ · ♗ · ♔ ♗ · ♖ ║ 7
               ╚═════════════════╝
                 A B C D E F G H

        '''
      
        '''
               ╔═════════════════╗
        0x38 8 ║ ♜ · · · ♚ · ♞ ♜ ║ 63
        0x30 7 ║ · · · ♛ · · · · ║ 55
        0x28 6 ║ · · · · · · · · ║ 47
        0x20 5 ║ · · · · · · · · ║ 39
        0x18 4 ║ · · · · · · · · ║ 31
        0x10 3 ║ · · · · · · · · ║ 23
        0x08 2 ║ · · · · · · · · ║ 15
        0x00 1 ║ ♖ · ♗ · ♔ ♗ · ♖ ║ 7
               ╚═════════════════╝
                 A B C D E F G H

        '''
      
        '''
               ╔═════════════════╗
        0x38 8 ║ ♜ · · · ♚ · ♞ ♜ ║ 63
        0x30 7 ║ · · · · ♛ · · · ║ 55
        0x28 6 ║ · · · · · · · · ║ 47
        0x20 5 ║ · · · · · · · · ║ 39
        0x18 4 ║ · · · · · · · · ║ 31
        0x10 3 ║ · · · · · · · · ║ 23
        0x08 2 ║ · · · · · · · · ║ 15
        0x00 1 ║ ♖ · ♗ · ♔ ♗ · ♖ ║ 7
               ╚═════════════════╝
                 A B C D E F G H

        '''
      
        '''
               ╔═════════════════╗
        0x38 8 ║ ♜ ♛ · · ♚ · ♞ ♜ ║ 63
        0x30 7 ║ · · · · · · · · ║ 55
        0x28 6 ║ · · · · · · · · ║ 47
        0x20 5 ║ · · · · · · · · ║ 39
        0x18 4 ║ · · · · · · · · ║ 31
        0x10 3 ║ · · · · · · · · ║ 23
        0x08 2 ║ · · · · · · · · ║ 15
        0x00 1 ║ ♖ · ♗ · ♔ ♗ · ♖ ║ 7
               ╚═════════════════╝
                 A B C D E F G H

        '''
      
        '''
               ╔═════════════════╗
        0x38 8 ║ ♜ · ♛ · ♚ · ♞ ♜ ║ 63
        0x30 7 ║ · · · · · · · · ║ 55
        0x28 6 ║ · · · · · · · · ║ 47
        0x20 5 ║ · · · · · · · · ║ 39
        0x18 4 ║ · · · · · · · · ║ 31
        0x10 3 ║ · · · · · · · · ║ 23
        0x08 2 ║ · · · · · · · · ║ 15
        0x00 1 ║ ♖ · ♗ · ♔ ♗ · ♖ ║ 7
               ╚═════════════════╝
                 A B C D E F G H

        '''
      
        '''
               ╔═════════════════╗
        0x38 8 ║ ♜ · · ♛ · · ♞ ♜ ║ 63
        0x30 7 ║ · · · ♚ · · · · ║ 55
        0x28 6 ║ · · · · · · · · ║ 47
        0x20 5 ║ · · · · · · · · ║ 39
        0x18 4 ║ · · · · · · · · ║ 31
        0x10 3 ║ · · · · · · · · ║ 23
        0x08 2 ║ · · · · · · · · ║ 15
        0x00 1 ║ ♖ · ♗ · ♔ ♗ · ♖ ║ 7
               ╚═════════════════╝
                 A B C D E F G H

        '''
      
        '''
               ╔═════════════════╗
        0x38 8 ║ ♜ · · ♛ · · ♞ ♜ ║ 63
        0x30 7 ║ · · · · ♚ · · · ║ 55
        0x28 6 ║ · · · · · · · · ║ 47
        0x20 5 ║ · · · · · · · · ║ 39
        0x18 4 ║ · · · · · · · · ║ 31
        0x10 3 ║ · · · · · · · · ║ 23
        0x08 2 ║ · · · · · · · · ║ 15
        0x00 1 ║ ♖ · ♗ · ♔ ♗ · ♖ ║ 7
               ╚═════════════════╝
                 A B C D E F G H

        '''
      
        '''
               ╔═════════════════╗
        0x38 8 ║ ♜ · · ♛ · · ♞ ♜ ║ 63
        0x30 7 ║ · · · · · ♚ · · ║ 55
        0x28 6 ║ · · · · · · · · ║ 47
        0x20 5 ║ · · · · · · · · ║ 39
        0x18 4 ║ · · · · · · · · ║ 31
        0x10 3 ║ · · · · · · · · ║ 23
        0x08 2 ║ · · · · · · · · ║ 15
        0x00 1 ║ ♖ · ♗ · ♔ ♗ · ♖ ║ 7
               ╚═════════════════╝
                 A B C D E F G H

        '''
      
        '''
               ╔═════════════════╗
        0x38 8 ║ ♜ · · ♛ · ♚ ♞ ♜ ║ 63
        0x30 7 ║ · · · · · · · · ║ 55
        0x28 6 ║ · · · · · · · · ║ 47
        0x20 5 ║ · · · · · · · · ║ 39
        0x18 4 ║ · · · · · · · · ║ 31
        0x10 3 ║ · · · · · · · · ║ 23
        0x08 2 ║ · · · · · · · · ║ 15
        0x00 1 ║ ♖ · ♗ · ♔ ♗ · ♖ ║ 7
               ╚═════════════════╝
                 A B C D E F G H

        '''
    ]
  }
  "castling_move_generation::test_generate_castling_obstructed_w":
  {
    file:
    [
      tests
      castling_move_generation.rs
    ]
    module_path: castling_move_generation
    test_function: test_generate_castling_obstructed_w
    recorded_value:
    [
      
        '''
               ╔═════════════════╗
        0x38 8 ║ ♜ · · ♛ ♚ · ♞ ♜ ║ 63
        0x30 7 ║ · · · · · · · · ║ 55
        0x28 6 ║ · · · · · · · · ║ 47
        0x20 5 ║ · · · · · · · · ║ 39
        0x18 4 ║ · · · · · · · · ║ 31
        0x10 3 ║ · · · · · · · · ║ 23
        0x08 2 ║ · · · · · · · · ║ 15
        0x00 1 ║ ♖ · ♗ · ♔ ♗ · ♖ ║ 7
               ╚═════════════════╝
                 A B C D E F G H

        '''
      
        '''
               ╔═════════════════╗
        0x38 8 ║ ♜ · · ♛ ♚ · ♞ ♜ ║ 63
        0x30 7 ║ · · · · · · · · ║ 55
        0x28 6 ║ · · · · · · · · ║ 47
        0x20 5 ║ · · · · · · · · ║ 39
        0x18 4 ║ · · · · · · · · ║ 31
        0x10 3 ║ · · · · · · · · ║ 23
        0x08 2 ║ · · · · · · · · ║ 15
        0x00 1 ║ · ♖ ♗ · ♔ ♗ · ♖ ║ 7
               ╚═════════════════╝
                 A B C D E F G H

        '''
      
        '''
               ╔═════════════════╗
        0x38 8 ║ ♜ · · ♛ ♚ · ♞ ♜ ║ 63
        0x30 7 ║ · · · · · · · · ║ 55
        0x28 6 ║ · · · · · · · · ║ 47
        0x20 5 ║ · · · · · · · · ║ 39
        0x18 4 ║ · · · · · · · · ║ 31
        0x10 3 ║ · · · · · · · · ║ 23
        0x08 2 ║ ♖ · · · · · · · ║ 15
        0x00 1 ║ · · ♗ · ♔ ♗ · ♖ ║ 7
               ╚═════════════════╝
                 A B C D E F G H

        '''
      
        '''
               ╔═════════════════╗
        0x38 8 ║ ♜ · · ♛ ♚ · ♞ ♜ ║ 63
        0x30 7 ║ · · · · · · · · ║ 55
        0x28 6 ║ · · · · · · · · ║ 47
        0x20 5 ║ · · · · · · · · ║ 39
        0x18 4 ║ · · · · · · · · ║ 31
        0x10 3 ║ ♖ · · · · · · · ║ 23
        0x08 2 ║ · · · · · · · · ║ 15
        0x00 1 ║ · · ♗ · ♔ ♗ · ♖ ║ 7
               ╚═════════════════╝
                 A B C D E F G H

        '''
      
        '''
               ╔═════════════════╗
        0x38 8 ║ ♜ · · ♛ ♚ · ♞ ♜ ║ 63
        0x30 7 ║ · · · · · · · · ║ 55
        0x28 6 ║ · · · · · · · · ║ 47
        0x20 5 ║ · · · · · · · · ║ 39
        0x18 4 ║ ♖ · · · · · · · ║ 31
        0x10 3 ║ · · · · · · · · ║ 23
        0x08 2 ║ · · · · · · · · ║ 15
        0x00 1 ║ · · ♗ · ♔ ♗ · ♖ ║ 7
               ╚═════════════════╝
                 A B C D E F G H

        '''
      
        '''
               ╔═════════════════╗
        0x38 8 ║ ♜ · · ♛ ♚ · ♞ ♜ ║ 63
        0x30 7 ║ · · · · · · · · ║ 55
        0x28 6 ║ · · · · · · · · ║ 47
        0x20 5 ║ ♖ · · · · · · · ║ 39
        0x18 4 ║ · · · · · · · · ║ 31
        0x10 3 ║ · · · · · · · · ║ 23
        0x08 2 ║ · · · · · · · · ║ 15
        0x00 1 ║ · · ♗ · ♔ ♗ · ♖ ║ 7
               ╚═════════════════╝
                 A B C D E F G H

        '''
      
        '''
               ╔═════════════════╗
        0x38 8 ║ ♜ · · ♛ ♚ · ♞ ♜ ║ 63
        0x30 7 ║ · · · · · · · · ║ 55
        0x28 6 ║ ♖ · · · · · · · ║ 47
        0x20 5 ║ · · · · · · · · ║ 39
        0x18 4 ║ · · · · · · · · ║ 31
        0x10 3 ║ · · · · · · · · ║ 23
        0x08 2 ║ · · · · · · · · ║ 15
        0x00 1 ║ · · ♗ · ♔ ♗ · ♖ ║ 7
               ╚═════════════════╝
                 A B C D E F G H

        '''
      
        '''
               ╔═════════════════╗
        0x38 8 ║ ♜ · · ♛ ♚ · ♞ ♜ ║ 63
        0x30 7 ║ ♖ · · · · · · · ║ 55
        0x28 6 ║ · · · · · · · · ║ 47
        0x20 5 ║ · · · · · · · · ║ 39
        0x18 4 ║ · · · · · · · · ║ 31
        0x10 3 ║ · · · · · · · · ║ 23
        0x08 2 ║ · · · · · · · · ║ 15
        0x00 1 ║ · · ♗ · ♔ ♗ · ♖ ║ 7
               ╚═════════════════╝
                 A B C D E F G H

        '''
      
        '''
               ╔═════════════════╗
        0x38 8 ║ ♖ · · ♛ ♚ · ♞ ♜ ║ 63
        0x30 7 ║ · · · · · · · · ║ 55
        0x28 6 ║ · · · · · · · · ║ 47
        0x20 5 ║ · · · · · · · · ║ 39
        0x18 4 ║ · · · · · · · · ║ 31
        0x10 3 ║ · · · · · · · · ║ 23
        0x08 2 ║ · · · · · · · · ║ 15
        0x00 1 ║ · · ♗ · ♔ ♗ · ♖ ║ 7
               ╚═════════════════╝
                 A B C D E F G H

        '''
      
        '''
               ╔═════════════════╗
        0x38 8 ║ ♜ · · ♛ ♚ · ♞ ♜ ║ 63
        0x30 7 ║ · · · · · · · · ║ 55
        0x28 6 ║ · · · · · · · · ║ 47
        0x20 5 ║ · · · · · · · · ║ 39
        0x18 4 ║ · · · · · · · · ║ 31
        0x10 3 ║ · · · · · · · · ║ 23
        0x08 2 ║ · · · · · · · · ║ 15
        0x00 1 ║ ♖ · ♗ · ♔ ♗ ♖ · ║ 7
               ╚═════════════════╝
                 A B C D E F G H

        '''
      
        '''
               ╔═════════════════╗
        0x38 8 ║ ♜ · · ♛ ♚ · ♞ ♜ ║ 63
        0x30 7 ║ · · · · · · · · ║ 55
        0x28 6 ║ · · · · · · · · ║ 47
        0x20 5 ║ · · · · · · · · ║ 39
        0x18 4 ║ · · · · · · · · ║ 31
        0x10 3 ║ · · · · · · · · ║ 23
        0x08 2 ║ · · · · · · · ♖ ║ 15
        0x00 1 ║ ♖ · ♗ · ♔ ♗ · · ║ 7
               ╚═════════════════╝
                 A B C D E F G H

        '''
      
        '''
               ╔═════════════════╗
        0x38 8 ║ ♜ · · ♛ ♚ · ♞ ♜ ║ 63
        0x30 7 ║ · · · · · · · · ║ 55
        0x28 6 ║ · · · · · · · · ║ 47
        0x20 5 ║ · · · · · · · · ║ 39
        0x18 4 ║ · · · · · · · · ║ 31
        0x10 3 ║ · · · · · · · ♖ ║ 23
        0x08 2 ║ · · · · · · · · ║ 15
        0x00 1 ║ ♖ · ♗ · ♔ ♗ · · ║ 7
               ╚═════════════════╝
                 A B C D E F G H

        '''
      
        '''
               ╔═════════════════╗
        0x38 8 ║ ♜ · · ♛ ♚ · ♞ ♜ ║ 63
        0x30 7 ║ · · · · · · · · ║ 55
        0x28 6 ║ · · · · · · · · ║ 47
        0x20 5 ║ · · · · · · · · ║ 39
        0x18 4 ║ · · · · · · · ♖ ║ 31
        0x10 3 ║ · · · · · · · · ║ 23
        0x08 2 ║ · · · · · · · · ║ 15
        0x00 1 ║ ♖ · ♗ · ♔ ♗ · · ║ 7
               ╚═════════════════╝
                 A B C D E F G H

        '''
      
        '''
               ╔═════════════════╗
        0x38 8 ║ ♜ · · ♛ ♚ · ♞ ♜ ║ 63
        0x30 7 ║ · · · · · · · · ║ 55
        0x28 6 ║ · · · · · · · · ║ 47
        0x20 5 ║ · · · · · · · ♖ ║ 39
        0x18 4 ║ · · · · · · · · ║ 31
        0x10 3 ║ · · · · · · · · ║ 23
        0x08 2 ║ · · · · · · · · ║ 15
        0x00 1 ║ ♖ · ♗ · ♔ ♗ · · ║ 7
               ╚═════════════════╝
                 A B C D E F G H

        '''
      
        '''
               ╔═════════════════╗
        0x38 8 ║ ♜ · · ♛ ♚ · ♞ ♜ ║ 63
        0x30 7 ║ · · · · · · · · ║ 55
        0x28 6 ║ · · · · · · · ♖ ║ 47
        0x20 5 ║ · · · · · · · · ║ 39
        0x18 4 ║ · · · · · · · · ║ 31
        0x10 3 ║ · · · · · · · · ║ 23
        0x08 2 ║ · · · · · · · · ║ 15
        0x00 1 ║ ♖ · ♗ · ♔ ♗ · · ║ 7
               ╚═════════════════╝
                 A B C D E F G H

        '''
      
        '''
               ╔═════════════════╗
        0x38 8 ║ ♜ · · ♛ ♚ · ♞ ♜ ║ 63
        0x30 7 ║ · · · · · · · ♖ ║ 55
        0x28 6 ║ · · · · · · · · ║ 47
        0x20 5 ║ · · · · · · · · ║ 39
        0x18 4 ║ · · · · · · · · ║ 31
        0x10 3 ║ · · · · · · · · ║ 23
        0x08 2 ║ · · · · · · · · ║ 15
        0x00 1 ║ ♖ · ♗ · ♔ ♗ · · ║ 7
               ╚═════════════════╝
                 A B C D E F G H

        '''
      
        '''
               ╔═════════════════╗
        0x38 8 ║ ♜ · · ♛ ♚ · ♞ ♖ ║ 63
        0x30 7 ║ · · · · · · · · ║ 55
        0x28 6 ║ · · · · · · · · ║ 47
        0x20 5 ║ · · · · · · · · ║ 39
        0x18 4 ║ · · · · · · · · ║ 31
        0x10 3 ║ · · · · · · · · ║ 23
        0x08 2 ║ · · · · · · · · ║ 15
        0x00 1 ║ ♖ · ♗ · ♔ ♗ · · ║ 7
               ╚═════════════════╝
                 A B C D E F G H

        '''
      
        '''
               ╔═════════════════╗
        0x38 8 ║ ♜ · · ♛ ♚ · ♞ ♜ ║ 63
        0x30 7 ║ · · · · · · · · ║ 55
        0x28 6 ║ · · · · · · · · ║ 47
        0x20 5 ║ · · · · · · · · ║ 39
        0x18 4 ║ · · · · · · · · ║ 31
        0x10 3 ║ · · · · · · · · ║ 23
        0x08 2 ║ · ♗ · · · · · · ║ 15
        0x00 1 ║ ♖ · · · ♔ ♗ · ♖ ║ 7
               ╚═════════════════╝
                 A B C D E F G H

        '''
      
        '''
               ╔═════════════════╗
        0x38 8 ║ ♜ · · ♛ ♚ · ♞ ♜ ║ 63
        0x30 7 ║ · · · · · · · · ║ 55
        0x28 6 ║ · · · · · · · · ║ 47
        0x20 5 ║ · · · · · · · · ║ 39
        0x18 4 ║ · · · · · · · · ║ 31
        0x10 3 ║ · · · · · · · · ║ 23
        0x08 2 ║ · · · ♗ · · · · ║ 15
        0x00 1 ║ ♖ · · · ♔ ♗ · ♖ ║ 7
               ╚═════════════════╝
                 A B C D E F G H

        '''
      
        '''
               ╔═════════════════╗
        0x38 8 ║ ♜ · · ♛ ♚ · ♞ ♜ ║ 63
        0x30 7 ║ · · · · · · · · ║ 55
        0x28 6 ║ · · · · · · · · ║ 47
        0x20 5 ║ · · · · · · · · ║ 39
        0x18 4 ║ · · · · · · · · ║ 31
        0x10 3 ║ ♗ · · · · · · · ║ 23
        0x08 2 ║ · · · · · · · · ║ 15
        0x00 1 ║ ♖ · · · ♔ ♗ · ♖ ║ 7
               ╚═════════════════╝
                 A B C D E F G H

        '''
      
        '''
               ╔═════════════════╗
        0x38 8 ║ ♜ · · ♛ ♚ · ♞ ♜ ║ 63
        0x30 7 ║ · · · · · · · · ║ 55
        0x28 6 ║ · · · · · · · · ║ 47
        0x20 5 ║ · · · · · · · · ║ 39
        0x18 4 ║ · · · · · · · · ║ 31
        0x10 3 ║ · · · · ♗ · · · ║ 23
        0x08 2 ║ · · · · · · · · ║ 15
        0x00 1 ║ ♖ · · · ♔ ♗ · ♖ ║ 7
               ╚═════════════════╝
                 A B C D E F G H

        '''
      
        '''
               ╔═════════════════╗
        0x38 8 ║ ♜ · · ♛ ♚ · ♞ ♜ ║ 63
        0x30 7 ║ · · · · · · · · ║ 55
        0x28 6 ║ · · · · · · · · ║ 47
        0x20 5 ║ · · · · · · · · ║ 39
        0x18 4 ║ · · · · · ♗ · · ║ 31
        0x10 3 ║ · · · · · · · · ║ 23
        0x08 2 ║ · · · · · · · · ║ 15
        0x00 1 ║ ♖ · · · ♔ ♗ · ♖ ║ 7
               ╚═════════════════╝
                 A B C D E F G H

        '''
      
        '''
               ╔═════════════════╗
        0x38 8 ║ ♜ · · ♛ ♚ · ♞ ♜ ║ 63
        0x30 7 ║ · · · · · · · · ║ 55
        0x28 6 ║ · · · · · · · · ║ 47
        0x20 5 ║ · · · · · · ♗ · ║ 39
        0x18 4 ║ · · · · · · · · ║ 31
        0x10 3 ║ · · · · · · · · ║ 23
        0x08 2 ║ · · · · · · · · ║ 15
        0x00 1 ║ ♖ · · · ♔ ♗ · ♖ ║ 7
               ╚═════════════════╝
                 A B C D E F G H

        '''
      
        '''
               ╔═════════════════╗
        0x38 8 ║ ♜ · · ♛ ♚ · ♞ ♜ ║ 63
        0x30 7 ║ · · · · · · · · ║ 55
        0x28 6 ║ · · · · · · · ♗ ║ 47
        0x20 5 ║ · · · · · · · · ║ 39
        0x18 4 ║ · · · · · · · · ║ 31
        0x10 3 ║ · · · · · · · · ║ 23
        0x08 2 ║ · · · · · · · · ║ 15
        0x00 1 ║ ♖ · · · ♔ ♗ · ♖ ║ 7
               ╚═════════════════╝
                 A B C D E F G H

        '''
      
        '''
               ╔═════════════════╗
        0x38 8 ║ ♜ · · ♛ ♚ · ♞ ♜ ║ 63
        0x30 7 ║ · · · · · · · · ║ 55
        0x28 6 ║ · · · · · · · · ║ 47
        0x20 5 ║ · · · · · · · · ║ 39
        0x18 4 ║ · · · · · · · · ║ 31
        0x10 3 ║ · · · · · · · · ║ 23
        0x08 2 ║ · · · · ♗ · · · ║ 15
        0x00 1 ║ ♖ · ♗ · ♔ · · ♖ ║ 7
               ╚═════════════════╝
                 A B C D E F G H

        '''
      
        '''
               ╔═════════════════╗
        0x38 8 ║ ♜ · · ♛ ♚ · ♞ ♜ ║ 63
        0x30 7 ║ · · · · · · · · ║ 55
        0x28 6 ║ · · · · · · · · ║ 47
        0x20 5 ║ · · · · · · · · ║ 39
        0x18 4 ║ · · · · · · · · ║ 31
        0x10 3 ║ · · · · · · · · ║ 23
        0x08 2 ║ · · · · · · ♗ · ║ 15
        0x00 1 ║ ♖ · ♗ · ♔ · · ♖ ║ 7
               ╚═════════════════╝
                 A B C D E F G H

        '''
      
        '''
               ╔═════════════════╗
        0x38 8 ║ ♜ · · ♛ ♚ · ♞ ♜ ║ 63
        0x30 7 ║ · · · · · · · · ║ 55
        0x28 6 ║ · · · · · · · · ║ 47
        0x20 5 ║ · · · · · · · · ║ 39
        0x18 4 ║ · · · · · · · · ║ 31
        0x10 3 ║ · · · ♗ · · · · ║ 23
        0x08 2 ║ · · · · · · · · ║ 15
        0x00 1 ║ ♖ · ♗ · ♔ · · ♖ ║ 7
               ╚═════════════════╝
                 A B C D E F G H

        '''
      
        '''
               ╔═════════════════╗
        0x38 8 ║ ♜ · · ♛ ♚ · ♞ ♜ ║ 63
        0x30 7 ║ · · · · · · · · ║ 55
        0x28 6 ║ · · · · · · · · ║ 47
        0x20 5 ║ · · · · · · · · ║ 39
        0x18 4 ║ · · · · · · · · ║ 31
        0x10 3 ║ · · · · · · · ♗ ║ 23
        0x08 2 ║ · · · · · · · · ║ 15
        0x00 1 ║ ♖ · ♗ · ♔ · · ♖ ║ 7
               ╚═════════════════╝
                 A B C D E F G H

        '''
      
        '''
               ╔═════════════════╗
        0x38 8 ║ ♜ · · ♛ ♚ · ♞ ♜ ║ 63
        0x30 7 ║ · · · · · · · · ║ 55
        0x28 6 ║ · · · · · · · · ║ 47
        0x20 5 ║ · · · · · · · · ║ 39
        0x18 4 ║ · · ♗ · · · · · ║ 31
        0x10 3 ║ · · · · · · · · ║ 23
        0x08 2 ║ · · · · · · · · ║ 15
        0x00 1 ║ ♖ · ♗ · ♔ · · ♖ ║ 7
               ╚═════════════════╝
                 A B C D E F G H

        '''
      
        '''
               ╔═════════════════╗
        0x38 8 ║ ♜ · · ♛ ♚ · ♞ ♜ ║ 63
        0x30 7 ║ · · · · · · · · ║ 55
        0x28 6 ║ · · · · · · · · ║ 47
        0x20 5 ║ · ♗ · · · · · · ║ 39
        0x18 4 ║ · · · · · · · · ║ 31
        0x10 3 ║ · · · · · · · · ║ 23
        0x08 2 ║ · · · · · · · · ║ 15
        0x00 1 ║ ♖ · ♗ · ♔ · · ♖ ║ 7
               ╚═════════════════╝
                 A B C D E F G H

        '''
      
        '''
               ╔═════════════════╗
        0x38 8 ║ ♜ · · ♛ ♚ · ♞ ♜ ║ 63
        0x30 7 ║ · · · · · · · · ║ 55
        0x28 6 ║ ♗ · · · · · · · ║ 47
        0x20 5 ║ · · · · · · · · ║ 39
        0x18 4 ║ · · · · · · · · ║ 31
        0x10 3 ║ · · · · · · · · ║ 23
        0x08 2 ║ · · · · · · · · ║ 15
        0x00 1 ║ ♖ · ♗ · ♔ · · ♖ ║ 7
               ╚═════════════════╝
                 A B C D E F G H

        '''
      
        '''
               ╔═════════════════╗
        0x38 8 ║ ♜ · · ♛ ♚ · ♞ ♜ ║ 63
        0x30 7 ║ · · · · · · · · ║ 55
        0x28 6 ║ · · · · · · · · ║ 47
        0x20 5 ║ · · · · · · · · ║ 39
        0x18 4 ║ · · · · · · · · ║ 31
        0x10 3 ║ · · · · · · · · ║ 23
        0x08 2 ║ · · · · ♔ · · · ║ 15
        0x00 1 ║ ♖ · ♗ · · ♗ · ♖ ║ 7
               ╚═════════════════╝
                 A B C D E F G H

        '''
      
        '''
               ╔═════════════════╗
        0x38 8 ║ ♜ · · ♛ ♚ · ♞ ♜ ║ 63
        0x30 7 ║ · · · · · · · · ║ 55
        0x28 6 ║ · · · · · · · · ║ 47
        0x20 5 ║ · · · · · · · · ║ 39
        0x18 4 ║ · · · · · · · · ║ 31
        0x10 3 ║ · · · · · · · · ║ 23
        0x08 2 ║ · · · · · ♔ · · ║ 15
        0x00 1 ║ ♖ · ♗ · · ♗ · ♖ ║ 7
               ╚═════════════════╝
                 A B C D E F G H

        '''
    ]
  }
  "castling_move_generation::test_generate_castling_through_check_b":
  {
    file:
    [
      tests
      castling_move_generation.rs
    ]
    module_path: castling_move_generation
    test_function: test_generate_castling_through_check_b
    recorded_value:
    [
      
        '''
               ╔═════════════════╗
        0x38 8 ║ ♜ · · · ♚ · · ♜ ║ 63
        0x30 7 ║ · · · · · · · · ║ 55
        0x28 6 ║ · · · · ♗ · · · ║ 47
        0x20 5 ║ · · · · · ♖ · · ║ 39
        0x18 4 ║ · · · · · · · · ║ 31
        0x10 3 ║ · · · · ♝ ♜ · · ║ 23
        0x08 2 ║ · · · · · · · · ║ 15
        0x00 1 ║ ♖ · · · ♔ · · ♖ ║ 7
               ╚═════════════════╝
                 A B C D E F G H

        '''
      
        '''
               ╔═════════════════╗
        0x38 8 ║ ♜ · · · ♚ · · ♜ ║ 63
        0x30 7 ║ · · · · · · · · ║ 55
        0x28 6 ║ · · · · ♗ · · · ║ 47
        0x20 5 ║ · · · · · ♖ · · ║ 39
        0x18 4 ║ · · · · · · · · ║ 31
        0x10 3 ║ · · · · ♝ · · · ║ 23
        0x08 2 ║ · · · · · · · · ║ 15
        0x00 1 ║ ♖ · · · ♔ ♜ · ♖ ║ 7
               ╚═════════════════╝
                 A B C D E F G H

        '''
      
        '''
               ╔═════════════════╗
        0x38 8 ║ ♜ · · · ♚ · · ♜ ║ 63
        0x30 7 ║ · · · · · · · · ║ 55
        0x28 6 ║ · · · · ♗ · · · ║ 47
        0x20 5 ║ · · · · · ♖ · · ║ 39
        0x18 4 ║ · · · · · · · · ║ 31
        0x10 3 ║ · · · · ♝ · · · ║ 23
        0x08 2 ║ · · · · · ♜ · · ║ 15
        0x00 1 ║ ♖ · · · ♔ · · ♖ ║ 7
               ╚═════════════════╝
                 A B C D E F G H

        '''
      
        '''
               ╔═════════════════╗
        0x38 8 ║ ♜ · · · ♚ · · ♜ ║ 63
        0x30 7 ║ · · · · · · · · ║ 55
        0x28 6 ║ · · · · ♗ · · · ║ 47
        0x20 5 ║ · · · · · ♖ · · ║ 39
        0x18 4 ║ · · · · · · · · ║ 31
        0x10 3 ║ · · · · ♝ · ♜ · ║ 23
        0x08 2 ║ · · · · · · · · ║ 15
        0x00 1 ║ ♖ · · · ♔ · · ♖ ║ 7
               ╚═════════════════╝
                 A B C D E F G H

        '''
      
        '''
               ╔═════════════════╗
        0x38 8 ║ ♜ · · · ♚ · · ♜ ║ 63
        0x30 7 ║ · · · · · · · · ║ 55
        0x28 6 ║ · · · · ♗ · · · ║ 47
        0x20 5 ║ · · · · · ♖ · · ║ 39
        0x18 4 ║ · · · · · · · · ║ 31
        0x10 3 ║ · · · · ♝ · · ♜ ║ 23
        0x08 2 ║ · · · · · · · · ║ 15
        0x00 1 ║ ♖ · · · ♔ · · ♖ ║ 7
               ╚═════════════════╝
                 A B C D E F G H

        '''
      
        '''
               ╔═════════════════╗
        0x38 8 ║ ♜ · · · ♚ · · ♜ ║ 63
        0x30 7 ║ · · · · · · · · ║ 55
        0x28 6 ║ · · · · ♗ · · · ║ 47
        0x20 5 ║ · · · · · ♖ · · ║ 39
        0x18 4 ║ · · · · · ♜ · · ║ 31
        0x10 3 ║ · · · · ♝ · · · ║ 23
        0x08 2 ║ · · · · · · · · ║ 15
        0x00 1 ║ ♖ · · · ♔ · · ♖ ║ 7
               ╚═════════════════╝
                 A B C D E F G H

        '''
      
        '''
               ╔═════════════════╗
        0x38 8 ║ ♜ · · · ♚ · · ♜ ║ 63
        0x30 7 ║ · · · · · · · · ║ 55
        0x28 6 ║ · · · · ♗ · · · ║ 47
        0x20 5 ║ · · · · · ♜ · · ║ 39
        0x18 4 ║ · · · · · · · · ║ 31
        0x10 3 ║ · · · · ♝ · · · ║ 23
        0x08 2 ║ · · · · · · · · ║ 15
        0x00 1 ║ ♖ · · · ♔ · · ♖ ║ 7
               ╚═════════════════╝
                 A B C D E F G H

        '''
      
        '''
               ╔═════════════════╗
        0x38 8 ║ · · · · ♚ · · ♜ ║ 63
        0x30 7 ║ · · · · · · · · ║ 55
        0x28 6 ║ · · · · ♗ · · · ║ 47
        0x20 5 ║ · · · · · ♖ · · ║ 39
        0x18 4 ║ · · · · · · · · ║ 31
        0x10 3 ║ · · · · ♝ ♜ · · ║ 23
        0x08 2 ║ · · · · · · · · ║ 15
        0x00 1 ║ ♜ · · · ♔ · · ♖ ║ 7
               ╚═════════════════╝
                 A B C D E F G H

        '''
      
        '''
               ╔═════════════════╗
        0x38 8 ║ · · · · ♚ · · ♜ ║ 63
        0x30 7 ║ · · · · · · · · ║ 55
        0x28 6 ║ · · · · ♗ · · · ║ 47
        0x20 5 ║ · · · · · ♖ · · ║ 39
        0x18 4 ║ · · · · · · · · ║ 31
        0x10 3 ║ · · · · ♝ ♜ · · ║ 23
        0x08 2 ║ ♜ · · · · · · · ║ 15
        0x00 1 ║ ♖ · · · ♔ · · ♖ ║ 7
               ╚═════════════════╝
                 A B C D E F G H

        '''
      
        '''
               ╔═════════════════╗
        0x38 8 ║ · · · · ♚ · · ♜ ║ 63
        0x30 7 ║ · · · · · · · · ║ 55
        0x28 6 ║ · · · · ♗ · · · ║ 47
        0x20 5 ║ · · · · · ♖ · · ║ 39
        0x18 4 ║ · · · · · · · · ║ 31
        0x10 3 ║ ♜ · · · ♝ ♜ · · ║ 23
        0x08 2 ║ · · · · · · · · ║ 15
        0x00 1 ║ ♖ · · · ♔ · · ♖ ║ 7
               ╚═════════════════╝
                 A B C D E F G H

        '''
      
        '''
               ╔═════════════════╗
        0x38 8 ║ · · · · ♚ · · ♜ ║ 63
        0x30 7 ║ · · · · · · · · ║ 55
        0x28 6 ║ · · · · ♗ · · · ║ 47
        0x20 5 ║ · · · · · ♖ · · ║ 39
        0x18 4 ║ ♜ · · · · · · · ║ 31
        0x10 3 ║ · · · · ♝ ♜ · · ║ 23
        0x08 2 ║ · · · · · · · · ║ 15
        0x00 1 ║ ♖ · · · ♔ · · ♖ ║ 7
               ╚═════════════════╝
                 A B C D E F G H

        '''
      
        '''
               ╔═════════════════╗
        0x38 8 ║ · · · · ♚ · · ♜ ║ 63
        0x30 7 ║ · · · · · · · · ║ 55
        0x28 6 ║ · · · · ♗ · · · ║ 47
        0x20 5 ║ ♜ · · · · ♖ · · ║ 39
        0x18 4 ║ · · · · · · · · ║ 31
        0x10 3 ║ · · · · ♝ ♜ · · ║ 23
        0x08 2 ║ · · · · · · · · ║ 15
        0x00 1 ║ ♖ · · · ♔ · · ♖ ║ 7
               ╚═════════════════╝
                 A B C D E F G H

        '''
      
        '''
               ╔═════════════════╗
        0x38 8 ║ · · · · ♚ · · ♜ ║ 63
        0x30 7 ║ · · · · · · · · ║ 55
        0x28 6 ║ ♜ · · · ♗ · · · ║ 47
        0x20 5 ║ · · · · · ♖ · · ║ 39
        0x18 4 ║ · · · · · · · · ║ 31
        0x10 3 ║ · · · · ♝ ♜ · · ║ 23
        0x08 2 ║ · · · · · · · · ║ 15
        0x00 1 ║ ♖ · · · ♔ · · ♖ ║ 7
               ╚═════════════════╝
                 A B C D E F G H

        '''
      
        '''
               ╔═════════════════╗
        0x38 8 ║ · · · · ♚ · · ♜ ║ 63
        0x30 7 ║ ♜ · · · · · · · ║ 55
        0x28 6 ║ · · · · ♗ · · · ║ 47
        0x20 5 ║ · · · · · ♖ · · ║ 39
        0x18 4 ║ · · · · · · · · ║ 31
        0x10 3 ║ · · · · ♝ ♜ · · ║ 23
        0x08 2 ║ · · · · · · · · ║ 15
        0x00 1 ║ ♖ · · · ♔ · · ♖ ║ 7
               ╚═════════════════╝
                 A B C D E F G H

        '''
      
        '''
               ╔═════════════════╗
        0x38 8 ║ · ♜ · · ♚ · · ♜ ║ 63
        0x30 7 ║ · · · · · · · · ║ 55
        0x28 6 ║ · · · · ♗ · · · ║ 47
        0x20 5 ║ · · · · · ♖ · · ║ 39
        0x18 4 ║ · · · · · · · · ║ 31
        0x10 3 ║ · · · · ♝ ♜ · · ║ 23
        0x08 2 ║ · · · · · · · · ║ 15
        0x00 1 ║ ♖ · · · ♔ · · ♖ ║ 7
               ╚═════════════════╝
                 A B C D E F G H

        '''
      
        '''
               ╔═════════════════╗
        0x38 8 ║ · · ♜ · ♚ · · ♜ ║ 63
        0x30 7 ║ · · · · · · · · ║ 55
        0x28 6 ║ · · · · ♗ · · · ║ 47
        0x20 5 ║ · · · · · ♖ · · ║ 39
        0x18 4 ║ · · · · · · · · ║ 31
        0x10 3 ║ · · · · ♝ ♜ · · ║ 23
        0x08 2 ║ · · · · · · · · ║ 15
        0x00 1 ║ ♖ · · · ♔ · · ♖ ║ 7
               ╚═════════════════╝
                 A B C D E F G H

        '''
      
        '''
               ╔═════════════════╗
        0x38 8 ║ · · · ♜ ♚ · · ♜ ║ 63
        0x30 7 ║ · · · · · · · · ║ 55
        0x28 6 ║ · · · · ♗ · · · ║ 47
        0x20 5 ║ · · · · · ♖ · · ║ 39
        0x18 4 ║ · · · · · · · · ║ 31
        0x10 3 ║ · · · · ♝ ♜ · · ║ 23
        0x08 2 ║ · · · · · · · · ║ 15
        0x00 1 ║ ♖ · · · ♔ · · ♖ ║ 7
               ╚═════════════════╝
                 A B C D E F G H

        '''
      
        '''
               ╔═════════════════╗
        0x38 8 ║ ♜ · · · ♚ · · · ║ 63
        0x30 7 ║ · · · · · · · · ║ 55
        0x28 6 ║ · · · · ♗ · · · ║ 47
        0x20 5 ║ · · · · · ♖ · · ║ 39
        0x18 4 ║ · · · · · · · · ║ 31
        0x10 3 ║ · · · · ♝ ♜ · · ║ 23
        0x08 2 ║ · · · · · · · · ║ 15
        0x00 1 ║ ♖ · · · ♔ · · ♜ ║ 7
               ╚═════════════════╝
                 A B C D E F G H

        '''
      
        '''
               ╔═════════════════╗
        0x38 8 ║ ♜ · · · ♚ · · · ║ 63
        0x30 7 ║ · · · · · · · · ║ 55
        0x28 6 ║ · · · · ♗ · · · ║ 47
        0x20 5 ║ · · · · · ♖ · · ║ 39
        0x18 4 ║ · · · · · · · · ║ 31
        0x10 3 ║ · · · · ♝ ♜ · · ║ 23
        0x08 2 ║ · · · · · · · ♜ ║ 15
        0x00 1 ║ ♖ · · · ♔ · · ♖ ║ 7
               ╚═════════════════╝
                 A B C D E F G H

        '''
      
        '''
               ╔═════════════════╗
        0x38 8 ║ ♜ · · · ♚ · · · ║ 63
        0x30 7 ║ · · · · · · · · ║ 55
        0x28 6 ║ · · · · ♗ · · · ║ 47
        0x20 5 ║ · · · · · ♖ · · ║ 39
        0x18 4 ║ · · · · · · · · ║ 31
        0x10 3 ║ · · · · ♝ ♜ · ♜ ║ 23
        0x08 2 ║ · · · · · · · · ║ 15
        0x00 1 ║ ♖ · · · ♔ · · ♖ ║ 7
               ╚═════════════════╝
                 A B C D E F G H

        '''
      
        '''
               ╔═════════════════╗
        0x38 8 ║ ♜ · · · ♚ · · · ║ 63
        0x30 7 ║ · · · · · · · · ║ 55
        0x28 6 ║ · · · · ♗ · · · ║ 47
        0x20 5 ║ · · · · · ♖ · · ║ 39
        0x18 4 ║ · · · · · · · ♜ ║ 31
        0x10 3 ║ · · · · ♝ ♜ · · ║ 23
        0x08 2 ║ · · · · · · · · ║ 15
        0x00 1 ║ ♖ · · · ♔ · · ♖ ║ 7
               ╚═════════════════╝
                 A B C D E F G H

        '''
      
        '''
               ╔═════════════════╗
        0x38 8 ║ ♜ · · · ♚ · · · ║ 63
        0x30 7 ║ · · · · · · · · ║ 55
        0x28 6 ║ · · · · ♗ · · · ║ 47
        0x20 5 ║ · · · · · ♖ · ♜ ║ 39
        0x18 4 ║ · · · · · · · · ║ 31
        0x10 3 ║ · · · · ♝ ♜ · · ║ 23
        0x08 2 ║ · · · · · · · · ║ 15
        0x00 1 ║ ♖ · · · ♔ · · ♖ ║ 7
               ╚═════════════════╝
                 A B C D E F G H

        '''
      
        '''
               ╔═════════════════╗
        0x38 8 ║ ♜ · · · ♚ · · · ║ 63
        0x30 7 ║ · · · · · · · · ║ 55
        0x28 6 ║ · · · · ♗ · · ♜ ║ 47
        0x20 5 ║ · · · · · ♖ · · ║ 39
        0x18 4 ║ · · · · · · · · ║ 31
        0x10 3 ║ · · · · ♝ ♜ · · ║ 23
        0x08 2 ║ · · · · · · · · ║ 15
        0x00 1 ║ ♖ · · · ♔ · · ♖ ║ 7
               ╚═════════════════╝
                 A B C D E F G H

        '''
      
        '''
               ╔═════════════════╗
        0x38 8 ║ ♜ · · · ♚ · · · ║ 63
        0x30 7 ║ · · · · · · · ♜ ║ 55
        0x28 6 ║ · · · · ♗ · · · ║ 47
        0x20 5 ║ · · · · · ♖ · · ║ 39
        0x18 4 ║ · · · · · · · · ║ 31
        0x10 3 ║ · · · · ♝ ♜ · · ║ 23
        0x08 2 ║ · · · · · · · · ║ 15
        0x00 1 ║ ♖ · · · ♔ · · ♖ ║ 7
               ╚═════════════════╝
                 A B C D E F G H

        '''
      
        '''
               ╔═════════════════╗
        0x38 8 ║ ♜ · · · ♚ ♜ · · ║ 63
        0x30 7 ║ · · · · · · · · ║ 55
        0x28 6 ║ · · · · ♗ · · · ║ 47
        0x20 5 ║ · · · · · ♖ · · ║ 39
        0x18 4 ║ · · · · · · · · ║ 31
        0x10 3 ║ · · · · ♝ ♜ · · ║ 23
        0x08 2 ║ · · · · · · · · ║ 15
        0x00 1 ║ ♖ · · · ♔ · · ♖ ║ 7
               ╚═════════════════╝
                 A B C D E F G H

        '''
      
        '''
               ╔═════════════════╗
        0x38 8 ║ ♜ · · · ♚ · ♜ · ║ 63
        0x30 7 ║ · · · · · · · · ║ 55
        0x28 6 ║ · · · · ♗ · · · ║ 47
        0x20 5 ║ · · · · · ♖ · · ║ 39
        0x18 4 ║ · · · · · · · · ║ 31
        0x10 3 ║ · · · · ♝ ♜ · · ║ 23
        0x08 2 ║ · · · · · · · · ║ 15
        0x00 1 ║ ♖ · · · ♔ · · ♖ ║ 7
               ╚═════════════════╝
                 A B C D E F G H

        '''
      
        '''
               ╔═════════════════╗
        0x38 8 ║ ♜ · · · ♚ · · ♜ ║ 63
        0x30 7 ║ · · · · · · · · ║ 55
        0x28 6 ║ · · · · ♗ · · · ║ 47
        0x20 5 ║ · · · · · ♖ · · ║ 39
        0x18 4 ║ · · · · · · · · ║ 31
        0x10 3 ║ · · · · · ♜ · · ║ 23
        0x08 2 ║ · · · · · · · · ║ 15
        0x00 1 ║ ♖ · ♝ · ♔ · · ♖ ║ 7
               ╚═════════════════╝
                 A B C D E F G H

        '''
      
        '''
               ╔═════════════════╗
        0x38 8 ║ ♜ · · · ♚ · · ♜ ║ 63
        0x30 7 ║ · · · · · · · · ║ 55
        0x28 6 ║ · · · · ♗ · · · ║ 47
        0x20 5 ║ · · · · · ♖ · · ║ 39
        0x18 4 ║ · · · · · · · · ║ 31
        0x10 3 ║ · · · · · ♜ · · ║ 23
        0x08 2 ║ · · · · · · · · ║ 15
        0x00 1 ║ ♖ · · · ♔ · ♝ ♖ ║ 7
               ╚═════════════════╝
                 A B C D E F G H

        '''
      
        '''
               ╔═════════════════╗
        0x38 8 ║ ♜ · · · ♚ · · ♜ ║ 63
        0x30 7 ║ · · · · · · · · ║ 55
        0x28 6 ║ · · · · ♗ · · · ║ 47
        0x20 5 ║ · · · · · ♖ · · ║ 39
        0x18 4 ║ · · · · · · · · ║ 31
        0x10 3 ║ · · · · · ♜ · · ║ 23
        0x08 2 ║ · · · ♝ · · · · ║ 15
        0x00 1 ║ ♖ · · · ♔ · · ♖ ║ 7
               ╚═════════════════╝
                 A B C D E F G H

        '''
      
        '''
               ╔═════════════════╗
        0x38 8 ║ ♜ · · · ♚ · · ♜ ║ 63
        0x30 7 ║ · · · · · · · · ║ 55
        0x28 6 ║ · · · · ♗ · · · ║ 47
        0x20 5 ║ · · · · · ♖ · · ║ 39
        0x18 4 ║ · · · · · · · · ║ 31
        0x10 3 ║ · · · · · ♜ · · ║ 23
        0x08 2 ║ · · · · · ♝ · · ║ 15
        0x00 1 ║ ♖ · · · ♔ · · ♖ ║ 7
               ╚═════════════════╝
                 A B C D E F G H

        '''
      
        '''
               ╔═════════════════╗
        0x38 8 ║ ♜ · · · ♚ · · ♜ ║ 63
        0x30 7 ║ · · · · · · · · ║ 55
        0x28 6 ║ · · · · ♗ · · · ║ 47
        0x20 5 ║ · · · · · ♖ · · ║ 39
        0x18 4 ║ · · · ♝ · · · · ║ 31
        0x10 3 ║ · · · · · ♜ · · ║ 23
        0x08 2 ║ · · · · · · · · ║ 15
        0x00 1 ║ ♖ · · · ♔ · · ♖ ║ 7
               ╚═════════════════╝
                 A B C D E F G H

        '''
      
        '''
               ╔═════════════════╗
        0x38 8 ║ ♜ · · · ♚ · · ♜ ║ 63
        0x30 7 ║ · · · · · · · · ║ 55
        0x28 6 ║ · · · · ♗ · · · ║ 47
        0x20 5 ║ · · · · · ♖ · · ║ 39
        0x18 4 ║ · · · · · ♝ · · ║ 31
        0x10 3 ║ · · · · · ♜ · · ║ 23
        0x08 2 ║ · · · · · · · · ║ 15
        0x00 1 ║ ♖ · · · ♔ · · ♖ ║ 7
               ╚═════════════════╝
                 A B C D E F G H

        '''
      
        '''
               ╔═════════════════╗
        0x38 8 ║ ♜ · · · ♚ · · ♜ ║ 63
        0x30 7 ║ · · · · · · · · ║ 55
        0x28 6 ║ · · · · ♗ · · · ║ 47
        0x20 5 ║ · · ♝ · · ♖ · · ║ 39
        0x18 4 ║ · · · · · · · · ║ 31
        0x10 3 ║ · · · · · ♜ · · ║ 23
        0x08 2 ║ · · · · · · · · ║ 15
        0x00 1 ║ ♖ · · · ♔ · · ♖ ║ 7
               ╚═════════════════╝
                 A B C D E F G H

        '''
      
        '''
               ╔═════════════════╗
        0x38 8 ║ ♜ · · · ♚ · · ♜ ║ 63
        0x30 7 ║ · · · · · · · · ║ 55
        0x28 6 ║ · · · · ♗ · · · ║ 47
        0x20 5 ║ · · · · · ♖ ♝ · ║ 39
        0x18 4 ║ · · · · · · · · ║ 31
        0x10 3 ║ · · · · · ♜ · · ║ 23
        0x08 2 ║ · · · · · · · · ║ 15
        0x00 1 ║ ♖ · · · ♔ · · ♖ ║ 7
               ╚═════════════════╝
                 A B C D E F G H

        '''
      
        '''
               ╔═════════════════╗
        0x38 8 ║ ♜ · · · ♚ · · ♜ ║ 63
        0x30 7 ║ · · · · · · · · ║ 55
        0x28 6 ║ · ♝ · · ♗ · · · ║ 47
        0x20 5 ║ · · · · · ♖ · · ║ 39
        0x18 4 ║ · · · · · · · · ║ 31
        0x10 3 ║ · · · · · ♜ · · ║ 23
        0x08 2 ║ · · · · · · · · ║ 15
        0x00 1 ║ ♖ · · · ♔ · · ♖ ║ 7
               ╚═════════════════╝
                 A B C D E F G H

        '''
      
        '''
               ╔═════════════════╗
        0x38 8 ║ ♜ · · · ♚ · · ♜ ║ 63
        0x30 7 ║ · · · · · · · · ║ 55
        0x28 6 ║ · · · · ♗ · · ♝ ║ 47
        0x20 5 ║ · · · · · ♖ · · ║ 39
        0x18 4 ║ · · · · · · · · ║ 31
        0x10 3 ║ · · · · · ♜ · · ║ 23
        0x08 2 ║ · · · · · · · · ║ 15
        0x00 1 ║ ♖ · · · ♔ · · ♖ ║ 7
               ╚═════════════════╝
                 A B C D E F G H

        '''
      
        '''
               ╔═════════════════╗
        0x38 8 ║ ♜ · · · ♚ · · ♜ ║ 63
        0x30 7 ║ ♝ · · · · · · · ║ 55
        0x28 6 ║ · · · · ♗ · · · ║ 47
        0x20 5 ║ · · · · · ♖ · · ║ 39
        0x18 4 ║ · · · · · · · · ║ 31
        0x10 3 ║ · · · · · ♜ · · ║ 23
        0x08 2 ║ · · · · · · · · ║ 15
        0x00 1 ║ ♖ · · · ♔ · · ♖ ║ 7
               ╚═════════════════╝
                 A B C D E F G H

        '''
      
        '''
               ╔═════════════════╗
        0x38 8 ║ ♜ · · · · · · ♜ ║ 63
        0x30 7 ║ · · · · ♚ · · · ║ 55
        0x28 6 ║ · · · · ♗ · · · ║ 47
        0x20 5 ║ · · · · · ♖ · · ║ 39
        0x18 4 ║ · · · · · · · · ║ 31
        0x10 3 ║ · · · · ♝ ♜ · · ║ 23
        0x08 2 ║ · · · · · · · · ║ 15
        0x00 1 ║ ♖ · · · ♔ · · ♖ ║ 7
               ╚═════════════════╝
                 A B C D E F G H

        '''
      
        '''
               ╔═════════════════╗
        0x38 8 ║ ♜ · · ♚ · · · ♜ ║ 63
        0x30 7 ║ · · · · · · · · ║ 55
        0x28 6 ║ · · · · ♗ · · · ║ 47
        0x20 5 ║ · · · · · ♖ · · ║ 39
        0x18 4 ║ · · · · · · · · ║ 31
        0x10 3 ║ · · · · ♝ ♜ · · ║ 23
        0x08 2 ║ · · · · · · · · ║ 15
        0x00 1 ║ ♖ · · · ♔ · · ♖ ║ 7
               ╚═════════════════╝
                 A B C D E F G H

        '''
    ]
  }
  "castling_move_generation::test_generate_castling_through_check_w":
  {
    file:
    [
      tests
      castling_move_generation.rs
    ]
    module_path: castling_move_generation
    test_function: test_generate_castling_through_check_w
    recorded_value:
    [
      
        '''
               ╔═════════════════╗
        0x38 8 ║ ♜ · · · ♚ · · ♜ ║ 63
        0x30 7 ║ · · · · · · · · ║ 55
        0x28 6 ║ · · · · ♗ · · · ║ 47
        0x20 5 ║ · · · · · ♖ · · ║ 39
        0x18 4 ║ · · · · · · · · ║ 31
        0x10 3 ║ · · · · ♝ ♜ · · ║ 23
        0x08 2 ║ · · · · · · · · ║ 15
        0x00 1 ║ ♖ · · · ♔ · · ♖ ║ 7
               ╚═════════════════╝
                 A B C D E F G H

        '''
      
        '''
               ╔═════════════════╗
        0x38 8 ║ ♜ · · · ♚ · · ♜ ║ 63
        0x30 7 ║ · · · · · · · · ║ 55
        0x28 6 ║ · · · · ♗ · · · ║ 47
        0x20 5 ║ · · · · · ♖ · · ║ 39
        0x18 4 ║ · · · · · · · · ║ 31
        0x10 3 ║ · · · · ♝ ♜ · · ║ 23
        0x08 2 ║ · · · · · · · · ║ 15
        0x00 1 ║ · ♖ · · ♔ · · ♖ ║ 7
               ╚═════════════════╝
                 A B C D E F G H

        '''
      
        '''
               ╔═════════════════╗
        0x38 8 ║ ♜ · · · ♚ · · ♜ ║ 63
        0x30 7 ║ · · · · · · · · ║ 55
        0x28 6 ║ · · · · ♗ · · · ║ 47
        0x20 5 ║ · · · · · ♖ · · ║ 39
        0x18 4 ║ · · · · · · · · ║ 31
        0x10 3 ║ · · · · ♝ ♜ · · ║ 23
        0x08 2 ║ · · · · · · · · ║ 15
        0x00 1 ║ · · ♖ · ♔ · · ♖ ║ 7
               ╚═════════════════╝
                 A B C D E F G H

        '''
      
        '''
               ╔═════════════════╗
        0x38 8 ║ ♜ · · · ♚ · · ♜ ║ 63
        0x30 7 ║ · · · · · · · · ║ 55
        0x28 6 ║ · · · · ♗ · · · ║ 47
        0x20 5 ║ · · · · · ♖ · · ║ 39
        0x18 4 ║ · · · · · · · · ║ 31
        0x10 3 ║ · · · · ♝ ♜ · · ║ 23
        0x08 2 ║ · · · · · · · · ║ 15
        0x00 1 ║ · · · ♖ ♔ · · ♖ ║ 7
               ╚═════════════════╝
                 A B C D E F G H

        '''
      
        '''
               ╔═════════════════╗
        0x38 8 ║ ♜ · · · ♚ · · ♜ ║ 63
        0x30 7 ║ · · · · · · · · ║ 55
        0x28 6 ║ · · · · ♗ · · · ║ 47
        0x20 5 ║ · · · · · ♖ · · ║ 39
        0x18 4 ║ · · · · · · · · ║ 31
        0x10 3 ║ · · · · ♝ ♜ · · ║ 23
        0x08 2 ║ ♖ · · · · · · · ║ 15
        0x00 1 ║ · · · · ♔ · · ♖ ║ 7
               ╚═════════════════╝
                 A B C D E F G H

        '''
      
        '''
               ╔═════════════════╗
        0x38 8 ║ ♜ · · · ♚ · · ♜ ║ 63
        0x30 7 ║ · · · · · · · · ║ 55
        0x28 6 ║ · · · · ♗ · · · ║ 47
        0x20 5 ║ · · · · · ♖ · · ║ 39
        0x18 4 ║ · · · · · · · · ║ 31
        0x10 3 ║ ♖ · · · ♝ ♜ · · ║ 23
        0x08 2 ║ · · · · · · · · ║ 15
        0x00 1 ║ · · · · ♔ · · ♖ ║ 7
               ╚═════════════════╝
                 A B C D E F G H

        '''
      
        '''
               ╔═════════════════╗
        0x38 8 ║ ♜ · · · ♚ · · ♜ ║ 63
        0x30 7 ║ · · · · · · · · ║ 55
        0x28 6 ║ · · · · ♗ · · · ║ 47
        0x20 5 ║ · · · · · ♖ · · ║ 39
        0x18 4 ║ ♖ · · · · · · · ║ 31
        0x10 3 ║ · · · · ♝ ♜ · · ║ 23
        0x08 2 ║ · · · · · · · · ║ 15
        0x00 1 ║ · · · · ♔ · · ♖ ║ 7
               ╚═════════════════╝
                 A B C D E F G H

        '''
      
        '''
               ╔═════════════════╗
        0x38 8 ║ ♜ · · · ♚ · · ♜ ║ 63
        0x30 7 ║ · · · · · · · · ║ 55
        0x28 6 ║ · · · · ♗ · · · ║ 47
        0x20 5 ║ ♖ · · · · ♖ · · ║ 39
        0x18 4 ║ · · · · · · · · ║ 31
        0x10 3 ║ · · · · ♝ ♜ · · ║ 23
        0x08 2 ║ · · · · · · · · ║ 15
        0x00 1 ║ · · · · ♔ · · ♖ ║ 7
               ╚═════════════════╝
                 A B C D E F G H

        '''
      
        '''
               ╔═════════════════╗
        0x38 8 ║ ♜ · · · ♚ · · ♜ ║ 63
        0x30 7 ║ · · · · · · · · ║ 55
        0x28 6 ║ ♖ · · · ♗ · · · ║ 47
        0x20 5 ║ · · · · · ♖ · · ║ 39
        0x18 4 ║ · · · · · · · · ║ 31
        0x10 3 ║ · · · · ♝ ♜ · · ║ 23
        0x08 2 ║ · · · · · · · · ║ 15
        0x00 1 ║ · · · · ♔ · · ♖ ║ 7
               ╚═════════════════╝
                 A B C D E F G H

        '''
      
        '''
               ╔═════════════════╗
        0x38 8 ║ ♜ · · · ♚ · · ♜ ║ 63
        0x30 7 ║ ♖ · · · · · · · ║ 55
        0x28 6 ║ · · · · ♗ · · · ║ 47
        0x20 5 ║ · · · · · ♖ · · ║ 39
        0x18 4 ║ · · · · · · · · ║ 31
        0x10 3 ║ · · · · ♝ ♜ · · ║ 23
        0x08 2 ║ · · · · · · · · ║ 15
        0x00 1 ║ · · · · ♔ · · ♖ ║ 7
               ╚═════════════════╝
                 A B C D E F G H

        '''
      
        '''
               ╔═════════════════╗
        0x38 8 ║ ♖ · · · ♚ · · ♜ ║ 63
        0x30 7 ║ · · · · · · · · ║ 55
        0x28 6 ║ · · · · ♗ · · · ║ 47
        0x20 5 ║ · · · · · ♖ · · ║ 39
        0x18 4 ║ · · · · · · · · ║ 31
        0x10 3 ║ · · · · ♝ ♜ · · ║ 23
        0x08 2 ║ · · · · · · · · ║ 15
        0x00 1 ║ · · · · ♔ · · ♖ ║ 7
               ╚═════════════════╝
                 A B C D E F G H

        '''
      
        '''
               ╔═════════════════╗
        0x38 8 ║ ♜ · · · ♚ · · ♜ ║ 63
        0x30 7 ║ · · · · · · · · ║ 55
        0x28 6 ║ · · · · ♗ · · · ║ 47
        0x20 5 ║ · · · · · ♖ · · ║ 39
        0x18 4 ║ · · · · · · · · ║ 31
        0x10 3 ║ · · · · ♝ ♜ · · ║ 23
        0x08 2 ║ · · · · · · · · ║ 15
        0x00 1 ║ ♖ · · · ♔ ♖ · · ║ 7
               ╚═════════════════╝
                 A B C D E F G H

        '''
      
        '''
               ╔═════════════════╗
        0x38 8 ║ ♜ · · · ♚ · · ♜ ║ 63
        0x30 7 ║ · · · · · · · · ║ 55
        0x28 6 ║ · · · · ♗ · · · ║ 47
        0x20 5 ║ · · · · · ♖ · · ║ 39
        0x18 4 ║ · · · · · · · · ║ 31
        0x10 3 ║ · · · · ♝ ♜ · · ║ 23
        0x08 2 ║ · · · · · · · · ║ 15
        0x00 1 ║ ♖ · · · ♔ · ♖ · ║ 7
               ╚═════════════════╝
                 A B C D E F G H

        '''
      
        '''
               ╔═════════════════╗
        0x38 8 ║ ♜ · · · ♚ · · ♜ ║ 63
        0x30 7 ║ · · · · · · · · ║ 55
        0x28 6 ║ · · · · ♗ · · · ║ 47
        0x20 5 ║ · · · · · ♖ · · ║ 39
        0x18 4 ║ · · · · · · · · ║ 31
        0x10 3 ║ · · · · ♝ ♜ · · ║ 23
        0x08 2 ║ · · · · · · · ♖ ║ 15
        0x00 1 ║ ♖ · · · ♔ · · · ║ 7
               ╚═════════════════╝
                 A B C D E F G H

        '''
      
        '''
               ╔═════════════════╗
        0x38 8 ║ ♜ · · · ♚ · · ♜ ║ 63
        0x30 7 ║ · · · · · · · · ║ 55
        0x28 6 ║ · · · · ♗ · · · ║ 47
        0x20 5 ║ · · · · · ♖ · · ║ 39
        0x18 4 ║ · · · · · · · · ║ 31
        0x10 3 ║ · · · · ♝ ♜ · ♖ ║ 23
        0x08 2 ║ · · · · · · · · ║ 15
        0x00 1 ║ ♖ · · · ♔ · · · ║ 7
               ╚═════════════════╝
                 A B C D E F G H

        '''
      
        '''
               ╔═════════════════╗
        0x38 8 ║ ♜ · · · ♚ · · ♜ ║ 63
        0x30 7 ║ · · · · · · · · ║ 55
        0x28 6 ║ · · · · ♗ · · · ║ 47
        0x20 5 ║ · · · · · ♖ · · ║ 39
        0x18 4 ║ · · · · · · · ♖ ║ 31
        0x10 3 ║ · · · · ♝ ♜ · · ║ 23
        0x08 2 ║ · · · · · · · · ║ 15
        0x00 1 ║ ♖ · · · ♔ · · · ║ 7
               ╚═════════════════╝
                 A B C D E F G H

        '''
      
        '''
               ╔═════════════════╗
        0x38 8 ║ ♜ · · · ♚ · · ♜ ║ 63
        0x30 7 ║ · · · · · · · · ║ 55
        0x28 6 ║ · · · · ♗ · · · ║ 47
        0x20 5 ║ · · · · · ♖ · ♖ ║ 39
        0x18 4 ║ · · · · · · · · ║ 31
        0x10 3 ║ · · · · ♝ ♜ · · ║ 23
        0x08 2 ║ · · · · · · · · ║ 15
        0x00 1 ║ ♖ · · · ♔ · · · ║ 7
               ╚═════════════════╝
                 A B C D E F G H

        '''
      
        '''
               ╔═════════════════╗
        0x38 8 ║ ♜ · · · ♚ · · ♜ ║ 63
        0x30 7 ║ · · · · · · · · ║ 55
        0x28 6 ║ · · · · ♗ · · ♖ ║ 47
        0x20 5 ║ · · · · · ♖ · · ║ 39
        0x18 4 ║ · · · · · · · · ║ 31
        0x10 3 ║ · · · · ♝ ♜ · · ║ 23
        0x08 2 ║ · · · · · · · · ║ 15
        0x00 1 ║ ♖ · · · ♔ · · · ║ 7
               ╚═════════════════╝
                 A B C D E F G H

        '''
      
        '''
               ╔═════════════════╗
        0x38 8 ║ ♜ · · · ♚ · · ♜ ║ 63
        0x30 7 ║ · · · · · · · ♖ ║ 55
        0x28 6 ║ · · · · ♗ · · · ║ 47
        0x20 5 ║ · · · · · ♖ · · ║ 39
        0x18 4 ║ · · · · · · · · ║ 31
        0x10 3 ║ · · · · ♝ ♜ · · ║ 23
        0x08 2 ║ · · · · · · · · ║ 15
        0x00 1 ║ ♖ · · · ♔ · · · ║ 7
               ╚═════════════════╝
                 A B C D E F G H

        '''
      
        '''
               ╔═════════════════╗
        0x38 8 ║ ♜ · · · ♚ · · ♖ ║ 63
        0x30 7 ║ · · · · · · · · ║ 55
        0x28 6 ║ · · · · ♗ · · · ║ 47
        0x20 5 ║ · · · · · ♖ · · ║ 39
        0x18 4 ║ · · · · · · · · ║ 31
        0x10 3 ║ · · · · ♝ ♜ · · ║ 23
        0x08 2 ║ · · · · · · · · ║ 15
        0x00 1 ║ ♖ · · · ♔ · · · ║ 7
               ╚═════════════════╝
                 A B C D E F G H

        '''
      
        '''
               ╔═════════════════╗
        0x38 8 ║ ♜ · · · ♚ · · ♜ ║ 63
        0x30 7 ║ · · · · · · · · ║ 55
        0x28 6 ║ · · · · ♗ · · · ║ 47
        0x20 5 ║ · · · · · · · · ║ 39
        0x18 4 ║ · · · · · · · · ║ 31
        0x10 3 ║ · · · · ♝ ♖ · · ║ 23
        0x08 2 ║ · · · · · · · · ║ 15
        0x00 1 ║ ♖ · · · ♔ · · ♖ ║ 7
               ╚═════════════════╝
                 A B C D E F G H

        '''
      
        '''
               ╔═════════════════╗
        0x38 8 ║ ♜ · · · ♚ · · ♜ ║ 63
        0x30 7 ║ · · · · · · · · ║ 55
        0x28 6 ║ · · · · ♗ · · · ║ 47
        0x20 5 ║ · · · · · · · · ║ 39
        0x18 4 ║ · · · · · ♖ · · ║ 31
        0x10 3 ║ · · · · ♝ ♜ · · ║ 23
        0x08 2 ║ · · · · · · · · ║ 15
        0x00 1 ║ ♖ · · · ♔ · · ♖ ║ 7
               ╚═════════════════╝
                 A B C D E F G H

        '''
      
        '''
               ╔═════════════════╗
        0x38 8 ║ ♜ · · · ♚ · · ♜ ║ 63
        0x30 7 ║ · · · · · · · · ║ 55
        0x28 6 ║ · · · · ♗ · · · ║ 47
        0x20 5 ║ ♖ · · · · · · · ║ 39
        0x18 4 ║ · · · · · · · · ║ 31
        0x10 3 ║ · · · · ♝ ♜ · · ║ 23
        0x08 2 ║ · · · · · · · · ║ 15
        0x00 1 ║ ♖ · · · ♔ · · ♖ ║ 7
               ╚═════════════════╝
                 A B C D E F G H

        '''
      
        '''
               ╔═════════════════╗
        0x38 8 ║ ♜ · · · ♚ · · ♜ ║ 63
        0x30 7 ║ · · · · · · · · ║ 55
        0x28 6 ║ · · · · ♗ · · · ║ 47
        0x20 5 ║ · ♖ · · · · · · ║ 39
        0x18 4 ║ · · · · · · · · ║ 31
        0x10 3 ║ · · · · ♝ ♜ · · ║ 23
        0x08 2 ║ · · · · · · · · ║ 15
        0x00 1 ║ ♖ · · · ♔ · · ♖ ║ 7
               ╚═════════════════╝
                 A B C D E F G H

        '''
      
        '''
               ╔═════════════════╗
        0x38 8 ║ ♜ · · · ♚ · · ♜ ║ 63
        0x30 7 ║ · · · · · · · · ║ 55
        0x28 6 ║ · · · · ♗ · · · ║ 47
        0x20 5 ║ · · ♖ · · · · · ║ 39
        0x18 4 ║ · · · · · · · · ║ 31
        0x10 3 ║ · · · · ♝ ♜ · · ║ 23
        0x08 2 ║ · · · · · · · · ║ 15
        0x00 1 ║ ♖ · · · ♔ · · ♖ ║ 7
               ╚═════════════════╝
                 A B C D E F G H

        '''
      
        '''
               ╔═════════════════╗
        0x38 8 ║ ♜ · · · ♚ · · ♜ ║ 63
        0x30 7 ║ · · · · · · · · ║ 55
        0x28 6 ║ · · · · ♗ · · · ║ 47
        0x20 5 ║ · · · ♖ · · · · ║ 39
        0x18 4 ║ · · · · · · · · ║ 31
        0x10 3 ║ · · · · ♝ ♜ · · ║ 23
        0x08 2 ║ · · · · · · · · ║ 15
        0x00 1 ║ ♖ · · · ♔ · · ♖ ║ 7
               ╚═════════════════╝
                 A B C D E F G H

        '''
      
        '''
               ╔═════════════════╗
        0x38 8 ║ ♜ · · · ♚ · · ♜ ║ 63
        0x30 7 ║ · · · · · · · · ║ 55
        0x28 6 ║ · · · · ♗ · · · ║ 47
        0x20 5 ║ · · · · ♖ · · · ║ 39
        0x18 4 ║ · · · · · · · · ║ 31
        0x10 3 ║ · · · · ♝ ♜ · · ║ 23
        0x08 2 ║ · · · · · · · · ║ 15
        0x00 1 ║ ♖ · · · ♔ · · ♖ ║ 7
               ╚═════════════════╝
                 A B C D E F G H

        '''
      
        '''
               ╔═════════════════╗
        0x38 8 ║ ♜ · · · ♚ · · ♜ ║ 63
        0x30 7 ║ · · · · · · · · ║ 55
        0x28 6 ║ · · · · ♗ · · · ║ 47
        0x20 5 ║ · · · · · · ♖ · ║ 39
        0x18 4 ║ · · · · · · · · ║ 31
        0x10 3 ║ · · · · ♝ ♜ · · ║ 23
        0x08 2 ║ · · · · · · · · ║ 15
        0x00 1 ║ ♖ · · · ♔ · · ♖ ║ 7
               ╚═════════════════╝
                 A B C D E F G H

        '''
      
        '''
               ╔═════════════════╗
        0x38 8 ║ ♜ · · · ♚ · · ♜ ║ 63
        0x30 7 ║ · · · · · · · · ║ 55
        0x28 6 ║ · · · · ♗ · · · ║ 47
        0x20 5 ║ · · · · · · · ♖ ║ 39
        0x18 4 ║ · · · · · · · · ║ 31
        0x10 3 ║ · · · · ♝ ♜ · · ║ 23
        0x08 2 ║ · · · · · · · · ║ 15
        0x00 1 ║ ♖ · · · ♔ · · ♖ ║ 7
               ╚═════════════════╝
                 A B C D E F G H

        '''
      
        '''
               ╔═════════════════╗
        0x38 8 ║ ♜ · · · ♚ · · ♜ ║ 63
        0x30 7 ║ · · · · · · · · ║ 55
        0x28 6 ║ · · · · ♗ ♖ · · ║ 47
        0x20 5 ║ · · · · · · · · ║ 39
        0x18 4 ║ · · · · · · · · ║ 31
        0x10 3 ║ · · · · ♝ ♜ · · ║ 23
        0x08 2 ║ · · · · · · · · ║ 15
        0x00 1 ║ ♖ · · · ♔ · · ♖ ║ 7
               ╚═════════════════╝
                 A B C D E F G H

        '''
      
        '''
               ╔═════════════════╗
        0x38 8 ║ ♜ · · · ♚ · · ♜ ║ 63
        0x30 7 ║ · · · · · ♖ · · ║ 55
        0x28 6 ║ · · · · ♗ · · · ║ 47
        0x20 5 ║ · · · · · · · · ║ 39
        0x18 4 ║ · · · · · · · · ║ 31
        0x10 3 ║ · · · · ♝ ♜ · · ║ 23
        0x08 2 ║ · · · · · · · · ║ 15
        0x00 1 ║ ♖ · · · ♔ · · ♖ ║ 7
               ╚═════════════════╝
                 A B C D E F G H

        '''
      
        '''
               ╔═════════════════╗
        0x38 8 ║ ♜ · · · ♚ ♖ · ♜ ║ 63
        0x30 7 ║ · · · · · · · · ║ 55
        0x28 6 ║ · · · · ♗ · · · ║ 47
        0x20 5 ║ · · · · · · · · ║ 39
        0x18 4 ║ · · · · · · · · ║ 31
        0x10 3 ║ · · · · ♝ ♜ · · ║ 23
        0x08 2 ║ · · · · · · · · ║ 15
        0x00 1 ║ ♖ · · · ♔ · · ♖ ║ 7
               ╚═════════════════╝
                 A B C D E F G H

        '''
      
        '''
               ╔═════════════════╗
        0x38 8 ║ ♜ · · · ♚ · · ♜ ║ 63
        0x30 7 ║ · · · · · · · · ║ 55
        0x28 6 ║ · · · · · · · · ║ 47
        0x20 5 ║ · · · · · ♖ · · ║ 39
        0x18 4 ║ · · · · · · · · ║ 31
        0x10 3 ║ · · · · ♝ ♜ · · ║ 23
        0x08 2 ║ ♗ · · · · · · · ║ 15
        0x00 1 ║ ♖ · · · ♔ · · ♖ ║ 7
               ╚═════════════════╝
                 A B C D E F G H

        '''
      
        '''
               ╔═════════════════╗
        0x38 8 ║ ♜ · · · ♚ · · ♜ ║ 63
        0x30 7 ║ · · · · · · · · ║ 55
        0x28 6 ║ · · · · · · · · ║ 47
        0x20 5 ║ · · · · · ♖ · · ║ 39
        0x18 4 ║ · · · · · · · · ║ 31
        0x10 3 ║ · ♗ · · ♝ ♜ · · ║ 23
        0x08 2 ║ · · · · · · · · ║ 15
        0x00 1 ║ ♖ · · · ♔ · · ♖ ║ 7
               ╚═════════════════╝
                 A B C D E F G H

        '''
      
        '''
               ╔═════════════════╗
        0x38 8 ║ ♜ · · · ♚ · · ♜ ║ 63
        0x30 7 ║ · · · · · · · · ║ 55
        0x28 6 ║ · · · · · · · · ║ 47
        0x20 5 ║ · · · · · ♖ · · ║ 39
        0x18 4 ║ · · ♗ · · · · · ║ 31
        0x10 3 ║ · · · · ♝ ♜ · · ║ 23
        0x08 2 ║ · · · · · · · · ║ 15
        0x00 1 ║ ♖ · · · ♔ · · ♖ ║ 7
               ╚═════════════════╝
                 A B C D E F G H

        '''
      
        '''
               ╔═════════════════╗
        0x38 8 ║ ♜ · · · ♚ · · ♜ ║ 63
        0x30 7 ║ · · · · · · · · ║ 55
        0x28 6 ║ · · · · · · · · ║ 47
        0x20 5 ║ · · · ♗ · ♖ · · ║ 39
        0x18 4 ║ · · · · · · · · ║ 31
        0x10 3 ║ · · · · ♝ ♜ · · ║ 23
        0x08 2 ║ · · · · · · · · ║ 15
        0x00 1 ║ ♖ · · · ♔ · · ♖ ║ 7
               ╚═════════════════╝
                 A B C D E F G H

        '''
      
        '''
               ╔═════════════════╗
        0x38 8 ║ ♜ · · · ♚ · · ♜ ║ 63
        0x30 7 ║ · · · ♗ · · · · ║ 55
        0x28 6 ║ · · · · · · · · ║ 47
        0x20 5 ║ · · · · · ♖ · · ║ 39
        0x18 4 ║ · · · · · · · · ║ 31
        0x10 3 ║ · · · · ♝ ♜ · · ║ 23
        0x08 2 ║ · · · · · · · · ║ 15
        0x00 1 ║ ♖ · · · ♔ · · ♖ ║ 7
               ╚═════════════════╝
                 A B C D E F G H

        '''
      
        '''
               ╔═════════════════╗
        0x38 8 ║ ♜ · · · ♚ · · ♜ ║ 63
        0x30 7 ║ · · · · · ♗ · · ║ 55
        0x28 6 ║ · · · · · · · · ║ 47
        0x20 5 ║ · · · · · ♖ · · ║ 39
        0x18 4 ║ · · · · · · · · ║ 31
        0x10 3 ║ · · · · ♝ ♜ · · ║ 23
        0x08 2 ║ · · · · · · · · ║ 15
        0x00 1 ║ ♖ · · · ♔ · · ♖ ║ 7
               ╚═════════════════╝
                 A B C D E F G H

        '''
      
        '''
               ╔═════════════════╗
        0x38 8 ║ ♜ · ♗ · ♚ · · ♜ ║ 63
        0x30 7 ║ · · · · · · · · ║ 55
        0x28 6 ║ · · · · · · · · ║ 47
        0x20 5 ║ · · · · · ♖ · · ║ 39
        0x18 4 ║ · · · · · · · · ║ 31
        0x10 3 ║ · · · · ♝ ♜ · · ║ 23
        0x08 2 ║ · · · · · · · · ║ 15
        0x00 1 ║ ♖ · · · ♔ · · ♖ ║ 7
               ╚═════════════════╝
                 A B C D E F G H

        '''
      
        '''
               ╔═════════════════╗
        0x38 8 ║ ♜ · · · ♚ · ♗ ♜ ║ 63
        0x30 7 ║ · · · · · · · · ║ 55
        0x28 6 ║ · · · · · · · · ║ 47
        0x20 5 ║ · · · · · ♖ · · ║ 39
        0x18 4 ║ · · · · · · · · ║ 31
        0x10 3 ║ · · · · ♝ ♜ · · ║ 23
        0x08 2 ║ · · · · · · · · ║ 15
        0x00 1 ║ ♖ · · · ♔ · · ♖ ║ 7
               ╚═════════════════╝
                 A B C D E F G H

        '''
      
        '''
               ╔═════════════════╗
        0x38 8 ║ ♜ · · · ♚ · · ♜ ║ 63
        0x30 7 ║ · · · · · · · · ║ 55
        0x28 6 ║ · · · · ♗ · · · ║ 47
        0x20 5 ║ · · · · · ♖ · · ║ 39
        0x18 4 ║ · · · · · · · · ║ 31
        0x10 3 ║ · · · · ♝ ♜ · · ║ 23
        0x08 2 ║ · · · · · · · · ║ 15
        0x00 1 ║ ♖ · · ♔ · · · ♖ ║ 7
               ╚═════════════════╝
                 A B C D E F G H

        '''
      
        '''
               ╔═════════════════╗
        0x38 8 ║ ♜ · · · ♚ · · ♜ ║ 63
        0x30 7 ║ · · · · · · · · ║ 55
        0x28 6 ║ · · · · ♗ · · · ║ 47
        0x20 5 ║ · · · · · ♖ · · ║ 39
        0x18 4 ║ · · · · · · · · ║ 31
        0x10 3 ║ · · · · ♝ ♜ · · ║ 23
        0x08 2 ║ · · · · ♔ · · · ║ 15
        0x00 1 ║ ♖ · · · · · · ♖ ║ 7
               ╚═════════════════╝
                 A B C D E F G H

        '''
    ]
  }
  "castling_move_generation::test_generate_castling_unobstructed_b":
  {
    file:
    [
      tests
      castling_move_generation.rs
    ]
    module_path: castling_move_generation
    test_function: test_generate_castling_unobstructed_b
    recorded_value:
    [
      
        '''
               ╔═════════════════╗
        0x38 8 ║ ♜ · · · ♚ · · ♜ ║ 63
        0x30 7 ║ · · · · · · · · ║ 55
        0x28 6 ║ · · · · · · · · ║ 47
        0x20 5 ║ · · · · · · · · ║ 39
        0x18 4 ║ · · · · · · · · ║ 31
        0x10 3 ║ · · · · · · · · ║ 23
        0x08 2 ║ · · · · · · · · ║ 15
        0x00 1 ║ ♖ · · · ♔ · · ♖ ║ 7
               ╚═════════════════╝
                 A B C D E F G H

        '''
      
        '''
               ╔═════════════════╗
        0x38 8 ║ · · · · ♚ · · ♜ ║ 63
        0x30 7 ║ · · · · · · · · ║ 55
        0x28 6 ║ · · · · · · · · ║ 47
        0x20 5 ║ · · · · · · · · ║ 39
        0x18 4 ║ · · · · · · · · ║ 31
        0x10 3 ║ · · · · · · · · ║ 23
        0x08 2 ║ · · · · · · · · ║ 15
        0x00 1 ║ ♜ · · · ♔ · · ♖ ║ 7
               ╚═════════════════╝
                 A B C D E F G H

        '''
      
        '''
               ╔═════════════════╗
        0x38 8 ║ · · · · ♚ · · ♜ ║ 63
        0x30 7 ║ · · · · · · · · ║ 55
        0x28 6 ║ · · · · · · · · ║ 47
        0x20 5 ║ · · · · · · · · ║ 39
        0x18 4 ║ · · · · · · · · ║ 31
        0x10 3 ║ · · · · · · · · ║ 23
        0x08 2 ║ ♜ · · · · · · · ║ 15
        0x00 1 ║ ♖ · · · ♔ · · ♖ ║ 7
               ╚═════════════════╝
                 A B C D E F G H

        '''
      
        '''
               ╔═════════════════╗
        0x38 8 ║ · · · · ♚ · · ♜ ║ 63
        0x30 7 ║ · · · · · · · · ║ 55
        0x28 6 ║ · · · · · · · · ║ 47
        0x20 5 ║ · · · · · · · · ║ 39
        0x18 4 ║ · · · · · · · · ║ 31
        0x10 3 ║ ♜ · · · · · · · ║ 23
        0x08 2 ║ · · · · · · · · ║ 15
        0x00 1 ║ ♖ · · · ♔ · · ♖ ║ 7
               ╚═════════════════╝
                 A B C D E F G H

        '''
      
        '''
               ╔═════════════════╗
        0x38 8 ║ · · · · ♚ · · ♜ ║ 63
        0x30 7 ║ · · · · · · · · ║ 55
        0x28 6 ║ · · · · · · · · ║ 47
        0x20 5 ║ · · · · · · · · ║ 39
        0x18 4 ║ ♜ · · · · · · · ║ 31
        0x10 3 ║ · · · · · · · · ║ 23
        0x08 2 ║ · · · · · · · · ║ 15
        0x00 1 ║ ♖ · · · ♔ · · ♖ ║ 7
               ╚═════════════════╝
                 A B C D E F G H

        '''
      
        '''
               ╔═════════════════╗
        0x38 8 ║ · · · · ♚ · · ♜ ║ 63
        0x30 7 ║ · · · · · · · · ║ 55
        0x28 6 ║ · · · · · · · · ║ 47
        0x20 5 ║ ♜ · · · · · · · ║ 39
        0x18 4 ║ · · · · · · · · ║ 31
        0x10 3 ║ · · · · · · · · ║ 23
        0x08 2 ║ · · · · · · · · ║ 15
        0x00 1 ║ ♖ · · · ♔ · · ♖ ║ 7
               ╚═════════════════╝
                 A B C D E F G H

        '''
      
        '''
               ╔═════════════════╗
        0x38 8 ║ · · · · ♚ · · ♜ ║ 63
        0x30 7 ║ · · · · · · · · ║ 55
        0x28 6 ║ ♜ · · · · · · · ║ 47
        0x20 5 ║ · · · · · · · · ║ 39
        0x18 4 ║ · · · · · · · · ║ 31
        0x10 3 ║ · · · · · · · · ║ 23
        0x08 2 ║ · · · · · · · · ║ 15
        0x00 1 ║ ♖ · · · ♔ · · ♖ ║ 7
               ╚═════════════════╝
                 A B C D E F G H

        '''
      
        '''
               ╔═════════════════╗
        0x38 8 ║ · · · · ♚ · · ♜ ║ 63
        0x30 7 ║ ♜ · · · · · · · ║ 55
        0x28 6 ║ · · · · · · · · ║ 47
        0x20 5 ║ · · · · · · · · ║ 39
        0x18 4 ║ · · · · · · · · ║ 31
        0x10 3 ║ · · · · · · · · ║ 23
        0x08 2 ║ · · · · · · · · ║ 15
        0x00 1 ║ ♖ · · · ♔ · · ♖ ║ 7
               ╚═════════════════╝
                 A B C D E F G H

        '''
      
        '''
               ╔═════════════════╗
        0x38 8 ║ · ♜ · · ♚ · · ♜ ║ 63
        0x30 7 ║ · · · · · · · · ║ 55
        0x28 6 ║ · · · · · · · · ║ 47
        0x20 5 ║ · · · · · · · · ║ 39
        0x18 4 ║ · · · · · · · · ║ 31
        0x10 3 ║ · · · · · · · · ║ 23
        0x08 2 ║ · · · · · · · · ║ 15
        0x00 1 ║ ♖ · · · ♔ · · ♖ ║ 7
               ╚═════════════════╝
                 A B C D E F G H

        '''
      
        '''
               ╔═════════════════╗
        0x38 8 ║ · · ♜ · ♚ · · ♜ ║ 63
        0x30 7 ║ · · · · · · · · ║ 55
        0x28 6 ║ · · · · · · · · ║ 47
        0x20 5 ║ · · · · · · · · ║ 39
        0x18 4 ║ · · · · · · · · ║ 31
        0x10 3 ║ · · · · · · · · ║ 23
        0x08 2 ║ · · · · · · · · ║ 15
        0x00 1 ║ ♖ · · · ♔ · · ♖ ║ 7
               ╚═════════════════╝
                 A B C D E F G H

        '''
      
        '''
               ╔═════════════════╗
        0x38 8 ║ · · · ♜ ♚ · · ♜ ║ 63
        0x30 7 ║ · · · · · · · · ║ 55
        0x28 6 ║ · · · · · · · · ║ 47
        0x20 5 ║ · · · · · · · · ║ 39
        0x18 4 ║ · · · · · · · · ║ 31
        0x10 3 ║ · · · · · · · · ║ 23
        0x08 2 ║ · · · · · · · · ║ 15
        0x00 1 ║ ♖ · · · ♔ · · ♖ ║ 7
               ╚═════════════════╝
                 A B C D E F G H

        '''
      
        '''
               ╔═════════════════╗
        0x38 8 ║ ♜ · · · ♚ · · · ║ 63
        0x30 7 ║ · · · · · · · · ║ 55
        0x28 6 ║ · · · · · · · · ║ 47
        0x20 5 ║ · · · · · · · · ║ 39
        0x18 4 ║ · · · · · · · · ║ 31
        0x10 3 ║ · · · · · · · · ║ 23
        0x08 2 ║ · · · · · · · · ║ 15
        0x00 1 ║ ♖ · · · ♔ · · ♜ ║ 7
               ╚═════════════════╝
                 A B C D E F G H

        '''
      
        '''
               ╔═════════════════╗
        0x38 8 ║ ♜ · · · ♚ · · · ║ 63
        0x30 7 ║ · · · · · · · · ║ 55
        0x28 6 ║ · · · · · · · · ║ 47
        0x20 5 ║ · · · · · · · · ║ 39
        0x18 4 ║ · · · · · · · · ║ 31
        0x10 3 ║ · · · · · · · · ║ 23
        0x08 2 ║ · · · · · · · ♜ ║ 15
        0x00 1 ║ ♖ · · · ♔ · · ♖ ║ 7
               ╚═════════════════╝
                 A B C D E F G H

        '''
      
        '''
               ╔═════════════════╗
        0x38 8 ║ ♜ · · · ♚ · · · ║ 63
        0x30 7 ║ · · · · · · · · ║ 55
        0x28 6 ║ · · · · · · · · ║ 47
        0x20 5 ║ · · · · · · · · ║ 39
        0x18 4 ║ · · · · · · · · ║ 31
        0x10 3 ║ · · · · · · · ♜ ║ 23
        0x08 2 ║ · · · · · · · · ║ 15
        0x00 1 ║ ♖ · · · ♔ · · ♖ ║ 7
               ╚═════════════════╝
                 A B C D E F G H

        '''
      
        '''
               ╔═════════════════╗
        0x38 8 ║ ♜ · · · ♚ · · · ║ 63
        0x30 7 ║ · · · · · · · · ║ 55
        0x28 6 ║ · · · · · · · · ║ 47
        0x20 5 ║ · · · · · · · · ║ 39
        0x18 4 ║ · · · · · · · ♜ ║ 31
        0x10 3 ║ · · · · · · · · ║ 23
        0x08 2 ║ · · · · · · · · ║ 15
        0x00 1 ║ ♖ · · · ♔ · · ♖ ║ 7
               ╚═════════════════╝
                 A B C D E F G H

        '''
      
        '''
               ╔═════════════════╗
        0x38 8 ║ ♜ · · · ♚ · · · ║ 63
        0x30 7 ║ · · · · · · · · ║ 55
        0x28 6 ║ · · · · · · · · ║ 47
        0x20 5 ║ · · · · · · · ♜ ║ 39
        0x18 4 ║ · · · · · · · · ║ 31
        0x10 3 ║ · · · · · · · · ║ 23
        0x08 2 ║ · · · · · · · · ║ 15
        0x00 1 ║ ♖ · · · ♔ · · ♖ ║ 7
               ╚═════════════════╝
                 A B C D E F G H

        '''
      
        '''
               ╔═════════════════╗
        0x38 8 ║ ♜ · · · ♚ · · · ║ 63
        0x30 7 ║ · · · · · · · · ║ 55
        0x28 6 ║ · · · · · · · ♜ ║ 47
        0x20 5 ║ · · · · · · · · ║ 39
        0x18 4 ║ · · · · · · · · ║ 31
        0x10 3 ║ · · · · · · · · ║ 23
        0x08 2 ║ · · · · · · · · ║ 15
        0x00 1 ║ ♖ · · · ♔ · · ♖ ║ 7
               ╚═════════════════╝
                 A B C D E F G H

        '''
      
        '''
               ╔═════════════════╗
        0x38 8 ║ ♜ · · · ♚ · · · ║ 63
        0x30 7 ║ · · · · · · · ♜ ║ 55
        0x28 6 ║ · · · · · · · · ║ 47
        0x20 5 ║ · · · · · · · · ║ 39
        0x18 4 ║ · · · · · · · · ║ 31
        0x10 3 ║ · · · · · · · · ║ 23
        0x08 2 ║ · · · · · · · · ║ 15
        0x00 1 ║ ♖ · · · ♔ · · ♖ ║ 7
               ╚═════════════════╝
                 A B C D E F G H

        '''
      
        '''
               ╔═════════════════╗
        0x38 8 ║ ♜ · · · ♚ ♜ · · ║ 63
        0x30 7 ║ · · · · · · · · ║ 55
        0x28 6 ║ · · · · · · · · ║ 47
        0x20 5 ║ · · · · · · · · ║ 39
        0x18 4 ║ · · · · · · · · ║ 31
        0x10 3 ║ · · · · · · · · ║ 23
        0x08 2 ║ · · · · · · · · ║ 15
        0x00 1 ║ ♖ · · · ♔ · · ♖ ║ 7
               ╚═════════════════╝
                 A B C D E F G H

        '''
      
        '''
               ╔═════════════════╗
        0x38 8 ║ ♜ · · · ♚ · ♜ · ║ 63
        0x30 7 ║ · · · · · · · · ║ 55
        0x28 6 ║ · · · · · · · · ║ 47
        0x20 5 ║ · · · · · · · · ║ 39
        0x18 4 ║ · · · · · · · · ║ 31
        0x10 3 ║ · · · · · · · · ║ 23
        0x08 2 ║ · · · · · · · · ║ 15
        0x00 1 ║ ♖ · · · ♔ · · ♖ ║ 7
               ╚═════════════════╝
                 A B C D E F G H

        '''
      
        '''
               ╔═════════════════╗
        0x38 8 ║ · · ♚ ♜ · · · ♜ ║ 63
        0x30 7 ║ · · · · · · · · ║ 55
        0x28 6 ║ · · · · · · · · ║ 47
        0x20 5 ║ · · · · · · · · ║ 39
        0x18 4 ║ · · · · · · · · ║ 31
        0x10 3 ║ · · · · · · · · ║ 23
        0x08 2 ║ · · · · · · · · ║ 15
        0x00 1 ║ ♖ · · · ♔ · · ♖ ║ 7
               ╚═════════════════╝
                 A B C D E F G H

        '''
      
        '''
               ╔═════════════════╗
        0x38 8 ║ ♜ · · · · ♜ ♚ · ║ 63
        0x30 7 ║ · · · · · · · · ║ 55
        0x28 6 ║ · · · · · · · · ║ 47
        0x20 5 ║ · · · · · · · · ║ 39
        0x18 4 ║ · · · · · · · · ║ 31
        0x10 3 ║ · · · · · · · · ║ 23
        0x08 2 ║ · · · · · · · · ║ 15
        0x00 1 ║ ♖ · · · ♔ · · ♖ ║ 7
               ╚═════════════════╝
                 A B C D E F G H

        '''
      
        '''
               ╔═════════════════╗
        0x38 8 ║ ♜ · · · · · · ♜ ║ 63
        0x30 7 ║ · · · ♚ · · · · ║ 55
        0x28 6 ║ · · · · · · · · ║ 47
        0x20 5 ║ · · · · · · · · ║ 39
        0x18 4 ║ · · · · · · · · ║ 31
        0x10 3 ║ · · · · · · · · ║ 23
        0x08 2 ║ · · · · · · · · ║ 15
        0x00 1 ║ ♖ · · · ♔ · · ♖ ║ 7
               ╚═════════════════╝
                 A B C D E F G H

        '''
      
        '''
               ╔═════════════════╗
        0x38 8 ║ ♜ · · · · · · ♜ ║ 63
        0x30 7 ║ · · · · ♚ · · · ║ 55
        0x28 6 ║ · · · · · · · · ║ 47
        0x20 5 ║ · · · · · · · · ║ 39
        0x18 4 ║ · · · · · · · · ║ 31
        0x10 3 ║ · · · · · · · · ║ 23
        0x08 2 ║ · · · · · · · · ║ 15
        0x00 1 ║ ♖ · · · ♔ · · ♖ ║ 7
               ╚═════════════════╝
                 A B C D E F G H

        '''
      
        '''
               ╔═════════════════╗
        0x38 8 ║ ♜ · · · · · · ♜ ║ 63
        0x30 7 ║ · · · · · ♚ · · ║ 55
        0x28 6 ║ · · · · · · · · ║ 47
        0x20 5 ║ · · · · · · · · ║ 39
        0x18 4 ║ · · · · · · · · ║ 31
        0x10 3 ║ · · · · · · · · ║ 23
        0x08 2 ║ · · · · · · · · ║ 15
        0x00 1 ║ ♖ · · · ♔ · · ♖ ║ 7
               ╚═════════════════╝
                 A B C D E F G H

        '''
      
        '''
               ╔═════════════════╗
        0x38 8 ║ ♜ · · ♚ · · · ♜ ║ 63
        0x30 7 ║ · · · · · · · · ║ 55
        0x28 6 ║ · · · · · · · · ║ 47
        0x20 5 ║ · · · · · · · · ║ 39
        0x18 4 ║ · · · · · · · · ║ 31
        0x10 3 ║ · · · · · · · · ║ 23
        0x08 2 ║ · · · · · · · · ║ 15
        0x00 1 ║ ♖ · · · ♔ · · ♖ ║ 7
               ╚═════════════════╝
                 A B C D E F G H

        '''
      
        '''
               ╔═════════════════╗
        0x38 8 ║ ♜ · · · · ♚ · ♜ ║ 63
        0x30 7 ║ · · · · · · · · ║ 55
        0x28 6 ║ · · · · · · · · ║ 47
        0x20 5 ║ · · · · · · · · ║ 39
        0x18 4 ║ · · · · · · · · ║ 31
        0x10 3 ║ · · · · · · · · ║ 23
        0x08 2 ║ · · · · · · · · ║ 15
        0x00 1 ║ ♖ · · · ♔ · · ♖ ║ 7
               ╚═════════════════╝
                 A B C D E F G H

        '''
    ]
  }
  "castling_move_generation::test_generate_castling_unobstructed_w":
  {
    file:
    [
      tests
      castling_move_generation.rs
    ]
    module_path: castling_move_generation
    test_function: test_generate_castling_unobstructed_w
    recorded_value:
    [
      
        '''
               ╔═════════════════╗
        0x38 8 ║ ♜ · · · ♚ · · ♜ ║ 63
        0x30 7 ║ · · · · · · · · ║ 55
        0x28 6 ║ · · · · · · · · ║ 47
        0x20 5 ║ · · · · · · · · ║ 39
        0x18 4 ║ · · · · · · · · ║ 31
        0x10 3 ║ · · · · · · · · ║ 23
        0x08 2 ║ · · · · · · · · ║ 15
        0x00 1 ║ ♖ · · · ♔ · · ♖ ║ 7
               ╚═════════════════╝
                 A B C D E F G H

        '''
      
        '''
               ╔═════════════════╗
        0x38 8 ║ ♜ · · · ♚ · · ♜ ║ 63
        0x30 7 ║ · · · · · · · · ║ 55
        0x28 6 ║ · · · · · · · · ║ 47
        0x20 5 ║ · · · · · · · · ║ 39
        0x18 4 ║ · · · · · · · · ║ 31
        0x10 3 ║ · · · · · · · · ║ 23
        0x08 2 ║ · · · · · · · · ║ 15
        0x00 1 ║ · ♖ · · ♔ · · ♖ ║ 7
               ╚═════════════════╝
                 A B C D E F G H

        '''
      
        '''
               ╔═════════════════╗
        0x38 8 ║ ♜ · · · ♚ · · ♜ ║ 63
        0x30 7 ║ · · · · · · · · ║ 55
        0x28 6 ║ · · · · · · · · ║ 47
        0x20 5 ║ · · · · · · · · ║ 39
        0x18 4 ║ · · · · · · · · ║ 31
        0x10 3 ║ · · · · · · · · ║ 23
        0x08 2 ║ · · · · · · · · ║ 15
        0x00 1 ║ · · ♖ · ♔ · · ♖ ║ 7
               ╚═════════════════╝
                 A B C D E F G H

        '''
      
        '''
               ╔═════════════════╗
        0x38 8 ║ ♜ · · · ♚ · · ♜ ║ 63
        0x30 7 ║ · · · · · · · · ║ 55
        0x28 6 ║ · · · · · · · · ║ 47
        0x20 5 ║ · · · · · · · · ║ 39
        0x18 4 ║ · · · · · · · · ║ 31
        0x10 3 ║ · · · · · · · · ║ 23
        0x08 2 ║ · · · · · · · · ║ 15
        0x00 1 ║ · · · ♖ ♔ · · ♖ ║ 7
               ╚═════════════════╝
                 A B C D E F G H

        '''
      
        '''
               ╔═════════════════╗
        0x38 8 ║ ♜ · · · ♚ · · ♜ ║ 63
        0x30 7 ║ · · · · · · · · ║ 55
        0x28 6 ║ · · · · · · · · ║ 47
        0x20 5 ║ · · · · · · · · ║ 39
        0x18 4 ║ · · · · · · · · ║ 31
        0x10 3 ║ · · · · · · · · ║ 23
        0x08 2 ║ ♖ · · · · · · · ║ 15
        0x00 1 ║ · · · · ♔ · · ♖ ║ 7
               ╚═════════════════╝
                 A B C D E F G H

        '''
      
        '''
               ╔═════════════════╗
        0x38 8 ║ ♜ · · · ♚ · · ♜ ║ 63
        0x30 7 ║ · · · · · · · · ║ 55
        0x28 6 ║ · · · · · · · · ║ 47
        0x20 5 ║ · · · · · · · · ║ 39
        0x18 4 ║ · · · · · · · · ║ 31
        0x10 3 ║ ♖ · · · · · · · ║ 23
        0x08 2 ║ · · · · · · · · ║ 15
        0x00 1 ║ · · · · ♔ · · ♖ ║ 7
               ╚═════════════════╝
                 A B C D E F G H

        '''
      
        '''
               ╔═════════════════╗
        0x38 8 ║ ♜ · · · ♚ · · ♜ ║ 63
        0x30 7 ║ · · · · · · · · ║ 55
        0x28 6 ║ · · · · · · · · ║ 47
        0x20 5 ║ · · · · · · · · ║ 39
        0x18 4 ║ ♖ · · · · · · · ║ 31
        0x10 3 ║ · · · · · · · · ║ 23
        0x08 2 ║ · · · · · · · · ║ 15
        0x00 1 ║ · · · · ♔ · · ♖ ║ 7
               ╚═════════════════╝
                 A B C D E F G H

        '''
      
        '''
               ╔═════════════════╗
        0x38 8 ║ ♜ · · · ♚ · · ♜ ║ 63
        0x30 7 ║ · · · · · · · · ║ 55
        0x28 6 ║ · · · · · · · · ║ 47
        0x20 5 ║ ♖ · · · · · · · ║ 39
        0x18 4 ║ · · · · · · · · ║ 31
        0x10 3 ║ · · · · · · · · ║ 23
        0x08 2 ║ · · · · · · · · ║ 15
        0x00 1 ║ · · · · ♔ · · ♖ ║ 7
               ╚═════════════════╝
                 A B C D E F G H

        '''
      
        '''
               ╔═════════════════╗
        0x38 8 ║ ♜ · · · ♚ · · ♜ ║ 63
        0x30 7 ║ · · · · · · · · ║ 55
        0x28 6 ║ ♖ · · · · · · · ║ 47
        0x20 5 ║ · · · · · · · · ║ 39
        0x18 4 ║ · · · · · · · · ║ 31
        0x10 3 ║ · · · · · · · · ║ 23
        0x08 2 ║ · · · · · · · · ║ 15
        0x00 1 ║ · · · · ♔ · · ♖ ║ 7
               ╚═════════════════╝
                 A B C D E F G H

        '''
      
        '''
               ╔═════════════════╗
        0x38 8 ║ ♜ · · · ♚ · · ♜ ║ 63
        0x30 7 ║ ♖ · · · · · · · ║ 55
        0x28 6 ║ · · · · · · · · ║ 47
        0x20 5 ║ · · · · · · · · ║ 39
        0x18 4 ║ · · · · · · · · ║ 31
        0x10 3 ║ · · · · · · · · ║ 23
        0x08 2 ║ · · · · · · · · ║ 15
        0x00 1 ║ · · · · ♔ · · ♖ ║ 7
               ╚═════════════════╝
                 A B C D E F G H

        '''
      
        '''
               ╔═════════════════╗
        0x38 8 ║ ♖ · · · ♚ · · ♜ ║ 63
        0x30 7 ║ · · · · · · · · ║ 55
        0x28 6 ║ · · · · · · · · ║ 47
        0x20 5 ║ · · · · · · · · ║ 39
        0x18 4 ║ · · · · · · · · ║ 31
        0x10 3 ║ · · · · · · · · ║ 23
        0x08 2 ║ · · · · · · · · ║ 15
        0x00 1 ║ · · · · ♔ · · ♖ ║ 7
               ╚═════════════════╝
                 A B C D E F G H

        '''
      
        '''
               ╔═════════════════╗
        0x38 8 ║ ♜ · · · ♚ · · ♜ ║ 63
        0x30 7 ║ · · · · · · · · ║ 55
        0x28 6 ║ · · · · · · · · ║ 47
        0x20 5 ║ · · · · · · · · ║ 39
        0x18 4 ║ · · · · · · · · ║ 31
        0x10 3 ║ · · · · · · · · ║ 23
        0x08 2 ║ · · · · · · · · ║ 15
        0x00 1 ║ ♖ · · · ♔ ♖ · · ║ 7
               ╚═════════════════╝
                 A B C D E F G H

        '''
      
        '''
               ╔═════════════════╗
        0x38 8 ║ ♜ · · · ♚ · · ♜ ║ 63
        0x30 7 ║ · · · · · · · · ║ 55
        0x28 6 ║ · · · · · · · · ║ 47
        0x20 5 ║ · · · · · · · · ║ 39
        0x18 4 ║ · · · · · · · · ║ 31
        0x10 3 ║ · · · · · · · · ║ 23
        0x08 2 ║ · · · · · · · · ║ 15
        0x00 1 ║ ♖ · · · ♔ · ♖ · ║ 7
               ╚═════════════════╝
                 A B C D E F G H

        '''
      
        '''
               ╔═════════════════╗
        0x38 8 ║ ♜ · · · ♚ · · ♜ ║ 63
        0x30 7 ║ · · · · · · · · ║ 55
        0x28 6 ║ · · · · · · · · ║ 47
        0x20 5 ║ · · · · · · · · ║ 39
        0x18 4 ║ · · · · · · · · ║ 31
        0x10 3 ║ · · · · · · · · ║ 23
        0x08 2 ║ · · · · · · · ♖ ║ 15
        0x00 1 ║ ♖ · · · ♔ · · · ║ 7
               ╚═════════════════╝
                 A B C D E F G H

        '''
      
        '''
               ╔═════════════════╗
        0x38 8 ║ ♜ · · · ♚ · · ♜ ║ 63
        0x30 7 ║ · · · · · · · · ║ 55
        0x28 6 ║ · · · · · · · · ║ 47
        0x20 5 ║ · · · · · · · · ║ 39
        0x18 4 ║ · · · · · · · · ║ 31
        0x10 3 ║ · · · · · · · ♖ ║ 23
        0x08 2 ║ · · · · · · · · ║ 15
        0x00 1 ║ ♖ · · · ♔ · · · ║ 7
               ╚═════════════════╝
                 A B C D E F G H

        '''
      
        '''
               ╔═════════════════╗
        0x38 8 ║ ♜ · · · ♚ · · ♜ ║ 63
        0x30 7 ║ · · · · · · · · ║ 55
        0x28 6 ║ · · · · · · · · ║ 47
        0x20 5 ║ · · · · · · · · ║ 39
        0x18 4 ║ · · · · · · · ♖ ║ 31
        0x10 3 ║ · · · · · · · · ║ 23
        0x08 2 ║ · · · · · · · · ║ 15
        0x00 1 ║ ♖ · · · ♔ · · · ║ 7
               ╚═════════════════╝
                 A B C D E F G H

        '''
      
        '''
               ╔═════════════════╗
        0x38 8 ║ ♜ · · · ♚ · · ♜ ║ 63
        0x30 7 ║ · · · · · · · · ║ 55
        0x28 6 ║ · · · · · · · · ║ 47
        0x20 5 ║ · · · · · · · ♖ ║ 39
        0x18 4 ║ · · · · · · · · ║ 31
        0x10 3 ║ · · · · · · · · ║ 23
        0x08 2 ║ · · · · · · · · ║ 15
        0x00 1 ║ ♖ · · · ♔ · · · ║ 7
               ╚═════════════════╝
                 A B C D E F G H

        '''
      
        '''
               ╔═════════════════╗
        0x38 8 ║ ♜ · · · ♚ · · ♜ ║ 63
        0x30 7 ║ · · · · · · · · ║ 55
        0x28 6 ║ · · · · · · · ♖ ║ 47
        0x20 5 ║ · · · · · · · · ║ 39
        0x18 4 ║ · · · · · · · · ║ 31
        0x10 3 ║ · · · · · · · · ║ 23
        0x08 2 ║ · · · · · · · · ║ 15
        0x00 1 ║ ♖ · · · ♔ · · · ║ 7
               ╚═════════════════╝
                 A B C D E F G H

        '''
      
        '''
               ╔═════════════════╗
        0x38 8 ║ ♜ · · · ♚ · · ♜ ║ 63
        0x30 7 ║ · · · · · · · ♖ ║ 55
        0x28 6 ║ · · · · · · · · ║ 47
        0x20 5 ║ · · · · · · · · ║ 39
        0x18 4 ║ · · · · · · · · ║ 31
        0x10 3 ║ · · · · · · · · ║ 23
        0x08 2 ║ · · · · · · · · ║ 15
        0x00 1 ║ ♖ · · · ♔ · · · ║ 7
               ╚═════════════════╝
                 A B C D E F G H

        '''
      
        '''
               ╔═════════════════╗
        0x38 8 ║ ♜ · · · ♚ · · ♖ ║ 63
        0x30 7 ║ · · · · · · · · ║ 55
        0x28 6 ║ · · · · · · · · ║ 47
        0x20 5 ║ · · · · · · · · ║ 39
        0x18 4 ║ · · · · · · · · ║ 31
        0x10 3 ║ · · · · · · · · ║ 23
        0x08 2 ║ · · · · · · · · ║ 15
        0x00 1 ║ ♖ · · · ♔ · · · ║ 7
               ╚═════════════════╝
                 A B C D E F G H

        '''
      
        '''
               ╔═════════════════╗
        0x38 8 ║ ♜ · · · ♚ · · ♜ ║ 63
        0x30 7 ║ · · · · · · · · ║ 55
        0x28 6 ║ · · · · · · · · ║ 47
        0x20 5 ║ · · · · · · · · ║ 39
        0x18 4 ║ · · · · · · · · ║ 31
        0x10 3 ║ · · · · · · · · ║ 23
        0x08 2 ║ · · · · · · · · ║ 15
        0x00 1 ║ · · ♔ ♖ · · · ♖ ║ 7
               ╚═════════════════╝
                 A B C D E F G H

        '''
      
        '''
               ╔═════════════════╗
        0x38 8 ║ ♜ · · · ♚ · · ♜ ║ 63
        0x30 7 ║ · · · · · · · · ║ 55
        0x28 6 ║ · · · · · · · · ║ 47
        0x20 5 ║ · · · · · · · · ║ 39
        0x18 4 ║ · · · · · · · · ║ 31
        0x10 3 ║ · · · · · · · · ║ 23
        0x08 2 ║ · · · · · · · · ║ 15
        0x00 1 ║ ♖ · · · · ♖ ♔ · ║ 7
               ╚═════════════════╝
                 A B C D E F G H

        '''
      
        '''
               ╔═════════════════╗
        0x38 8 ║ ♜ · · · ♚ · · ♜ ║ 63
        0x30 7 ║ · · · · · · · · ║ 55
        0x28 6 ║ · · · · · · · · ║ 47
        0x20 5 ║ · · · · · · · · ║ 39
        0x18 4 ║ · · · · · · · · ║ 31
        0x10 3 ║ · · · · · · · · ║ 23
        0x08 2 ║ · · · · · · · · ║ 15
        0x00 1 ║ ♖ · · ♔ · · · ♖ ║ 7
               ╚═════════════════╝
                 A B C D E F G H

        '''
      
        '''
               ╔═════════════════╗
        0x38 8 ║ ♜ · · · ♚ · · ♜ ║ 63
        0x30 7 ║ · · · · · · · · ║ 55
        0x28 6 ║ · · · · · · · · ║ 47
        0x20 5 ║ · · · · · · · · ║ 39
        0x18 4 ║ · · · · · · · · ║ 31
        0x10 3 ║ · · · · · · · · ║ 23
        0x08 2 ║ · · · · · · · · ║ 15
        0x00 1 ║ ♖ · · · · ♔ · ♖ ║ 7
               ╚═════════════════╝
                 A B C D E F G H

        '''
      
        '''
               ╔═════════════════╗
        0x38 8 ║ ♜ · · · ♚ · · ♜ ║ 63
        0x30 7 ║ · · · · · · · · ║ 55
        0x28 6 ║ · · · · · · · · ║ 47
        0x20 5 ║ · · · · · · · · ║ 39
        0x18 4 ║ · · · · · · · · ║ 31
        0x10 3 ║ · · · · · · · · ║ 23
        0x08 2 ║ · · · ♔ · · · · ║ 15
        0x00 1 ║ ♖ · · · · · · ♖ ║ 7
               ╚═════════════════╝
                 A B C D E F G H

        '''
      
        '''
               ╔═════════════════╗
        0x38 8 ║ ♜ · · · ♚ · · ♜ ║ 63
        0x30 7 ║ · · · · · · · · ║ 55
        0x28 6 ║ · · · · · · · · ║ 47
        0x20 5 ║ · · · · · · · · ║ 39
        0x18 4 ║ · · · · · · · · ║ 31
        0x10 3 ║ · · · · · · · · ║ 23
        0x08 2 ║ · · · · ♔ · · · ║ 15
        0x00 1 ║ ♖ · · · · · · ♖ ║ 7
               ╚═════════════════╝
                 A B C D E F G H

        '''
      
        '''
               ╔═════════════════╗
        0x38 8 ║ ♜ · · · ♚ · · ♜ ║ 63
        0x30 7 ║ · · · · · · · · ║ 55
        0x28 6 ║ · · · · · · · · ║ 47
        0x20 5 ║ · · · · · · · · ║ 39
        0x18 4 ║ · · · · · · · · ║ 31
        0x10 3 ║ · · · · · · · · ║ 23
        0x08 2 ║ · · · · · ♔ · · ║ 15
        0x00 1 ║ ♖ · · · · · · ♖ ║ 7
               ╚═════════════════╝
                 A B C D E F G H

        '''
    ]
  }
}