{
  "default_board_generation::test_generate_black_default_moves":
  {
    file:
    [
      tests
      default_board_generation.rs
    ]
    module_path: default_board_generation
    test_function: test_generate_black_default_moves
    recorded_value:
    [
      
        '''
        First Move

               ╔═════════════════╗
        0x38 8 ║ ♜ ♞ ♝ ♚ ♛ ♝ ♞ ♜ ║ 63
        0x30 7 ║ ♟ ♟ ♟ ♟ ♟ ♟ ♟ ♟ ║ 55
        0x28 6 ║ · · · · · · · · ║ 47
        0x20 5 ║ · · · · · · · · ║ 39
        0x18 4 ║ · · · · · · · · ║ 31
        0x10 3 ║ · · · · · · · · ║ 23
        0x08 2 ║ ♙ ♙ ♙ ♙ ♙ ♙ ♙ ♙ ║ 15
        0x00 1 ║ ♖ ♘ ♗ ♔ ♕ ♗ ♘ ♖ ║ 7
               ╚═════════════════╝
                 A B C D E F G H

        '''
      
        '''
        PA7A5

               ╔═════════════════╗
        0x38 8 ║ ♜ ♞ ♝ ♚ ♛ ♝ ♞ ♜ ║ 63
        0x30 7 ║ · ♟ ♟ ♟ ♟ ♟ ♟ ♟ ║ 55
        0x28 6 ║ · · · · · · · · ║ 47
        0x20 5 ║ ♟ · · · · · · · ║ 39
        0x18 4 ║ · · · · · · · · ║ 31
        0x10 3 ║ · · · · · · · · ║ 23
        0x08 2 ║ ♙ ♙ ♙ ♙ ♙ ♙ ♙ ♙ ║ 15
        0x00 1 ║ ♖ ♘ ♗ ♔ ♕ ♗ ♘ ♖ ║ 7
               ╚═════════════════╝
                 A B C D E F G H

        '''
      
        '''
        PA7A6

               ╔═════════════════╗
        0x38 8 ║ ♜ ♞ ♝ ♚ ♛ ♝ ♞ ♜ ║ 63
        0x30 7 ║ · ♟ ♟ ♟ ♟ ♟ ♟ ♟ ║ 55
        0x28 6 ║ ♟ · · · · · · · ║ 47
        0x20 5 ║ · · · · · · · · ║ 39
        0x18 4 ║ · · · · · · · · ║ 31
        0x10 3 ║ · · · · · · · · ║ 23
        0x08 2 ║ ♙ ♙ ♙ ♙ ♙ ♙ ♙ ♙ ║ 15
        0x00 1 ║ ♖ ♘ ♗ ♔ ♕ ♗ ♘ ♖ ║ 7
               ╚═════════════════╝
                 A B C D E F G H

        '''
      
        '''
        PB7B5

               ╔═════════════════╗
        0x38 8 ║ ♜ ♞ ♝ ♚ ♛ ♝ ♞ ♜ ║ 63
        0x30 7 ║ ♟ · ♟ ♟ ♟ ♟ ♟ ♟ ║ 55
        0x28 6 ║ · · · · · · · · ║ 47
        0x20 5 ║ · ♟ · · · · · · ║ 39
        0x18 4 ║ · · · · · · · · ║ 31
        0x10 3 ║ · · · · · · · · ║ 23
        0x08 2 ║ ♙ ♙ ♙ ♙ ♙ ♙ ♙ ♙ ║ 15
        0x00 1 ║ ♖ ♘ ♗ ♔ ♕ ♗ ♘ ♖ ║ 7
               ╚═════════════════╝
                 A B C D E F G H

        '''
      
        '''
        PB7B6

               ╔═════════════════╗
        0x38 8 ║ ♜ ♞ ♝ ♚ ♛ ♝ ♞ ♜ ║ 63
        0x30 7 ║ ♟ · ♟ ♟ ♟ ♟ ♟ ♟ ║ 55
        0x28 6 ║ · ♟ · · · · · · ║ 47
        0x20 5 ║ · · · · · · · · ║ 39
        0x18 4 ║ · · · · · · · · ║ 31
        0x10 3 ║ · · · · · · · · ║ 23
        0x08 2 ║ ♙ ♙ ♙ ♙ ♙ ♙ ♙ ♙ ║ 15
        0x00 1 ║ ♖ ♘ ♗ ♔ ♕ ♗ ♘ ♖ ║ 7
               ╚═════════════════╝
                 A B C D E F G H

        '''
      
        '''
        PC7C5

               ╔═════════════════╗
        0x38 8 ║ ♜ ♞ ♝ ♚ ♛ ♝ ♞ ♜ ║ 63
        0x30 7 ║ ♟ ♟ · ♟ ♟ ♟ ♟ ♟ ║ 55
        0x28 6 ║ · · · · · · · · ║ 47
        0x20 5 ║ · · ♟ · · · · · ║ 39
        0x18 4 ║ · · · · · · · · ║ 31
        0x10 3 ║ · · · · · · · · ║ 23
        0x08 2 ║ ♙ ♙ ♙ ♙ ♙ ♙ ♙ ♙ ║ 15
        0x00 1 ║ ♖ ♘ ♗ ♔ ♕ ♗ ♘ ♖ ║ 7
               ╚═════════════════╝
                 A B C D E F G H

        '''
      
        '''
        PC7C6

               ╔═════════════════╗
        0x38 8 ║ ♜ ♞ ♝ ♚ ♛ ♝ ♞ ♜ ║ 63
        0x30 7 ║ ♟ ♟ · ♟ ♟ ♟ ♟ ♟ ║ 55
        0x28 6 ║ · · ♟ · · · · · ║ 47
        0x20 5 ║ · · · · · · · · ║ 39
        0x18 4 ║ · · · · · · · · ║ 31
        0x10 3 ║ · · · · · · · · ║ 23
        0x08 2 ║ ♙ ♙ ♙ ♙ ♙ ♙ ♙ ♙ ║ 15
        0x00 1 ║ ♖ ♘ ♗ ♔ ♕ ♗ ♘ ♖ ║ 7
               ╚═════════════════╝
                 A B C D E F G H

        '''
      
        '''
        PD7D5

               ╔═════════════════╗
        0x38 8 ║ ♜ ♞ ♝ ♚ ♛ ♝ ♞ ♜ ║ 63
        0x30 7 ║ ♟ ♟ ♟ · ♟ ♟ ♟ ♟ ║ 55
        0x28 6 ║ · · · · · · · · ║ 47
        0x20 5 ║ · · · ♟ · · · · ║ 39
        0x18 4 ║ · · · · · · · · ║ 31
        0x10 3 ║ · · · · · · · · ║ 23
        0x08 2 ║ ♙ ♙ ♙ ♙ ♙ ♙ ♙ ♙ ║ 15
        0x00 1 ║ ♖ ♘ ♗ ♔ ♕ ♗ ♘ ♖ ║ 7
               ╚═════════════════╝
                 A B C D E F G H

        '''
      
        '''
        PD7D6

               ╔═════════════════╗
        0x38 8 ║ ♜ ♞ ♝ ♚ ♛ ♝ ♞ ♜ ║ 63
        0x30 7 ║ ♟ ♟ ♟ · ♟ ♟ ♟ ♟ ║ 55
        0x28 6 ║ · · · ♟ · · · · ║ 47
        0x20 5 ║ · · · · · · · · ║ 39
        0x18 4 ║ · · · · · · · · ║ 31
        0x10 3 ║ · · · · · · · · ║ 23
        0x08 2 ║ ♙ ♙ ♙ ♙ ♙ ♙ ♙ ♙ ║ 15
        0x00 1 ║ ♖ ♘ ♗ ♔ ♕ ♗ ♘ ♖ ║ 7
               ╚═════════════════╝
                 A B C D E F G H

        '''
      
        '''
        PE7E5

               ╔═════════════════╗
        0x38 8 ║ ♜ ♞ ♝ ♚ ♛ ♝ ♞ ♜ ║ 63
        0x30 7 ║ ♟ ♟ ♟ ♟ · ♟ ♟ ♟ ║ 55
        0x28 6 ║ · · · · · · · · ║ 47
        0x20 5 ║ · · · · ♟ · · · ║ 39
        0x18 4 ║ · · · · · · · · ║ 31
        0x10 3 ║ · · · · · · · · ║ 23
        0x08 2 ║ ♙ ♙ ♙ ♙ ♙ ♙ ♙ ♙ ║ 15
        0x00 1 ║ ♖ ♘ ♗ ♔ ♕ ♗ ♘ ♖ ║ 7
               ╚═════════════════╝
                 A B C D E F G H

        '''
      
        '''
        PE7E6

               ╔═════════════════╗
        0x38 8 ║ ♜ ♞ ♝ ♚ ♛ ♝ ♞ ♜ ║ 63
        0x30 7 ║ ♟ ♟ ♟ ♟ · ♟ ♟ ♟ ║ 55
        0x28 6 ║ · · · · ♟ · · · ║ 47
        0x20 5 ║ · · · · · · · · ║ 39
        0x18 4 ║ · · · · · · · · ║ 31
        0x10 3 ║ · · · · · · · · ║ 23
        0x08 2 ║ ♙ ♙ ♙ ♙ ♙ ♙ ♙ ♙ ║ 15
        0x00 1 ║ ♖ ♘ ♗ ♔ ♕ ♗ ♘ ♖ ║ 7
               ╚═════════════════╝
                 A B C D E F G H

        '''
      
        '''
        PF7F5

               ╔═════════════════╗
        0x38 8 ║ ♜ ♞ ♝ ♚ ♛ ♝ ♞ ♜ ║ 63
        0x30 7 ║ ♟ ♟ ♟ ♟ ♟ · ♟ ♟ ║ 55
        0x28 6 ║ · · · · · · · · ║ 47
        0x20 5 ║ · · · · · ♟ · · ║ 39
        0x18 4 ║ · · · · · · · · ║ 31
        0x10 3 ║ · · · · · · · · ║ 23
        0x08 2 ║ ♙ ♙ ♙ ♙ ♙ ♙ ♙ ♙ ║ 15
        0x00 1 ║ ♖ ♘ ♗ ♔ ♕ ♗ ♘ ♖ ║ 7
               ╚═════════════════╝
                 A B C D E F G H

        '''
      
        '''
        PF7F6

               ╔═════════════════╗
        0x38 8 ║ ♜ ♞ ♝ ♚ ♛ ♝ ♞ ♜ ║ 63
        0x30 7 ║ ♟ ♟ ♟ ♟ ♟ · ♟ ♟ ║ 55
        0x28 6 ║ · · · · · ♟ · · ║ 47
        0x20 5 ║ · · · · · · · · ║ 39
        0x18 4 ║ · · · · · · · · ║ 31
        0x10 3 ║ · · · · · · · · ║ 23
        0x08 2 ║ ♙ ♙ ♙ ♙ ♙ ♙ ♙ ♙ ║ 15
        0x00 1 ║ ♖ ♘ ♗ ♔ ♕ ♗ ♘ ♖ ║ 7
               ╚═════════════════╝
                 A B C D E F G H

        '''
      
        '''
        PG7G5

               ╔═════════════════╗
        0x38 8 ║ ♜ ♞ ♝ ♚ ♛ ♝ ♞ ♜ ║ 63
        0x30 7 ║ ♟ ♟ ♟ ♟ ♟ ♟ · ♟ ║ 55
        0x28 6 ║ · · · · · · · · ║ 47
        0x20 5 ║ · · · · · · ♟ · ║ 39
        0x18 4 ║ · · · · · · · · ║ 31
        0x10 3 ║ · · · · · · · · ║ 23
        0x08 2 ║ ♙ ♙ ♙ ♙ ♙ ♙ ♙ ♙ ║ 15
        0x00 1 ║ ♖ ♘ ♗ ♔ ♕ ♗ ♘ ♖ ║ 7
               ╚═════════════════╝
                 A B C D E F G H

        '''
      
        '''
        PG7G6

               ╔═════════════════╗
        0x38 8 ║ ♜ ♞ ♝ ♚ ♛ ♝ ♞ ♜ ║ 63
        0x30 7 ║ ♟ ♟ ♟ ♟ ♟ ♟ · ♟ ║ 55
        0x28 6 ║ · · · · · · ♟ · ║ 47
        0x20 5 ║ · · · · · · · · ║ 39
        0x18 4 ║ · · · · · · · · ║ 31
        0x10 3 ║ · · · · · · · · ║ 23
        0x08 2 ║ ♙ ♙ ♙ ♙ ♙ ♙ ♙ ♙ ║ 15
        0x00 1 ║ ♖ ♘ ♗ ♔ ♕ ♗ ♘ ♖ ║ 7
               ╚═════════════════╝
                 A B C D E F G H

        '''
      
        '''
        PH7H5

               ╔═════════════════╗
        0x38 8 ║ ♜ ♞ ♝ ♚ ♛ ♝ ♞ ♜ ║ 63
        0x30 7 ║ ♟ ♟ ♟ ♟ ♟ ♟ ♟ · ║ 55
        0x28 6 ║ · · · · · · · · ║ 47
        0x20 5 ║ · · · · · · · ♟ ║ 39
        0x18 4 ║ · · · · · · · · ║ 31
        0x10 3 ║ · · · · · · · · ║ 23
        0x08 2 ║ ♙ ♙ ♙ ♙ ♙ ♙ ♙ ♙ ║ 15
        0x00 1 ║ ♖ ♘ ♗ ♔ ♕ ♗ ♘ ♖ ║ 7
               ╚═════════════════╝
                 A B C D E F G H

        '''
      
        '''
        PH7H6

               ╔═════════════════╗
        0x38 8 ║ ♜ ♞ ♝ ♚ ♛ ♝ ♞ ♜ ║ 63
        0x30 7 ║ ♟ ♟ ♟ ♟ ♟ ♟ ♟ · ║ 55
        0x28 6 ║ · · · · · · · ♟ ║ 47
        0x20 5 ║ · · · · · · · · ║ 39
        0x18 4 ║ · · · · · · · · ║ 31
        0x10 3 ║ · · · · · · · · ║ 23
        0x08 2 ║ ♙ ♙ ♙ ♙ ♙ ♙ ♙ ♙ ║ 15
        0x00 1 ║ ♖ ♘ ♗ ♔ ♕ ♗ ♘ ♖ ║ 7
               ╚═════════════════╝
                 A B C D E F G H

        '''
      
        '''
        NB8A6

               ╔═════════════════╗
        0x38 8 ║ ♜ · ♝ ♚ ♛ ♝ ♞ ♜ ║ 63
        0x30 7 ║ ♟ ♟ ♟ ♟ ♟ ♟ ♟ ♟ ║ 55
        0x28 6 ║ ♞ · · · · · · · ║ 47
        0x20 5 ║ · · · · · · · · ║ 39
        0x18 4 ║ · · · · · · · · ║ 31
        0x10 3 ║ · · · · · · · · ║ 23
        0x08 2 ║ ♙ ♙ ♙ ♙ ♙ ♙ ♙ ♙ ║ 15
        0x00 1 ║ ♖ ♘ ♗ ♔ ♕ ♗ ♘ ♖ ║ 7
               ╚═════════════════╝
                 A B C D E F G H

        '''
      
        '''
        NB8C6

               ╔═════════════════╗
        0x38 8 ║ ♜ · ♝ ♚ ♛ ♝ ♞ ♜ ║ 63
        0x30 7 ║ ♟ ♟ ♟ ♟ ♟ ♟ ♟ ♟ ║ 55
        0x28 6 ║ · · ♞ · · · · · ║ 47
        0x20 5 ║ · · · · · · · · ║ 39
        0x18 4 ║ · · · · · · · · ║ 31
        0x10 3 ║ · · · · · · · · ║ 23
        0x08 2 ║ ♙ ♙ ♙ ♙ ♙ ♙ ♙ ♙ ║ 15
        0x00 1 ║ ♖ ♘ ♗ ♔ ♕ ♗ ♘ ♖ ║ 7
               ╚═════════════════╝
                 A B C D E F G H

        '''
      
        '''
        NG8F6

               ╔═════════════════╗
        0x38 8 ║ ♜ ♞ ♝ ♚ ♛ ♝ · ♜ ║ 63
        0x30 7 ║ ♟ ♟ ♟ ♟ ♟ ♟ ♟ ♟ ║ 55
        0x28 6 ║ · · · · · ♞ · · ║ 47
        0x20 5 ║ · · · · · · · · ║ 39
        0x18 4 ║ · · · · · · · · ║ 31
        0x10 3 ║ · · · · · · · · ║ 23
        0x08 2 ║ ♙ ♙ ♙ ♙ ♙ ♙ ♙ ♙ ║ 15
        0x00 1 ║ ♖ ♘ ♗ ♔ ♕ ♗ ♘ ♖ ║ 7
               ╚═════════════════╝
                 A B C D E F G H

        '''
      
        '''
        NG8H6

               ╔═════════════════╗
        0x38 8 ║ ♜ ♞ ♝ ♚ ♛ ♝ · ♜ ║ 63
        0x30 7 ║ ♟ ♟ ♟ ♟ ♟ ♟ ♟ ♟ ║ 55
        0x28 6 ║ · · · · · · · ♞ ║ 47
        0x20 5 ║ · · · · · · · · ║ 39
        0x18 4 ║ · · · · · · · · ║ 31
        0x10 3 ║ · · · · · · · · ║ 23
        0x08 2 ║ ♙ ♙ ♙ ♙ ♙ ♙ ♙ ♙ ║ 15
        0x00 1 ║ ♖ ♘ ♗ ♔ ♕ ♗ ♘ ♖ ║ 7
               ╚═════════════════╝
                 A B C D E F G H

        '''
    ]
  }
  "default_board_generation::test_generate_white_default_moves":
  {
    file:
    [
      tests
      default_board_generation.rs
    ]
    module_path: default_board_generation
    test_function: test_generate_white_default_moves
    recorded_value:
    [
      
        '''
        First Move

               ╔═════════════════╗
        0x38 8 ║ ♜ ♞ ♝ ♚ ♛ ♝ ♞ ♜ ║ 63
        0x30 7 ║ ♟ ♟ ♟ ♟ ♟ ♟ ♟ ♟ ║ 55
        0x28 6 ║ · · · · · · · · ║ 47
        0x20 5 ║ · · · · · · · · ║ 39
        0x18 4 ║ · · · · · · · · ║ 31
        0x10 3 ║ · · · · · · · · ║ 23
        0x08 2 ║ ♙ ♙ ♙ ♙ ♙ ♙ ♙ ♙ ║ 15
        0x00 1 ║ ♖ ♘ ♗ ♔ ♕ ♗ ♘ ♖ ║ 7
               ╚═════════════════╝
                 A B C D E F G H

        '''
      
        '''
        PA2A3

               ╔═════════════════╗
        0x38 8 ║ ♜ ♞ ♝ ♚ ♛ ♝ ♞ ♜ ║ 63
        0x30 7 ║ ♟ ♟ ♟ ♟ ♟ ♟ ♟ ♟ ║ 55
        0x28 6 ║ · · · · · · · · ║ 47
        0x20 5 ║ · · · · · · · · ║ 39
        0x18 4 ║ · · · · · · · · ║ 31
        0x10 3 ║ ♙ · · · · · · · ║ 23
        0x08 2 ║ · ♙ ♙ ♙ ♙ ♙ ♙ ♙ ║ 15
        0x00 1 ║ ♖ ♘ ♗ ♔ ♕ ♗ ♘ ♖ ║ 7
               ╚═════════════════╝
                 A B C D E F G H

        '''
      
        '''
        PA2A4

               ╔═════════════════╗
        0x38 8 ║ ♜ ♞ ♝ ♚ ♛ ♝ ♞ ♜ ║ 63
        0x30 7 ║ ♟ ♟ ♟ ♟ ♟ ♟ ♟ ♟ ║ 55
        0x28 6 ║ · · · · · · · · ║ 47
        0x20 5 ║ · · · · · · · · ║ 39
        0x18 4 ║ ♙ · · · · · · · ║ 31
        0x10 3 ║ · · · · · · · · ║ 23
        0x08 2 ║ · ♙ ♙ ♙ ♙ ♙ ♙ ♙ ║ 15
        0x00 1 ║ ♖ ♘ ♗ ♔ ♕ ♗ ♘ ♖ ║ 7
               ╚═════════════════╝
                 A B C D E F G H

        '''
      
        '''
        PB2B3

               ╔═════════════════╗
        0x38 8 ║ ♜ ♞ ♝ ♚ ♛ ♝ ♞ ♜ ║ 63
        0x30 7 ║ ♟ ♟ ♟ ♟ ♟ ♟ ♟ ♟ ║ 55
        0x28 6 ║ · · · · · · · · ║ 47
        0x20 5 ║ · · · · · · · · ║ 39
        0x18 4 ║ · · · · · · · · ║ 31
        0x10 3 ║ · ♙ · · · · · · ║ 23
        0x08 2 ║ ♙ · ♙ ♙ ♙ ♙ ♙ ♙ ║ 15
        0x00 1 ║ ♖ ♘ ♗ ♔ ♕ ♗ ♘ ♖ ║ 7
               ╚═════════════════╝
                 A B C D E F G H

        '''
      
        '''
        PB2B4

               ╔═════════════════╗
        0x38 8 ║ ♜ ♞ ♝ ♚ ♛ ♝ ♞ ♜ ║ 63
        0x30 7 ║ ♟ ♟ ♟ ♟ ♟ ♟ ♟ ♟ ║ 55
        0x28 6 ║ · · · · · · · · ║ 47
        0x20 5 ║ · · · · · · · · ║ 39
        0x18 4 ║ · ♙ · · · · · · ║ 31
        0x10 3 ║ · · · · · · · · ║ 23
        0x08 2 ║ ♙ · ♙ ♙ ♙ ♙ ♙ ♙ ║ 15
        0x00 1 ║ ♖ ♘ ♗ ♔ ♕ ♗ ♘ ♖ ║ 7
               ╚═════════════════╝
                 A B C D E F G H

        '''
      
        '''
        PC2C3

               ╔═════════════════╗
        0x38 8 ║ ♜ ♞ ♝ ♚ ♛ ♝ ♞ ♜ ║ 63
        0x30 7 ║ ♟ ♟ ♟ ♟ ♟ ♟ ♟ ♟ ║ 55
        0x28 6 ║ · · · · · · · · ║ 47
        0x20 5 ║ · · · · · · · · ║ 39
        0x18 4 ║ · · · · · · · · ║ 31
        0x10 3 ║ · · ♙ · · · · · ║ 23
        0x08 2 ║ ♙ ♙ · ♙ ♙ ♙ ♙ ♙ ║ 15
        0x00 1 ║ ♖ ♘ ♗ ♔ ♕ ♗ ♘ ♖ ║ 7
               ╚═════════════════╝
                 A B C D E F G H

        '''
      
        '''
        PC2C4

               ╔═════════════════╗
        0x38 8 ║ ♜ ♞ ♝ ♚ ♛ ♝ ♞ ♜ ║ 63
        0x30 7 ║ ♟ ♟ ♟ ♟ ♟ ♟ ♟ ♟ ║ 55
        0x28 6 ║ · · · · · · · · ║ 47
        0x20 5 ║ · · · · · · · · ║ 39
        0x18 4 ║ · · ♙ · · · · · ║ 31
        0x10 3 ║ · · · · · · · · ║ 23
        0x08 2 ║ ♙ ♙ · ♙ ♙ ♙ ♙ ♙ ║ 15
        0x00 1 ║ ♖ ♘ ♗ ♔ ♕ ♗ ♘ ♖ ║ 7
               ╚═════════════════╝
                 A B C D E F G H

        '''
      
        '''
        PD2D3

               ╔═════════════════╗
        0x38 8 ║ ♜ ♞ ♝ ♚ ♛ ♝ ♞ ♜ ║ 63
        0x30 7 ║ ♟ ♟ ♟ ♟ ♟ ♟ ♟ ♟ ║ 55
        0x28 6 ║ · · · · · · · · ║ 47
        0x20 5 ║ · · · · · · · · ║ 39
        0x18 4 ║ · · · · · · · · ║ 31
        0x10 3 ║ · · · ♙ · · · · ║ 23
        0x08 2 ║ ♙ ♙ ♙ · ♙ ♙ ♙ ♙ ║ 15
        0x00 1 ║ ♖ ♘ ♗ ♔ ♕ ♗ ♘ ♖ ║ 7
               ╚═════════════════╝
                 A B C D E F G H

        '''
      
        '''
        PD2D4

               ╔═════════════════╗
        0x38 8 ║ ♜ ♞ ♝ ♚ ♛ ♝ ♞ ♜ ║ 63
        0x30 7 ║ ♟ ♟ ♟ ♟ ♟ ♟ ♟ ♟ ║ 55
        0x28 6 ║ · · · · · · · · ║ 47
        0x20 5 ║ · · · · · · · · ║ 39
        0x18 4 ║ · · · ♙ · · · · ║ 31
        0x10 3 ║ · · · · · · · · ║ 23
        0x08 2 ║ ♙ ♙ ♙ · ♙ ♙ ♙ ♙ ║ 15
        0x00 1 ║ ♖ ♘ ♗ ♔ ♕ ♗ ♘ ♖ ║ 7
               ╚═════════════════╝
                 A B C D E F G H

        '''
      
        '''
        PE2E3

               ╔═════════════════╗
        0x38 8 ║ ♜ ♞ ♝ ♚ ♛ ♝ ♞ ♜ ║ 63
        0x30 7 ║ ♟ ♟ ♟ ♟ ♟ ♟ ♟ ♟ ║ 55
        0x28 6 ║ · · · · · · · · ║ 47
        0x20 5 ║ · · · · · · · · ║ 39
        0x18 4 ║ · · · · · · · · ║ 31
        0x10 3 ║ · · · · ♙ · · · ║ 23
        0x08 2 ║ ♙ ♙ ♙ ♙ · ♙ ♙ ♙ ║ 15
        0x00 1 ║ ♖ ♘ ♗ ♔ ♕ ♗ ♘ ♖ ║ 7
               ╚═════════════════╝
                 A B C D E F G H

        '''
      
        '''
        PE2E4

               ╔═════════════════╗
        0x38 8 ║ ♜ ♞ ♝ ♚ ♛ ♝ ♞ ♜ ║ 63
        0x30 7 ║ ♟ ♟ ♟ ♟ ♟ ♟ ♟ ♟ ║ 55
        0x28 6 ║ · · · · · · · · ║ 47
        0x20 5 ║ · · · · · · · · ║ 39
        0x18 4 ║ · · · · ♙ · · · ║ 31
        0x10 3 ║ · · · · · · · · ║ 23
        0x08 2 ║ ♙ ♙ ♙ ♙ · ♙ ♙ ♙ ║ 15
        0x00 1 ║ ♖ ♘ ♗ ♔ ♕ ♗ ♘ ♖ ║ 7
               ╚═════════════════╝
                 A B C D E F G H

        '''
      
        '''
        PF2F3

               ╔═════════════════╗
        0x38 8 ║ ♜ ♞ ♝ ♚ ♛ ♝ ♞ ♜ ║ 63
        0x30 7 ║ ♟ ♟ ♟ ♟ ♟ ♟ ♟ ♟ ║ 55
        0x28 6 ║ · · · · · · · · ║ 47
        0x20 5 ║ · · · · · · · · ║ 39
        0x18 4 ║ · · · · · · · · ║ 31
        0x10 3 ║ · · · · · ♙ · · ║ 23
        0x08 2 ║ ♙ ♙ ♙ ♙ ♙ · ♙ ♙ ║ 15
        0x00 1 ║ ♖ ♘ ♗ ♔ ♕ ♗ ♘ ♖ ║ 7
               ╚═════════════════╝
                 A B C D E F G H

        '''
      
        '''
        PF2F4

               ╔═════════════════╗
        0x38 8 ║ ♜ ♞ ♝ ♚ ♛ ♝ ♞ ♜ ║ 63
        0x30 7 ║ ♟ ♟ ♟ ♟ ♟ ♟ ♟ ♟ ║ 55
        0x28 6 ║ · · · · · · · · ║ 47
        0x20 5 ║ · · · · · · · · ║ 39
        0x18 4 ║ · · · · · ♙ · · ║ 31
        0x10 3 ║ · · · · · · · · ║ 23
        0x08 2 ║ ♙ ♙ ♙ ♙ ♙ · ♙ ♙ ║ 15
        0x00 1 ║ ♖ ♘ ♗ ♔ ♕ ♗ ♘ ♖ ║ 7
               ╚═════════════════╝
                 A B C D E F G H

        '''
      
        '''
        PG2G3

               ╔═════════════════╗
        0x38 8 ║ ♜ ♞ ♝ ♚ ♛ ♝ ♞ ♜ ║ 63
        0x30 7 ║ ♟ ♟ ♟ ♟ ♟ ♟ ♟ ♟ ║ 55
        0x28 6 ║ · · · · · · · · ║ 47
        0x20 5 ║ · · · · · · · · ║ 39
        0x18 4 ║ · · · · · · · · ║ 31
        0x10 3 ║ · · · · · · ♙ · ║ 23
        0x08 2 ║ ♙ ♙ ♙ ♙ ♙ ♙ · ♙ ║ 15
        0x00 1 ║ ♖ ♘ ♗ ♔ ♕ ♗ ♘ ♖ ║ 7
               ╚═════════════════╝
                 A B C D E F G H

        '''
      
        '''
        PG2G4

               ╔═════════════════╗
        0x38 8 ║ ♜ ♞ ♝ ♚ ♛ ♝ ♞ ♜ ║ 63
        0x30 7 ║ ♟ ♟ ♟ ♟ ♟ ♟ ♟ ♟ ║ 55
        0x28 6 ║ · · · · · · · · ║ 47
        0x20 5 ║ · · · · · · · · ║ 39
        0x18 4 ║ · · · · · · ♙ · ║ 31
        0x10 3 ║ · · · · · · · · ║ 23
        0x08 2 ║ ♙ ♙ ♙ ♙ ♙ ♙ · ♙ ║ 15
        0x00 1 ║ ♖ ♘ ♗ ♔ ♕ ♗ ♘ ♖ ║ 7
               ╚═════════════════╝
                 A B C D E F G H

        '''
      
        '''
        PH2H3

               ╔═════════════════╗
        0x38 8 ║ ♜ ♞ ♝ ♚ ♛ ♝ ♞ ♜ ║ 63
        0x30 7 ║ ♟ ♟ ♟ ♟ ♟ ♟ ♟ ♟ ║ 55
        0x28 6 ║ · · · · · · · · ║ 47
        0x20 5 ║ · · · · · · · · ║ 39
        0x18 4 ║ · · · · · · · · ║ 31
        0x10 3 ║ · · · · · · · ♙ ║ 23
        0x08 2 ║ ♙ ♙ ♙ ♙ ♙ ♙ ♙ · ║ 15
        0x00 1 ║ ♖ ♘ ♗ ♔ ♕ ♗ ♘ ♖ ║ 7
               ╚═════════════════╝
                 A B C D E F G H

        '''
      
        '''
        PH2H4

               ╔═════════════════╗
        0x38 8 ║ ♜ ♞ ♝ ♚ ♛ ♝ ♞ ♜ ║ 63
        0x30 7 ║ ♟ ♟ ♟ ♟ ♟ ♟ ♟ ♟ ║ 55
        0x28 6 ║ · · · · · · · · ║ 47
        0x20 5 ║ · · · · · · · · ║ 39
        0x18 4 ║ · · · · · · · ♙ ║ 31
        0x10 3 ║ · · · · · · · · ║ 23
        0x08 2 ║ ♙ ♙ ♙ ♙ ♙ ♙ ♙ · ║ 15
        0x00 1 ║ ♖ ♘ ♗ ♔ ♕ ♗ ♘ ♖ ║ 7
               ╚═════════════════╝
                 A B C D E F G H

        '''
      
        '''
        NB1A3

               ╔═════════════════╗
        0x38 8 ║ ♜ ♞ ♝ ♚ ♛ ♝ ♞ ♜ ║ 63
        0x30 7 ║ ♟ ♟ ♟ ♟ ♟ ♟ ♟ ♟ ║ 55
        0x28 6 ║ · · · · · · · · ║ 47
        0x20 5 ║ · · · · · · · · ║ 39
        0x18 4 ║ · · · · · · · · ║ 31
        0x10 3 ║ ♘ · · · · · · · ║ 23
        0x08 2 ║ ♙ ♙ ♙ ♙ ♙ ♙ ♙ ♙ ║ 15
        0x00 1 ║ ♖ · ♗ ♔ ♕ ♗ ♘ ♖ ║ 7
               ╚═════════════════╝
                 A B C D E F G H

        '''
      
        '''
        NB1C3

               ╔═════════════════╗
        0x38 8 ║ ♜ ♞ ♝ ♚ ♛ ♝ ♞ ♜ ║ 63
        0x30 7 ║ ♟ ♟ ♟ ♟ ♟ ♟ ♟ ♟ ║ 55
        0x28 6 ║ · · · · · · · · ║ 47
        0x20 5 ║ · · · · · · · · ║ 39
        0x18 4 ║ · · · · · · · · ║ 31
        0x10 3 ║ · · ♘ · · · · · ║ 23
        0x08 2 ║ ♙ ♙ ♙ ♙ ♙ ♙ ♙ ♙ ║ 15
        0x00 1 ║ ♖ · ♗ ♔ ♕ ♗ ♘ ♖ ║ 7
               ╚═════════════════╝
                 A B C D E F G H

        '''
      
        '''
        NG1F3

               ╔═════════════════╗
        0x38 8 ║ ♜ ♞ ♝ ♚ ♛ ♝ ♞ ♜ ║ 63
        0x30 7 ║ ♟ ♟ ♟ ♟ ♟ ♟ ♟ ♟ ║ 55
        0x28 6 ║ · · · · · · · · ║ 47
        0x20 5 ║ · · · · · · · · ║ 39
        0x18 4 ║ · · · · · · · · ║ 31
        0x10 3 ║ · · · · · ♘ · · ║ 23
        0x08 2 ║ ♙ ♙ ♙ ♙ ♙ ♙ ♙ ♙ ║ 15
        0x00 1 ║ ♖ ♘ ♗ ♔ ♕ ♗ · ♖ ║ 7
               ╚═════════════════╝
                 A B C D E F G H

        '''
      
        '''
        NG1H3

               ╔═════════════════╗
        0x38 8 ║ ♜ ♞ ♝ ♚ ♛ ♝ ♞ ♜ ║ 63
        0x30 7 ║ ♟ ♟ ♟ ♟ ♟ ♟ ♟ ♟ ║ 55
        0x28 6 ║ · · · · · · · · ║ 47
        0x20 5 ║ · · · · · · · · ║ 39
        0x18 4 ║ · · · · · · · · ║ 31
        0x10 3 ║ · · · · · · · ♘ ║ 23
        0x08 2 ║ ♙ ♙ ♙ ♙ ♙ ♙ ♙ ♙ ║ 15
        0x00 1 ║ ♖ ♘ ♗ ♔ ♕ ♗ · ♖ ║ 7
               ╚═════════════════╝
                 A B C D E F G H

        '''
    ]
  }
}