{
  "pawn_move_generation::test_generate_black_pawn_moves":
  {
    file:
    [
      tests
      pawn_move_generation.rs
    ]
    module_path: pawn_move_generation
    test_function: test_generate_black_pawn_moves
    recorded_value:
    [
      
        '''
               +--------+
        0x38 8 |........| 63
        0x30 7 |♟.....♟.| 55
        0x28 6 |♘....♘.♘| 47
        0x20 5 |♘.♟.....| 39
        0x18 4 |...♙♟...| 31
        0x10 3 |........| 23
        0x08 2 |....♟♘..| 15
        0x00 1 |...♘....| 7
               +--------+
                ABCDEFGH

        '''
      
        '''
               +--------+
        0x38 8 |........| 63
        0x30 7 |♟.....♟.| 55
        0x28 6 |♘....♘.♘| 47
        0x20 5 |♘.♟.....| 39
        0x18 4 |...♙♟...| 31
        0x10 3 |........| 23
        0x08 2 |.....♘..| 15
        0x00 1 |...♘♛...| 7
               +--------+
                ABCDEFGH

        '''
      
        '''
               +--------+
        0x38 8 |........| 63
        0x30 7 |♟.....♟.| 55
        0x28 6 |♘....♘.♘| 47
        0x20 5 |♘.♟.....| 39
        0x18 4 |...♙♟...| 31
        0x10 3 |........| 23
        0x08 2 |.....♘..| 15
        0x00 1 |...♛....| 7
               +--------+
                ABCDEFGH

        '''
      
        '''
               +--------+
        0x38 8 |........| 63
        0x30 7 |♟.....♟.| 55
        0x28 6 |♘....♘.♘| 47
        0x20 5 |♘.♟.....| 39
        0x18 4 |........| 31
        0x10 3 |...♟....| 23
        0x08 2 |....♟♘..| 15
        0x00 1 |...♘....| 7
               +--------+
                ABCDEFGH

        '''
      
        '''
               +--------+
        0x38 8 |........| 63
        0x30 7 |♟.....♟.| 55
        0x28 6 |♘....♘.♘| 47
        0x20 5 |♘.♟.....| 39
        0x18 4 |...♙....| 31
        0x10 3 |....♟...| 23
        0x08 2 |....♟♘..| 15
        0x00 1 |...♘....| 7
               +--------+
                ABCDEFGH

        '''
      
        '''
               +--------+
        0x38 8 |........| 63
        0x30 7 |♟.....♟.| 55
        0x28 6 |♘....♘.♘| 47
        0x20 5 |♘.......| 39
        0x18 4 |..♟♙♟...| 31
        0x10 3 |........| 23
        0x08 2 |....♟♘..| 15
        0x00 1 |...♘....| 7
               +--------+
                ABCDEFGH

        '''
      
        '''
               +--------+
        0x38 8 |........| 63
        0x30 7 |♟.....♟.| 55
        0x28 6 |♘....♘.♘| 47
        0x20 5 |♘.......| 39
        0x18 4 |...♟♟...| 31
        0x10 3 |........| 23
        0x08 2 |....♟♘..| 15
        0x00 1 |...♘....| 7
               +--------+
                ABCDEFGH

        '''
      
        '''
               +--------+
        0x38 8 |........| 63
        0x30 7 |♟.......| 55
        0x28 6 |♘....♘.♘| 47
        0x20 5 |♘.♟...♟.| 39
        0x18 4 |...♙♟...| 31
        0x10 3 |........| 23
        0x08 2 |....♟♘..| 15
        0x00 1 |...♘....| 7
               +--------+
                ABCDEFGH

        '''
      
        '''
               +--------+
        0x38 8 |........| 63
        0x30 7 |♟.......| 55
        0x28 6 |♘....♘♟♘| 47
        0x20 5 |♘.♟.....| 39
        0x18 4 |...♙♟...| 31
        0x10 3 |........| 23
        0x08 2 |....♟♘..| 15
        0x00 1 |...♘....| 7
               +--------+
                ABCDEFGH

        '''
      
        '''
               +--------+
        0x38 8 |........| 63
        0x30 7 |♟.......| 55
        0x28 6 |♘....♟.♘| 47
        0x20 5 |♘.♟.....| 39
        0x18 4 |...♙♟...| 31
        0x10 3 |........| 23
        0x08 2 |....♟♘..| 15
        0x00 1 |...♘....| 7
               +--------+
                ABCDEFGH

        '''
      
        '''
               +--------+
        0x38 8 |........| 63
        0x30 7 |♟.......| 55
        0x28 6 |♘....♘.♟| 47
        0x20 5 |♘.♟.....| 39
        0x18 4 |...♙♟...| 31
        0x10 3 |........| 23
        0x08 2 |....♟♘..| 15
        0x00 1 |...♘....| 7
               +--------+
                ABCDEFGH

        '''
    ]
  }
  "pawn_move_generation::test_generate_white_pawn_moves":
  {
    file:
    [
      tests
      pawn_move_generation.rs
    ]
    module_path: pawn_move_generation
    test_function: test_generate_white_pawn_moves
    recorded_value:
    [
      
        '''
               +--------+
        0x38 8 |...♜....| 63
        0x30 7 |..♙.....| 55
        0x28 6 |........| 47
        0x20 5 |....♙♟..| 39
        0x18 4 |.♞.♞....| 31
        0x10 3 |♞.♙....♞| 23
        0x08 2 |.♙...♙.♙| 15
        0x00 1 |........| 7
               +--------+
                ABCDEFGH

        '''
      
        '''
               +--------+
        0x38 8 |...♜....| 63
        0x30 7 |..♙.....| 55
        0x28 6 |........| 47
        0x20 5 |....♙♟..| 39
        0x18 4 |.♞.♞....| 31
        0x10 3 |♞♙♙....♞| 23
        0x08 2 |.....♙.♙| 15
        0x00 1 |........| 7
               +--------+
                ABCDEFGH

        '''
      
        '''
               +--------+
        0x38 8 |...♜....| 63
        0x30 7 |..♙.....| 55
        0x28 6 |........| 47
        0x20 5 |....♙♟..| 39
        0x18 4 |.♞.♞....| 31
        0x10 3 |♙.♙....♞| 23
        0x08 2 |.....♙.♙| 15
        0x00 1 |........| 7
               +--------+
                ABCDEFGH

        '''
      
        '''
               +--------+
        0x38 8 |...♜....| 63
        0x30 7 |..♙.....| 55
        0x28 6 |........| 47
        0x20 5 |....♙♟..| 39
        0x18 4 |.♞.♞....| 31
        0x10 3 |♞.♙..♙.♞| 23
        0x08 2 |.♙.....♙| 15
        0x00 1 |........| 7
               +--------+
                ABCDEFGH

        '''
      
        '''
               +--------+
        0x38 8 |...♜....| 63
        0x30 7 |..♙.....| 55
        0x28 6 |........| 47
        0x20 5 |....♙♟..| 39
        0x18 4 |.♞.♞.♙..| 31
        0x10 3 |♞.♙....♞| 23
        0x08 2 |.♙.....♙| 15
        0x00 1 |........| 7
               +--------+
                ABCDEFGH

        '''
      
        '''
               +--------+
        0x38 8 |...♜....| 63
        0x30 7 |..♙.....| 55
        0x28 6 |........| 47
        0x20 5 |....♙♟..| 39
        0x18 4 |.♞♙♞....| 31
        0x10 3 |♞......♞| 23
        0x08 2 |.♙...♙.♙| 15
        0x00 1 |........| 7
               +--------+
                ABCDEFGH

        '''
      
        '''
               +--------+
        0x38 8 |...♜....| 63
        0x30 7 |..♙.....| 55
        0x28 6 |........| 47
        0x20 5 |....♙♟..| 39
        0x18 4 |.♙.♞....| 31
        0x10 3 |♞......♞| 23
        0x08 2 |.♙...♙.♙| 15
        0x00 1 |........| 7
               +--------+
                ABCDEFGH

        '''
      
        '''
               +--------+
        0x38 8 |...♜....| 63
        0x30 7 |..♙.....| 55
        0x28 6 |........| 47
        0x20 5 |....♙♟..| 39
        0x18 4 |.♞.♙....| 31
        0x10 3 |♞......♞| 23
        0x08 2 |.♙...♙.♙| 15
        0x00 1 |........| 7
               +--------+
                ABCDEFGH

        '''
      
        '''
               +--------+
        0x38 8 |...♜....| 63
        0x30 7 |..♙.....| 55
        0x28 6 |.....♙..| 47
        0x20 5 |........| 39
        0x18 4 |.♞.♞....| 31
        0x10 3 |♞.♙....♞| 23
        0x08 2 |.♙...♙.♙| 15
        0x00 1 |........| 7
               +--------+
                ABCDEFGH

        '''
      
        '''
               +--------+
        0x38 8 |...♜....| 63
        0x30 7 |..♙.....| 55
        0x28 6 |....♙...| 47
        0x20 5 |.....♟..| 39
        0x18 4 |.♞.♞....| 31
        0x10 3 |♞.♙....♞| 23
        0x08 2 |.♙...♙.♙| 15
        0x00 1 |........| 7
               +--------+
                ABCDEFGH

        '''
      
        '''
               +--------+
        0x38 8 |..♕♜....| 63
        0x30 7 |........| 55
        0x28 6 |........| 47
        0x20 5 |....♙♟..| 39
        0x18 4 |.♞.♞....| 31
        0x10 3 |♞.♙....♞| 23
        0x08 2 |.♙...♙.♙| 15
        0x00 1 |........| 7
               +--------+
                ABCDEFGH

        '''
      
        '''
               +--------+
        0x38 8 |...♕....| 63
        0x30 7 |........| 55
        0x28 6 |........| 47
        0x20 5 |....♙♟..| 39
        0x18 4 |.♞.♞....| 31
        0x10 3 |♞.♙....♞| 23
        0x08 2 |.♙...♙.♙| 15
        0x00 1 |........| 7
               +--------+
                ABCDEFGH

        '''
    ]
  }
}