{
  "pawn_move_generation::test_generate_black_pawn_moves":
  {
    file:
    [
      tests
      pawn_move_generation.rs
    ]
    module_path: pawn_move_generation
    test_function: test_generate_black_pawn_moves
    recorded_value:
    [
      
        '''
        PD2D4

               ╔═════════════════╗
        0x38 8 ║ · · · · · · · · ║ 63
        0x30 7 ║ ♟ · · · · · ♟ · ║ 55
        0x28 6 ║ ♘ · · · · ♘ · ♘ ║ 47
        0x20 5 ║ ♘ · ♟ · · · · · ║ 39
        0x18 4 ║ · · · ♙ ♟ · · · ║ 31
        0x10 3 ║ · · · · · · · · ║ 23
        0x08 2 ║ · · · · ♟ ♘ · · ║ 15
        0x00 1 ║ · · · ♘ · · · · ║ 7
               ╚═════════════════╝
                 A B C D E F G H

        '''
      
        '''
        PE2xD1

               ╔═════════════════╗
        0x38 8 ║ · · · · · · · · ║ 63
        0x30 7 ║ ♟ · · · · · ♟ · ║ 55
        0x28 6 ║ ♘ · · · · ♘ · ♘ ║ 47
        0x20 5 ║ ♘ · ♟ · · · · · ║ 39
        0x18 4 ║ · · · ♙ ♟ · · · ║ 31
        0x10 3 ║ · · · · · · · · ║ 23
        0x08 2 ║ · · · · · ♘ · · ║ 15
        0x00 1 ║ · · · ♛ · · · · ║ 7
               ╚═════════════════╝
                 A B C D E F G H

        '''
      
        '''
        PE2E1

               ╔═════════════════╗
        0x38 8 ║ · · · · · · · · ║ 63
        0x30 7 ║ ♟ · · · · · ♟ · ║ 55
        0x28 6 ║ ♘ · · · · ♘ · ♘ ║ 47
        0x20 5 ║ ♘ · ♟ · · · · · ║ 39
        0x18 4 ║ · · · ♙ ♟ · · · ║ 31
        0x10 3 ║ · · · · · · · · ║ 23
        0x08 2 ║ · · · · · ♘ · · ║ 15
        0x00 1 ║ · · · ♘ ♛ · · · ║ 7
               ╚═════════════════╝
                 A B C D E F G H

        '''
      
        '''
        PE4xD3

               ╔═════════════════╗
        0x38 8 ║ · · · · · · · · ║ 63
        0x30 7 ║ ♟ · · · · · ♟ · ║ 55
        0x28 6 ║ ♘ · · · · ♘ · ♘ ║ 47
        0x20 5 ║ ♘ · ♟ · · · · · ║ 39
        0x18 4 ║ · · · · · · · · ║ 31
        0x10 3 ║ · · · ♟ · · · · ║ 23
        0x08 2 ║ · · · · ♟ ♘ · · ║ 15
        0x00 1 ║ · · · ♘ · · · · ║ 7
               ╚═════════════════╝
                 A B C D E F G H

        '''
      
        '''
        PE4E3

               ╔═════════════════╗
        0x38 8 ║ · · · · · · · · ║ 63
        0x30 7 ║ ♟ · · · · · ♟ · ║ 55
        0x28 6 ║ ♘ · · · · ♘ · ♘ ║ 47
        0x20 5 ║ ♘ · ♟ · · · · · ║ 39
        0x18 4 ║ · · · ♙ · · · · ║ 31
        0x10 3 ║ · · · · ♟ · · · ║ 23
        0x08 2 ║ · · · · ♟ ♘ · · ║ 15
        0x00 1 ║ · · · ♘ · · · · ║ 7
               ╚═════════════════╝
                 A B C D E F G H

        '''
      
        '''
        PC5C4

               ╔═════════════════╗
        0x38 8 ║ · · · · · · · · ║ 63
        0x30 7 ║ ♟ · · · · · ♟ · ║ 55
        0x28 6 ║ ♘ · · · · ♘ · ♘ ║ 47
        0x20 5 ║ ♘ · · · · · · · ║ 39
        0x18 4 ║ · · ♟ ♙ ♟ · · · ║ 31
        0x10 3 ║ · · · · · · · · ║ 23
        0x08 2 ║ · · · · ♟ ♘ · · ║ 15
        0x00 1 ║ · · · ♘ · · · · ║ 7
               ╚═════════════════╝
                 A B C D E F G H

        '''
      
        '''
        PC5xD4

               ╔═════════════════╗
        0x38 8 ║ · · · · · · · · ║ 63
        0x30 7 ║ ♟ · · · · · ♟ · ║ 55
        0x28 6 ║ ♘ · · · · ♘ · ♘ ║ 47
        0x20 5 ║ ♘ · · · · · · · ║ 39
        0x18 4 ║ · · · ♟ ♟ · · · ║ 31
        0x10 3 ║ · · · · · · · · ║ 23
        0x08 2 ║ · · · · ♟ ♘ · · ║ 15
        0x00 1 ║ · · · ♘ · · · · ║ 7
               ╚═════════════════╝
                 A B C D E F G H

        '''
      
        '''
        PG7G5

               ╔═════════════════╗
        0x38 8 ║ · · · · · · · · ║ 63
        0x30 7 ║ ♟ · · · · · · · ║ 55
        0x28 6 ║ ♘ · · · · ♘ · ♘ ║ 47
        0x20 5 ║ ♘ · ♟ · · · ♟ · ║ 39
        0x18 4 ║ · · · ♙ ♟ · · · ║ 31
        0x10 3 ║ · · · · · · · · ║ 23
        0x08 2 ║ · · · · ♟ ♘ · · ║ 15
        0x00 1 ║ · · · ♘ · · · · ║ 7
               ╚═════════════════╝
                 A B C D E F G H

        '''
      
        '''
        PG7xF6

               ╔═════════════════╗
        0x38 8 ║ · · · · · · · · ║ 63
        0x30 7 ║ ♟ · · · · · · · ║ 55
        0x28 6 ║ ♘ · · · · ♟ · ♘ ║ 47
        0x20 5 ║ ♘ · ♟ · · · · · ║ 39
        0x18 4 ║ · · · ♙ ♟ · · · ║ 31
        0x10 3 ║ · · · · · · · · ║ 23
        0x08 2 ║ · · · · ♟ ♘ · · ║ 15
        0x00 1 ║ · · · ♘ · · · · ║ 7
               ╚═════════════════╝
                 A B C D E F G H

        '''
      
        '''
        PG7G6

               ╔═════════════════╗
        0x38 8 ║ · · · · · · · · ║ 63
        0x30 7 ║ ♟ · · · · · · · ║ 55
        0x28 6 ║ ♘ · · · · ♘ ♟ ♘ ║ 47
        0x20 5 ║ ♘ · ♟ · · · · · ║ 39
        0x18 4 ║ · · · ♙ ♟ · · · ║ 31
        0x10 3 ║ · · · · · · · · ║ 23
        0x08 2 ║ · · · · ♟ ♘ · · ║ 15
        0x00 1 ║ · · · ♘ · · · · ║ 7
               ╚═════════════════╝
                 A B C D E F G H

        '''
      
        '''
        PG7xH6

               ╔═════════════════╗
        0x38 8 ║ · · · · · · · · ║ 63
        0x30 7 ║ ♟ · · · · · · · ║ 55
        0x28 6 ║ ♘ · · · · ♘ · ♟ ║ 47
        0x20 5 ║ ♘ · ♟ · · · · · ║ 39
        0x18 4 ║ · · · ♙ ♟ · · · ║ 31
        0x10 3 ║ · · · · · · · · ║ 23
        0x08 2 ║ · · · · ♟ ♘ · · ║ 15
        0x00 1 ║ · · · ♘ · · · · ║ 7
               ╚═════════════════╝
                 A B C D E F G H

        '''
    ]
  }
  "pawn_move_generation::test_generate_white_pawn_moves":
  {
    file:
    [
      tests
      pawn_move_generation.rs
    ]
    module_path: pawn_move_generation
    test_function: test_generate_white_pawn_moves
    recorded_value:
    [
      
        '''
        PF7F5

               ╔═════════════════╗
        0x38 8 ║ · · · ♜ · · · · ║ 63
        0x30 7 ║ · · ♙ · · · · · ║ 55
        0x28 6 ║ · · · · · · · · ║ 47
        0x20 5 ║ · · · · ♙ ♟ · · ║ 39
        0x18 4 ║ · ♞ · ♞ · · · · ║ 31
        0x10 3 ║ ♞ · ♙ · · · · ♞ ║ 23
        0x08 2 ║ · ♙ · · · ♙ · ♙ ║ 15
        0x00 1 ║ · · · · · · · · ║ 7
               ╚═════════════════╝
                 A B C D E F G H

        '''
      
        '''
        PB2xA3

               ╔═════════════════╗
        0x38 8 ║ · · · ♜ · · · · ║ 63
        0x30 7 ║ · · ♙ · · · · · ║ 55
        0x28 6 ║ · · · · · · · · ║ 47
        0x20 5 ║ · · · · ♙ ♟ · · ║ 39
        0x18 4 ║ · ♞ · ♞ · · · · ║ 31
        0x10 3 ║ ♙ · ♙ · · · · ♞ ║ 23
        0x08 2 ║ · · · · · ♙ · ♙ ║ 15
        0x00 1 ║ · · · · · · · · ║ 7
               ╚═════════════════╝
                 A B C D E F G H

        '''
      
        '''
        PB2B3

               ╔═════════════════╗
        0x38 8 ║ · · · ♜ · · · · ║ 63
        0x30 7 ║ · · ♙ · · · · · ║ 55
        0x28 6 ║ · · · · · · · · ║ 47
        0x20 5 ║ · · · · ♙ ♟ · · ║ 39
        0x18 4 ║ · ♞ · ♞ · · · · ║ 31
        0x10 3 ║ ♞ ♙ ♙ · · · · ♞ ║ 23
        0x08 2 ║ · · · · · ♙ · ♙ ║ 15
        0x00 1 ║ · · · · · · · · ║ 7
               ╚═════════════════╝
                 A B C D E F G H

        '''
      
        '''
        PF2F3

               ╔═════════════════╗
        0x38 8 ║ · · · ♜ · · · · ║ 63
        0x30 7 ║ · · ♙ · · · · · ║ 55
        0x28 6 ║ · · · · · · · · ║ 47
        0x20 5 ║ · · · · ♙ ♟ · · ║ 39
        0x18 4 ║ · ♞ · ♞ · · · · ║ 31
        0x10 3 ║ ♞ · ♙ · · ♙ · ♞ ║ 23
        0x08 2 ║ · ♙ · · · · · ♙ ║ 15
        0x00 1 ║ · · · · · · · · ║ 7
               ╚═════════════════╝
                 A B C D E F G H

        '''
      
        '''
        PF2F4

               ╔═════════════════╗
        0x38 8 ║ · · · ♜ · · · · ║ 63
        0x30 7 ║ · · ♙ · · · · · ║ 55
        0x28 6 ║ · · · · · · · · ║ 47
        0x20 5 ║ · · · · ♙ ♟ · · ║ 39
        0x18 4 ║ · ♞ · ♞ · ♙ · · ║ 31
        0x10 3 ║ ♞ · ♙ · · · · ♞ ║ 23
        0x08 2 ║ · ♙ · · · · · ♙ ║ 15
        0x00 1 ║ · · · · · · · · ║ 7
               ╚═════════════════╝
                 A B C D E F G H

        '''
      
        '''
        PC3xB4

               ╔═════════════════╗
        0x38 8 ║ · · · ♜ · · · · ║ 63
        0x30 7 ║ · · ♙ · · · · · ║ 55
        0x28 6 ║ · · · · · · · · ║ 47
        0x20 5 ║ · · · · ♙ ♟ · · ║ 39
        0x18 4 ║ · ♙ · ♞ · · · · ║ 31
        0x10 3 ║ ♞ · · · · · · ♞ ║ 23
        0x08 2 ║ · ♙ · · · ♙ · ♙ ║ 15
        0x00 1 ║ · · · · · · · · ║ 7
               ╚═════════════════╝
                 A B C D E F G H

        '''
      
        '''
        PC3C4

               ╔═════════════════╗
        0x38 8 ║ · · · ♜ · · · · ║ 63
        0x30 7 ║ · · ♙ · · · · · ║ 55
        0x28 6 ║ · · · · · · · · ║ 47
        0x20 5 ║ · · · · ♙ ♟ · · ║ 39
        0x18 4 ║ · ♞ ♙ ♞ · · · · ║ 31
        0x10 3 ║ ♞ · · · · · · ♞ ║ 23
        0x08 2 ║ · ♙ · · · ♙ · ♙ ║ 15
        0x00 1 ║ · · · · · · · · ║ 7
               ╚═════════════════╝
                 A B C D E F G H

        '''
      
        '''
        PC3xD4

               ╔═════════════════╗
        0x38 8 ║ · · · ♜ · · · · ║ 63
        0x30 7 ║ · · ♙ · · · · · ║ 55
        0x28 6 ║ · · · · · · · · ║ 47
        0x20 5 ║ · · · · ♙ ♟ · · ║ 39
        0x18 4 ║ · ♞ · ♙ · · · · ║ 31
        0x10 3 ║ ♞ · · · · · · ♞ ║ 23
        0x08 2 ║ · ♙ · · · ♙ · ♙ ║ 15
        0x00 1 ║ · · · · · · · · ║ 7
               ╚═════════════════╝
                 A B C D E F G H

        '''
      
        '''
        PE5xF6

               ╔═════════════════╗
        0x38 8 ║ · · · ♜ · · · · ║ 63
        0x30 7 ║ · · ♙ · · · · · ║ 55
        0x28 6 ║ · · · · · ♙ · · ║ 47
        0x20 5 ║ · · · · · · · · ║ 39
        0x18 4 ║ · ♞ · ♞ · · · · ║ 31
        0x10 3 ║ ♞ · ♙ · · · · ♞ ║ 23
        0x08 2 ║ · ♙ · · · ♙ · ♙ ║ 15
        0x00 1 ║ · · · · · · · · ║ 7
               ╚═════════════════╝
                 A B C D E F G H

        '''
      
        '''
        PE5E6

               ╔═════════════════╗
        0x38 8 ║ · · · ♜ · · · · ║ 63
        0x30 7 ║ · · ♙ · · · · · ║ 55
        0x28 6 ║ · · · · ♙ · · · ║ 47
        0x20 5 ║ · · · · · ♟ · · ║ 39
        0x18 4 ║ · ♞ · ♞ · · · · ║ 31
        0x10 3 ║ ♞ · ♙ · · · · ♞ ║ 23
        0x08 2 ║ · ♙ · · · ♙ · ♙ ║ 15
        0x00 1 ║ · · · · · · · · ║ 7
               ╚═════════════════╝
                 A B C D E F G H

        '''
      
        '''
        PC7C8

               ╔═════════════════╗
        0x38 8 ║ · · ♕ ♜ · · · · ║ 63
        0x30 7 ║ · · · · · · · · ║ 55
        0x28 6 ║ · · · · · · · · ║ 47
        0x20 5 ║ · · · · ♙ ♟ · · ║ 39
        0x18 4 ║ · ♞ · ♞ · · · · ║ 31
        0x10 3 ║ ♞ · ♙ · · · · ♞ ║ 23
        0x08 2 ║ · ♙ · · · ♙ · ♙ ║ 15
        0x00 1 ║ · · · · · · · · ║ 7
               ╚═════════════════╝
                 A B C D E F G H

        '''
      
        '''
        PC7xD8

               ╔═════════════════╗
        0x38 8 ║ · · · ♕ · · · · ║ 63
        0x30 7 ║ · · · · · · · · ║ 55
        0x28 6 ║ · · · · · · · · ║ 47
        0x20 5 ║ · · · · ♙ ♟ · · ║ 39
        0x18 4 ║ · ♞ · ♞ · · · · ║ 31
        0x10 3 ║ ♞ · ♙ · · · · ♞ ║ 23
        0x08 2 ║ · ♙ · · · ♙ · ♙ ║ 15
        0x00 1 ║ · · · · · · · · ║ 7
               ╚═════════════════╝
                 A B C D E F G H

        '''
    ]
  }
}