{
  "rook_move_generation::test_generate_black_rook_moves":
  {
    file:
    [
      tests
      rook_move_generation.rs
    ]
    module_path: rook_move_generation
    test_function: test_generate_black_rook_moves
    recorded_value:
    [
      
        '''
        First Move

               ╔═════════════════╗
        0x38 8 ║ ♜ · · · ♘ · · · ║ 63
        0x30 7 ║ · · · · · · · · ║ 55
        0x28 6 ║ · · · · · ♜ · · ║ 47
        0x20 5 ║ · · · · · · · · ║ 39
        0x18 4 ║ · · ♜ · · · · ♘ ║ 31
        0x10 3 ║ · · · · · · · · ║ 23
        0x08 2 ║ · · · · ♜ · · · ║ 15
        0x00 1 ║ · · · · ♘ · ♜ ♜ ║ 7
               ╚═════════════════╝
                 A B C D E F G H

        '''
      
        '''
        RG1xE1

               ╔═════════════════╗
        0x38 8 ║ ♜ · · · ♘ · · · ║ 63
        0x30 7 ║ · · · · · · · · ║ 55
        0x28 6 ║ · · · · · ♜ · · ║ 47
        0x20 5 ║ · · · · · · · · ║ 39
        0x18 4 ║ · · ♜ · · · · ♘ ║ 31
        0x10 3 ║ · · · · · · · · ║ 23
        0x08 2 ║ · · · · ♜ · · · ║ 15
        0x00 1 ║ · · · · ♜ · · ♜ ║ 7
               ╚═════════════════╝
                 A B C D E F G H

        '''
      
        '''
        RG1F1

               ╔═════════════════╗
        0x38 8 ║ ♜ · · · ♘ · · · ║ 63
        0x30 7 ║ · · · · · · · · ║ 55
        0x28 6 ║ · · · · · ♜ · · ║ 47
        0x20 5 ║ · · · · · · · · ║ 39
        0x18 4 ║ · · ♜ · · · · ♘ ║ 31
        0x10 3 ║ · · · · · · · · ║ 23
        0x08 2 ║ · · · · ♜ · · · ║ 15
        0x00 1 ║ · · · · ♘ ♜ · ♜ ║ 7
               ╚═════════════════╝
                 A B C D E F G H

        '''
      
        '''
        RG1G2

               ╔═════════════════╗
        0x38 8 ║ ♜ · · · ♘ · · · ║ 63
        0x30 7 ║ · · · · · · · · ║ 55
        0x28 6 ║ · · · · · ♜ · · ║ 47
        0x20 5 ║ · · · · · · · · ║ 39
        0x18 4 ║ · · ♜ · · · · ♘ ║ 31
        0x10 3 ║ · · · · · · · · ║ 23
        0x08 2 ║ · · · · ♜ · ♜ · ║ 15
        0x00 1 ║ · · · · ♘ · · ♜ ║ 7
               ╚═════════════════╝
                 A B C D E F G H

        '''
      
        '''
        RG1G3

               ╔═════════════════╗
        0x38 8 ║ ♜ · · · ♘ · · · ║ 63
        0x30 7 ║ · · · · · · · · ║ 55
        0x28 6 ║ · · · · · ♜ · · ║ 47
        0x20 5 ║ · · · · · · · · ║ 39
        0x18 4 ║ · · ♜ · · · · ♘ ║ 31
        0x10 3 ║ · · · · · · ♜ · ║ 23
        0x08 2 ║ · · · · ♜ · · · ║ 15
        0x00 1 ║ · · · · ♘ · · ♜ ║ 7
               ╚═════════════════╝
                 A B C D E F G H

        '''
      
        '''
        RG1G4

               ╔═════════════════╗
        0x38 8 ║ ♜ · · · ♘ · · · ║ 63
        0x30 7 ║ · · · · · · · · ║ 55
        0x28 6 ║ · · · · · ♜ · · ║ 47
        0x20 5 ║ · · · · · · · · ║ 39
        0x18 4 ║ · · ♜ · · · ♜ ♘ ║ 31
        0x10 3 ║ · · · · · · · · ║ 23
        0x08 2 ║ · · · · ♜ · · · ║ 15
        0x00 1 ║ · · · · ♘ · · ♜ ║ 7
               ╚═════════════════╝
                 A B C D E F G H

        '''
      
        '''
        RG1G5

               ╔═════════════════╗
        0x38 8 ║ ♜ · · · ♘ · · · ║ 63
        0x30 7 ║ · · · · · · · · ║ 55
        0x28 6 ║ · · · · · ♜ · · ║ 47
        0x20 5 ║ · · · · · · ♜ · ║ 39
        0x18 4 ║ · · ♜ · · · · ♘ ║ 31
        0x10 3 ║ · · · · · · · · ║ 23
        0x08 2 ║ · · · · ♜ · · · ║ 15
        0x00 1 ║ · · · · ♘ · · ♜ ║ 7
               ╚═════════════════╝
                 A B C D E F G H

        '''
      
        '''
        RG1G6

               ╔═════════════════╗
        0x38 8 ║ ♜ · · · ♘ · · · ║ 63
        0x30 7 ║ · · · · · · · · ║ 55
        0x28 6 ║ · · · · · ♜ ♜ · ║ 47
        0x20 5 ║ · · · · · · · · ║ 39
        0x18 4 ║ · · ♜ · · · · ♘ ║ 31
        0x10 3 ║ · · · · · · · · ║ 23
        0x08 2 ║ · · · · ♜ · · · ║ 15
        0x00 1 ║ · · · · ♘ · · ♜ ║ 7
               ╚═════════════════╝
                 A B C D E F G H

        '''
      
        '''
        RG1G7

               ╔═════════════════╗
        0x38 8 ║ ♜ · · · ♘ · · · ║ 63
        0x30 7 ║ · · · · · · ♜ · ║ 55
        0x28 6 ║ · · · · · ♜ · · ║ 47
        0x20 5 ║ · · · · · · · · ║ 39
        0x18 4 ║ · · ♜ · · · · ♘ ║ 31
        0x10 3 ║ · · · · · · · · ║ 23
        0x08 2 ║ · · · · ♜ · · · ║ 15
        0x00 1 ║ · · · · ♘ · · ♜ ║ 7
               ╚═════════════════╝
                 A B C D E F G H

        '''
      
        '''
        RG1G8

               ╔═════════════════╗
        0x38 8 ║ ♜ · · · ♘ · ♜ · ║ 63
        0x30 7 ║ · · · · · · · · ║ 55
        0x28 6 ║ · · · · · ♜ · · ║ 47
        0x20 5 ║ · · · · · · · · ║ 39
        0x18 4 ║ · · ♜ · · · · ♘ ║ 31
        0x10 3 ║ · · · · · · · · ║ 23
        0x08 2 ║ · · · · ♜ · · · ║ 15
        0x00 1 ║ · · · · ♘ · · ♜ ║ 7
               ╚═════════════════╝
                 A B C D E F G H

        '''
      
        '''
        RH1H2

               ╔═════════════════╗
        0x38 8 ║ ♜ · · · ♘ · · · ║ 63
        0x30 7 ║ · · · · · · · · ║ 55
        0x28 6 ║ · · · · · ♜ · · ║ 47
        0x20 5 ║ · · · · · · · · ║ 39
        0x18 4 ║ · · ♜ · · · · ♘ ║ 31
        0x10 3 ║ · · · · · · · · ║ 23
        0x08 2 ║ · · · · ♜ · · ♜ ║ 15
        0x00 1 ║ · · · · ♘ · ♜ · ║ 7
               ╚═════════════════╝
                 A B C D E F G H

        '''
      
        '''
        RH1H3

               ╔═════════════════╗
        0x38 8 ║ ♜ · · · ♘ · · · ║ 63
        0x30 7 ║ · · · · · · · · ║ 55
        0x28 6 ║ · · · · · ♜ · · ║ 47
        0x20 5 ║ · · · · · · · · ║ 39
        0x18 4 ║ · · ♜ · · · · ♘ ║ 31
        0x10 3 ║ · · · · · · · ♜ ║ 23
        0x08 2 ║ · · · · ♜ · · · ║ 15
        0x00 1 ║ · · · · ♘ · ♜ · ║ 7
               ╚═════════════════╝
                 A B C D E F G H

        '''
      
        '''
        RH1xH4

               ╔═════════════════╗
        0x38 8 ║ ♜ · · · ♘ · · · ║ 63
        0x30 7 ║ · · · · · · · · ║ 55
        0x28 6 ║ · · · · · ♜ · · ║ 47
        0x20 5 ║ · · · · · · · · ║ 39
        0x18 4 ║ · · ♜ · · · · ♜ ║ 31
        0x10 3 ║ · · · · · · · · ║ 23
        0x08 2 ║ · · · · ♜ · · · ║ 15
        0x00 1 ║ · · · · ♘ · ♜ · ║ 7
               ╚═════════════════╝
                 A B C D E F G H

        '''
      
        '''
        RE2xE1

               ╔═════════════════╗
        0x38 8 ║ ♜ · · · ♘ · · · ║ 63
        0x30 7 ║ · · · · · · · · ║ 55
        0x28 6 ║ · · · · · ♜ · · ║ 47
        0x20 5 ║ · · · · · · · · ║ 39
        0x18 4 ║ · · ♜ · · · · ♘ ║ 31
        0x10 3 ║ · · · · · · · · ║ 23
        0x08 2 ║ · · · · · · · · ║ 15
        0x00 1 ║ · · · · ♜ · ♜ ♜ ║ 7
               ╚═════════════════╝
                 A B C D E F G H

        '''
      
        '''
        RE2A2

               ╔═════════════════╗
        0x38 8 ║ ♜ · · · ♘ · · · ║ 63
        0x30 7 ║ · · · · · · · · ║ 55
        0x28 6 ║ · · · · · ♜ · · ║ 47
        0x20 5 ║ · · · · · · · · ║ 39
        0x18 4 ║ · · ♜ · · · · ♘ ║ 31
        0x10 3 ║ · · · · · · · · ║ 23
        0x08 2 ║ ♜ · · · · · · · ║ 15
        0x00 1 ║ · · · · ♘ · ♜ ♜ ║ 7
               ╚═════════════════╝
                 A B C D E F G H

        '''
      
        '''
        RE2B2

               ╔═════════════════╗
        0x38 8 ║ ♜ · · · ♘ · · · ║ 63
        0x30 7 ║ · · · · · · · · ║ 55
        0x28 6 ║ · · · · · ♜ · · ║ 47
        0x20 5 ║ · · · · · · · · ║ 39
        0x18 4 ║ · · ♜ · · · · ♘ ║ 31
        0x10 3 ║ · · · · · · · · ║ 23
        0x08 2 ║ · ♜ · · · · · · ║ 15
        0x00 1 ║ · · · · ♘ · ♜ ♜ ║ 7
               ╚═════════════════╝
                 A B C D E F G H

        '''
      
        '''
        RE2C2

               ╔═════════════════╗
        0x38 8 ║ ♜ · · · ♘ · · · ║ 63
        0x30 7 ║ · · · · · · · · ║ 55
        0x28 6 ║ · · · · · ♜ · · ║ 47
        0x20 5 ║ · · · · · · · · ║ 39
        0x18 4 ║ · · ♜ · · · · ♘ ║ 31
        0x10 3 ║ · · · · · · · · ║ 23
        0x08 2 ║ · · ♜ · · · · · ║ 15
        0x00 1 ║ · · · · ♘ · ♜ ♜ ║ 7
               ╚═════════════════╝
                 A B C D E F G H

        '''
      
        '''
        RE2D2

               ╔═════════════════╗
        0x38 8 ║ ♜ · · · ♘ · · · ║ 63
        0x30 7 ║ · · · · · · · · ║ 55
        0x28 6 ║ · · · · · ♜ · · ║ 47
        0x20 5 ║ · · · · · · · · ║ 39
        0x18 4 ║ · · ♜ · · · · ♘ ║ 31
        0x10 3 ║ · · · · · · · · ║ 23
        0x08 2 ║ · · · ♜ · · · · ║ 15
        0x00 1 ║ · · · · ♘ · ♜ ♜ ║ 7
               ╚═════════════════╝
                 A B C D E F G H

        '''
      
        '''
        RE2F2

               ╔═════════════════╗
        0x38 8 ║ ♜ · · · ♘ · · · ║ 63
        0x30 7 ║ · · · · · · · · ║ 55
        0x28 6 ║ · · · · · ♜ · · ║ 47
        0x20 5 ║ · · · · · · · · ║ 39
        0x18 4 ║ · · ♜ · · · · ♘ ║ 31
        0x10 3 ║ · · · · · · · · ║ 23
        0x08 2 ║ · · · · · ♜ · · ║ 15
        0x00 1 ║ · · · · ♘ · ♜ ♜ ║ 7
               ╚═════════════════╝
                 A B C D E F G H

        '''
      
        '''
        RE2G2

               ╔═════════════════╗
        0x38 8 ║ ♜ · · · ♘ · · · ║ 63
        0x30 7 ║ · · · · · · · · ║ 55
        0x28 6 ║ · · · · · ♜ · · ║ 47
        0x20 5 ║ · · · · · · · · ║ 39
        0x18 4 ║ · · ♜ · · · · ♘ ║ 31
        0x10 3 ║ · · · · · · · · ║ 23
        0x08 2 ║ · · · · · · ♜ · ║ 15
        0x00 1 ║ · · · · ♘ · ♜ ♜ ║ 7
               ╚═════════════════╝
                 A B C D E F G H

        '''
      
        '''
        RE2H2

               ╔═════════════════╗
        0x38 8 ║ ♜ · · · ♘ · · · ║ 63
        0x30 7 ║ · · · · · · · · ║ 55
        0x28 6 ║ · · · · · ♜ · · ║ 47
        0x20 5 ║ · · · · · · · · ║ 39
        0x18 4 ║ · · ♜ · · · · ♘ ║ 31
        0x10 3 ║ · · · · · · · · ║ 23
        0x08 2 ║ · · · · · · · ♜ ║ 15
        0x00 1 ║ · · · · ♘ · ♜ ♜ ║ 7
               ╚═════════════════╝
                 A B C D E F G H

        '''
      
        '''
        RE2E3

               ╔═════════════════╗
        0x38 8 ║ ♜ · · · ♘ · · · ║ 63
        0x30 7 ║ · · · · · · · · ║ 55
        0x28 6 ║ · · · · · ♜ · · ║ 47
        0x20 5 ║ · · · · · · · · ║ 39
        0x18 4 ║ · · ♜ · · · · ♘ ║ 31
        0x10 3 ║ · · · · ♜ · · · ║ 23
        0x08 2 ║ · · · · · · · · ║ 15
        0x00 1 ║ · · · · ♘ · ♜ ♜ ║ 7
               ╚═════════════════╝
                 A B C D E F G H

        '''
      
        '''
        RE2E4

               ╔═════════════════╗
        0x38 8 ║ ♜ · · · ♘ · · · ║ 63
        0x30 7 ║ · · · · · · · · ║ 55
        0x28 6 ║ · · · · · ♜ · · ║ 47
        0x20 5 ║ · · · · · · · · ║ 39
        0x18 4 ║ · · ♜ · ♜ · · ♘ ║ 31
        0x10 3 ║ · · · · · · · · ║ 23
        0x08 2 ║ · · · · · · · · ║ 15
        0x00 1 ║ · · · · ♘ · ♜ ♜ ║ 7
               ╚═════════════════╝
                 A B C D E F G H

        '''
      
        '''
        RE2E5

               ╔═════════════════╗
        0x38 8 ║ ♜ · · · ♘ · · · ║ 63
        0x30 7 ║ · · · · · · · · ║ 55
        0x28 6 ║ · · · · · ♜ · · ║ 47
        0x20 5 ║ · · · · ♜ · · · ║ 39
        0x18 4 ║ · · ♜ · · · · ♘ ║ 31
        0x10 3 ║ · · · · · · · · ║ 23
        0x08 2 ║ · · · · · · · · ║ 15
        0x00 1 ║ · · · · ♘ · ♜ ♜ ║ 7
               ╚═════════════════╝
                 A B C D E F G H

        '''
      
        '''
        RE2E6

               ╔═════════════════╗
        0x38 8 ║ ♜ · · · ♘ · · · ║ 63
        0x30 7 ║ · · · · · · · · ║ 55
        0x28 6 ║ · · · · ♜ ♜ · · ║ 47
        0x20 5 ║ · · · · · · · · ║ 39
        0x18 4 ║ · · ♜ · · · · ♘ ║ 31
        0x10 3 ║ · · · · · · · · ║ 23
        0x08 2 ║ · · · · · · · · ║ 15
        0x00 1 ║ · · · · ♘ · ♜ ♜ ║ 7
               ╚═════════════════╝
                 A B C D E F G H

        '''
      
        '''
        RE2E7

               ╔═════════════════╗
        0x38 8 ║ ♜ · · · ♘ · · · ║ 63
        0x30 7 ║ · · · · ♜ · · · ║ 55
        0x28 6 ║ · · · · · ♜ · · ║ 47
        0x20 5 ║ · · · · · · · · ║ 39
        0x18 4 ║ · · ♜ · · · · ♘ ║ 31
        0x10 3 ║ · · · · · · · · ║ 23
        0x08 2 ║ · · · · · · · · ║ 15
        0x00 1 ║ · · · · ♘ · ♜ ♜ ║ 7
               ╚═════════════════╝
                 A B C D E F G H

        '''
      
        '''
        RE2xE8

               ╔═════════════════╗
        0x38 8 ║ ♜ · · · ♜ · · · ║ 63
        0x30 7 ║ · · · · · · · · ║ 55
        0x28 6 ║ · · · · · ♜ · · ║ 47
        0x20 5 ║ · · · · · · · · ║ 39
        0x18 4 ║ · · ♜ · · · · ♘ ║ 31
        0x10 3 ║ · · · · · · · · ║ 23
        0x08 2 ║ · · · · · · · · ║ 15
        0x00 1 ║ · · · · ♘ · ♜ ♜ ║ 7
               ╚═════════════════╝
                 A B C D E F G H

        '''
      
        '''
        RC4C1

               ╔═════════════════╗
        0x38 8 ║ ♜ · · · ♘ · · · ║ 63
        0x30 7 ║ · · · · · · · · ║ 55
        0x28 6 ║ · · · · · ♜ · · ║ 47
        0x20 5 ║ · · · · · · · · ║ 39
        0x18 4 ║ · · · · · · · ♘ ║ 31
        0x10 3 ║ · · · · · · · · ║ 23
        0x08 2 ║ · · · · ♜ · · · ║ 15
        0x00 1 ║ · · ♜ · ♘ · ♜ ♜ ║ 7
               ╚═════════════════╝
                 A B C D E F G H

        '''
      
        '''
        RC4C2

               ╔═════════════════╗
        0x38 8 ║ ♜ · · · ♘ · · · ║ 63
        0x30 7 ║ · · · · · · · · ║ 55
        0x28 6 ║ · · · · · ♜ · · ║ 47
        0x20 5 ║ · · · · · · · · ║ 39
        0x18 4 ║ · · · · · · · ♘ ║ 31
        0x10 3 ║ · · · · · · · · ║ 23
        0x08 2 ║ · · ♜ · ♜ · · · ║ 15
        0x00 1 ║ · · · · ♘ · ♜ ♜ ║ 7
               ╚═════════════════╝
                 A B C D E F G H

        '''
      
        '''
        RC4C3

               ╔═════════════════╗
        0x38 8 ║ ♜ · · · ♘ · · · ║ 63
        0x30 7 ║ · · · · · · · · ║ 55
        0x28 6 ║ · · · · · ♜ · · ║ 47
        0x20 5 ║ · · · · · · · · ║ 39
        0x18 4 ║ · · · · · · · ♘ ║ 31
        0x10 3 ║ · · ♜ · · · · · ║ 23
        0x08 2 ║ · · · · ♜ · · · ║ 15
        0x00 1 ║ · · · · ♘ · ♜ ♜ ║ 7
               ╚═════════════════╝
                 A B C D E F G H

        '''
      
        '''
        RC4A4

               ╔═════════════════╗
        0x38 8 ║ ♜ · · · ♘ · · · ║ 63
        0x30 7 ║ · · · · · · · · ║ 55
        0x28 6 ║ · · · · · ♜ · · ║ 47
        0x20 5 ║ · · · · · · · · ║ 39
        0x18 4 ║ ♜ · · · · · · ♘ ║ 31
        0x10 3 ║ · · · · · · · · ║ 23
        0x08 2 ║ · · · · ♜ · · · ║ 15
        0x00 1 ║ · · · · ♘ · ♜ ♜ ║ 7
               ╚═════════════════╝
                 A B C D E F G H

        '''
      
        '''
        RC4B4

               ╔═════════════════╗
        0x38 8 ║ ♜ · · · ♘ · · · ║ 63
        0x30 7 ║ · · · · · · · · ║ 55
        0x28 6 ║ · · · · · ♜ · · ║ 47
        0x20 5 ║ · · · · · · · · ║ 39
        0x18 4 ║ · ♜ · · · · · ♘ ║ 31
        0x10 3 ║ · · · · · · · · ║ 23
        0x08 2 ║ · · · · ♜ · · · ║ 15
        0x00 1 ║ · · · · ♘ · ♜ ♜ ║ 7
               ╚═════════════════╝
                 A B C D E F G H

        '''
      
        '''
        RC4D4

               ╔═════════════════╗
        0x38 8 ║ ♜ · · · ♘ · · · ║ 63
        0x30 7 ║ · · · · · · · · ║ 55
        0x28 6 ║ · · · · · ♜ · · ║ 47
        0x20 5 ║ · · · · · · · · ║ 39
        0x18 4 ║ · · · ♜ · · · ♘ ║ 31
        0x10 3 ║ · · · · · · · · ║ 23
        0x08 2 ║ · · · · ♜ · · · ║ 15
        0x00 1 ║ · · · · ♘ · ♜ ♜ ║ 7
               ╚═════════════════╝
                 A B C D E F G H

        '''
      
        '''
        RC4E4

               ╔═════════════════╗
        0x38 8 ║ ♜ · · · ♘ · · · ║ 63
        0x30 7 ║ · · · · · · · · ║ 55
        0x28 6 ║ · · · · · ♜ · · ║ 47
        0x20 5 ║ · · · · · · · · ║ 39
        0x18 4 ║ · · · · ♜ · · ♘ ║ 31
        0x10 3 ║ · · · · · · · · ║ 23
        0x08 2 ║ · · · · ♜ · · · ║ 15
        0x00 1 ║ · · · · ♘ · ♜ ♜ ║ 7
               ╚═════════════════╝
                 A B C D E F G H

        '''
      
        '''
        RC4F4

               ╔═════════════════╗
        0x38 8 ║ ♜ · · · ♘ · · · ║ 63
        0x30 7 ║ · · · · · · · · ║ 55
        0x28 6 ║ · · · · · ♜ · · ║ 47
        0x20 5 ║ · · · · · · · · ║ 39
        0x18 4 ║ · · · · · ♜ · ♘ ║ 31
        0x10 3 ║ · · · · · · · · ║ 23
        0x08 2 ║ · · · · ♜ · · · ║ 15
        0x00 1 ║ · · · · ♘ · ♜ ♜ ║ 7
               ╚═════════════════╝
                 A B C D E F G H

        '''
      
        '''
        RC4G4

               ╔═════════════════╗
        0x38 8 ║ ♜ · · · ♘ · · · ║ 63
        0x30 7 ║ · · · · · · · · ║ 55
        0x28 6 ║ · · · · · ♜ · · ║ 47
        0x20 5 ║ · · · · · · · · ║ 39
        0x18 4 ║ · · · · · · ♜ ♘ ║ 31
        0x10 3 ║ · · · · · · · · ║ 23
        0x08 2 ║ · · · · ♜ · · · ║ 15
        0x00 1 ║ · · · · ♘ · ♜ ♜ ║ 7
               ╚═════════════════╝
                 A B C D E F G H

        '''
      
        '''
        RC4xH4

               ╔═════════════════╗
        0x38 8 ║ ♜ · · · ♘ · · · ║ 63
        0x30 7 ║ · · · · · · · · ║ 55
        0x28 6 ║ · · · · · ♜ · · ║ 47
        0x20 5 ║ · · · · · · · · ║ 39
        0x18 4 ║ · · · · · · · ♜ ║ 31
        0x10 3 ║ · · · · · · · · ║ 23
        0x08 2 ║ · · · · ♜ · · · ║ 15
        0x00 1 ║ · · · · ♘ · ♜ ♜ ║ 7
               ╚═════════════════╝
                 A B C D E F G H

        '''
      
        '''
        RC4C5

               ╔═════════════════╗
        0x38 8 ║ ♜ · · · ♘ · · · ║ 63
        0x30 7 ║ · · · · · · · · ║ 55
        0x28 6 ║ · · · · · ♜ · · ║ 47
        0x20 5 ║ · · ♜ · · · · · ║ 39
        0x18 4 ║ · · · · · · · ♘ ║ 31
        0x10 3 ║ · · · · · · · · ║ 23
        0x08 2 ║ · · · · ♜ · · · ║ 15
        0x00 1 ║ · · · · ♘ · ♜ ♜ ║ 7
               ╚═════════════════╝
                 A B C D E F G H

        '''
      
        '''
        RC4C6

               ╔═════════════════╗
        0x38 8 ║ ♜ · · · ♘ · · · ║ 63
        0x30 7 ║ · · · · · · · · ║ 55
        0x28 6 ║ · · ♜ · · ♜ · · ║ 47
        0x20 5 ║ · · · · · · · · ║ 39
        0x18 4 ║ · · · · · · · ♘ ║ 31
        0x10 3 ║ · · · · · · · · ║ 23
        0x08 2 ║ · · · · ♜ · · · ║ 15
        0x00 1 ║ · · · · ♘ · ♜ ♜ ║ 7
               ╚═════════════════╝
                 A B C D E F G H

        '''
      
        '''
        RC4C7

               ╔═════════════════╗
        0x38 8 ║ ♜ · · · ♘ · · · ║ 63
        0x30 7 ║ · · ♜ · · · · · ║ 55
        0x28 6 ║ · · · · · ♜ · · ║ 47
        0x20 5 ║ · · · · · · · · ║ 39
        0x18 4 ║ · · · · · · · ♘ ║ 31
        0x10 3 ║ · · · · · · · · ║ 23
        0x08 2 ║ · · · · ♜ · · · ║ 15
        0x00 1 ║ · · · · ♘ · ♜ ♜ ║ 7
               ╚═════════════════╝
                 A B C D E F G H

        '''
      
        '''
        RC4C8

               ╔═════════════════╗
        0x38 8 ║ ♜ · ♜ · ♘ · · · ║ 63
        0x30 7 ║ · · · · · · · · ║ 55
        0x28 6 ║ · · · · · ♜ · · ║ 47
        0x20 5 ║ · · · · · · · · ║ 39
        0x18 4 ║ · · · · · · · ♘ ║ 31
        0x10 3 ║ · · · · · · · · ║ 23
        0x08 2 ║ · · · · ♜ · · · ║ 15
        0x00 1 ║ · · · · ♘ · ♜ ♜ ║ 7
               ╚═════════════════╝
                 A B C D E F G H

        '''
      
        '''
        RF6F1

               ╔═════════════════╗
        0x38 8 ║ ♜ · · · ♘ · · · ║ 63
        0x30 7 ║ · · · · · · · · ║ 55
        0x28 6 ║ · · · · · · · · ║ 47
        0x20 5 ║ · · · · · · · · ║ 39
        0x18 4 ║ · · ♜ · · · · ♘ ║ 31
        0x10 3 ║ · · · · · · · · ║ 23
        0x08 2 ║ · · · · ♜ · · · ║ 15
        0x00 1 ║ · · · · ♘ ♜ ♜ ♜ ║ 7
               ╚═════════════════╝
                 A B C D E F G H

        '''
      
        '''
        RF6F2

               ╔═════════════════╗
        0x38 8 ║ ♜ · · · ♘ · · · ║ 63
        0x30 7 ║ · · · · · · · · ║ 55
        0x28 6 ║ · · · · · · · · ║ 47
        0x20 5 ║ · · · · · · · · ║ 39
        0x18 4 ║ · · ♜ · · · · ♘ ║ 31
        0x10 3 ║ · · · · · · · · ║ 23
        0x08 2 ║ · · · · ♜ ♜ · · ║ 15
        0x00 1 ║ · · · · ♘ · ♜ ♜ ║ 7
               ╚═════════════════╝
                 A B C D E F G H

        '''
      
        '''
        RF6F3

               ╔═════════════════╗
        0x38 8 ║ ♜ · · · ♘ · · · ║ 63
        0x30 7 ║ · · · · · · · · ║ 55
        0x28 6 ║ · · · · · · · · ║ 47
        0x20 5 ║ · · · · · · · · ║ 39
        0x18 4 ║ · · ♜ · · · · ♘ ║ 31
        0x10 3 ║ · · · · · ♜ · · ║ 23
        0x08 2 ║ · · · · ♜ · · · ║ 15
        0x00 1 ║ · · · · ♘ · ♜ ♜ ║ 7
               ╚═════════════════╝
                 A B C D E F G H

        '''
      
        '''
        RF6F4

               ╔═════════════════╗
        0x38 8 ║ ♜ · · · ♘ · · · ║ 63
        0x30 7 ║ · · · · · · · · ║ 55
        0x28 6 ║ · · · · · · · · ║ 47
        0x20 5 ║ · · · · · · · · ║ 39
        0x18 4 ║ · · ♜ · · ♜ · ♘ ║ 31
        0x10 3 ║ · · · · · · · · ║ 23
        0x08 2 ║ · · · · ♜ · · · ║ 15
        0x00 1 ║ · · · · ♘ · ♜ ♜ ║ 7
               ╚═════════════════╝
                 A B C D E F G H

        '''
      
        '''
        RF6F5

               ╔═════════════════╗
        0x38 8 ║ ♜ · · · ♘ · · · ║ 63
        0x30 7 ║ · · · · · · · · ║ 55
        0x28 6 ║ · · · · · · · · ║ 47
        0x20 5 ║ · · · · · ♜ · · ║ 39
        0x18 4 ║ · · ♜ · · · · ♘ ║ 31
        0x10 3 ║ · · · · · · · · ║ 23
        0x08 2 ║ · · · · ♜ · · · ║ 15
        0x00 1 ║ · · · · ♘ · ♜ ♜ ║ 7
               ╚═════════════════╝
                 A B C D E F G H

        '''
      
        '''
        RF6A6

               ╔═════════════════╗
        0x38 8 ║ ♜ · · · ♘ · · · ║ 63
        0x30 7 ║ · · · · · · · · ║ 55
        0x28 6 ║ ♜ · · · · · · · ║ 47
        0x20 5 ║ · · · · · · · · ║ 39
        0x18 4 ║ · · ♜ · · · · ♘ ║ 31
        0x10 3 ║ · · · · · · · · ║ 23
        0x08 2 ║ · · · · ♜ · · · ║ 15
        0x00 1 ║ · · · · ♘ · ♜ ♜ ║ 7
               ╚═════════════════╝
                 A B C D E F G H

        '''
      
        '''
        RF6B6

               ╔═════════════════╗
        0x38 8 ║ ♜ · · · ♘ · · · ║ 63
        0x30 7 ║ · · · · · · · · ║ 55
        0x28 6 ║ · ♜ · · · · · · ║ 47
        0x20 5 ║ · · · · · · · · ║ 39
        0x18 4 ║ · · ♜ · · · · ♘ ║ 31
        0x10 3 ║ · · · · · · · · ║ 23
        0x08 2 ║ · · · · ♜ · · · ║ 15
        0x00 1 ║ · · · · ♘ · ♜ ♜ ║ 7
               ╚═════════════════╝
                 A B C D E F G H

        '''
      
        '''
        RF6C6

               ╔═════════════════╗
        0x38 8 ║ ♜ · · · ♘ · · · ║ 63
        0x30 7 ║ · · · · · · · · ║ 55
        0x28 6 ║ · · ♜ · · · · · ║ 47
        0x20 5 ║ · · · · · · · · ║ 39
        0x18 4 ║ · · ♜ · · · · ♘ ║ 31
        0x10 3 ║ · · · · · · · · ║ 23
        0x08 2 ║ · · · · ♜ · · · ║ 15
        0x00 1 ║ · · · · ♘ · ♜ ♜ ║ 7
               ╚═════════════════╝
                 A B C D E F G H

        '''
      
        '''
        RF6D6

               ╔═════════════════╗
        0x38 8 ║ ♜ · · · ♘ · · · ║ 63
        0x30 7 ║ · · · · · · · · ║ 55
        0x28 6 ║ · · · ♜ · · · · ║ 47
        0x20 5 ║ · · · · · · · · ║ 39
        0x18 4 ║ · · ♜ · · · · ♘ ║ 31
        0x10 3 ║ · · · · · · · · ║ 23
        0x08 2 ║ · · · · ♜ · · · ║ 15
        0x00 1 ║ · · · · ♘ · ♜ ♜ ║ 7
               ╚═════════════════╝
                 A B C D E F G H

        '''
      
        '''
        RF6E6

               ╔═════════════════╗
        0x38 8 ║ ♜ · · · ♘ · · · ║ 63
        0x30 7 ║ · · · · · · · · ║ 55
        0x28 6 ║ · · · · ♜ · · · ║ 47
        0x20 5 ║ · · · · · · · · ║ 39
        0x18 4 ║ · · ♜ · · · · ♘ ║ 31
        0x10 3 ║ · · · · · · · · ║ 23
        0x08 2 ║ · · · · ♜ · · · ║ 15
        0x00 1 ║ · · · · ♘ · ♜ ♜ ║ 7
               ╚═════════════════╝
                 A B C D E F G H

        '''
      
        '''
        RF6G6

               ╔═════════════════╗
        0x38 8 ║ ♜ · · · ♘ · · · ║ 63
        0x30 7 ║ · · · · · · · · ║ 55
        0x28 6 ║ · · · · · · ♜ · ║ 47
        0x20 5 ║ · · · · · · · · ║ 39
        0x18 4 ║ · · ♜ · · · · ♘ ║ 31
        0x10 3 ║ · · · · · · · · ║ 23
        0x08 2 ║ · · · · ♜ · · · ║ 15
        0x00 1 ║ · · · · ♘ · ♜ ♜ ║ 7
               ╚═════════════════╝
                 A B C D E F G H

        '''
      
        '''
        RF6H6

               ╔═════════════════╗
        0x38 8 ║ ♜ · · · ♘ · · · ║ 63
        0x30 7 ║ · · · · · · · · ║ 55
        0x28 6 ║ · · · · · · · ♜ ║ 47
        0x20 5 ║ · · · · · · · · ║ 39
        0x18 4 ║ · · ♜ · · · · ♘ ║ 31
        0x10 3 ║ · · · · · · · · ║ 23
        0x08 2 ║ · · · · ♜ · · · ║ 15
        0x00 1 ║ · · · · ♘ · ♜ ♜ ║ 7
               ╚═════════════════╝
                 A B C D E F G H

        '''
      
        '''
        RF6F7

               ╔═════════════════╗
        0x38 8 ║ ♜ · · · ♘ · · · ║ 63
        0x30 7 ║ · · · · · ♜ · · ║ 55
        0x28 6 ║ · · · · · · · · ║ 47
        0x20 5 ║ · · · · · · · · ║ 39
        0x18 4 ║ · · ♜ · · · · ♘ ║ 31
        0x10 3 ║ · · · · · · · · ║ 23
        0x08 2 ║ · · · · ♜ · · · ║ 15
        0x00 1 ║ · · · · ♘ · ♜ ♜ ║ 7
               ╚═════════════════╝
                 A B C D E F G H

        '''
      
        '''
        RF6F8

               ╔═════════════════╗
        0x38 8 ║ ♜ · · · ♘ ♜ · · ║ 63
        0x30 7 ║ · · · · · · · · ║ 55
        0x28 6 ║ · · · · · · · · ║ 47
        0x20 5 ║ · · · · · · · · ║ 39
        0x18 4 ║ · · ♜ · · · · ♘ ║ 31
        0x10 3 ║ · · · · · · · · ║ 23
        0x08 2 ║ · · · · ♜ · · · ║ 15
        0x00 1 ║ · · · · ♘ · ♜ ♜ ║ 7
               ╚═════════════════╝
                 A B C D E F G H

        '''
      
        '''
        RA8A1

               ╔═════════════════╗
        0x38 8 ║ · · · · ♘ · · · ║ 63
        0x30 7 ║ · · · · · · · · ║ 55
        0x28 6 ║ · · · · · ♜ · · ║ 47
        0x20 5 ║ · · · · · · · · ║ 39
        0x18 4 ║ · · ♜ · · · · ♘ ║ 31
        0x10 3 ║ · · · · · · · · ║ 23
        0x08 2 ║ · · · · ♜ · · · ║ 15
        0x00 1 ║ ♜ · · · ♘ · ♜ ♜ ║ 7
               ╚═════════════════╝
                 A B C D E F G H

        '''
      
        '''
        RA8A2

               ╔═════════════════╗
        0x38 8 ║ · · · · ♘ · · · ║ 63
        0x30 7 ║ · · · · · · · · ║ 55
        0x28 6 ║ · · · · · ♜ · · ║ 47
        0x20 5 ║ · · · · · · · · ║ 39
        0x18 4 ║ · · ♜ · · · · ♘ ║ 31
        0x10 3 ║ · · · · · · · · ║ 23
        0x08 2 ║ ♜ · · · ♜ · · · ║ 15
        0x00 1 ║ · · · · ♘ · ♜ ♜ ║ 7
               ╚═════════════════╝
                 A B C D E F G H

        '''
      
        '''
        RA8A3

               ╔═════════════════╗
        0x38 8 ║ · · · · ♘ · · · ║ 63
        0x30 7 ║ · · · · · · · · ║ 55
        0x28 6 ║ · · · · · ♜ · · ║ 47
        0x20 5 ║ · · · · · · · · ║ 39
        0x18 4 ║ · · ♜ · · · · ♘ ║ 31
        0x10 3 ║ ♜ · · · · · · · ║ 23
        0x08 2 ║ · · · · ♜ · · · ║ 15
        0x00 1 ║ · · · · ♘ · ♜ ♜ ║ 7
               ╚═════════════════╝
                 A B C D E F G H

        '''
      
        '''
        RA8A4

               ╔═════════════════╗
        0x38 8 ║ · · · · ♘ · · · ║ 63
        0x30 7 ║ · · · · · · · · ║ 55
        0x28 6 ║ · · · · · ♜ · · ║ 47
        0x20 5 ║ · · · · · · · · ║ 39
        0x18 4 ║ ♜ · ♜ · · · · ♘ ║ 31
        0x10 3 ║ · · · · · · · · ║ 23
        0x08 2 ║ · · · · ♜ · · · ║ 15
        0x00 1 ║ · · · · ♘ · ♜ ♜ ║ 7
               ╚═════════════════╝
                 A B C D E F G H

        '''
      
        '''
        RA8A5

               ╔═════════════════╗
        0x38 8 ║ · · · · ♘ · · · ║ 63
        0x30 7 ║ · · · · · · · · ║ 55
        0x28 6 ║ · · · · · ♜ · · ║ 47
        0x20 5 ║ ♜ · · · · · · · ║ 39
        0x18 4 ║ · · ♜ · · · · ♘ ║ 31
        0x10 3 ║ · · · · · · · · ║ 23
        0x08 2 ║ · · · · ♜ · · · ║ 15
        0x00 1 ║ · · · · ♘ · ♜ ♜ ║ 7
               ╚═════════════════╝
                 A B C D E F G H

        '''
      
        '''
        RA8A6

               ╔═════════════════╗
        0x38 8 ║ · · · · ♘ · · · ║ 63
        0x30 7 ║ · · · · · · · · ║ 55
        0x28 6 ║ ♜ · · · · ♜ · · ║ 47
        0x20 5 ║ · · · · · · · · ║ 39
        0x18 4 ║ · · ♜ · · · · ♘ ║ 31
        0x10 3 ║ · · · · · · · · ║ 23
        0x08 2 ║ · · · · ♜ · · · ║ 15
        0x00 1 ║ · · · · ♘ · ♜ ♜ ║ 7
               ╚═════════════════╝
                 A B C D E F G H

        '''
      
        '''
        RA8A7

               ╔═════════════════╗
        0x38 8 ║ · · · · ♘ · · · ║ 63
        0x30 7 ║ ♜ · · · · · · · ║ 55
        0x28 6 ║ · · · · · ♜ · · ║ 47
        0x20 5 ║ · · · · · · · · ║ 39
        0x18 4 ║ · · ♜ · · · · ♘ ║ 31
        0x10 3 ║ · · · · · · · · ║ 23
        0x08 2 ║ · · · · ♜ · · · ║ 15
        0x00 1 ║ · · · · ♘ · ♜ ♜ ║ 7
               ╚═════════════════╝
                 A B C D E F G H

        '''
      
        '''
        RA8B8

               ╔═════════════════╗
        0x38 8 ║ · ♜ · · ♘ · · · ║ 63
        0x30 7 ║ · · · · · · · · ║ 55
        0x28 6 ║ · · · · · ♜ · · ║ 47
        0x20 5 ║ · · · · · · · · ║ 39
        0x18 4 ║ · · ♜ · · · · ♘ ║ 31
        0x10 3 ║ · · · · · · · · ║ 23
        0x08 2 ║ · · · · ♜ · · · ║ 15
        0x00 1 ║ · · · · ♘ · ♜ ♜ ║ 7
               ╚═════════════════╝
                 A B C D E F G H

        '''
      
        '''
        RA8C8

               ╔═════════════════╗
        0x38 8 ║ · · ♜ · ♘ · · · ║ 63
        0x30 7 ║ · · · · · · · · ║ 55
        0x28 6 ║ · · · · · ♜ · · ║ 47
        0x20 5 ║ · · · · · · · · ║ 39
        0x18 4 ║ · · ♜ · · · · ♘ ║ 31
        0x10 3 ║ · · · · · · · · ║ 23
        0x08 2 ║ · · · · ♜ · · · ║ 15
        0x00 1 ║ · · · · ♘ · ♜ ♜ ║ 7
               ╚═════════════════╝
                 A B C D E F G H

        '''
      
        '''
        RA8D8

               ╔═════════════════╗
        0x38 8 ║ · · · ♜ ♘ · · · ║ 63
        0x30 7 ║ · · · · · · · · ║ 55
        0x28 6 ║ · · · · · ♜ · · ║ 47
        0x20 5 ║ · · · · · · · · ║ 39
        0x18 4 ║ · · ♜ · · · · ♘ ║ 31
        0x10 3 ║ · · · · · · · · ║ 23
        0x08 2 ║ · · · · ♜ · · · ║ 15
        0x00 1 ║ · · · · ♘ · ♜ ♜ ║ 7
               ╚═════════════════╝
                 A B C D E F G H

        '''
      
        '''
        RA8xE8

               ╔═════════════════╗
        0x38 8 ║ · · · · ♜ · · · ║ 63
        0x30 7 ║ · · · · · · · · ║ 55
        0x28 6 ║ · · · · · ♜ · · ║ 47
        0x20 5 ║ · · · · · · · · ║ 39
        0x18 4 ║ · · ♜ · · · · ♘ ║ 31
        0x10 3 ║ · · · · · · · · ║ 23
        0x08 2 ║ · · · · ♜ · · · ║ 15
        0x00 1 ║ · · · · ♘ · ♜ ♜ ║ 7
               ╚═════════════════╝
                 A B C D E F G H

        '''
    ]
  }
  "rook_move_generation::test_generate_white_rook_moves":
  {
    file:
    [
      tests
      rook_move_generation.rs
    ]
    module_path: rook_move_generation
    test_function: test_generate_white_rook_moves
    recorded_value:
    [
      
        '''
        First Move

               ╔═════════════════╗
        0x38 8 ║ ♖ · · ♞ · · · · ║ 63
        0x30 7 ║ · · · · · · ♜ · ║ 55
        0x28 6 ║ · · · · · · · · ║ 47
        0x20 5 ║ · · · ♖ · · · · ║ 39
        0x18 4 ║ · · · · ♖ · · ♟ ║ 31
        0x10 3 ║ · · · · · · · · ║ 23
        0x08 2 ║ · ♜ · · · · · · ║ 15
        0x00 1 ║ · · · ♖ · · · ♖ ║ 7
               ╚═════════════════╝
                 A B C D E F G H

        '''
      
        '''
        RD1A1

               ╔═════════════════╗
        0x38 8 ║ ♖ · · ♞ · · · · ║ 63
        0x30 7 ║ · · · · · · ♜ · ║ 55
        0x28 6 ║ · · · · · · · · ║ 47
        0x20 5 ║ · · · ♖ · · · · ║ 39
        0x18 4 ║ · · · · ♖ · · ♟ ║ 31
        0x10 3 ║ · · · · · · · · ║ 23
        0x08 2 ║ · ♜ · · · · · · ║ 15
        0x00 1 ║ ♖ · · · · · · ♖ ║ 7
               ╚═════════════════╝
                 A B C D E F G H

        '''
      
        '''
        RD1B1

               ╔═════════════════╗
        0x38 8 ║ ♖ · · ♞ · · · · ║ 63
        0x30 7 ║ · · · · · · ♜ · ║ 55
        0x28 6 ║ · · · · · · · · ║ 47
        0x20 5 ║ · · · ♖ · · · · ║ 39
        0x18 4 ║ · · · · ♖ · · ♟ ║ 31
        0x10 3 ║ · · · · · · · · ║ 23
        0x08 2 ║ · ♜ · · · · · · ║ 15
        0x00 1 ║ · ♖ · · · · · ♖ ║ 7
               ╚═════════════════╝
                 A B C D E F G H

        '''
      
        '''
        RD1C1

               ╔═════════════════╗
        0x38 8 ║ ♖ · · ♞ · · · · ║ 63
        0x30 7 ║ · · · · · · ♜ · ║ 55
        0x28 6 ║ · · · · · · · · ║ 47
        0x20 5 ║ · · · ♖ · · · · ║ 39
        0x18 4 ║ · · · · ♖ · · ♟ ║ 31
        0x10 3 ║ · · · · · · · · ║ 23
        0x08 2 ║ · ♜ · · · · · · ║ 15
        0x00 1 ║ · · ♖ · · · · ♖ ║ 7
               ╚═════════════════╝
                 A B C D E F G H

        '''
      
        '''
        RD1E1

               ╔═════════════════╗
        0x38 8 ║ ♖ · · ♞ · · · · ║ 63
        0x30 7 ║ · · · · · · ♜ · ║ 55
        0x28 6 ║ · · · · · · · · ║ 47
        0x20 5 ║ · · · ♖ · · · · ║ 39
        0x18 4 ║ · · · · ♖ · · ♟ ║ 31
        0x10 3 ║ · · · · · · · · ║ 23
        0x08 2 ║ · ♜ · · · · · · ║ 15
        0x00 1 ║ · · · · ♖ · · ♖ ║ 7
               ╚═════════════════╝
                 A B C D E F G H

        '''
      
        '''
        RD1F1

               ╔═════════════════╗
        0x38 8 ║ ♖ · · ♞ · · · · ║ 63
        0x30 7 ║ · · · · · · ♜ · ║ 55
        0x28 6 ║ · · · · · · · · ║ 47
        0x20 5 ║ · · · ♖ · · · · ║ 39
        0x18 4 ║ · · · · ♖ · · ♟ ║ 31
        0x10 3 ║ · · · · · · · · ║ 23
        0x08 2 ║ · ♜ · · · · · · ║ 15
        0x00 1 ║ · · · · · ♖ · ♖ ║ 7
               ╚═════════════════╝
                 A B C D E F G H

        '''
      
        '''
        RD1G1

               ╔═════════════════╗
        0x38 8 ║ ♖ · · ♞ · · · · ║ 63
        0x30 7 ║ · · · · · · ♜ · ║ 55
        0x28 6 ║ · · · · · · · · ║ 47
        0x20 5 ║ · · · ♖ · · · · ║ 39
        0x18 4 ║ · · · · ♖ · · ♟ ║ 31
        0x10 3 ║ · · · · · · · · ║ 23
        0x08 2 ║ · ♜ · · · · · · ║ 15
        0x00 1 ║ · · · · · · ♖ ♖ ║ 7
               ╚═════════════════╝
                 A B C D E F G H

        '''
      
        '''
        RD1D2

               ╔═════════════════╗
        0x38 8 ║ ♖ · · ♞ · · · · ║ 63
        0x30 7 ║ · · · · · · ♜ · ║ 55
        0x28 6 ║ · · · · · · · · ║ 47
        0x20 5 ║ · · · ♖ · · · · ║ 39
        0x18 4 ║ · · · · ♖ · · ♟ ║ 31
        0x10 3 ║ · · · · · · · · ║ 23
        0x08 2 ║ · ♜ · ♖ · · · · ║ 15
        0x00 1 ║ · · · · · · · ♖ ║ 7
               ╚═════════════════╝
                 A B C D E F G H

        '''
      
        '''
        RD1D3

               ╔═════════════════╗
        0x38 8 ║ ♖ · · ♞ · · · · ║ 63
        0x30 7 ║ · · · · · · ♜ · ║ 55
        0x28 6 ║ · · · · · · · · ║ 47
        0x20 5 ║ · · · ♖ · · · · ║ 39
        0x18 4 ║ · · · · ♖ · · ♟ ║ 31
        0x10 3 ║ · · · ♖ · · · · ║ 23
        0x08 2 ║ · ♜ · · · · · · ║ 15
        0x00 1 ║ · · · · · · · ♖ ║ 7
               ╚═════════════════╝
                 A B C D E F G H

        '''
      
        '''
        RD1D4

               ╔═════════════════╗
        0x38 8 ║ ♖ · · ♞ · · · · ║ 63
        0x30 7 ║ · · · · · · ♜ · ║ 55
        0x28 6 ║ · · · · · · · · ║ 47
        0x20 5 ║ · · · ♖ · · · · ║ 39
        0x18 4 ║ · · · ♖ ♖ · · ♟ ║ 31
        0x10 3 ║ · · · · · · · · ║ 23
        0x08 2 ║ · ♜ · · · · · · ║ 15
        0x00 1 ║ · · · · · · · ♖ ║ 7
               ╚═════════════════╝
                 A B C D E F G H

        '''
      
        '''
        RH1E1

               ╔═════════════════╗
        0x38 8 ║ ♖ · · ♞ · · · · ║ 63
        0x30 7 ║ · · · · · · ♜ · ║ 55
        0x28 6 ║ · · · · · · · · ║ 47
        0x20 5 ║ · · · ♖ · · · · ║ 39
        0x18 4 ║ · · · · ♖ · · ♟ ║ 31
        0x10 3 ║ · · · · · · · · ║ 23
        0x08 2 ║ · ♜ · · · · · · ║ 15
        0x00 1 ║ · · · ♖ ♖ · · · ║ 7
               ╚═════════════════╝
                 A B C D E F G H

        '''
      
        '''
        RH1F1

               ╔═════════════════╗
        0x38 8 ║ ♖ · · ♞ · · · · ║ 63
        0x30 7 ║ · · · · · · ♜ · ║ 55
        0x28 6 ║ · · · · · · · · ║ 47
        0x20 5 ║ · · · ♖ · · · · ║ 39
        0x18 4 ║ · · · · ♖ · · ♟ ║ 31
        0x10 3 ║ · · · · · · · · ║ 23
        0x08 2 ║ · ♜ · · · · · · ║ 15
        0x00 1 ║ · · · ♖ · ♖ · · ║ 7
               ╚═════════════════╝
                 A B C D E F G H

        '''
      
        '''
        RH1G1

               ╔═════════════════╗
        0x38 8 ║ ♖ · · ♞ · · · · ║ 63
        0x30 7 ║ · · · · · · ♜ · ║ 55
        0x28 6 ║ · · · · · · · · ║ 47
        0x20 5 ║ · · · ♖ · · · · ║ 39
        0x18 4 ║ · · · · ♖ · · ♟ ║ 31
        0x10 3 ║ · · · · · · · · ║ 23
        0x08 2 ║ · ♜ · · · · · · ║ 15
        0x00 1 ║ · · · ♖ · · ♖ · ║ 7
               ╚═════════════════╝
                 A B C D E F G H

        '''
      
        '''
        RH1H2

               ╔═════════════════╗
        0x38 8 ║ ♖ · · ♞ · · · · ║ 63
        0x30 7 ║ · · · · · · ♜ · ║ 55
        0x28 6 ║ · · · · · · · · ║ 47
        0x20 5 ║ · · · ♖ · · · · ║ 39
        0x18 4 ║ · · · · ♖ · · ♟ ║ 31
        0x10 3 ║ · · · · · · · · ║ 23
        0x08 2 ║ · ♜ · · · · · ♖ ║ 15
        0x00 1 ║ · · · ♖ · · · · ║ 7
               ╚═════════════════╝
                 A B C D E F G H

        '''
      
        '''
        RH1H3

               ╔═════════════════╗
        0x38 8 ║ ♖ · · ♞ · · · · ║ 63
        0x30 7 ║ · · · · · · ♜ · ║ 55
        0x28 6 ║ · · · · · · · · ║ 47
        0x20 5 ║ · · · ♖ · · · · ║ 39
        0x18 4 ║ · · · · ♖ · · ♟ ║ 31
        0x10 3 ║ · · · · · · · ♖ ║ 23
        0x08 2 ║ · ♜ · · · · · · ║ 15
        0x00 1 ║ · · · ♖ · · · · ║ 7
               ╚═════════════════╝
                 A B C D E F G H

        '''
      
        '''
        RH1xH4

               ╔═════════════════╗
        0x38 8 ║ ♖ · · ♞ · · · · ║ 63
        0x30 7 ║ · · · · · · ♜ · ║ 55
        0x28 6 ║ · · · · · · · · ║ 47
        0x20 5 ║ · · · ♖ · · · · ║ 39
        0x18 4 ║ · · · · ♖ · · ♖ ║ 31
        0x10 3 ║ · · · · · · · · ║ 23
        0x08 2 ║ · ♜ · · · · · · ║ 15
        0x00 1 ║ · · · ♖ · · · · ║ 7
               ╚═════════════════╝
                 A B C D E F G H

        '''
      
        '''
        RE4E1

               ╔═════════════════╗
        0x38 8 ║ ♖ · · ♞ · · · · ║ 63
        0x30 7 ║ · · · · · · ♜ · ║ 55
        0x28 6 ║ · · · · · · · · ║ 47
        0x20 5 ║ · · · ♖ · · · · ║ 39
        0x18 4 ║ · · · · · · · ♟ ║ 31
        0x10 3 ║ · · · · · · · · ║ 23
        0x08 2 ║ · ♜ · · · · · · ║ 15
        0x00 1 ║ · · · ♖ ♖ · · ♖ ║ 7
               ╚═════════════════╝
                 A B C D E F G H

        '''
      
        '''
        RE4E2

               ╔═════════════════╗
        0x38 8 ║ ♖ · · ♞ · · · · ║ 63
        0x30 7 ║ · · · · · · ♜ · ║ 55
        0x28 6 ║ · · · · · · · · ║ 47
        0x20 5 ║ · · · ♖ · · · · ║ 39
        0x18 4 ║ · · · · · · · ♟ ║ 31
        0x10 3 ║ · · · · · · · · ║ 23
        0x08 2 ║ · ♜ · · ♖ · · · ║ 15
        0x00 1 ║ · · · ♖ · · · ♖ ║ 7
               ╚═════════════════╝
                 A B C D E F G H

        '''
      
        '''
        RE4E3

               ╔═════════════════╗
        0x38 8 ║ ♖ · · ♞ · · · · ║ 63
        0x30 7 ║ · · · · · · ♜ · ║ 55
        0x28 6 ║ · · · · · · · · ║ 47
        0x20 5 ║ · · · ♖ · · · · ║ 39
        0x18 4 ║ · · · · · · · ♟ ║ 31
        0x10 3 ║ · · · · ♖ · · · ║ 23
        0x08 2 ║ · ♜ · · · · · · ║ 15
        0x00 1 ║ · · · ♖ · · · ♖ ║ 7
               ╚═════════════════╝
                 A B C D E F G H

        '''
      
        '''
        RE4A4

               ╔═════════════════╗
        0x38 8 ║ ♖ · · ♞ · · · · ║ 63
        0x30 7 ║ · · · · · · ♜ · ║ 55
        0x28 6 ║ · · · · · · · · ║ 47
        0x20 5 ║ · · · ♖ · · · · ║ 39
        0x18 4 ║ ♖ · · · · · · ♟ ║ 31
        0x10 3 ║ · · · · · · · · ║ 23
        0x08 2 ║ · ♜ · · · · · · ║ 15
        0x00 1 ║ · · · ♖ · · · ♖ ║ 7
               ╚═════════════════╝
                 A B C D E F G H

        '''
      
        '''
        RE4B4

               ╔═════════════════╗
        0x38 8 ║ ♖ · · ♞ · · · · ║ 63
        0x30 7 ║ · · · · · · ♜ · ║ 55
        0x28 6 ║ · · · · · · · · ║ 47
        0x20 5 ║ · · · ♖ · · · · ║ 39
        0x18 4 ║ · ♖ · · · · · ♟ ║ 31
        0x10 3 ║ · · · · · · · · ║ 23
        0x08 2 ║ · ♜ · · · · · · ║ 15
        0x00 1 ║ · · · ♖ · · · ♖ ║ 7
               ╚═════════════════╝
                 A B C D E F G H

        '''
      
        '''
        RE4C4

               ╔═════════════════╗
        0x38 8 ║ ♖ · · ♞ · · · · ║ 63
        0x30 7 ║ · · · · · · ♜ · ║ 55
        0x28 6 ║ · · · · · · · · ║ 47
        0x20 5 ║ · · · ♖ · · · · ║ 39
        0x18 4 ║ · · ♖ · · · · ♟ ║ 31
        0x10 3 ║ · · · · · · · · ║ 23
        0x08 2 ║ · ♜ · · · · · · ║ 15
        0x00 1 ║ · · · ♖ · · · ♖ ║ 7
               ╚═════════════════╝
                 A B C D E F G H

        '''
      
        '''
        RE4D4

               ╔═════════════════╗
        0x38 8 ║ ♖ · · ♞ · · · · ║ 63
        0x30 7 ║ · · · · · · ♜ · ║ 55
        0x28 6 ║ · · · · · · · · ║ 47
        0x20 5 ║ · · · ♖ · · · · ║ 39
        0x18 4 ║ · · · ♖ · · · ♟ ║ 31
        0x10 3 ║ · · · · · · · · ║ 23
        0x08 2 ║ · ♜ · · · · · · ║ 15
        0x00 1 ║ · · · ♖ · · · ♖ ║ 7
               ╚═════════════════╝
                 A B C D E F G H

        '''
      
        '''
        RE4F4

               ╔═════════════════╗
        0x38 8 ║ ♖ · · ♞ · · · · ║ 63
        0x30 7 ║ · · · · · · ♜ · ║ 55
        0x28 6 ║ · · · · · · · · ║ 47
        0x20 5 ║ · · · ♖ · · · · ║ 39
        0x18 4 ║ · · · · · ♖ · ♟ ║ 31
        0x10 3 ║ · · · · · · · · ║ 23
        0x08 2 ║ · ♜ · · · · · · ║ 15
        0x00 1 ║ · · · ♖ · · · ♖ ║ 7
               ╚═════════════════╝
                 A B C D E F G H

        '''
      
        '''
        RE4G4

               ╔═════════════════╗
        0x38 8 ║ ♖ · · ♞ · · · · ║ 63
        0x30 7 ║ · · · · · · ♜ · ║ 55
        0x28 6 ║ · · · · · · · · ║ 47
        0x20 5 ║ · · · ♖ · · · · ║ 39
        0x18 4 ║ · · · · · · ♖ ♟ ║ 31
        0x10 3 ║ · · · · · · · · ║ 23
        0x08 2 ║ · ♜ · · · · · · ║ 15
        0x00 1 ║ · · · ♖ · · · ♖ ║ 7
               ╚═════════════════╝
                 A B C D E F G H

        '''
      
        '''
        RE4xH4

               ╔═════════════════╗
        0x38 8 ║ ♖ · · ♞ · · · · ║ 63
        0x30 7 ║ · · · · · · ♜ · ║ 55
        0x28 6 ║ · · · · · · · · ║ 47
        0x20 5 ║ · · · ♖ · · · · ║ 39
        0x18 4 ║ · · · · · · · ♖ ║ 31
        0x10 3 ║ · · · · · · · · ║ 23
        0x08 2 ║ · ♜ · · · · · · ║ 15
        0x00 1 ║ · · · ♖ · · · ♖ ║ 7
               ╚═════════════════╝
                 A B C D E F G H

        '''
      
        '''
        RE4E5

               ╔═════════════════╗
        0x38 8 ║ ♖ · · ♞ · · · · ║ 63
        0x30 7 ║ · · · · · · ♜ · ║ 55
        0x28 6 ║ · · · · · · · · ║ 47
        0x20 5 ║ · · · ♖ ♖ · · · ║ 39
        0x18 4 ║ · · · · · · · ♟ ║ 31
        0x10 3 ║ · · · · · · · · ║ 23
        0x08 2 ║ · ♜ · · · · · · ║ 15
        0x00 1 ║ · · · ♖ · · · ♖ ║ 7
               ╚═════════════════╝
                 A B C D E F G H

        '''
      
        '''
        RE4E6

               ╔═════════════════╗
        0x38 8 ║ ♖ · · ♞ · · · · ║ 63
        0x30 7 ║ · · · · · · ♜ · ║ 55
        0x28 6 ║ · · · · ♖ · · · ║ 47
        0x20 5 ║ · · · ♖ · · · · ║ 39
        0x18 4 ║ · · · · · · · ♟ ║ 31
        0x10 3 ║ · · · · · · · · ║ 23
        0x08 2 ║ · ♜ · · · · · · ║ 15
        0x00 1 ║ · · · ♖ · · · ♖ ║ 7
               ╚═════════════════╝
                 A B C D E F G H

        '''
      
        '''
        RE4E7

               ╔═════════════════╗
        0x38 8 ║ ♖ · · ♞ · · · · ║ 63
        0x30 7 ║ · · · · ♖ · ♜ · ║ 55
        0x28 6 ║ · · · · · · · · ║ 47
        0x20 5 ║ · · · ♖ · · · · ║ 39
        0x18 4 ║ · · · · · · · ♟ ║ 31
        0x10 3 ║ · · · · · · · · ║ 23
        0x08 2 ║ · ♜ · · · · · · ║ 15
        0x00 1 ║ · · · ♖ · · · ♖ ║ 7
               ╚═════════════════╝
                 A B C D E F G H

        '''
      
        '''
        RE4E8

               ╔═════════════════╗
        0x38 8 ║ ♖ · · ♞ ♖ · · · ║ 63
        0x30 7 ║ · · · · · · ♜ · ║ 55
        0x28 6 ║ · · · · · · · · ║ 47
        0x20 5 ║ · · · ♖ · · · · ║ 39
        0x18 4 ║ · · · · · · · ♟ ║ 31
        0x10 3 ║ · · · · · · · · ║ 23
        0x08 2 ║ · ♜ · · · · · · ║ 15
        0x00 1 ║ · · · ♖ · · · ♖ ║ 7
               ╚═════════════════╝
                 A B C D E F G H

        '''
      
        '''
        RD5D2

               ╔═════════════════╗
        0x38 8 ║ ♖ · · ♞ · · · · ║ 63
        0x30 7 ║ · · · · · · ♜ · ║ 55
        0x28 6 ║ · · · · · · · · ║ 47
        0x20 5 ║ · · · · · · · · ║ 39
        0x18 4 ║ · · · · ♖ · · ♟ ║ 31
        0x10 3 ║ · · · · · · · · ║ 23
        0x08 2 ║ · ♜ · ♖ · · · · ║ 15
        0x00 1 ║ · · · ♖ · · · ♖ ║ 7
               ╚═════════════════╝
                 A B C D E F G H

        '''
      
        '''
        RD5D3

               ╔═════════════════╗
        0x38 8 ║ ♖ · · ♞ · · · · ║ 63
        0x30 7 ║ · · · · · · ♜ · ║ 55
        0x28 6 ║ · · · · · · · · ║ 47
        0x20 5 ║ · · · · · · · · ║ 39
        0x18 4 ║ · · · · ♖ · · ♟ ║ 31
        0x10 3 ║ · · · ♖ · · · · ║ 23
        0x08 2 ║ · ♜ · · · · · · ║ 15
        0x00 1 ║ · · · ♖ · · · ♖ ║ 7
               ╚═════════════════╝
                 A B C D E F G H

        '''
      
        '''
        RD5D4

               ╔═════════════════╗
        0x38 8 ║ ♖ · · ♞ · · · · ║ 63
        0x30 7 ║ · · · · · · ♜ · ║ 55
        0x28 6 ║ · · · · · · · · ║ 47
        0x20 5 ║ · · · · · · · · ║ 39
        0x18 4 ║ · · · ♖ ♖ · · ♟ ║ 31
        0x10 3 ║ · · · · · · · · ║ 23
        0x08 2 ║ · ♜ · · · · · · ║ 15
        0x00 1 ║ · · · ♖ · · · ♖ ║ 7
               ╚═════════════════╝
                 A B C D E F G H

        '''
      
        '''
        RD5A5

               ╔═════════════════╗
        0x38 8 ║ ♖ · · ♞ · · · · ║ 63
        0x30 7 ║ · · · · · · ♜ · ║ 55
        0x28 6 ║ · · · · · · · · ║ 47
        0x20 5 ║ ♖ · · · · · · · ║ 39
        0x18 4 ║ · · · · ♖ · · ♟ ║ 31
        0x10 3 ║ · · · · · · · · ║ 23
        0x08 2 ║ · ♜ · · · · · · ║ 15
        0x00 1 ║ · · · ♖ · · · ♖ ║ 7
               ╚═════════════════╝
                 A B C D E F G H

        '''
      
        '''
        RD5B5

               ╔═════════════════╗
        0x38 8 ║ ♖ · · ♞ · · · · ║ 63
        0x30 7 ║ · · · · · · ♜ · ║ 55
        0x28 6 ║ · · · · · · · · ║ 47
        0x20 5 ║ · ♖ · · · · · · ║ 39
        0x18 4 ║ · · · · ♖ · · ♟ ║ 31
        0x10 3 ║ · · · · · · · · ║ 23
        0x08 2 ║ · ♜ · · · · · · ║ 15
        0x00 1 ║ · · · ♖ · · · ♖ ║ 7
               ╚═════════════════╝
                 A B C D E F G H

        '''
      
        '''
        RD5C5

               ╔═════════════════╗
        0x38 8 ║ ♖ · · ♞ · · · · ║ 63
        0x30 7 ║ · · · · · · ♜ · ║ 55
        0x28 6 ║ · · · · · · · · ║ 47
        0x20 5 ║ · · ♖ · · · · · ║ 39
        0x18 4 ║ · · · · ♖ · · ♟ ║ 31
        0x10 3 ║ · · · · · · · · ║ 23
        0x08 2 ║ · ♜ · · · · · · ║ 15
        0x00 1 ║ · · · ♖ · · · ♖ ║ 7
               ╚═════════════════╝
                 A B C D E F G H

        '''
      
        '''
        RD5E5

               ╔═════════════════╗
        0x38 8 ║ ♖ · · ♞ · · · · ║ 63
        0x30 7 ║ · · · · · · ♜ · ║ 55
        0x28 6 ║ · · · · · · · · ║ 47
        0x20 5 ║ · · · · ♖ · · · ║ 39
        0x18 4 ║ · · · · ♖ · · ♟ ║ 31
        0x10 3 ║ · · · · · · · · ║ 23
        0x08 2 ║ · ♜ · · · · · · ║ 15
        0x00 1 ║ · · · ♖ · · · ♖ ║ 7
               ╚═════════════════╝
                 A B C D E F G H

        '''
      
        '''
        RD5F5

               ╔═════════════════╗
        0x38 8 ║ ♖ · · ♞ · · · · ║ 63
        0x30 7 ║ · · · · · · ♜ · ║ 55
        0x28 6 ║ · · · · · · · · ║ 47
        0x20 5 ║ · · · · · ♖ · · ║ 39
        0x18 4 ║ · · · · ♖ · · ♟ ║ 31
        0x10 3 ║ · · · · · · · · ║ 23
        0x08 2 ║ · ♜ · · · · · · ║ 15
        0x00 1 ║ · · · ♖ · · · ♖ ║ 7
               ╚═════════════════╝
                 A B C D E F G H

        '''
      
        '''
        RD5G5

               ╔═════════════════╗
        0x38 8 ║ ♖ · · ♞ · · · · ║ 63
        0x30 7 ║ · · · · · · ♜ · ║ 55
        0x28 6 ║ · · · · · · · · ║ 47
        0x20 5 ║ · · · · · · ♖ · ║ 39
        0x18 4 ║ · · · · ♖ · · ♟ ║ 31
        0x10 3 ║ · · · · · · · · ║ 23
        0x08 2 ║ · ♜ · · · · · · ║ 15
        0x00 1 ║ · · · ♖ · · · ♖ ║ 7
               ╚═════════════════╝
                 A B C D E F G H

        '''
      
        '''
        RD5H5

               ╔═════════════════╗
        0x38 8 ║ ♖ · · ♞ · · · · ║ 63
        0x30 7 ║ · · · · · · ♜ · ║ 55
        0x28 6 ║ · · · · · · · · ║ 47
        0x20 5 ║ · · · · · · · ♖ ║ 39
        0x18 4 ║ · · · · ♖ · · ♟ ║ 31
        0x10 3 ║ · · · · · · · · ║ 23
        0x08 2 ║ · ♜ · · · · · · ║ 15
        0x00 1 ║ · · · ♖ · · · ♖ ║ 7
               ╚═════════════════╝
                 A B C D E F G H

        '''
      
        '''
        RD5D6

               ╔═════════════════╗
        0x38 8 ║ ♖ · · ♞ · · · · ║ 63
        0x30 7 ║ · · · · · · ♜ · ║ 55
        0x28 6 ║ · · · ♖ · · · · ║ 47
        0x20 5 ║ · · · · · · · · ║ 39
        0x18 4 ║ · · · · ♖ · · ♟ ║ 31
        0x10 3 ║ · · · · · · · · ║ 23
        0x08 2 ║ · ♜ · · · · · · ║ 15
        0x00 1 ║ · · · ♖ · · · ♖ ║ 7
               ╚═════════════════╝
                 A B C D E F G H

        '''
      
        '''
        RD5D7

               ╔═════════════════╗
        0x38 8 ║ ♖ · · ♞ · · · · ║ 63
        0x30 7 ║ · · · ♖ · · ♜ · ║ 55
        0x28 6 ║ · · · · · · · · ║ 47
        0x20 5 ║ · · · · · · · · ║ 39
        0x18 4 ║ · · · · ♖ · · ♟ ║ 31
        0x10 3 ║ · · · · · · · · ║ 23
        0x08 2 ║ · ♜ · · · · · · ║ 15
        0x00 1 ║ · · · ♖ · · · ♖ ║ 7
               ╚═════════════════╝
                 A B C D E F G H

        '''
      
        '''
        RD5xD8

               ╔═════════════════╗
        0x38 8 ║ ♖ · · ♖ · · · · ║ 63
        0x30 7 ║ · · · · · · ♜ · ║ 55
        0x28 6 ║ · · · · · · · · ║ 47
        0x20 5 ║ · · · · · · · · ║ 39
        0x18 4 ║ · · · · ♖ · · ♟ ║ 31
        0x10 3 ║ · · · · · · · · ║ 23
        0x08 2 ║ · ♜ · · · · · · ║ 15
        0x00 1 ║ · · · ♖ · · · ♖ ║ 7
               ╚═════════════════╝
                 A B C D E F G H

        '''
      
        '''
        RA8A1

               ╔═════════════════╗
        0x38 8 ║ · · · ♞ · · · · ║ 63
        0x30 7 ║ · · · · · · ♜ · ║ 55
        0x28 6 ║ · · · · · · · · ║ 47
        0x20 5 ║ · · · ♖ · · · · ║ 39
        0x18 4 ║ · · · · ♖ · · ♟ ║ 31
        0x10 3 ║ · · · · · · · · ║ 23
        0x08 2 ║ · ♜ · · · · · · ║ 15
        0x00 1 ║ ♖ · · ♖ · · · ♖ ║ 7
               ╚═════════════════╝
                 A B C D E F G H

        '''
      
        '''
        RA8A2

               ╔═════════════════╗
        0x38 8 ║ · · · ♞ · · · · ║ 63
        0x30 7 ║ · · · · · · ♜ · ║ 55
        0x28 6 ║ · · · · · · · · ║ 47
        0x20 5 ║ · · · ♖ · · · · ║ 39
        0x18 4 ║ · · · · ♖ · · ♟ ║ 31
        0x10 3 ║ · · · · · · · · ║ 23
        0x08 2 ║ ♖ ♜ · · · · · · ║ 15
        0x00 1 ║ · · · ♖ · · · ♖ ║ 7
               ╚═════════════════╝
                 A B C D E F G H

        '''
      
        '''
        RA8A3

               ╔═════════════════╗
        0x38 8 ║ · · · ♞ · · · · ║ 63
        0x30 7 ║ · · · · · · ♜ · ║ 55
        0x28 6 ║ · · · · · · · · ║ 47
        0x20 5 ║ · · · ♖ · · · · ║ 39
        0x18 4 ║ · · · · ♖ · · ♟ ║ 31
        0x10 3 ║ ♖ · · · · · · · ║ 23
        0x08 2 ║ · ♜ · · · · · · ║ 15
        0x00 1 ║ · · · ♖ · · · ♖ ║ 7
               ╚═════════════════╝
                 A B C D E F G H

        '''
      
        '''
        RA8A4

               ╔═════════════════╗
        0x38 8 ║ · · · ♞ · · · · ║ 63
        0x30 7 ║ · · · · · · ♜ · ║ 55
        0x28 6 ║ · · · · · · · · ║ 47
        0x20 5 ║ · · · ♖ · · · · ║ 39
        0x18 4 ║ ♖ · · · ♖ · · ♟ ║ 31
        0x10 3 ║ · · · · · · · · ║ 23
        0x08 2 ║ · ♜ · · · · · · ║ 15
        0x00 1 ║ · · · ♖ · · · ♖ ║ 7
               ╚═════════════════╝
                 A B C D E F G H

        '''
      
        '''
        RA8A5

               ╔═════════════════╗
        0x38 8 ║ · · · ♞ · · · · ║ 63
        0x30 7 ║ · · · · · · ♜ · ║ 55
        0x28 6 ║ · · · · · · · · ║ 47
        0x20 5 ║ ♖ · · ♖ · · · · ║ 39
        0x18 4 ║ · · · · ♖ · · ♟ ║ 31
        0x10 3 ║ · · · · · · · · ║ 23
        0x08 2 ║ · ♜ · · · · · · ║ 15
        0x00 1 ║ · · · ♖ · · · ♖ ║ 7
               ╚═════════════════╝
                 A B C D E F G H

        '''
      
        '''
        RA8A6

               ╔═════════════════╗
        0x38 8 ║ · · · ♞ · · · · ║ 63
        0x30 7 ║ · · · · · · ♜ · ║ 55
        0x28 6 ║ ♖ · · · · · · · ║ 47
        0x20 5 ║ · · · ♖ · · · · ║ 39
        0x18 4 ║ · · · · ♖ · · ♟ ║ 31
        0x10 3 ║ · · · · · · · · ║ 23
        0x08 2 ║ · ♜ · · · · · · ║ 15
        0x00 1 ║ · · · ♖ · · · ♖ ║ 7
               ╚═════════════════╝
                 A B C D E F G H

        '''
      
        '''
        RA8A7

               ╔═════════════════╗
        0x38 8 ║ · · · ♞ · · · · ║ 63
        0x30 7 ║ ♖ · · · · · ♜ · ║ 55
        0x28 6 ║ · · · · · · · · ║ 47
        0x20 5 ║ · · · ♖ · · · · ║ 39
        0x18 4 ║ · · · · ♖ · · ♟ ║ 31
        0x10 3 ║ · · · · · · · · ║ 23
        0x08 2 ║ · ♜ · · · · · · ║ 15
        0x00 1 ║ · · · ♖ · · · ♖ ║ 7
               ╚═════════════════╝
                 A B C D E F G H

        '''
      
        '''
        RA8B8

               ╔═════════════════╗
        0x38 8 ║ · ♖ · ♞ · · · · ║ 63
        0x30 7 ║ · · · · · · ♜ · ║ 55
        0x28 6 ║ · · · · · · · · ║ 47
        0x20 5 ║ · · · ♖ · · · · ║ 39
        0x18 4 ║ · · · · ♖ · · ♟ ║ 31
        0x10 3 ║ · · · · · · · · ║ 23
        0x08 2 ║ · ♜ · · · · · · ║ 15
        0x00 1 ║ · · · ♖ · · · ♖ ║ 7
               ╚═════════════════╝
                 A B C D E F G H

        '''
      
        '''
        RA8C8

               ╔═════════════════╗
        0x38 8 ║ · · ♖ ♞ · · · · ║ 63
        0x30 7 ║ · · · · · · ♜ · ║ 55
        0x28 6 ║ · · · · · · · · ║ 47
        0x20 5 ║ · · · ♖ · · · · ║ 39
        0x18 4 ║ · · · · ♖ · · ♟ ║ 31
        0x10 3 ║ · · · · · · · · ║ 23
        0x08 2 ║ · ♜ · · · · · · ║ 15
        0x00 1 ║ · · · ♖ · · · ♖ ║ 7
               ╚═════════════════╝
                 A B C D E F G H

        '''
      
        '''
        RA8xD8

               ╔═════════════════╗
        0x38 8 ║ · · · ♖ · · · · ║ 63
        0x30 7 ║ · · · · · · ♜ · ║ 55
        0x28 6 ║ · · · · · · · · ║ 47
        0x20 5 ║ · · · ♖ · · · · ║ 39
        0x18 4 ║ · · · · ♖ · · ♟ ║ 31
        0x10 3 ║ · · · · · · · · ║ 23
        0x08 2 ║ · ♜ · · · · · · ║ 15
        0x00 1 ║ · · · ♖ · · · ♖ ║ 7
               ╚═════════════════╝
                 A B C D E F G H

        '''
    ]
  }
}