{
  "chess::board::move_generator::pawn::tests::test_generate_black_pawn_moves":
  {
    file:
    [
      src
      board
      move_generator
      pawn.rs
    ]
    module_path: chess::board::move_generator::pawn::tests
    test_function: test_generate_black_pawn_moves
    recorded_value:
    [
      
        '''
               +--------+
        0x38 8 |........| 63
        0x30 7 |p.....p.| 55
        0x28 6 |N....N.N| 47
        0x20 5 |N.p.....| 39
        0x18 4 |...Pp...| 31
        0x10 3 |........| 23
        0x08 2 |....pN..| 15
        0x00 1 |...N....| 7
               +--------+
                ABCDEFGH

        '''
      
        '''
               +--------+
        0x38 8 |........| 63
        0x30 7 |p.....p.| 55
        0x28 6 |N....N.N| 47
        0x20 5 |N.p.....| 39
        0x18 4 |...Pp...| 31
        0x10 3 |........| 23
        0x08 2 |.....N..| 15
        0x00 1 |...Nq...| 7
               +--------+
                ABCDEFGH

        '''
      
        '''
               +--------+
        0x38 8 |........| 63
        0x30 7 |p.....p.| 55
        0x28 6 |N....N.N| 47
        0x20 5 |N.p.....| 39
        0x18 4 |...Pp...| 31
        0x10 3 |........| 23
        0x08 2 |.....N..| 15
        0x00 1 |...q....| 7
               +--------+
                ABCDEFGH

        '''
      
        '''
               +--------+
        0x38 8 |........| 63
        0x30 7 |p.....p.| 55
        0x28 6 |N....N.N| 47
        0x20 5 |N.p.....| 39
        0x18 4 |........| 31
        0x10 3 |...p....| 23
        0x08 2 |....pN..| 15
        0x00 1 |...N....| 7
               +--------+
                ABCDEFGH

        '''
      
        '''
               +--------+
        0x38 8 |........| 63
        0x30 7 |p.....p.| 55
        0x28 6 |N....N.N| 47
        0x20 5 |N.p.....| 39
        0x18 4 |...P....| 31
        0x10 3 |....p...| 23
        0x08 2 |....pN..| 15
        0x00 1 |...N....| 7
               +--------+
                ABCDEFGH

        '''
      
        '''
               +--------+
        0x38 8 |........| 63
        0x30 7 |p.....p.| 55
        0x28 6 |N....N.N| 47
        0x20 5 |N.......| 39
        0x18 4 |..pPp...| 31
        0x10 3 |........| 23
        0x08 2 |....pN..| 15
        0x00 1 |...N....| 7
               +--------+
                ABCDEFGH

        '''
      
        '''
               +--------+
        0x38 8 |........| 63
        0x30 7 |p.....p.| 55
        0x28 6 |N....N.N| 47
        0x20 5 |N.......| 39
        0x18 4 |...pp...| 31
        0x10 3 |........| 23
        0x08 2 |....pN..| 15
        0x00 1 |...N....| 7
               +--------+
                ABCDEFGH

        '''
      
        '''
               +--------+
        0x38 8 |........| 63
        0x30 7 |p.......| 55
        0x28 6 |N....N.N| 47
        0x20 5 |N.p...p.| 39
        0x18 4 |...Pp...| 31
        0x10 3 |........| 23
        0x08 2 |....pN..| 15
        0x00 1 |...N....| 7
               +--------+
                ABCDEFGH

        '''
      
        '''
               +--------+
        0x38 8 |........| 63
        0x30 7 |p.......| 55
        0x28 6 |N....NpN| 47
        0x20 5 |N.p.....| 39
        0x18 4 |...Pp...| 31
        0x10 3 |........| 23
        0x08 2 |....pN..| 15
        0x00 1 |...N....| 7
               +--------+
                ABCDEFGH

        '''
      
        '''
               +--------+
        0x38 8 |........| 63
        0x30 7 |p.......| 55
        0x28 6 |N....p.N| 47
        0x20 5 |N.p.....| 39
        0x18 4 |...Pp...| 31
        0x10 3 |........| 23
        0x08 2 |....pN..| 15
        0x00 1 |...N....| 7
               +--------+
                ABCDEFGH

        '''
      
        '''
               +--------+
        0x38 8 |........| 63
        0x30 7 |p.......| 55
        0x28 6 |N....N.p| 47
        0x20 5 |N.p.....| 39
        0x18 4 |...Pp...| 31
        0x10 3 |........| 23
        0x08 2 |....pN..| 15
        0x00 1 |...N....| 7
               +--------+
                ABCDEFGH

        '''
    ]
  }
  "chess::board::move_generator::pawn::tests::test_generate_white_pawn_moves":
  {
    file:
    [
      src
      board
      move_generator
      pawn.rs
    ]
    module_path: chess::board::move_generator::pawn::tests
    test_function: test_generate_white_pawn_moves
    recorded_value:
    [
      
        '''
               +--------+
        0x38 8 |...r....| 63
        0x30 7 |..P.....| 55
        0x28 6 |........| 47
        0x20 5 |....Pp..| 39
        0x18 4 |.n.n....| 31
        0x10 3 |n.P....n| 23
        0x08 2 |.P...P.P| 15
        0x00 1 |........| 7
               +--------+
                ABCDEFGH

        '''
      
        '''
               +--------+
        0x38 8 |...r....| 63
        0x30 7 |..P.....| 55
        0x28 6 |........| 47
        0x20 5 |....Pp..| 39
        0x18 4 |.n.n....| 31
        0x10 3 |nPP....n| 23
        0x08 2 |.....P.P| 15
        0x00 1 |........| 7
               +--------+
                ABCDEFGH

        '''
      
        '''
               +--------+
        0x38 8 |...r....| 63
        0x30 7 |..P.....| 55
        0x28 6 |........| 47
        0x20 5 |....Pp..| 39
        0x18 4 |.n.n....| 31
        0x10 3 |P.P....n| 23
        0x08 2 |.....P.P| 15
        0x00 1 |........| 7
               +--------+
                ABCDEFGH

        '''
      
        '''
               +--------+
        0x38 8 |...r....| 63
        0x30 7 |..P.....| 55
        0x28 6 |........| 47
        0x20 5 |....Pp..| 39
        0x18 4 |.n.n....| 31
        0x10 3 |n.P..P.n| 23
        0x08 2 |.P.....P| 15
        0x00 1 |........| 7
               +--------+
                ABCDEFGH

        '''
      
        '''
               +--------+
        0x38 8 |...r....| 63
        0x30 7 |..P.....| 55
        0x28 6 |........| 47
        0x20 5 |....Pp..| 39
        0x18 4 |.n.n.P..| 31
        0x10 3 |n.P....n| 23
        0x08 2 |.P.....P| 15
        0x00 1 |........| 7
               +--------+
                ABCDEFGH

        '''
      
        '''
               +--------+
        0x38 8 |...r....| 63
        0x30 7 |..P.....| 55
        0x28 6 |........| 47
        0x20 5 |....Pp..| 39
        0x18 4 |.nPn....| 31
        0x10 3 |n......n| 23
        0x08 2 |.P...P.P| 15
        0x00 1 |........| 7
               +--------+
                ABCDEFGH

        '''
      
        '''
               +--------+
        0x38 8 |...r....| 63
        0x30 7 |..P.....| 55
        0x28 6 |........| 47
        0x20 5 |....Pp..| 39
        0x18 4 |.P.n....| 31
        0x10 3 |n......n| 23
        0x08 2 |.P...P.P| 15
        0x00 1 |........| 7
               +--------+
                ABCDEFGH

        '''
      
        '''
               +--------+
        0x38 8 |...r....| 63
        0x30 7 |..P.....| 55
        0x28 6 |........| 47
        0x20 5 |....Pp..| 39
        0x18 4 |.n.P....| 31
        0x10 3 |n......n| 23
        0x08 2 |.P...P.P| 15
        0x00 1 |........| 7
               +--------+
                ABCDEFGH

        '''
      
        '''
               +--------+
        0x38 8 |...r....| 63
        0x30 7 |..P.....| 55
        0x28 6 |.....P..| 47
        0x20 5 |........| 39
        0x18 4 |.n.n....| 31
        0x10 3 |n.P....n| 23
        0x08 2 |.P...P.P| 15
        0x00 1 |........| 7
               +--------+
                ABCDEFGH

        '''
      
        '''
               +--------+
        0x38 8 |...r....| 63
        0x30 7 |..P.....| 55
        0x28 6 |....P...| 47
        0x20 5 |.....p..| 39
        0x18 4 |.n.n....| 31
        0x10 3 |n.P....n| 23
        0x08 2 |.P...P.P| 15
        0x00 1 |........| 7
               +--------+
                ABCDEFGH

        '''
      
        '''
               +--------+
        0x38 8 |..Qr....| 63
        0x30 7 |........| 55
        0x28 6 |........| 47
        0x20 5 |....Pp..| 39
        0x18 4 |.n.n....| 31
        0x10 3 |n.P....n| 23
        0x08 2 |.P...P.P| 15
        0x00 1 |........| 7
               +--------+
                ABCDEFGH

        '''
      
        '''
               +--------+
        0x38 8 |...Q....| 63
        0x30 7 |........| 55
        0x28 6 |........| 47
        0x20 5 |....Pp..| 39
        0x18 4 |.n.n....| 31
        0x10 3 |n.P....n| 23
        0x08 2 |.P...P.P| 15
        0x00 1 |........| 7
               +--------+
                ABCDEFGH

        '''
    ]
  }
}